
*** crates/casm-lsp/src/actions.rs:95:9: delete match arm "services-require-security-controls" in quick_fixes

*** mutation diff:
--- crates/casm-lsp/src/actions.rs
+++ delete match arm "services-require-security-controls" in quick_fixes
@@ -87,23 +87,17 @@
 /// Builds the quick-fixes available for `diagnostic`.
 #[must_use]
 pub fn quick_fixes(index: &DocumentIndex, diagnostic: &Diagnostic) -> Vec<CodeAction> {
     let Some(node) = node_at(index, diagnostic.span) else {
         return Vec::new();
     };
 
     match diagnostic.code.as_str() {
-        "services-require-security-controls" => vec![add_controls(
-            index,
-            node,
-            &diagnostic.code,
-            "Add the missing security controls",
-            SECURITY_CONTROLS,
-        )],
+         /* ~ changed by cargo-mutants ~ */
         "stateful-nodes-require-controls" => vec![add_controls(
             index,
             node,
             &diagnostic.code,
             "Add controls for this datastore",
             DATASTORE_CONTROLS,
         )],
         _ => Vec::new(),


*** /home/srinivasan/.rustup/toolchains/nightly-x86_64-unknown-linux-gnu/bin/cargo test --no-run --verbose --package=casm-lsp@0.3.0
       Fresh unicode-ident v1.0.24
       Fresh proc-macro2 v1.0.107
       Fresh quote v1.0.47
       Fresh syn v3.0.3
       Fresh serde_core v1.0.229
       Fresh version_check v0.9.5
       Fresh libc v0.2.189
       Fresh typenum v1.20.1
       Fresh cfg-if v1.0.4
       Fresh generic-array v0.14.7
       Fresh serde_derive v1.0.229
       Fresh memchr v2.8.3
   Compiling serde v1.0.229
     Running `/home/srinivasan/.rustup/toolchains/nightly-x86_64-unknown-linux-gnu/bin/rustc --crate-name serde --edition=2021 /home/srinivasan/.cargo/registry/src/index.crates.io-1949cf8c6b5b557f/serde-1.0.229/src/lib.rs --error-format=json --json=diagnostic-rendered-ansi,artifacts,future-incompat --crate-type lib --emit=dep-info,metadata,link -C embed-bitcode=no -C debuginfo=2 --cfg 'feature="default"' --cfg 'feature="derive"' --cfg 'feature="serde_derive"' --cfg 'feature="std"' --check-cfg 'cfg(docsrs,test)' --check-cfg 'cfg(feature, values("alloc", "default", "derive", "rc", "serde_derive", "std", "unstable"))' -C metadata=8e7ca41339d95c38 -C extra-filename=-87d69d13b54ddd78 --out-dir /tmp/cargo-mutants-casm-W5ytYW.tmp/target/debug/deps -L dependency=/tmp/cargo-mutants-casm-W5ytYW.tmp/target/debug/deps --extern serde_core=/tmp/cargo-mutants-casm-W5ytYW.tmp/target/debug/deps/libserde_core-06d534666cbc157d.rmeta --extern serde_derive=/tmp/cargo-mutants-casm-W5ytYW.tmp/target/debug/deps/libserde_derive-019ee1ce1cc3d4e5.so --cap-lints allow --cfg if_docsrs_then_no_serde_core --check-cfg 'cfg(feature, values("result"))' --check-cfg 'cfg(if_docsrs_then_no_serde_core)' --check-cfg 'cfg(no_core_cstr)' --check-cfg 'cfg(no_core_error)' --check-cfg 'cfg(no_core_net)' --check-cfg 'cfg(no_core_num_saturating)' --check-cfg 'cfg(no_diagnostic_namespace)' --check-cfg 'cfg(no_serde_derive)' --check-cfg 'cfg(no_std_atomic)' --check-cfg 'cfg(no_std_atomic64)' --check-cfg 'cfg(no_target_has_atomic)'`
   Compiling syn v2.0.119
     Running `/home/srinivasan/.rustup/toolchains/nightly-x86_64-unknown-linux-gnu/bin/rustc --crate-name syn --edition=2021 /home/srinivasan/.cargo/registry/src/index.crates.io-1949cf8c6b5b557f/syn-2.0.119/src/lib.rs --error-format=json --json=diagnostic-rendered-ansi,artifacts,future-incompat --crate-type lib --emit=dep-info,metadata,link -C embed-bitcode=no --cfg 'feature="clone-impls"' --cfg 'feature="default"' --cfg 'feature="derive"' --cfg 'feature="extra-traits"' --cfg 'feature="full"' --cfg 'feature="parsing"' --cfg 'feature="printing"' --cfg 'feature="proc-macro"' --cfg 'feature="visit-mut"' --check-cfg 'cfg(docsrs,test)' --check-cfg 'cfg(feature, values("clone-impls", "default", "derive", "extra-traits", "fold", "full", "parsing", "printing", "proc-macro", "test", "visit", "visit-mut"))' -C metadata=be3d5220ec6d0089 -C extra-filename=-f9f69eccc8b823be --out-dir /tmp/cargo-mutants-casm-W5ytYW.tmp/target/debug/deps -L dependency=/tmp/cargo-mutants-casm-W5ytYW.tmp/target/debug/deps --extern proc_macro2=/tmp/cargo-mutants-casm-W5ytYW.tmp/target/debug/deps/libproc_macro2-dcedbb389bac209b.rmeta --extern quote=/tmp/cargo-mutants-casm-W5ytYW.tmp/target/debug/deps/libquote-b54a32c30fb9266d.rmeta --extern unicode_ident=/tmp/cargo-mutants-casm-W5ytYW.tmp/target/debug/deps/libunicode_ident-c763a785dc3ccbf7.rmeta --cap-lints allow`
       Fresh hashbrown v0.17.1
       Fresh equivalent v1.0.2
       Fresh pin-project-lite v0.2.17
       Fresh indexmap v2.14.0
       Fresh crypto-common v0.1.7
       Fresh block-buffer v0.10.4
       Fresh itoa v1.0.18
       Fresh futures-sink v0.3.33
       Fresh futures-core v0.3.33
       Fresh digest v0.10.7
       Fresh zmij v1.0.23
       Fresh getrandom v0.4.3
       Fresh thiserror-impl v2.0.19
       Fresh keccak v0.1.6
       Fresh sha3 v0.10.9
       Fresh thiserror v2.0.19
       Fresh uuid v1.24.0
       Fresh serde_json v1.0.151
       Fresh futures-channel v0.3.33
       Fresh semver v1.0.28
   Compiling ref-cast-impl v1.0.26
     Running `/home/srinivasan/.rustup/toolchains/nightly-x86_64-unknown-linux-gnu/bin/rustc --crate-name ref_cast_impl --edition=2021 /home/srinivasan/.cargo/registry/src/index.crates.io-1949cf8c6b5b557f/ref-cast-impl-1.0.26/src/lib.rs --error-format=json --json=diagnostic-rendered-ansi,artifacts,future-incompat --crate-type proc-macro --emit=dep-info,link -C prefer-dynamic -C embed-bitcode=no --check-cfg 'cfg(docsrs,test)' --check-cfg 'cfg(feature, values())' -C metadata=795d33b5d9552414 -C extra-filename=-f68861a8f5f41071 --out-dir /tmp/cargo-mutants-casm-W5ytYW.tmp/target/debug/deps -L dependency=/tmp/cargo-mutants-casm-W5ytYW.tmp/target/debug/deps --extern proc_macro2=/tmp/cargo-mutants-casm-W5ytYW.tmp/target/debug/deps/libproc_macro2-dcedbb389bac209b.rlib --extern quote=/tmp/cargo-mutants-casm-W5ytYW.tmp/target/debug/deps/libquote-b54a32c30fb9266d.rlib --extern syn=/tmp/cargo-mutants-casm-W5ytYW.tmp/target/debug/deps/libsyn-5f84759efb98b4e5.rlib --extern proc_macro --cap-lints allow`
       Fresh once_cell v1.21.4
       Fresh futures-io v0.3.33
       Fresh slab v0.4.12
       Fresh futures-task v0.3.33
   Compiling ref-cast v1.0.26
     Running `/home/srinivasan/.rustup/toolchains/nightly-x86_64-unknown-linux-gnu/bin/rustc --crate-name ref_cast --edition=2021 /home/srinivasan/.cargo/registry/src/index.crates.io-1949cf8c6b5b557f/ref-cast-1.0.26/src/lib.rs --error-format=json --json=diagnostic-rendered-ansi,artifacts,future-incompat --crate-type lib --emit=dep-info,metadata,link -C embed-bitcode=no -C debuginfo=2 --check-cfg 'cfg(docsrs,test)' --check-cfg 'cfg(feature, values())' -C metadata=f538f3c7f2a7a983 -C extra-filename=-ad64ba2d7448bf78 --out-dir /tmp/cargo-mutants-casm-W5ytYW.tmp/target/debug/deps -L dependency=/tmp/cargo-mutants-casm-W5ytYW.tmp/target/debug/deps --extern ref_cast_impl=/tmp/cargo-mutants-casm-W5ytYW.tmp/target/debug/deps/libref_cast_impl-f68861a8f5f41071.so --cap-lints allow --check-cfg 'cfg(no_intrinsic_type_name)' --check-cfg 'cfg(no_phantom_pinned)'`
   Compiling casm-core v0.3.0 (/tmp/cargo-mutants-casm-W5ytYW.tmp/crates/casm-core)
     Running `/home/srinivasan/.rustup/toolchains/nightly-x86_64-unknown-linux-gnu/bin/rustc --crate-name casm_core --edition=2024 crates/casm-core/src/lib.rs --error-format=json --json=diagnostic-rendered-ansi,artifacts,future-incompat --crate-type lib --emit=dep-info,metadata,link -C embed-bitcode=no -C debuginfo=2 --warn=rust_2018_idioms '--warn=clippy::pedantic' '--warn=clippy::unwrap_used' --forbid=unsafe_code --warn=unreachable_pub '--warn=clippy::too_many_lines' '--allow=clippy::struct_field_names' '--warn=clippy::panic' '--allow=clippy::must_use_candidate' '--allow=clippy::module_name_repetitions' '--allow=clippy::missing_errors_doc' --warn=missing_docs '--warn=clippy::indexing_slicing' '--warn=clippy::expect_used' '--warn=clippy::cognitive_complexity' --check-cfg 'cfg(docsrs,test)' --check-cfg 'cfg(feature, values())' -C metadata=c34ca3b1e280c1c6 -C extra-filename=-436faef67019be0b --out-dir /tmp/cargo-mutants-casm-W5ytYW.tmp/target/debug/deps -C incremental=/tmp/cargo-mutants-casm-W5ytYW.tmp/target/debug/incremental -L dependency=/tmp/cargo-mutants-casm-W5ytYW.tmp/target/debug/deps --extern indexmap=/tmp/cargo-mutants-casm-W5ytYW.tmp/target/debug/deps/libindexmap-caa1b9b30c6a98f0.rmeta --extern semver=/tmp/cargo-mutants-casm-W5ytYW.tmp/target/debug/deps/libsemver-c464a202e640c772.rmeta --extern serde=/tmp/cargo-mutants-casm-W5ytYW.tmp/target/debug/deps/libserde-87d69d13b54ddd78.rmeta --extern sha3=/tmp/cargo-mutants-casm-W5ytYW.tmp/target/debug/deps/libsha3-87752e9291d08871.rmeta --extern thiserror=/tmp/cargo-mutants-casm-W5ytYW.tmp/target/debug/deps/libthiserror-fe33048ba8aef29c.rmeta --extern uuid=/tmp/cargo-mutants-casm-W5ytYW.tmp/target/debug/deps/libuuid-8411bf88ae8de3ef.rmeta --verbose`
   Compiling tokio-macros v2.7.2
     Running `/home/srinivasan/.rustup/toolchains/nightly-x86_64-unknown-linux-gnu/bin/rustc --crate-name tokio_macros --edition=2021 /home/srinivasan/.cargo/registry/src/index.crates.io-1949cf8c6b5b557f/tokio-macros-2.7.2/src/lib.rs --error-format=json --json=diagnostic-rendered-ansi,artifacts,future-incompat --crate-type proc-macro --emit=dep-info,link -C prefer-dynamic -C embed-bitcode=no --warn=unexpected_cfgs --check-cfg 'cfg(fuzzing)' --check-cfg 'cfg(loom)' --check-cfg 'cfg(mio_unsupported_force_poll_poll)' --check-cfg 'cfg(tokio_allow_from_blocking_fd)' --check-cfg 'cfg(tokio_internal_mt_counters)' --check-cfg 'cfg(tokio_no_parking_lot)' --check-cfg 'cfg(tokio_no_tuning_tests)' --check-cfg 'cfg(tokio_unstable)' --check-cfg 'cfg(target_os, values("cygwin"))' --check-cfg 'cfg(docsrs,test)' --check-cfg 'cfg(feature, values())' -C metadata=c7d8b30f47f6966a -C extra-filename=-686bd22065be7092 --out-dir /tmp/cargo-mutants-casm-W5ytYW.tmp/target/debug/deps -L dependency=/tmp/cargo-mutants-casm-W5ytYW.tmp/target/debug/deps --extern proc_macro2=/tmp/cargo-mutants-casm-W5ytYW.tmp/target/debug/deps/libproc_macro2-dcedbb389bac209b.rlib --extern quote=/tmp/cargo-mutants-casm-W5ytYW.tmp/target/debug/deps/libquote-b54a32c30fb9266d.rlib --extern syn=/tmp/cargo-mutants-casm-W5ytYW.tmp/target/debug/deps/libsyn-5f84759efb98b4e5.rlib --extern proc_macro --cap-lints allow`
       Fresh winnow v1.0.4
       Fresh foldhash v0.1.5
       Fresh borrow-or-share v0.2.4
   Compiling smallvec v1.15.2
     Running `/home/srinivasan/.rustup/toolchains/nightly-x86_64-unknown-linux-gnu/bin/rustc --crate-name smallvec --edition=2018 /home/srinivasan/.cargo/registry/src/index.crates.io-1949cf8c6b5b557f/smallvec-1.15.2/src/lib.rs --error-format=json --json=diagnostic-rendered-ansi,artifacts,future-incompat --crate-type lib --emit=dep-info,metadata,link -C embed-bitcode=no -C debuginfo=2 --check-cfg 'cfg(docsrs,test)' --check-cfg 'cfg(feature, values("arbitrary", "bincode", "const_generics", "const_new", "debugger_visualizer", "drain_filter", "drain_keep_rest", "impl_bincode", "malloc_size_of", "may_dangle", "serde", "specialization", "union", "unty", "write"))' -C metadata=d90bfc7368b77b71 -C extra-filename=-019e2e6c7c73c1f0 --out-dir /tmp/cargo-mutants-casm-W5ytYW.tmp/target/debug/deps -L dependency=/tmp/cargo-mutants-casm-W5ytYW.tmp/target/debug/deps --cap-lints allow`
       Fresh bytes v1.12.1
       Fresh scopeguard v1.2.0
       Fresh lock_api v0.4.14
   Compiling parking_lot_core v0.9.12
     Running `/home/srinivasan/.rustup/toolchains/nightly-x86_64-unknown-linux-gnu/bin/rustc --crate-name parking_lot_core --edition=2021 /home/srinivasan/.cargo/registry/src/index.crates.io-1949cf8c6b5b557f/parking_lot_core-0.9.12/src/lib.rs --error-format=json --json=diagnostic-rendered-ansi,artifacts,future-incompat --crate-type lib --emit=dep-info,metadata,link -C embed-bitcode=no -C debuginfo=2 --check-cfg 'cfg(docsrs,test)' --check-cfg 'cfg(feature, values("backtrace", "deadlock_detection", "nightly", "petgraph"))' -C metadata=11a14c0f3656b216 -C extra-filename=-69bdbebf10cd7b13 --out-dir /tmp/cargo-mutants-casm-W5ytYW.tmp/target/debug/deps -L dependency=/tmp/cargo-mutants-casm-W5ytYW.tmp/target/debug/deps --extern cfg_if=/tmp/cargo-mutants-casm-W5ytYW.tmp/target/debug/deps/libcfg_if-2262c59ed30cbfdf.rmeta --extern libc=/tmp/cargo-mutants-casm-W5ytYW.tmp/target/debug/deps/liblibc-65418387ff813146.rmeta --extern smallvec=/tmp/cargo-mutants-casm-W5ytYW.tmp/target/debug/deps/libsmallvec-019e2e6c7c73c1f0.rmeta --cap-lints allow --check-cfg 'cfg(tsan_enabled)'`
   Compiling tokio v1.53.1
     Running `/home/srinivasan/.rustup/toolchains/nightly-x86_64-unknown-linux-gnu/bin/rustc --crate-name tokio --edition=2021 /home/srinivasan/.cargo/registry/src/index.crates.io-1949cf8c6b5b557f/tokio-1.53.1/src/lib.rs --error-format=json --json=diagnostic-rendered-ansi,artifacts,future-incompat --crate-type lib --emit=dep-info,metadata,link -C embed-bitcode=no -C debuginfo=2 --warn=unexpected_cfgs --check-cfg 'cfg(fuzzing)' --check-cfg 'cfg(loom)' --check-cfg 'cfg(mio_unsupported_force_poll_poll)' --check-cfg 'cfg(tokio_allow_from_blocking_fd)' --check-cfg 'cfg(tokio_internal_mt_counters)' --check-cfg 'cfg(tokio_no_parking_lot)' --check-cfg 'cfg(tokio_no_tuning_tests)' --check-cfg 'cfg(tokio_unstable)' --check-cfg 'cfg(target_os, values("cygwin"))' --cfg 'feature="bytes"' --cfg 'feature="default"' --cfg 'feature="io-std"' --cfg 'feature="io-util"' --cfg 'feature="macros"' --cfg 'feature="rt"' --cfg 'feature="rt-multi-thread"' --cfg 'feature="sync"' --cfg 'feature="time"' --cfg 'feature="tokio-macros"' --check-cfg 'cfg(docsrs,test)' --check-cfg 'cfg(feature, values("bytes", "default", "fs", "full", "io-std", "io-uring", "io-util", "libc", "macros", "mio", "net", "parking_lot", "process", "rt", "rt-multi-thread", "schedule-latency", "signal", "signal-hook-registry", "socket2", "sync", "taskdump", "test-util", "time", "tokio-macros", "tracing", "windows-sys"))' -C metadata=a735160d5e2e064f -C extra-filename=-28c68a70018de8ed --out-dir /tmp/cargo-mutants-casm-W5ytYW.tmp/target/debug/deps -L dependency=/tmp/cargo-mutants-casm-W5ytYW.tmp/target/debug/deps --extern bytes=/tmp/cargo-mutants-casm-W5ytYW.tmp/target/debug/deps/libbytes-9b0aec4a43eb0886.rmeta --extern pin_project_lite=/tmp/cargo-mutants-casm-W5ytYW.tmp/target/debug/deps/libpin_project_lite-2ff97dda599ad6f8.rmeta --extern tokio_macros=/tmp/cargo-mutants-casm-W5ytYW.tmp/target/debug/deps/libtokio_macros-686bd22065be7092.so --cap-lints allow`
   Compiling fluent-uri v0.4.1
     Running `/home/srinivasan/.rustup/toolchains/nightly-x86_64-unknown-linux-gnu/bin/rustc --crate-name fluent_uri --edition=2021 /home/srinivasan/.cargo/registry/src/index.crates.io-1949cf8c6b5b557f/fluent-uri-0.4.1/src/lib.rs --error-format=json --json=diagnostic-rendered-ansi,artifacts,future-incompat --crate-type lib --emit=dep-info,metadata,link -C embed-bitcode=no -C debuginfo=2 --warn=unexpected_cfgs --check-cfg 'cfg(fluent_uri_unstable, fuzzing)' --cfg 'feature="alloc"' --cfg 'feature="default"' --cfg 'feature="impl-error"' --cfg 'feature="std"' --check-cfg 'cfg(docsrs,test)' --check-cfg 'cfg(feature, values("alloc", "default", "impl-error", "net", "serde", "std"))' -C metadata=da173c6318e1c1d5 -C extra-filename=-87ea93b1750a047f --out-dir /tmp/cargo-mutants-casm-W5ytYW.tmp/target/debug/deps -L dependency=/tmp/cargo-mutants-casm-W5ytYW.tmp/target/debug/deps --extern borrow_or_share=/tmp/cargo-mutants-casm-W5ytYW.tmp/target/debug/deps/libborrow_or_share-eb0520242a9b0ce7.rmeta --extern ref_cast=/tmp/cargo-mutants-casm-W5ytYW.tmp/target/debug/deps/libref_cast-ad64ba2d7448bf78.rmeta --cap-lints allow`
   Compiling futures-macro v0.3.33
     Running `/home/srinivasan/.rustup/toolchains/nightly-x86_64-unknown-linux-gnu/bin/rustc --crate-name futures_macro --edition=2018 /home/srinivasan/.cargo/registry/src/index.crates.io-1949cf8c6b5b557f/futures-macro-0.3.33/src/lib.rs --error-format=json --json=diagnostic-rendered-ansi,artifacts,future-incompat --crate-type proc-macro --emit=dep-info,link -C prefer-dynamic -C embed-bitcode=no --warn=unreachable_pub --warn=unexpected_cfgs --warn=single_use_lifetimes --warn=rust_2018_idioms --warn=missing_debug_implementations --check-cfg 'cfg(futures_sanitizer)' --check-cfg 'cfg(docsrs,test)' --check-cfg 'cfg(feature, values())' -C metadata=e7e5964496cc94e8 -C extra-filename=-b074e842079c96e5 --out-dir /tmp/cargo-mutants-casm-W5ytYW.tmp/target/debug/deps -L dependency=/tmp/cargo-mutants-casm-W5ytYW.tmp/target/debug/deps --extern proc_macro2=/tmp/cargo-mutants-casm-W5ytYW.tmp/target/debug/deps/libproc_macro2-dcedbb389bac209b.rlib --extern quote=/tmp/cargo-mutants-casm-W5ytYW.tmp/target/debug/deps/libquote-b54a32c30fb9266d.rlib --extern syn=/tmp/cargo-mutants-casm-W5ytYW.tmp/target/debug/deps/libsyn-f9f69eccc8b823be.rlib --extern proc_macro --cap-lints allow`
   Compiling tracing-attributes v0.1.31
     Running `/home/srinivasan/.rustup/toolchains/nightly-x86_64-unknown-linux-gnu/bin/rustc --crate-name tracing_attributes --edition=2018 /home/srinivasan/.cargo/registry/src/index.crates.io-1949cf8c6b5b557f/tracing-attributes-0.1.31/src/lib.rs --error-format=json --json=diagnostic-rendered-ansi,artifacts,future-incompat --crate-type proc-macro --emit=dep-info,link -C prefer-dynamic -C embed-bitcode=no --warn=unexpected_cfgs --check-cfg 'cfg(flaky_tests)' --check-cfg 'cfg(tracing_unstable)' --check-cfg 'cfg(unsound_local_offset)' --check-cfg 'cfg(docsrs,test)' --check-cfg 'cfg(feature, values("async-await"))' -C metadata=ca9e0580070efe31 -C extra-filename=-6dfa2ee5193011a2 --out-dir /tmp/cargo-mutants-casm-W5ytYW.tmp/target/debug/deps -L dependency=/tmp/cargo-mutants-casm-W5ytYW.tmp/target/debug/deps --extern proc_macro2=/tmp/cargo-mutants-casm-W5ytYW.tmp/target/debug/deps/libproc_macro2-dcedbb389bac209b.rlib --extern quote=/tmp/cargo-mutants-casm-W5ytYW.tmp/target/debug/deps/libquote-b54a32c30fb9266d.rlib --extern syn=/tmp/cargo-mutants-casm-W5ytYW.tmp/target/debug/deps/libsyn-f9f69eccc8b823be.rlib --extern proc_macro --cap-lints allow`
   Compiling futures-util v0.3.33
     Running `/home/srinivasan/.rustup/toolchains/nightly-x86_64-unknown-linux-gnu/bin/rustc --crate-name futures_util --edition=2018 /home/srinivasan/.cargo/registry/src/index.crates.io-1949cf8c6b5b557f/futures-util-0.3.33/src/lib.rs --error-format=json --json=diagnostic-rendered-ansi,artifacts,future-incompat --crate-type lib --emit=dep-info,metadata,link -C embed-bitcode=no -C debuginfo=2 --warn=unreachable_pub --warn=unexpected_cfgs --warn=single_use_lifetimes --warn=rust_2018_idioms --warn=missing_debug_implementations --check-cfg 'cfg(futures_sanitizer)' --cfg 'feature="alloc"' --cfg 'feature="async-await"' --cfg 'feature="async-await-macro"' --cfg 'feature="channel"' --cfg 'feature="futures-channel"' --cfg 'feature="futures-io"' --cfg 'feature="futures-macro"' --cfg 'feature="futures-sink"' --cfg 'feature="io"' --cfg 'feature="memchr"' --cfg 'feature="sink"' --cfg 'feature="slab"' --cfg 'feature="std"' --check-cfg 'cfg(docsrs,test)' --check-cfg 'cfg(feature, values("alloc", "async-await", "async-await-macro", "bilock", "cfg-target-has-atomic", "channel", "compat", "default", "futures-channel", "futures-io", "futures-macro", "futures-sink", "futures_01", "io", "io-compat", "libc", "memchr", "portable-atomic", "portable-atomic-alloc", "portable-atomic-util", "portable_atomic_crate", "sink", "slab", "spin", "std", "tokio-io", "unstable", "write-all-vectored"))' -C metadata=1ab7753f3ef68123 -C extra-filename=-bdaa81a9ae441595 --out-dir /tmp/cargo-mutants-casm-W5ytYW.tmp/target/debug/deps -L dependency=/tmp/cargo-mutants-casm-W5ytYW.tmp/target/debug/deps --extern futures_channel=/tmp/cargo-mutants-casm-W5ytYW.tmp/target/debug/deps/libfutures_channel-9ed97712a743ef47.rmeta --extern futures_core=/tmp/cargo-mutants-casm-W5ytYW.tmp/target/debug/deps/libfutures_core-dca9904225da90c3.rmeta --extern futures_io=/tmp/cargo-mutants-casm-W5ytYW.tmp/target/debug/deps/libfutures_io-410eb9f0662d7a1a.rmeta --extern futures_macro=/tmp/cargo-mutants-casm-W5ytYW.tmp/target/debug/deps/libfutures_macro-b074e842079c96e5.so --extern futures_sink=/tmp/cargo-mutants-casm-W5ytYW.tmp/target/debug/deps/libfutures_sink-9cdbc272f1eebd80.rmeta --extern futures_task=/tmp/cargo-mutants-casm-W5ytYW.tmp/target/debug/deps/libfutures_task-363bb55244d05393.rmeta --extern memchr=/tmp/cargo-mutants-casm-W5ytYW.tmp/target/debug/deps/libmemchr-433ccd1065983af8.rmeta --extern pin_project_lite=/tmp/cargo-mutants-casm-W5ytYW.tmp/target/debug/deps/libpin_project_lite-2ff97dda599ad6f8.rmeta --extern slab=/tmp/cargo-mutants-casm-W5ytYW.tmp/target/debug/deps/libslab-8d36c39b85eef56a.rmeta --cap-lints allow`
       Fresh hashbrown v0.15.5
       Fresh toml_parser v1.1.3+spec-1.1.0
       Fresh crossbeam-utils v0.8.22
       Fresh tracing-core v0.1.36
       Fresh toml_datetime v0.7.5+spec-1.1.0
       Fresh serde_spanned v1.1.1
       Fresh hashbrown v0.14.5
       Fresh ryu v1.0.23
       Fresh sync_wrapper v1.0.2
       Fresh percent-encoding v2.3.2
       Fresh winnow v0.7.15
       Fresh toml_writer v1.1.2+spec-1.1.0
       Fresh unsafe-libyaml v0.2.11
       Fresh fixedbitset v0.5.7
       Fresh tower-service v0.3.3
       Fresh tower-layer v0.3.3
   Compiling bitflags v2.13.1
     Running `/home/srinivasan/.rustup/toolchains/nightly-x86_64-unknown-linux-gnu/bin/rustc --crate-name bitflags --edition=2021 /home/srinivasan/.cargo/registry/src/index.crates.io-1949cf8c6b5b557f/bitflags-2.13.1/src/lib.rs --error-format=json --json=diagnostic-rendered-ansi,artifacts,future-incompat --crate-type lib --emit=dep-info,metadata,link -C embed-bitcode=no -C debuginfo=2 --check-cfg 'cfg(docsrs,test)' --check-cfg 'cfg(feature, values("arbitrary", "bytemuck", "example_generated", "serde", "serde_core", "std"))' -C metadata=1513beab1aa7abea -C extra-filename=-10d48f82ffb83a03 --out-dir /tmp/cargo-mutants-casm-W5ytYW.tmp/target/debug/deps -L dependency=/tmp/cargo-mutants-casm-W5ytYW.tmp/target/debug/deps --cap-lints allow`
   Compiling ls-types v0.0.6
     Running `/home/srinivasan/.rustup/toolchains/nightly-x86_64-unknown-linux-gnu/bin/rustc --crate-name ls_types --edition=2024 /home/srinivasan/.cargo/registry/src/index.crates.io-1949cf8c6b5b557f/ls-types-0.0.6/src/lib.rs --error-format=json --json=diagnostic-rendered-ansi,artifacts,future-incompat --crate-type lib --emit=dep-info,metadata,link -C embed-bitcode=no -C debuginfo=2 '--warn=clippy::pedantic' '--warn=clippy::nursery' '--warn=clippy::cargo' '--allow=clippy::use_self' --forbid=unsafe_code '--allow=clippy::too_long_first_doc_paragraph' '--warn=clippy::todo' '--warn=clippy::dbg_macro' '--warn=rustdoc::all' --check-cfg 'cfg(docsrs,test)' --check-cfg 'cfg(feature, values())' -C metadata=6a8d6b7837c59353 -C extra-filename=-6f6011150832f408 --out-dir /tmp/cargo-mutants-casm-W5ytYW.tmp/target/debug/deps -L dependency=/tmp/cargo-mutants-casm-W5ytYW.tmp/target/debug/deps --extern bitflags=/tmp/cargo-mutants-casm-W5ytYW.tmp/target/debug/deps/libbitflags-10d48f82ffb83a03.rmeta --extern fluent_uri=/tmp/cargo-mutants-casm-W5ytYW.tmp/target/debug/deps/libfluent_uri-87ea93b1750a047f.rmeta --extern percent_encoding=/tmp/cargo-mutants-casm-W5ytYW.tmp/target/debug/deps/libpercent_encoding-fdb8b4bcafcb590c.rmeta --extern serde=/tmp/cargo-mutants-casm-W5ytYW.tmp/target/debug/deps/libserde-87d69d13b54ddd78.rmeta --extern serde_json=/tmp/cargo-mutants-casm-W5ytYW.tmp/target/debug/deps/libserde_json-c5598d48721c9847.rmeta --cap-lints allow`
   Compiling tokio-util v0.7.19
     Running `/home/srinivasan/.rustup/toolchains/nightly-x86_64-unknown-linux-gnu/bin/rustc --crate-name tokio_util --edition=2021 /home/srinivasan/.cargo/registry/src/index.crates.io-1949cf8c6b5b557f/tokio-util-0.7.19/src/lib.rs --error-format=json --json=diagnostic-rendered-ansi,artifacts,future-incompat --crate-type lib --emit=dep-info,metadata,link -C embed-bitcode=no -C debuginfo=2 --warn=unexpected_cfgs --check-cfg 'cfg(fuzzing)' --check-cfg 'cfg(loom)' --check-cfg 'cfg(mio_unsupported_force_poll_poll)' --check-cfg 'cfg(tokio_allow_from_blocking_fd)' --check-cfg 'cfg(tokio_internal_mt_counters)' --check-cfg 'cfg(tokio_no_parking_lot)' --check-cfg 'cfg(tokio_no_tuning_tests)' --check-cfg 'cfg(tokio_unstable)' --check-cfg 'cfg(target_os, values("cygwin"))' --cfg 'feature="codec"' --cfg 'feature="default"' --cfg 'feature="libc"' --check-cfg 'cfg(docsrs,test)' --check-cfg 'cfg(feature, values("__docs_rs", "codec", "compat", "default", "full", "futures-io", "futures-util", "hashbrown", "io", "io-util", "join-map", "libc", "net", "rt", "slab", "time", "tracing"))' -C metadata=44791b05e936594d -C extra-filename=-87d98629728911e2 --out-dir /tmp/cargo-mutants-casm-W5ytYW.tmp/target/debug/deps -L dependency=/tmp/cargo-mutants-casm-W5ytYW.tmp/target/debug/deps --extern bytes=/tmp/cargo-mutants-casm-W5ytYW.tmp/target/debug/deps/libbytes-9b0aec4a43eb0886.rmeta --extern futures_core=/tmp/cargo-mutants-casm-W5ytYW.tmp/target/debug/deps/libfutures_core-dca9904225da90c3.rmeta --extern futures_sink=/tmp/cargo-mutants-casm-W5ytYW.tmp/target/debug/deps/libfutures_sink-9cdbc272f1eebd80.rmeta --extern libc=/tmp/cargo-mutants-casm-W5ytYW.tmp/target/debug/deps/liblibc-65418387ff813146.rmeta --extern pin_project_lite=/tmp/cargo-mutants-casm-W5ytYW.tmp/target/debug/deps/libpin_project_lite-2ff97dda599ad6f8.rmeta --extern tokio=/tmp/cargo-mutants-casm-W5ytYW.tmp/target/debug/deps/libtokio-28c68a70018de8ed.rmeta --cap-lints allow`
   Compiling tower v0.5.3
     Running `/home/srinivasan/.rustup/toolchains/nightly-x86_64-unknown-linux-gnu/bin/rustc --crate-name tower --edition=2018 /home/srinivasan/.cargo/registry/src/index.crates.io-1949cf8c6b5b557f/tower-0.5.3/src/lib.rs --error-format=json --json=diagnostic-rendered-ansi,artifacts,future-incompat --crate-type lib --emit=dep-info,metadata,link -C embed-bitcode=no -C debuginfo=2 --cfg 'feature="futures-core"' --cfg 'feature="futures-util"' --cfg 'feature="pin-project-lite"' --cfg 'feature="sync_wrapper"' --cfg 'feature="util"' --check-cfg 'cfg(docsrs,test)' --check-cfg 'cfg(feature, values("balance", "buffer", "discover", "filter", "full", "futures-core", "futures-util", "hdrhistogram", "hedge", "indexmap", "limit", "load", "load-shed", "log", "make", "pin-project-lite", "ready-cache", "reconnect", "retry", "slab", "spawn-ready", "steer", "sync_wrapper", "timeout", "tokio", "tokio-stream", "tokio-util", "tracing", "util"))' -C metadata=0a6380b45cb3dbb3 -C extra-filename=-d30bd7184b9fec7f --out-dir /tmp/cargo-mutants-casm-W5ytYW.tmp/target/debug/deps -L dependency=/tmp/cargo-mutants-casm-W5ytYW.tmp/target/debug/deps --extern futures_core=/tmp/cargo-mutants-casm-W5ytYW.tmp/target/debug/deps/libfutures_core-dca9904225da90c3.rmeta --extern futures_util=/tmp/cargo-mutants-casm-W5ytYW.tmp/target/debug/deps/libfutures_util-bdaa81a9ae441595.rmeta --extern pin_project_lite=/tmp/cargo-mutants-casm-W5ytYW.tmp/target/debug/deps/libpin_project_lite-2ff97dda599ad6f8.rmeta --extern sync_wrapper=/tmp/cargo-mutants-casm-W5ytYW.tmp/target/debug/deps/libsync_wrapper-ca48d9e8966759c5.rmeta --extern tower_layer=/tmp/cargo-mutants-casm-W5ytYW.tmp/target/debug/deps/libtower_layer-0e51d86a089d8d0f.rmeta --extern tower_service=/tmp/cargo-mutants-casm-W5ytYW.tmp/target/debug/deps/libtower_service-7ac5165b203ec039.rmeta --cap-lints allow`
   Compiling futures v0.3.33
     Running `/home/srinivasan/.rustup/toolchains/nightly-x86_64-unknown-linux-gnu/bin/rustc --crate-name futures --edition=2018 /home/srinivasan/.cargo/registry/src/index.crates.io-1949cf8c6b5b557f/futures-0.3.33/src/lib.rs --error-format=json --json=diagnostic-rendered-ansi,artifacts,future-incompat --crate-type lib --emit=dep-info,metadata,link -C embed-bitcode=no -C debuginfo=2 --warn=unreachable_pub --warn=unexpected_cfgs --warn=single_use_lifetimes --warn=rust_2018_idioms --warn=missing_debug_implementations --check-cfg 'cfg(futures_sanitizer)' --cfg 'feature="alloc"' --cfg 'feature="async-await"' --cfg 'feature="std"' --check-cfg 'cfg(docsrs,test)' --check-cfg 'cfg(feature, values("alloc", "async-await", "bilock", "cfg-target-has-atomic", "compat", "default", "executor", "futures-executor", "io-compat", "spin", "std", "thread-pool", "unstable", "write-all-vectored"))' -C metadata=4044c058d4d53f32 -C extra-filename=-a3a7384ccbbf524f --out-dir /tmp/cargo-mutants-casm-W5ytYW.tmp/target/debug/deps -L dependency=/tmp/cargo-mutants-casm-W5ytYW.tmp/target/debug/deps --extern futures_channel=/tmp/cargo-mutants-casm-W5ytYW.tmp/target/debug/deps/libfutures_channel-9ed97712a743ef47.rmeta --extern futures_core=/tmp/cargo-mutants-casm-W5ytYW.tmp/target/debug/deps/libfutures_core-dca9904225da90c3.rmeta --extern futures_io=/tmp/cargo-mutants-casm-W5ytYW.tmp/target/debug/deps/libfutures_io-410eb9f0662d7a1a.rmeta --extern futures_sink=/tmp/cargo-mutants-casm-W5ytYW.tmp/target/debug/deps/libfutures_sink-9cdbc272f1eebd80.rmeta --extern futures_task=/tmp/cargo-mutants-casm-W5ytYW.tmp/target/debug/deps/libfutures_task-363bb55244d05393.rmeta --extern futures_util=/tmp/cargo-mutants-casm-W5ytYW.tmp/target/debug/deps/libfutures_util-bdaa81a9ae441595.rmeta --cap-lints allow`
   Compiling petgraph v0.8.3
     Running `/home/srinivasan/.rustup/toolchains/nightly-x86_64-unknown-linux-gnu/bin/rustc --crate-name petgraph --edition=2021 /home/srinivasan/.cargo/registry/src/index.crates.io-1949cf8c6b5b557f/petgraph-0.8.3/src/lib.rs --error-format=json --json=diagnostic-rendered-ansi,artifacts,future-incompat --crate-type lib --emit=dep-info,metadata,link -C embed-bitcode=no -C debuginfo=2 '--warn=clippy::std_instead_of_core' '--warn=clippy::std_instead_of_alloc' '--warn=clippy::alloc_instead_of_core' --cfg 'feature="default"' --cfg 'feature="graphmap"' --cfg 'feature="matrix_graph"' --cfg 'feature="stable_graph"' --cfg 'feature="std"' --check-cfg 'cfg(docsrs,test)' --check-cfg 'cfg(feature, values("all", "default", "dot_parser", "generate", "graphmap", "matrix_graph", "quickcheck", "rayon", "serde", "serde-1", "serde_derive", "stable_graph", "std", "unstable"))' -C metadata=b9fc0454296f42d1 -C extra-filename=-83f6f6d9da9a8a2a --out-dir /tmp/cargo-mutants-casm-W5ytYW.tmp/target/debug/deps -L dependency=/tmp/cargo-mutants-casm-W5ytYW.tmp/target/debug/deps --extern fixedbitset=/tmp/cargo-mutants-casm-W5ytYW.tmp/target/debug/deps/libfixedbitset-eb9d888c851121be.rmeta --extern hashbrown=/tmp/cargo-mutants-casm-W5ytYW.tmp/target/debug/deps/libhashbrown-eca6ca878eceb683.rmeta --extern indexmap=/tmp/cargo-mutants-casm-W5ytYW.tmp/target/debug/deps/libindexmap-caa1b9b30c6a98f0.rmeta --cap-lints allow`
   Compiling serde_yaml_ng v0.10.0
     Running `/home/srinivasan/.rustup/toolchains/nightly-x86_64-unknown-linux-gnu/bin/rustc --crate-name serde_yaml_ng --edition=2021 /home/srinivasan/.cargo/registry/src/index.crates.io-1949cf8c6b5b557f/serde_yaml_ng-0.10.0/src/lib.rs --error-format=json --json=diagnostic-rendered-ansi,artifacts,future-incompat --crate-type lib --emit=dep-info,metadata,link -C embed-bitcode=no -C debuginfo=2 --check-cfg 'cfg(docsrs,test)' --check-cfg 'cfg(feature, values())' -C metadata=4b854ad713fc421d -C extra-filename=-1c0809bea9896e72 --out-dir /tmp/cargo-mutants-casm-W5ytYW.tmp/target/debug/deps -L dependency=/tmp/cargo-mutants-casm-W5ytYW.tmp/target/debug/deps --extern indexmap=/tmp/cargo-mutants-casm-W5ytYW.tmp/target/debug/deps/libindexmap-caa1b9b30c6a98f0.rmeta --extern itoa=/tmp/cargo-mutants-casm-W5ytYW.tmp/target/debug/deps/libitoa-6a6d3f3d53caa1d6.rmeta --extern ryu=/tmp/cargo-mutants-casm-W5ytYW.tmp/target/debug/deps/libryu-69612d13f8de36d4.rmeta --extern serde=/tmp/cargo-mutants-casm-W5ytYW.tmp/target/debug/deps/libserde-87d69d13b54ddd78.rmeta --extern unsafe_libyaml=/tmp/cargo-mutants-casm-W5ytYW.tmp/target/debug/deps/libunsafe_libyaml-e0d1a220ca04af43.rmeta --cap-lints allow`
       Fresh toml v0.9.12+spec-1.1.0
   Compiling dashmap v6.2.1
     Running `/home/srinivasan/.rustup/toolchains/nightly-x86_64-unknown-linux-gnu/bin/rustc --crate-name dashmap --edition=2018 /home/srinivasan/.cargo/registry/src/index.crates.io-1949cf8c6b5b557f/dashmap-6.2.1/src/lib.rs --error-format=json --json=diagnostic-rendered-ansi,artifacts,future-incompat --crate-type lib --emit=dep-info,metadata,link -C embed-bitcode=no -C debuginfo=2 --check-cfg 'cfg(docsrs,test)' --check-cfg 'cfg(feature, values("arbitrary", "inline", "raw-api", "rayon", "serde", "typesize"))' -C metadata=e4b62b8c29eae588 -C extra-filename=-6db0d8ce3f0c831f --out-dir /tmp/cargo-mutants-casm-W5ytYW.tmp/target/debug/deps -L dependency=/tmp/cargo-mutants-casm-W5ytYW.tmp/target/debug/deps --extern cfg_if=/tmp/cargo-mutants-casm-W5ytYW.tmp/target/debug/deps/libcfg_if-2262c59ed30cbfdf.rmeta --extern crossbeam_utils=/tmp/cargo-mutants-casm-W5ytYW.tmp/target/debug/deps/libcrossbeam_utils-04f31890d1b1348b.rmeta --extern hashbrown=/tmp/cargo-mutants-casm-W5ytYW.tmp/target/debug/deps/libhashbrown-971e1001ea238461.rmeta --extern lock_api=/tmp/cargo-mutants-casm-W5ytYW.tmp/target/debug/deps/liblock_api-9fd6913848ac39ce.rmeta --extern once_cell=/tmp/cargo-mutants-casm-W5ytYW.tmp/target/debug/deps/libonce_cell-b1fd511a994cb72e.rmeta --extern parking_lot_core=/tmp/cargo-mutants-casm-W5ytYW.tmp/target/debug/deps/libparking_lot_core-69bdbebf10cd7b13.rmeta --cap-lints allow`
   Compiling tracing v0.1.44
     Running `/home/srinivasan/.rustup/toolchains/nightly-x86_64-unknown-linux-gnu/bin/rustc --crate-name tracing --edition=2018 /home/srinivasan/.cargo/registry/src/index.crates.io-1949cf8c6b5b557f/tracing-0.1.44/src/lib.rs --error-format=json --json=diagnostic-rendered-ansi,artifacts,future-incompat --crate-type lib --emit=dep-info,metadata,link -C embed-bitcode=no -C debuginfo=2 --warn=unexpected_cfgs --check-cfg 'cfg(flaky_tests)' --check-cfg 'cfg(tracing_unstable)' --check-cfg 'cfg(unsound_local_offset)' --cfg 'feature="attributes"' --cfg 'feature="default"' --cfg 'feature="std"' --cfg 'feature="tracing-attributes"' --check-cfg 'cfg(docsrs,test)' --check-cfg 'cfg(feature, values("async-await", "attributes", "default", "log", "log-always", "max_level_debug", "max_level_error", "max_level_info", "max_level_off", "max_level_trace", "max_level_warn", "release_max_level_debug", "release_max_level_error", "release_max_level_info", "release_max_level_off", "release_max_level_trace", "release_max_level_warn", "std", "tracing-attributes", "valuable"))' -C metadata=829cff72afb1799e -C extra-filename=-83dd88689ebb826b --out-dir /tmp/cargo-mutants-casm-W5ytYW.tmp/target/debug/deps -L dependency=/tmp/cargo-mutants-casm-W5ytYW.tmp/target/debug/deps --extern pin_project_lite=/tmp/cargo-mutants-casm-W5ytYW.tmp/target/debug/deps/libpin_project_lite-2ff97dda599ad6f8.rmeta --extern tracing_attributes=/tmp/cargo-mutants-casm-W5ytYW.tmp/target/debug/deps/libtracing_attributes-6dfa2ee5193011a2.so --extern tracing_core=/tmp/cargo-mutants-casm-W5ytYW.tmp/target/debug/deps/libtracing_core-3b0065075eafbb59.rmeta --cap-lints allow`
       Fresh httparse v1.10.1
   Compiling casm-parser v0.3.0 (/tmp/cargo-mutants-casm-W5ytYW.tmp/crates/casm-parser)
     Running `/home/srinivasan/.rustup/toolchains/nightly-x86_64-unknown-linux-gnu/bin/rustc --crate-name casm_parser --edition=2024 crates/casm-parser/src/lib.rs --error-format=json --json=diagnostic-rendered-ansi,artifacts,future-incompat --crate-type lib --emit=dep-info,metadata,link -C embed-bitcode=no -C debuginfo=2 --warn=rust_2018_idioms '--warn=clippy::pedantic' '--warn=clippy::unwrap_used' --forbid=unsafe_code --warn=unreachable_pub '--warn=clippy::too_many_lines' '--allow=clippy::struct_field_names' '--warn=clippy::panic' '--allow=clippy::must_use_candidate' '--allow=clippy::module_name_repetitions' '--allow=clippy::missing_errors_doc' --warn=missing_docs '--warn=clippy::indexing_slicing' '--warn=clippy::expect_used' '--warn=clippy::cognitive_complexity' --check-cfg 'cfg(docsrs,test)' --check-cfg 'cfg(feature, values())' -C metadata=d1df424733a849ee -C extra-filename=-73e0cf500af32db2 --out-dir /tmp/cargo-mutants-casm-W5ytYW.tmp/target/debug/deps -C incremental=/tmp/cargo-mutants-casm-W5ytYW.tmp/target/debug/incremental -L dependency=/tmp/cargo-mutants-casm-W5ytYW.tmp/target/debug/deps --extern casm_core=/tmp/cargo-mutants-casm-W5ytYW.tmp/target/debug/deps/libcasm_core-436faef67019be0b.rmeta --extern serde=/tmp/cargo-mutants-casm-W5ytYW.tmp/target/debug/deps/libserde-87d69d13b54ddd78.rmeta --extern serde_json=/tmp/cargo-mutants-casm-W5ytYW.tmp/target/debug/deps/libserde_json-c5598d48721c9847.rmeta --extern serde_yaml_ng=/tmp/cargo-mutants-casm-W5ytYW.tmp/target/debug/deps/libserde_yaml_ng-1c0809bea9896e72.rmeta --extern thiserror=/tmp/cargo-mutants-casm-W5ytYW.tmp/target/debug/deps/libthiserror-fe33048ba8aef29c.rmeta --extern toml=/tmp/cargo-mutants-casm-W5ytYW.tmp/target/debug/deps/libtoml-c5208f55489b08fa.rmeta --verbose`
   Compiling casm-validator v0.3.0 (/tmp/cargo-mutants-casm-W5ytYW.tmp/crates/casm-validator)
     Running `/home/srinivasan/.rustup/toolchains/nightly-x86_64-unknown-linux-gnu/bin/rustc --crate-name casm_validator --edition=2024 crates/casm-validator/src/lib.rs --error-format=json --json=diagnostic-rendered-ansi,artifacts,future-incompat --crate-type lib --emit=dep-info,metadata,link -C embed-bitcode=no -C debuginfo=2 --warn=rust_2018_idioms '--warn=clippy::pedantic' '--warn=clippy::unwrap_used' --forbid=unsafe_code --warn=unreachable_pub '--warn=clippy::too_many_lines' '--allow=clippy::struct_field_names' '--warn=clippy::panic' '--allow=clippy::must_use_candidate' '--allow=clippy::module_name_repetitions' '--allow=clippy::missing_errors_doc' --warn=missing_docs '--warn=clippy::indexing_slicing' '--warn=clippy::expect_used' '--warn=clippy::cognitive_complexity' --check-cfg 'cfg(docsrs,test)' --check-cfg 'cfg(feature, values())' -C metadata=773eb8d26753d6af -C extra-filename=-c290c5037270b99c --out-dir /tmp/cargo-mutants-casm-W5ytYW.tmp/target/debug/deps -C incremental=/tmp/cargo-mutants-casm-W5ytYW.tmp/target/debug/incremental -L dependency=/tmp/cargo-mutants-casm-W5ytYW.tmp/target/debug/deps --extern casm_core=/tmp/cargo-mutants-casm-W5ytYW.tmp/target/debug/deps/libcasm_core-436faef67019be0b.rmeta --extern petgraph=/tmp/cargo-mutants-casm-W5ytYW.tmp/target/debug/deps/libpetgraph-83f6f6d9da9a8a2a.rmeta --extern serde=/tmp/cargo-mutants-casm-W5ytYW.tmp/target/debug/deps/libserde-87d69d13b54ddd78.rmeta --extern serde_json=/tmp/cargo-mutants-casm-W5ytYW.tmp/target/debug/deps/libserde_json-c5598d48721c9847.rmeta --extern thiserror=/tmp/cargo-mutants-casm-W5ytYW.tmp/target/debug/deps/libthiserror-fe33048ba8aef29c.rmeta --verbose`
   Compiling casm-renderer v0.3.0 (/tmp/cargo-mutants-casm-W5ytYW.tmp/crates/casm-renderer)
     Running `/home/srinivasan/.rustup/toolchains/nightly-x86_64-unknown-linux-gnu/bin/rustc --crate-name casm_renderer --edition=2024 crates/casm-renderer/src/lib.rs --error-format=json --json=diagnostic-rendered-ansi,artifacts,future-incompat --crate-type lib --emit=dep-info,metadata,link -C embed-bitcode=no -C debuginfo=2 --warn=rust_2018_idioms '--warn=clippy::pedantic' '--warn=clippy::unwrap_used' --forbid=unsafe_code --warn=unreachable_pub '--warn=clippy::too_many_lines' '--allow=clippy::struct_field_names' '--warn=clippy::panic' '--allow=clippy::must_use_candidate' '--allow=clippy::module_name_repetitions' '--allow=clippy::missing_errors_doc' --warn=missing_docs '--warn=clippy::indexing_slicing' '--warn=clippy::expect_used' '--warn=clippy::cognitive_complexity' --check-cfg 'cfg(docsrs,test)' --check-cfg 'cfg(feature, values())' -C metadata=32131e43f6b87433 -C extra-filename=-ac502ef6e0f80926 --out-dir /tmp/cargo-mutants-casm-W5ytYW.tmp/target/debug/deps -C incremental=/tmp/cargo-mutants-casm-W5ytYW.tmp/target/debug/incremental -L dependency=/tmp/cargo-mutants-casm-W5ytYW.tmp/target/debug/deps --extern casm_core=/tmp/cargo-mutants-casm-W5ytYW.tmp/target/debug/deps/libcasm_core-436faef67019be0b.rmeta --verbose`
   Compiling tower-lsp-server v0.23.0
     Running `/home/srinivasan/.rustup/toolchains/nightly-x86_64-unknown-linux-gnu/bin/rustc --crate-name tower_lsp_server --edition=2024 /home/srinivasan/.cargo/registry/src/index.crates.io-1949cf8c6b5b557f/tower-lsp-server-0.23.0/src/lib.rs --error-format=json --json=diagnostic-rendered-ansi,artifacts,future-incompat --crate-type lib --emit=dep-info,metadata,link -C embed-bitcode=no -C debuginfo=2 '--warn=clippy::pedantic' '--warn=clippy::nursery' '--allow=clippy::wildcard_imports' '--warn=clippy::unwrap_used' --forbid=unsafe_code '--warn=clippy::todo' --warn=missing_docs --warn=missing_debug_implementations '--warn=clippy::dbg_macro' '--warn=rustdoc::all' --cfg 'feature="default"' --cfg 'feature="runtime-tokio"' --cfg 'feature="tokio"' --cfg 'feature="tokio-util"' --check-cfg 'cfg(docsrs,test)' --check-cfg 'cfg(feature, values("async-codec-lite", "default", "proposed", "runtime-agnostic", "runtime-tokio", "tokio", "tokio-util"))' -C metadata=be76e3d0b72705de -C extra-filename=-2fdfa097d8152abe --out-dir /tmp/cargo-mutants-casm-W5ytYW.tmp/target/debug/deps -L dependency=/tmp/cargo-mutants-casm-W5ytYW.tmp/target/debug/deps --extern bytes=/tmp/cargo-mutants-casm-W5ytYW.tmp/target/debug/deps/libbytes-9b0aec4a43eb0886.rmeta --extern dashmap=/tmp/cargo-mutants-casm-W5ytYW.tmp/target/debug/deps/libdashmap-6db0d8ce3f0c831f.rmeta --extern futures=/tmp/cargo-mutants-casm-W5ytYW.tmp/target/debug/deps/libfutures-a3a7384ccbbf524f.rmeta --extern httparse=/tmp/cargo-mutants-casm-W5ytYW.tmp/target/debug/deps/libhttparse-f1d0db4df5dcd31c.rmeta --extern ls_types=/tmp/cargo-mutants-casm-W5ytYW.tmp/target/debug/deps/libls_types-6f6011150832f408.rmeta --extern memchr=/tmp/cargo-mutants-casm-W5ytYW.tmp/target/debug/deps/libmemchr-433ccd1065983af8.rmeta --extern serde=/tmp/cargo-mutants-casm-W5ytYW.tmp/target/debug/deps/libserde-87d69d13b54ddd78.rmeta --extern serde_json=/tmp/cargo-mutants-casm-W5ytYW.tmp/target/debug/deps/libserde_json-c5598d48721c9847.rmeta --extern tokio=/tmp/cargo-mutants-casm-W5ytYW.tmp/target/debug/deps/libtokio-28c68a70018de8ed.rmeta --extern tokio_util=/tmp/cargo-mutants-casm-W5ytYW.tmp/target/debug/deps/libtokio_util-87d98629728911e2.rmeta --extern tower=/tmp/cargo-mutants-casm-W5ytYW.tmp/target/debug/deps/libtower-d30bd7184b9fec7f.rmeta --extern tracing=/tmp/cargo-mutants-casm-W5ytYW.tmp/target/debug/deps/libtracing-83dd88689ebb826b.rmeta --cap-lints allow`
   Compiling casm-lsp v0.3.0 (/tmp/cargo-mutants-casm-W5ytYW.tmp/crates/casm-lsp)
     Running `/home/srinivasan/.rustup/toolchains/nightly-x86_64-unknown-linux-gnu/bin/rustc --crate-name casm_lsp --edition=2024 crates/casm-lsp/src/lib.rs --error-format=json --json=diagnostic-rendered-ansi,artifacts,future-incompat --crate-type lib --emit=dep-info,metadata,link -C embed-bitcode=no -C debuginfo=2 --warn=rust_2018_idioms '--warn=clippy::pedantic' '--warn=clippy::unwrap_used' --forbid=unsafe_code --warn=unreachable_pub '--warn=clippy::too_many_lines' '--allow=clippy::struct_field_names' '--warn=clippy::panic' '--allow=clippy::must_use_candidate' '--allow=clippy::module_name_repetitions' '--allow=clippy::missing_errors_doc' --warn=missing_docs '--warn=clippy::indexing_slicing' '--warn=clippy::expect_used' '--warn=clippy::cognitive_complexity' --cfg 'feature="default"' --cfg 'feature="server"' --check-cfg 'cfg(docsrs,test)' --check-cfg 'cfg(feature, values("default", "server"))' -C metadata=6a74160510f1ab21 -C extra-filename=-80fea0669f4842be --out-dir /tmp/cargo-mutants-casm-W5ytYW.tmp/target/debug/deps -C incremental=/tmp/cargo-mutants-casm-W5ytYW.tmp/target/debug/incremental -L dependency=/tmp/cargo-mutants-casm-W5ytYW.tmp/target/debug/deps --extern casm_core=/tmp/cargo-mutants-casm-W5ytYW.tmp/target/debug/deps/libcasm_core-436faef67019be0b.rmeta --extern casm_parser=/tmp/cargo-mutants-casm-W5ytYW.tmp/target/debug/deps/libcasm_parser-73e0cf500af32db2.rmeta --extern casm_renderer=/tmp/cargo-mutants-casm-W5ytYW.tmp/target/debug/deps/libcasm_renderer-ac502ef6e0f80926.rmeta --extern casm_validator=/tmp/cargo-mutants-casm-W5ytYW.tmp/target/debug/deps/libcasm_validator-c290c5037270b99c.rmeta --extern serde_json=/tmp/cargo-mutants-casm-W5ytYW.tmp/target/debug/deps/libserde_json-c5598d48721c9847.rmeta --extern tokio=/tmp/cargo-mutants-casm-W5ytYW.tmp/target/debug/deps/libtokio-28c68a70018de8ed.rmeta --extern tower_lsp_server=/tmp/cargo-mutants-casm-W5ytYW.tmp/target/debug/deps/libtower_lsp_server-2fdfa097d8152abe.rmeta --verbose`
     Running `/home/srinivasan/.rustup/toolchains/nightly-x86_64-unknown-linux-gnu/bin/rustc --crate-name casm_lsp --edition=2024 crates/casm-lsp/src/lib.rs --error-format=json --json=diagnostic-rendered-ansi,artifacts,future-incompat --emit=dep-info,link -C embed-bitcode=no -C debuginfo=2 --warn=rust_2018_idioms '--warn=clippy::pedantic' '--warn=clippy::unwrap_used' --forbid=unsafe_code --warn=unreachable_pub '--warn=clippy::too_many_lines' '--allow=clippy::struct_field_names' '--warn=clippy::panic' '--allow=clippy::must_use_candidate' '--allow=clippy::module_name_repetitions' '--allow=clippy::missing_errors_doc' --warn=missing_docs '--warn=clippy::indexing_slicing' '--warn=clippy::expect_used' '--warn=clippy::cognitive_complexity' --test --cfg 'feature="default"' --cfg 'feature="server"' --check-cfg 'cfg(docsrs,test)' --check-cfg 'cfg(feature, values("default", "server"))' -C metadata=47ec288518f74ead -C extra-filename=-6ce771c58ddaf742 --out-dir /tmp/cargo-mutants-casm-W5ytYW.tmp/target/debug/deps -C incremental=/tmp/cargo-mutants-casm-W5ytYW.tmp/target/debug/incremental -L dependency=/tmp/cargo-mutants-casm-W5ytYW.tmp/target/debug/deps --extern casm_core=/tmp/cargo-mutants-casm-W5ytYW.tmp/target/debug/deps/libcasm_core-436faef67019be0b.rlib --extern casm_parser=/tmp/cargo-mutants-casm-W5ytYW.tmp/target/debug/deps/libcasm_parser-73e0cf500af32db2.rlib --extern casm_renderer=/tmp/cargo-mutants-casm-W5ytYW.tmp/target/debug/deps/libcasm_renderer-ac502ef6e0f80926.rlib --extern casm_validator=/tmp/cargo-mutants-casm-W5ytYW.tmp/target/debug/deps/libcasm_validator-c290c5037270b99c.rlib --extern serde=/tmp/cargo-mutants-casm-W5ytYW.tmp/target/debug/deps/libserde-87d69d13b54ddd78.rlib --extern serde_json=/tmp/cargo-mutants-casm-W5ytYW.tmp/target/debug/deps/libserde_json-c5598d48721c9847.rlib --extern tokio=/tmp/cargo-mutants-casm-W5ytYW.tmp/target/debug/deps/libtokio-28c68a70018de8ed.rlib --extern tower_lsp_server=/tmp/cargo-mutants-casm-W5ytYW.tmp/target/debug/deps/libtower_lsp_server-2fdfa097d8152abe.rlib --verbose`
warning: constant `SECURITY_CONTROLS` is never used
   --> crates/casm-lsp/src/actions.rs:145:7
    |
145 | const SECURITY_CONTROLS: &[(&str, &str, &str)] = &[
    |       ^^^^^^^^^^^^^^^^^
    |
    = note: `#[warn(dead_code)]` (part of `#[warn(unused)]`) on by default

warning: `casm-lsp` (lib) generated 1 warning
     Running `/home/srinivasan/.rustup/toolchains/nightly-x86_64-unknown-linux-gnu/bin/rustc --crate-name protocol --edition=2024 crates/casm-lsp/tests/protocol.rs --error-format=json --json=diagnostic-rendered-ansi,artifacts,future-incompat --emit=dep-info,link -C embed-bitcode=no -C debuginfo=2 --warn=rust_2018_idioms '--warn=clippy::pedantic' '--warn=clippy::unwrap_used' --forbid=unsafe_code --warn=unreachable_pub '--warn=clippy::too_many_lines' '--allow=clippy::struct_field_names' '--warn=clippy::panic' '--allow=clippy::must_use_candidate' '--allow=clippy::module_name_repetitions' '--allow=clippy::missing_errors_doc' --warn=missing_docs '--warn=clippy::indexing_slicing' '--warn=clippy::expect_used' '--warn=clippy::cognitive_complexity' --test --cfg 'feature="default"' --cfg 'feature="server"' --check-cfg 'cfg(docsrs,test)' --check-cfg 'cfg(feature, values("default", "server"))' -C metadata=6702dd21f1281c0e -C extra-filename=-f7bd5060f831e6f5 --out-dir /tmp/cargo-mutants-casm-W5ytYW.tmp/target/debug/deps -C incremental=/tmp/cargo-mutants-casm-W5ytYW.tmp/target/debug/incremental -L dependency=/tmp/cargo-mutants-casm-W5ytYW.tmp/target/debug/deps --extern casm_core=/tmp/cargo-mutants-casm-W5ytYW.tmp/target/debug/deps/libcasm_core-436faef67019be0b.rlib --extern casm_lsp=/tmp/cargo-mutants-casm-W5ytYW.tmp/target/debug/deps/libcasm_lsp-80fea0669f4842be.rlib --extern casm_parser=/tmp/cargo-mutants-casm-W5ytYW.tmp/target/debug/deps/libcasm_parser-73e0cf500af32db2.rlib --extern casm_renderer=/tmp/cargo-mutants-casm-W5ytYW.tmp/target/debug/deps/libcasm_renderer-ac502ef6e0f80926.rlib --extern casm_validator=/tmp/cargo-mutants-casm-W5ytYW.tmp/target/debug/deps/libcasm_validator-c290c5037270b99c.rlib --extern serde=/tmp/cargo-mutants-casm-W5ytYW.tmp/target/debug/deps/libserde-87d69d13b54ddd78.rlib --extern serde_json=/tmp/cargo-mutants-casm-W5ytYW.tmp/target/debug/deps/libserde_json-c5598d48721c9847.rlib --extern tokio=/tmp/cargo-mutants-casm-W5ytYW.tmp/target/debug/deps/libtokio-28c68a70018de8ed.rlib --extern tower_lsp_server=/tmp/cargo-mutants-casm-W5ytYW.tmp/target/debug/deps/libtower_lsp_server-2fdfa097d8152abe.rlib --verbose`
     Running `/home/srinivasan/.rustup/toolchains/nightly-x86_64-unknown-linux-gnu/bin/rustc --crate-name casm_lsp --edition=2024 crates/casm-lsp/src/main.rs --error-format=json --json=diagnostic-rendered-ansi,artifacts,future-incompat --emit=dep-info,link -C embed-bitcode=no -C debuginfo=2 --warn=rust_2018_idioms '--warn=clippy::pedantic' '--warn=clippy::unwrap_used' --forbid=unsafe_code --warn=unreachable_pub '--warn=clippy::too_many_lines' '--allow=clippy::struct_field_names' '--warn=clippy::panic' '--allow=clippy::must_use_candidate' '--allow=clippy::module_name_repetitions' '--allow=clippy::missing_errors_doc' --warn=missing_docs '--warn=clippy::indexing_slicing' '--warn=clippy::expect_used' '--warn=clippy::cognitive_complexity' --test --cfg 'feature="default"' --cfg 'feature="server"' --check-cfg 'cfg(docsrs,test)' --check-cfg 'cfg(feature, values("default", "server"))' -C metadata=08aa6da8d523955d -C extra-filename=-f8b23709db8e618a --out-dir /tmp/cargo-mutants-casm-W5ytYW.tmp/target/debug/deps -C incremental=/tmp/cargo-mutants-casm-W5ytYW.tmp/target/debug/incremental -L dependency=/tmp/cargo-mutants-casm-W5ytYW.tmp/target/debug/deps --extern casm_core=/tmp/cargo-mutants-casm-W5ytYW.tmp/target/debug/deps/libcasm_core-436faef67019be0b.rlib --extern casm_lsp=/tmp/cargo-mutants-casm-W5ytYW.tmp/target/debug/deps/libcasm_lsp-80fea0669f4842be.rlib --extern casm_parser=/tmp/cargo-mutants-casm-W5ytYW.tmp/target/debug/deps/libcasm_parser-73e0cf500af32db2.rlib --extern casm_renderer=/tmp/cargo-mutants-casm-W5ytYW.tmp/target/debug/deps/libcasm_renderer-ac502ef6e0f80926.rlib --extern casm_validator=/tmp/cargo-mutants-casm-W5ytYW.tmp/target/debug/deps/libcasm_validator-c290c5037270b99c.rlib --extern serde=/tmp/cargo-mutants-casm-W5ytYW.tmp/target/debug/deps/libserde-87d69d13b54ddd78.rlib --extern serde_json=/tmp/cargo-mutants-casm-W5ytYW.tmp/target/debug/deps/libserde_json-c5598d48721c9847.rlib --extern tokio=/tmp/cargo-mutants-casm-W5ytYW.tmp/target/debug/deps/libtokio-28c68a70018de8ed.rlib --extern tower_lsp_server=/tmp/cargo-mutants-casm-W5ytYW.tmp/target/debug/deps/libtower_lsp_server-2fdfa097d8152abe.rlib --verbose`
     Running `/home/srinivasan/.rustup/toolchains/nightly-x86_64-unknown-linux-gnu/bin/rustc --crate-name casm_lsp --edition=2024 crates/casm-lsp/src/main.rs --error-format=json --json=diagnostic-rendered-ansi,artifacts,future-incompat --crate-type bin --emit=dep-info,link -C embed-bitcode=no -C debuginfo=2 --warn=rust_2018_idioms '--warn=clippy::pedantic' '--warn=clippy::unwrap_used' --forbid=unsafe_code --warn=unreachable_pub '--warn=clippy::too_many_lines' '--allow=clippy::struct_field_names' '--warn=clippy::panic' '--allow=clippy::must_use_candidate' '--allow=clippy::module_name_repetitions' '--allow=clippy::missing_errors_doc' --warn=missing_docs '--warn=clippy::indexing_slicing' '--warn=clippy::expect_used' '--warn=clippy::cognitive_complexity' --cfg 'feature="default"' --cfg 'feature="server"' --check-cfg 'cfg(docsrs,test)' --check-cfg 'cfg(feature, values("default", "server"))' -C metadata=96b6d3975acc9338 -C extra-filename=-ab7e64b657ebeb11 --out-dir /tmp/cargo-mutants-casm-W5ytYW.tmp/target/debug/deps -C incremental=/tmp/cargo-mutants-casm-W5ytYW.tmp/target/debug/incremental -L dependency=/tmp/cargo-mutants-casm-W5ytYW.tmp/target/debug/deps --extern casm_core=/tmp/cargo-mutants-casm-W5ytYW.tmp/target/debug/deps/libcasm_core-436faef67019be0b.rlib --extern casm_lsp=/tmp/cargo-mutants-casm-W5ytYW.tmp/target/debug/deps/libcasm_lsp-80fea0669f4842be.rlib --extern casm_parser=/tmp/cargo-mutants-casm-W5ytYW.tmp/target/debug/deps/libcasm_parser-73e0cf500af32db2.rlib --extern casm_renderer=/tmp/cargo-mutants-casm-W5ytYW.tmp/target/debug/deps/libcasm_renderer-ac502ef6e0f80926.rlib --extern casm_validator=/tmp/cargo-mutants-casm-W5ytYW.tmp/target/debug/deps/libcasm_validator-c290c5037270b99c.rlib --extern serde_json=/tmp/cargo-mutants-casm-W5ytYW.tmp/target/debug/deps/libserde_json-c5598d48721c9847.rlib --extern tokio=/tmp/cargo-mutants-casm-W5ytYW.tmp/target/debug/deps/libtokio-28c68a70018de8ed.rlib --extern tower_lsp_server=/tmp/cargo-mutants-casm-W5ytYW.tmp/target/debug/deps/libtower_lsp_server-2fdfa097d8152abe.rlib --verbose`
warning: `casm-lsp` (lib test) generated 1 warning (1 duplicate)
    Finished `test` profile [unoptimized + debuginfo] target(s) in 1m 40s
  Executable `/tmp/cargo-mutants-casm-W5ytYW.tmp/target/debug/deps/casm_lsp-6ce771c58ddaf742`
  Executable `/tmp/cargo-mutants-casm-W5ytYW.tmp/target/debug/deps/casm_lsp-f8b23709db8e618a`
  Executable `/tmp/cargo-mutants-casm-W5ytYW.tmp/target/debug/deps/protocol-f7bd5060f831e6f5`

*** result: Success

*** /home/srinivasan/.rustup/toolchains/nightly-x86_64-unknown-linux-gnu/bin/cargo test --verbose --package=casm-lsp@0.3.0
    Blocking waiting for file lock on package cache
    Blocking waiting for file lock on package cache
       Fresh unicode-ident v1.0.24
       Fresh proc-macro2 v1.0.107
       Fresh quote v1.0.47
       Fresh syn v3.0.3
       Fresh serde_core v1.0.229
       Fresh version_check v0.9.5
       Fresh libc v0.2.189
       Fresh cfg-if v1.0.4
       Fresh typenum v1.20.1
       Fresh generic-array v0.14.7
       Fresh serde_derive v1.0.229
       Fresh memchr v2.8.3
       Fresh serde v1.0.229
       Fresh syn v2.0.119
       Fresh pin-project-lite v0.2.17
       Fresh hashbrown v0.17.1
       Fresh equivalent v1.0.2
       Fresh indexmap v2.14.0
       Fresh crypto-common v0.1.7
       Fresh block-buffer v0.10.4
       Fresh futures-core v0.3.33
       Fresh futures-sink v0.3.33
       Fresh itoa v1.0.18
       Fresh digest v0.10.7
       Fresh zmij v1.0.23
       Fresh getrandom v0.4.3
       Fresh thiserror-impl v2.0.19
       Fresh keccak v0.1.6
       Fresh thiserror v2.0.19
       Fresh sha3 v0.10.9
       Fresh uuid v1.24.0
       Fresh serde_json v1.0.151
       Fresh futures-channel v0.3.33
       Fresh futures-macro v0.3.33
       Fresh semver v1.0.28
       Fresh ref-cast-impl v1.0.26
       Fresh futures-task v0.3.33
       Fresh futures-io v0.3.33
       Fresh slab v0.4.12
       Fresh once_cell v1.21.4
       Fresh futures-util v0.3.33
       Fresh ref-cast v1.0.26
       Fresh casm-core v0.3.0 (/tmp/cargo-mutants-casm-W5ytYW.tmp/crates/casm-core)
       Fresh tokio-macros v2.7.2
       Fresh winnow v1.0.4
       Fresh bytes v1.12.1
       Fresh smallvec v1.15.2
       Fresh foldhash v0.1.5
       Fresh scopeguard v1.2.0
       Fresh borrow-or-share v0.2.4
       Fresh parking_lot_core v0.9.12
       Fresh lock_api v0.4.14
       Fresh fluent-uri v0.4.1
       Fresh hashbrown v0.15.5
       Fresh toml_parser v1.1.3+spec-1.1.0
       Fresh tokio v1.53.1
       Fresh crossbeam-utils v0.8.22
       Fresh tracing-core v0.1.36
       Fresh tracing-attributes v0.1.31
       Fresh serde_spanned v1.1.1
       Fresh toml_datetime v0.7.5+spec-1.1.0
       Fresh winnow v0.7.15
       Fresh fixedbitset v0.5.7
       Fresh unsafe-libyaml v0.2.11
       Fresh tower-service v0.3.3
       Fresh hashbrown v0.14.5
       Fresh ryu v1.0.23
       Fresh bitflags v2.13.1
       Fresh tower-layer v0.3.3
       Fresh toml_writer v1.1.2+spec-1.1.0
       Fresh percent-encoding v2.3.2
       Fresh sync_wrapper v1.0.2
       Fresh toml v0.9.12+spec-1.1.0
       Fresh ls-types v0.0.6
       Fresh tower v0.5.3
       Fresh serde_yaml_ng v0.10.0
       Fresh dashmap v6.2.1
       Fresh petgraph v0.8.3
       Fresh tracing v0.1.44
       Fresh tokio-util v0.7.19
       Fresh httparse v1.10.1
       Fresh futures v0.3.33
       Fresh casm-validator v0.3.0 (/tmp/cargo-mutants-casm-W5ytYW.tmp/crates/casm-validator)
       Fresh casm-parser v0.3.0 (/tmp/cargo-mutants-casm-W5ytYW.tmp/crates/casm-parser)
       Fresh tower-lsp-server v0.23.0
       Fresh casm-renderer v0.3.0 (/tmp/cargo-mutants-casm-W5ytYW.tmp/crates/casm-renderer)
warning: constant `SECURITY_CONTROLS` is never used
   --> crates/casm-lsp/src/actions.rs:145:7
    |
145 | const SECURITY_CONTROLS: &[(&str, &str, &str)] = &[
    |       ^^^^^^^^^^^^^^^^^
    |
    = note: `#[warn(dead_code)]` (part of `#[warn(unused)]`) on by default

warning: `casm-lsp` (lib) generated 1 warning
warning: `casm-lsp` (lib test) generated 1 warning (1 duplicate)
       Fresh casm-lsp v0.3.0 (/tmp/cargo-mutants-casm-W5ytYW.tmp/crates/casm-lsp)
    Finished `test` profile [unoptimized + debuginfo] target(s) in 0.56s
     Running `/tmp/cargo-mutants-casm-W5ytYW.tmp/target/debug/deps/casm_lsp-6ce771c58ddaf742`

running 215 tests
test actions::tests::a_diagnostic_with_no_fix_offers_none ... ok
test actions::tests::a_controls_header_is_added_when_the_node_has_none ... FAILED
test actions::tests::a_fix_on_a_node_followed_by_relationships_stays_inside_the_node ... FAILED
test actions::tests::adding_security_controls_actually_clears_the_diagnostic ... FAILED
test actions::tests::a_diagnostic_that_is_not_about_a_node_offers_no_fix ... ok
test actions::tests::adding_security_controls_produces_a_document_that_still_parses ... FAILED
test actions::tests::a_quick_fix_records_the_diagnostic_it_resolves ... FAILED
test actions::tests::a_fix_on_the_second_node_does_not_disturb_the_first ... ok
test actions::tests::an_existing_controls_block_is_appended_to_rather_than_duplicated ... FAILED
test actions::tests::appended_controls_adopt_the_authors_indentation ... FAILED
test actions::tests::applying_an_out_of_range_edit_is_a_no_op_rather_than_a_panic ... ok
test actions::tests::adding_datastore_controls_clears_its_diagnostic ... ok
test actions::tests::applying_no_edits_leaves_the_document_untouched ... ok
test actions::tests::quick_fixes_never_panic_on_arbitrary_diagnostics ... ok
test actions::tests::applying_an_edit_preserves_the_trailing_newline ... FAILED
test actions::tests::inserted_controls_are_marked_todo_rather_than_invented ... FAILED
test actions::tests::several_edits_apply_without_disturbing_each_others_offsets ... ok
test completion::tests::a_binding_key_offers_nothing_when_the_pattern_is_not_in_the_library ... ok
test completion::tests::a_control_field_position_offers_control_keys ... ok
test completion::tests::a_field_completion_inserts_the_colon_and_a_space ... ok
test completion::tests::a_binding_key_offers_the_roles_the_claimed_pattern_names ... ok
test completion::tests::a_block_opening_key_line_still_offers_node_keys ... ok
test completion::tests::a_claim_offers_the_claim_keys ... ok
test completion::tests::a_control_type_value_offers_control_types ... ok
test completion::tests::a_node_field_position_offers_node_keys ... ok
test completion::tests::a_node_type_value_offers_node_types ... ok
test actions::tests::source_actions_offer_the_workspace_commands ... ok
test completion::tests::a_position_past_the_end_of_the_document_is_handled ... ok
test completion::tests::a_top_level_position_offers_root_keys ... ok
test completion::tests::a_binding_value_offers_the_nodes_this_document_declares ... ok
test completion::tests::a_pattern_reference_is_completed_from_the_library ... ok
test completion::tests::a_protocol_value_offers_protocols_in_both_places_it_appears ... ok
test completion::tests::an_endpoint_completion_annotates_each_node_with_its_type ... ok
test completion::tests::a_relationship_type_value_offers_relationship_types_not_node_types ... ok
test completion::tests::an_endpoint_offers_the_nodes_this_document_declares ... ok
test completion::tests::a_value_completion_inserts_the_bare_label ... ok
test completion::tests::an_empty_library_offers_no_references_rather_than_guessing ... ok
test completion::tests::an_interface_name_is_not_offered_as_a_node_reference ... ok
test completion::tests::an_interface_field_position_offers_interface_keys_not_node_keys ... ok
test completion::tests::completion_never_panics_on_malformed_input ... ok
test completion::tests::metadata_offers_nothing_because_its_keys_are_free_form ... ok
test completion::tests::completion_works_immediately_after_a_colon_with_no_space_yet ... ok
test completion::tests::patterns_is_offered_as_a_top_level_key ... ok
test completion::tests::an_unrecognised_value_position_offers_nothing ... ok
test completion::tests::every_offered_item_carries_documentation ... ok
test completion::tests::the_typed_prefix_is_reported_for_clients_that_want_it ... ok
test diagnostics::tests::a_claim_with_no_library_is_a_warning_not_an_error ... ok
test diagnostics::tests::a_clean_architecture_produces_no_diagnostics ... ok
test diagnostics::tests::a_conformance_finding_is_anchored_on_the_claim_not_on_line_one ... ok
test diagnostics::tests::a_cycle_is_anchored_on_its_first_participant_with_the_rest_related ... ok
test diagnostics::tests::a_relationship_finding_is_anchored_on_the_source_line ... ok
test diagnostics::tests::a_node_finding_is_anchored_on_the_node_name ... ok
test diagnostics::tests::an_unresolved_reference_is_anchored_on_the_offending_endpoint ... ok
test diagnostics::tests::a_syntax_error_is_reported_at_its_line ... ok
test diagnostics::tests::a_claim_the_library_does_not_hold_still_anchors_on_the_claim ... ok
test diagnostics::tests::an_unmet_requirement_is_an_error_in_the_editor ... ok
test diagnostics::tests::a_satisfied_claim_reports_nothing_once_the_library_is_loaded ... ok
test diagnostics::tests::suppressed_rules_do_not_appear ... ok
test diagnostics::tests::analysis_never_panics_on_arbitrary_input ... ok
test diagnostics::tests::severities_are_carried_across_from_the_validator ... ok
test diagnostics::tests::a_syntax_error_carries_its_suggestion_into_the_message ... ok
test diagnostics::tests::has_errors_distinguishes_errors_from_warnings ... ok
test completion::tests::completion_never_panics_anywhere_in_a_document ... ok
test diagnostics::tests::parser_positions_are_converted_from_one_indexed_to_zero_indexed ... ok
test diagnostics::tests::every_diagnostic_lands_within_the_document ... ok
test documents::tests::a_broken_document_is_stored_with_a_syntax_diagnostic_and_no_architecture ... ok
test documents::tests::a_document_and_the_library_are_retrieved_together ... ok
test documents::tests::a_leading_slash_survives_when_no_drive_letter_follows ... ok
test documents::tests::a_store_starts_with_no_patterns ... ok
test documents::tests::a_change_replaces_the_previous_analysis ... ok
test documents::tests::a_document_is_stored_and_analysed_on_open ... ok
test documents::tests::a_malformed_escape_is_left_alone_rather_than_refused ... ok
test diagnostics::tests::the_configured_thresholds_are_honoured ... ok
test documents::tests::a_windows_uri_loses_the_slash_before_its_drive_letter ... ok
test documents::tests::a_missing_document_is_absent_rather_than_a_panic ... ok
test documents::tests::a_posix_uri_becomes_its_path ... ok
test documents::tests::decoding_is_total_on_arbitrary_input ... ok
test diagnostics::tests::validator_suggestions_are_folded_into_the_message ... ok
test documents::tests::reconfiguring_re_analyses_every_open_document ... ok
test documents::tests::percent_escapes_are_decoded ... ok
test documents::tests::closing_a_document_forgets_it ... ok
test documents::tests::loading_patterns_re_analyses_every_open_document ... ok
test documents::tests::eviction_drops_the_least_recently_used_document ... ok
test documents::tests::the_store_never_panics_on_arbitrary_content ... ok
test documents::tests::the_document_just_written_is_never_the_eviction_victim ... ok
test hover::tests::hovering_a_bound_node_explains_the_node ... ok
test hover::tests::hovering_a_claim_key_explains_the_field ... ok
test documents::tests::uris_convert_to_paths_for_error_attribution ... ok
test hover::tests::hovering_a_control_type_explains_it_without_confusing_it_for_a_node_type ... ok
test hover::tests::hovering_a_claimed_pattern_shows_what_it_requires ... ok
test documents::tests::peek_does_not_change_the_eviction_order ... ok
test documents::tests::the_byte_limit_is_enforced ... ok
test hover::tests::hovering_a_key_uses_the_vocabulary_of_the_enclosing_block ... ok
test hover::tests::hovering_a_key_explains_the_field ... ok
test hover::tests::hovering_a_node_name_lists_its_interfaces_and_controls ... ok
test documents::tests::diagnostics_are_available_immediately_after_a_change ... ok
test hover::tests::hovering_a_node_name_lists_what_it_calls_and_what_calls_it ... ok
test hover::tests::hovering_a_node_name_shows_its_type_and_description ... ok
test hover::tests::hovering_a_node_type_explains_the_type ... ok
test hover::tests::hovering_a_pattern_the_library_lacks_says_so ... ok
test hover::tests::hovering_a_protocol_explains_it ... ok
test documents::tests::the_document_count_limit_is_enforced ... ok
test hover::tests::hovering_a_relationship_endpoint_describes_the_node_it_names ... ok
test documents::tests::eviction_is_deterministic_when_access_times_tie ... ok
test hover::tests::hovering_empty_space_produces_nothing ... ok
test hover::tests::hovering_a_relationship_type_explains_its_blocking_semantics ... ok
test hover::tests::hovering_an_unmodelled_protocol_explains_the_custom_fallback ... ok
test index::tests::a_blank_line_inherits_the_surrounding_context ... ok
test index::tests::a_block_opening_key_sits_outside_the_block_it_opens ... ok
test index::tests::a_bound_node_is_a_reference_to_it ... ok
test index::tests::a_block_closes_when_a_sibling_key_appears_at_the_same_indent ... ok
test index::tests::a_claim_that_is_still_being_typed_still_anchors ... ok
test hover::tests::hovering_degrades_gracefully_when_the_document_does_not_parse ... ok
test hover::tests::hovering_an_unresolvable_reference_says_so_and_suggests_a_fix ... ok
test index::tests::a_claim_is_found_by_its_reference ... ok
test hover::tests::hovering_reports_the_span_so_the_editor_can_highlight_it ... ok
test index::tests::a_control_type_is_not_mistaken_for_a_node_type ... ok
test index::tests::a_hash_inside_a_value_is_not_a_comment ... ok
test index::tests::a_colon_inside_a_value_does_not_split_the_line ... ok
test index::tests::a_block_closes_when_the_next_list_item_begins ... ok
test index::tests::a_conformance_claim_is_indexed_with_its_reference ... ok
test index::tests::a_position_on_a_blank_line_resolves_to_no_symbol ... ok
test index::tests::a_position_resolves_to_the_symbol_under_it ... ok
test index::tests::a_relationship_type_is_distinguished_from_a_node_type ... ok
test index::tests::a_relationships_controls_block_does_not_create_a_spurious_entry ... ok
test index::tests::a_syntactically_broken_document_still_indexes_what_it_can ... ok
test hover::tests::hovering_never_panics_anywhere_in_the_document ... ok
test index::tests::a_relationship_anchor_prefers_the_source_then_the_target ... ok
test index::tests::a_relationship_is_found_by_its_endpoints ... ok
test index::tests::a_relationship_is_indexed_whatever_order_its_fields_are_written_in ... ok
test index::tests::a_trailing_comment_does_not_corrupt_the_indexed_value ... ok
test index::tests::a_position_over_a_key_resolves_to_no_symbol ... ok
test index::tests::an_interface_name_is_not_mistaken_for_a_node_declaration ... ok
test index::tests::a_sequence_indented_flush_with_its_key_stays_inside_the_block ... ok
test index::tests::building_never_fails_on_arbitrary_input ... ok
test index::tests::an_unknown_top_level_key_yields_the_unknown_section ... ok
test index::tests::bindings_are_indexed_by_role ... ok
test index::tests::node_declarations_are_collected_with_their_types ... ok
test index::tests::line_and_raw_line_accessors_agree_and_are_bounds_safe ... ok
test index::tests::nested_blocks_are_tracked ... ok
test index::tests::field_indent_accounts_for_the_sequence_dash ... ok
test index::tests::spans_are_correct_on_lines_containing_multibyte_text ... ok
test index::tests::spans_point_at_the_value_not_the_whole_line ... ok
test index::tests::comments_are_stripped_only_at_a_word_boundary ... ok
test index::tests::protocols_are_indexed_in_both_interfaces_and_relationships ... ok
test index::tests::the_patterns_section_does_not_leak_into_the_next_one ... ok
test index::tests::top_level_keys_set_the_section ... ok
test library::tests::a_conventional_directory_is_found ... ok
test index::tests::references_to_a_node_are_found ... ok
test index::tests::relationship_declarations_are_collected_with_all_three_fields ... ok
test index::tests::relationship_endpoints_are_indexed_as_references ... ok
test index::tests::several_relationships_are_kept_separate ... ok
test library::tests::a_workspace_with_no_library_says_where_it_looked ... ok
test library::tests::a_setting_pointing_nowhere_does_not_fall_back ... ok
test library::tests::an_absolute_setting_ignores_the_roots ... ok
test library::tests::only_files_in_the_loaded_directory_trigger_a_reload ... ok
test navigation::tests::a_declaration_resolves_to_itself ... ok
test library::tests::the_dotted_directory_is_the_fallback ... ok
test library::tests::a_malformed_pattern_is_reported_not_swallowed ... ok
test library::tests::a_setting_is_resolved_against_the_first_root ... ok
test navigation::tests::an_endpoint_resolves_to_the_node_declaration ... ok
test navigation::tests::an_unresolvable_endpoint_resolves_to_nothing ... ok
test navigation::tests::an_enum_value_has_no_declaration_to_jump_to ... ok
test navigation::tests::an_outline_entry_spans_the_whole_node_item ... ok
test library::tests::with_no_library_a_conventional_directory_still_triggers_one ... ok
test navigation::tests::a_node_without_a_type_still_outlines ... ok
test navigation::tests::an_empty_document_outlines_to_nothing ... ok
test navigation::tests::both_endpoints_resolve_independently ... ok
test navigation::tests::navigation_never_panics_anywhere_in_the_document ... ok
test navigation::tests::navigation_works_on_a_document_that_does_not_parse ... ok
test library::tests::the_first_hit_wins_rather_than_merging ... ok
test navigation::tests::references_can_exclude_the_declaration ... ok
test navigation::tests::references_finds_every_mention ... ok
test navigation::tests::references_on_a_non_node_symbol_finds_nothing ... ok
test navigation::tests::references_on_empty_space_finds_nothing ... ok
test navigation::tests::references_works_from_a_use_site_not_only_the_declaration ... ok
test schema::tests::every_node_type_label_is_accepted_by_the_deserialiser ... ok
test schema::tests::labels_are_unique_within_each_table ... ok
test navigation::tests::the_outline_lists_every_node_with_its_type ... ok
test schema::tests::lookup_finds_a_term_by_exact_label ... ok
test schema::tests::markdown_rendering_includes_label_detail_and_documentation ... ok
test schema::tests::the_control_type_table_is_complete ... ok
test schema::tests::the_node_type_table_is_complete ... ok
test schema::tests::the_protocol_table_covers_every_non_custom_variant ... ok
test schema::tests::every_control_type_label_is_accepted_by_the_deserialiser ... ok
test schema::tests::the_relationship_type_table_is_complete ... ok
test server::tests::a_span_converts_to_a_single_line_range ... ok
test schema::tests::interface_schema_hash_is_accepted_as_documented ... ok
test schema::tests::every_documented_key_is_accepted_by_the_real_parser ... ok
test server::tests::completion_kinds_map_onto_the_protocol ... ok
test server::tests::a_completion_carries_markdown_documentation_and_its_insert_text ... ok
test schema::tests::every_protocol_label_is_accepted_by_the_deserialiser ... ok
test server::tests::a_diagnostic_carries_the_rule_id_as_its_code_and_casm_as_its_source ... ok
test schema::tests::every_relationship_type_label_is_accepted_by_the_deserialiser ... ok
test server::tests::guarded_contains_an_index_out_of_bounds_panic ... ok
test server::tests::guarded_converts_a_panic_into_an_error_response ... ok
test text::tests::an_empty_span_is_identified ... ok
test text::tests::containment_requires_the_same_line ... ok
test server::tests::severities_map_onto_the_protocol ... ok
test text::tests::containment_covers_the_span_inclusively_at_both_ends ... ok
test schema::tests::every_term_is_documented ... ok
test text::tests::conversion_is_total_for_out_of_range_and_split_offsets ... ok
test text::tests::positions_order_by_line_then_character ... ok
test text::tests::spans_are_built_from_byte_ranges ... ok
test server::tests::overlap_is_tested_by_line ... ok
test server::tests::positions_convert_in_both_directions_without_shifting ... ok
test text::tests::spans_over_multibyte_text_are_narrower_than_their_byte_range ... ok
test text::tests::utf16_length_counts_code_units_not_characters ... ok
test text::tests::utf16_length_matches_byte_length_for_ascii ... ok
test text::tests::utf16_offsets_convert_back_to_byte_offsets ... ok
test text::tests::utf16_to_byte_clamps_past_the_end_so_slicing_is_always_safe ... ok
test text::tests::utf16_to_byte_round_trips_with_byte_to_utf16 ... ok
test server::tests::guarded_returns_a_value_when_nothing_goes_wrong ... ok
test text::tests::width_saturates_rather_than_underflowing ... ok
test text::tests::byte_offsets_convert_to_utf16_offsets ... ok

failures:

---- actions::tests::a_controls_header_is_added_when_the_node_has_none stdout ----

thread 'actions::tests::a_controls_header_is_added_when_the_node_has_none' (631766) panicked at crates/casm-lsp/src/actions.rs:333:9:
no quick-fix offered for 'services-require-security-controls'
note: run with `RUST_BACKTRACE=1` environment variable to display a backtrace

---- actions::tests::a_fix_on_a_node_followed_by_relationships_stays_inside_the_node stdout ----

thread 'actions::tests::a_fix_on_a_node_followed_by_relationships_stays_inside_the_node' (631769) panicked at crates/casm-lsp/src/actions.rs:333:9:
no quick-fix offered for 'services-require-security-controls'

---- actions::tests::adding_security_controls_actually_clears_the_diagnostic stdout ----

thread 'actions::tests::adding_security_controls_actually_clears_the_diagnostic' (631773) panicked at crates/casm-lsp/src/actions.rs:333:9:
no quick-fix offered for 'services-require-security-controls'

---- actions::tests::adding_security_controls_produces_a_document_that_still_parses stdout ----

thread 'actions::tests::adding_security_controls_produces_a_document_that_still_parses' (631774) panicked at crates/casm-lsp/src/actions.rs:333:9:
no quick-fix offered for 'services-require-security-controls'

---- actions::tests::a_quick_fix_records_the_diagnostic_it_resolves stdout ----

thread 'actions::tests::a_quick_fix_records_the_diagnostic_it_resolves' (631771) panicked at crates/casm-lsp/src/actions.rs:533:20:
index out of bounds: the len is 0 but the index is 0

---- actions::tests::an_existing_controls_block_is_appended_to_rather_than_duplicated stdout ----

thread 'actions::tests::an_existing_controls_block_is_appended_to_rather_than_duplicated' (631775) panicked at crates/casm-lsp/src/actions.rs:333:9:
no quick-fix offered for 'services-require-security-controls'

---- actions::tests::appended_controls_adopt_the_authors_indentation stdout ----

thread 'actions::tests::appended_controls_adopt_the_authors_indentation' (631776) panicked at crates/casm-lsp/src/actions.rs:333:9:
no quick-fix offered for 'services-require-security-controls'

---- actions::tests::applying_an_edit_preserves_the_trailing_newline stdout ----

thread 'actions::tests::applying_an_edit_preserves_the_trailing_newline' (631778) panicked at crates/casm-lsp/src/actions.rs:333:9:
no quick-fix offered for 'services-require-security-controls'

---- actions::tests::inserted_controls_are_marked_todo_rather_than_invented stdout ----

thread 'actions::tests::inserted_controls_are_marked_todo_rather_than_invented' (631781) panicked at crates/casm-lsp/src/actions.rs:333:9:
no quick-fix offered for 'services-require-security-controls'


failures:
    actions::tests::a_controls_header_is_added_when_the_node_has_none
    actions::tests::a_fix_on_a_node_followed_by_relationships_stays_inside_the_node
    actions::tests::a_quick_fix_records_the_diagnostic_it_resolves
    actions::tests::adding_security_controls_actually_clears_the_diagnostic
    actions::tests::adding_security_controls_produces_a_document_that_still_parses
    actions::tests::an_existing_controls_block_is_appended_to_rather_than_duplicated
    actions::tests::appended_controls_adopt_the_authors_indentation
    actions::tests::applying_an_edit_preserves_the_trailing_newline
    actions::tests::inserted_controls_are_marked_todo_rather_than_invented

test result: FAILED. 206 passed; 9 failed; 0 ignored; 0 measured; 0 filtered out; finished in 0.12s

error: test failed, to rerun pass `-p casm-lsp --lib`

*** result: Failure(101)
