
*** crates/casm-diff/src/drift.rs:311:9: replace DriftReport::render -> String with String::new()

*** mutation diff:
--- crates/casm-diff/src/drift.rs
+++ replace DriftReport::render -> String with String::new()
@@ -303,22 +303,17 @@
             self.source,
             self.matched
         )
     }
 
     /// Renders every finding, one per line.
     #[must_use]
     pub fn render(&self) -> String {
-        let mut out = String::new();
-        for drift in &self.drifts {
-            // Writing to a `String` cannot fail; discarded deliberately, per NASA Rule 3.
-            let _ = writeln!(out, "~ {drift}");
-        }
-        out
+        String::new() /* ~ changed by cargo-mutants ~ */
     }
 }
 
 /// Compares a declared architecture against an observed inventory.
 ///
 /// External nodes and humans are exempt: `partner-bank` and `customer` are outside the
 /// control boundary by definition, so expecting them in your own Terraform state would
 /// report drift on every run.


*** /home/srinivasan/.rustup/toolchains/nightly-x86_64-unknown-linux-gnu/bin/cargo test --no-run --verbose --package=casm-diff@0.3.0
    Blocking waiting for file lock on package cache
       Fresh serde_core v1.0.229
       Fresh unicode-ident v1.0.24
       Fresh version_check v0.9.5
       Fresh typenum v1.20.1
       Fresh equivalent v1.0.2
       Fresh cfg-if v1.0.4
       Fresh proc-macro2 v1.0.107
       Fresh libc v0.2.189
       Fresh hashbrown v0.17.1
       Fresh keccak v0.1.6
       Fresh itoa v1.0.18
       Fresh quote v1.0.47
       Fresh generic-array v0.14.7
       Fresh getrandom v0.4.3
       Fresh indexmap v2.14.0
       Fresh semver v1.0.28
       Fresh memchr v2.8.3
       Fresh winnow v1.0.4
       Fresh syn v3.0.3
       Fresh crypto-common v0.1.7
       Fresh block-buffer v0.10.4
       Fresh uuid v1.24.0
       Fresh zmij v1.0.23
       Fresh toml_parser v1.1.3+spec-1.1.0
       Fresh toml_datetime v0.7.5+spec-1.1.0
       Fresh serde_spanned v1.1.1
       Fresh winnow v0.7.15
       Fresh serde_derive v1.0.229
       Fresh digest v0.10.7
       Fresh thiserror-impl v2.0.19
       Fresh serde_json v1.0.151
       Fresh unsafe-libyaml v0.2.11
       Fresh toml_writer v1.1.2+spec-1.1.0
       Fresh ryu v1.0.23
       Fresh serde v1.0.229
       Fresh thiserror v2.0.19
       Fresh sha3 v0.10.9
       Fresh toml v0.9.12+spec-1.1.0
       Fresh casm-core v0.3.0 (/tmp/cargo-mutants-casm-PaMmur.tmp/crates/casm-core)
       Fresh serde_yaml_ng v0.10.0
       Fresh casm-parser v0.3.0 (/tmp/cargo-mutants-casm-PaMmur.tmp/crates/casm-parser)
       Dirty casm-diff v0.3.0 (/tmp/cargo-mutants-casm-PaMmur.tmp/crates/casm-diff): the file `crates/casm-diff/src/drift.rs` has changed (1785931643.730296672s, 1s after last build at 1785931642.346163112s)
   Compiling casm-diff v0.3.0 (/tmp/cargo-mutants-casm-PaMmur.tmp/crates/casm-diff)
     Running `/home/srinivasan/.rustup/toolchains/nightly-x86_64-unknown-linux-gnu/bin/rustc --crate-name casm_diff --edition=2024 crates/casm-diff/src/lib.rs --error-format=json --json=diagnostic-rendered-ansi,artifacts,future-incompat --emit=dep-info,link -C embed-bitcode=no -C debuginfo=2 --warn=rust_2018_idioms '--warn=clippy::pedantic' '--warn=clippy::unwrap_used' --forbid=unsafe_code --warn=unreachable_pub '--warn=clippy::too_many_lines' '--allow=clippy::struct_field_names' '--warn=clippy::panic' '--allow=clippy::must_use_candidate' '--allow=clippy::module_name_repetitions' '--allow=clippy::missing_errors_doc' --warn=missing_docs '--warn=clippy::indexing_slicing' '--warn=clippy::expect_used' '--warn=clippy::cognitive_complexity' --test --check-cfg 'cfg(docsrs,test)' --check-cfg 'cfg(feature, values())' -C metadata=9dda23a21ebb89cc -C extra-filename=-4e10ba2b0fd94d1b --out-dir /tmp/cargo-mutants-casm-PaMmur.tmp/target/debug/deps -C incremental=/tmp/cargo-mutants-casm-PaMmur.tmp/target/debug/incremental -L dependency=/tmp/cargo-mutants-casm-PaMmur.tmp/target/debug/deps --extern casm_core=/tmp/cargo-mutants-casm-PaMmur.tmp/target/debug/deps/libcasm_core-0e2727cdb6cb7ba3.rlib --extern casm_parser=/tmp/cargo-mutants-casm-PaMmur.tmp/target/debug/deps/libcasm_parser-46b061afdef23cde.rlib --extern serde=/tmp/cargo-mutants-casm-PaMmur.tmp/target/debug/deps/libserde-2119863ca5860397.rlib --extern serde_json=/tmp/cargo-mutants-casm-PaMmur.tmp/target/debug/deps/libserde_json-8ada6c1221654e94.rlib --verbose`
     Running `/home/srinivasan/.rustup/toolchains/nightly-x86_64-unknown-linux-gnu/bin/rustc --crate-name casm_diff --edition=2024 crates/casm-diff/src/lib.rs --error-format=json --json=diagnostic-rendered-ansi,artifacts,future-incompat --crate-type lib --emit=dep-info,metadata,link -C embed-bitcode=no -C debuginfo=2 --warn=rust_2018_idioms '--warn=clippy::pedantic' '--warn=clippy::unwrap_used' --forbid=unsafe_code --warn=unreachable_pub '--warn=clippy::too_many_lines' '--allow=clippy::struct_field_names' '--warn=clippy::panic' '--allow=clippy::must_use_candidate' '--allow=clippy::module_name_repetitions' '--allow=clippy::missing_errors_doc' --warn=missing_docs '--warn=clippy::indexing_slicing' '--warn=clippy::expect_used' '--warn=clippy::cognitive_complexity' --check-cfg 'cfg(docsrs,test)' --check-cfg 'cfg(feature, values())' -C metadata=9565f1dc2285fbe6 -C extra-filename=-1f5d8f651604cc16 --out-dir /tmp/cargo-mutants-casm-PaMmur.tmp/target/debug/deps -C incremental=/tmp/cargo-mutants-casm-PaMmur.tmp/target/debug/incremental -L dependency=/tmp/cargo-mutants-casm-PaMmur.tmp/target/debug/deps --extern casm_core=/tmp/cargo-mutants-casm-PaMmur.tmp/target/debug/deps/libcasm_core-0e2727cdb6cb7ba3.rmeta --extern serde=/tmp/cargo-mutants-casm-PaMmur.tmp/target/debug/deps/libserde-2119863ca5860397.rmeta --extern serde_json=/tmp/cargo-mutants-casm-PaMmur.tmp/target/debug/deps/libserde_json-8ada6c1221654e94.rmeta --verbose`
warning: unused import: `core::fmt::Write`
  --> crates/casm-diff/src/drift.rs:40:5
   |
40 | use core::fmt::Write as _;
   |     ^^^^^^^^^^^^^^^^
   |
   = note: `#[warn(unused_imports)]` (part of `#[warn(unused)]`) on by default

warning: `casm-diff` (lib) generated 1 warning
warning: `casm-diff` (lib test) generated 1 warning (1 duplicate)
    Finished `test` profile [unoptimized + debuginfo] target(s) in 1.39s
  Executable `/tmp/cargo-mutants-casm-PaMmur.tmp/target/debug/deps/casm_diff-4e10ba2b0fd94d1b`

*** result: Success

*** /home/srinivasan/.rustup/toolchains/nightly-x86_64-unknown-linux-gnu/bin/cargo test --verbose --package=casm-diff@0.3.0
       Fresh unicode-ident v1.0.24
       Fresh version_check v0.9.5
       Fresh typenum v1.20.1
       Fresh serde_core v1.0.229
       Fresh hashbrown v0.17.1
       Fresh proc-macro2 v1.0.107
       Fresh libc v0.2.189
       Fresh equivalent v1.0.2
       Fresh cfg-if v1.0.4
       Fresh keccak v0.1.6
       Fresh itoa v1.0.18
       Fresh quote v1.0.47
       Fresh generic-array v0.14.7
       Fresh getrandom v0.4.3
       Fresh indexmap v2.14.0
       Fresh semver v1.0.28
       Fresh winnow v1.0.4
       Fresh memchr v2.8.3
       Fresh syn v3.0.3
       Fresh block-buffer v0.10.4
       Fresh crypto-common v0.1.7
       Fresh uuid v1.24.0
       Fresh zmij v1.0.23
       Fresh toml_parser v1.1.3+spec-1.1.0
       Fresh serde_spanned v1.1.1
       Fresh toml_datetime v0.7.5+spec-1.1.0
       Fresh serde_derive v1.0.229
       Fresh thiserror-impl v2.0.19
       Fresh digest v0.10.7
       Fresh serde_json v1.0.151
       Fresh ryu v1.0.23
       Fresh unsafe-libyaml v0.2.11
       Fresh winnow v0.7.15
       Fresh toml_writer v1.1.2+spec-1.1.0
       Fresh serde v1.0.229
       Fresh sha3 v0.10.9
       Fresh thiserror v2.0.19
       Fresh toml v0.9.12+spec-1.1.0
       Fresh casm-core v0.3.0 (/tmp/cargo-mutants-casm-PaMmur.tmp/crates/casm-core)
       Fresh serde_yaml_ng v0.10.0
       Fresh casm-parser v0.3.0 (/tmp/cargo-mutants-casm-PaMmur.tmp/crates/casm-parser)
warning: unused import: `core::fmt::Write`
  --> crates/casm-diff/src/drift.rs:40:5
   |
40 | use core::fmt::Write as _;
   |     ^^^^^^^^^^^^^^^^
   |
   = note: `#[warn(unused_imports)]` (part of `#[warn(unused)]`) on by default

warning: `casm-diff` (lib) generated 1 warning
       Fresh casm-diff v0.3.0 (/tmp/cargo-mutants-casm-PaMmur.tmp/crates/casm-diff)
warning: `casm-diff` (lib test) generated 1 warning (1 duplicate)
    Finished `test` profile [unoptimized + debuginfo] target(s) in 0.19s
     Running `/tmp/cargo-mutants-casm-PaMmur.tmp/target/debug/deps/casm_diff-4e10ba2b0fd94d1b`

running 41 tests
test drift::tests::a_bound_resource_of_the_wrong_type_is_a_mismatch ... ok
test drift::tests::a_malformed_inventory_is_rejected_with_a_message ... ok
test drift::tests::a_declared_node_with_no_resource_is_missing ... ok
test drift::tests::a_report_round_trips_through_json ... ok
test drift::tests::an_empty_inventory_reports_every_node_as_missing ... ok
test drift::tests::an_explicit_binding_overrides_name_matching ... ok
test drift::tests::an_explicit_binding_that_matches_nothing_is_missing_despite_a_name_collision ... ok
test drift::tests::a_matching_inventory_reports_no_drift ... ok
test drift::tests::a_native_inventory_parses_from_json ... ok
test drift::tests::an_unrecognised_resource_type_asserts_nothing_about_the_node ... ok
test drift::tests::external_nodes_are_exempt ... ok
test drift::tests::detection_is_deterministic ... ok
test drift::tests::malformed_terraform_state_is_rejected ... ok
test drift::tests::terraform_state_projects_into_an_inventory ... ok
test drift::tests::an_empty_architecture_reports_every_resource_as_unexpected ... ok
test drift::tests::terraform_state_with_no_resources_is_an_empty_inventory ... ok
test drift::tests::an_undeclared_resource_is_unexpected ... ok
test drift::tests::the_terraform_type_map_covers_each_node_type_it_claims_to ... ok
test semantic::tests::a_latency_budget_change_is_reported_but_not_breaking ... ok
test semantic::tests::a_changed_node_type_is_breaking ... ok
test semantic::tests::a_removed_node_is_breaking ... ok
test semantic::tests::a_removed_relationship_is_breaking ... ok
test semantic::tests::a_renamed_node_shows_as_a_removal_and_an_addition ... ok
test drift::tests::a_report_summarises_itself_in_both_states ... ok
test semantic::tests::an_architecture_does_not_differ_from_itself ... ok
test semantic::tests::a_version_bump_is_reported ... ok
test semantic::tests::claiming_a_pattern_is_a_change ... ok
test semantic::tests::a_version_bump_of_a_pattern_is_a_drop_and_a_claim ... ok
test semantic::tests::dropping_a_claim_is_breaking ... ok
test semantic::tests::an_empty_diff_renders_a_plain_statement ... ok
test semantic::tests::an_unchanged_claim_produces_nothing ... ok
test semantic::tests::an_added_relationship_is_reported ... ok
test semantic::tests::an_added_node_is_reported_and_is_not_breaking ... ok
test semantic::tests::a_rendered_diff_is_marker_prefixed_and_newline_terminated ... ok
test semantic::tests::interface_and_control_changes_are_reported ... ok
test semantic::tests::markers_distinguish_additions_removals_and_modifications ... ok
test semantic::tests::the_difference_helper_partitions_correctly ... ok
test semantic::tests::reparsing_a_file_does_not_look_like_a_rebinding ... ok
test semantic::tests::rebinding_a_role_is_reported_without_being_breaking ... ok
test semantic::tests::regenerated_identifiers_produce_no_diff ... ok
test semantic::tests::reordering_nodes_produces_no_diff ... ok

test result: ok. 41 passed; 0 failed; 0 ignored; 0 measured; 0 filtered out; finished in 0.01s

   Doc-tests casm_diff
     Running `/home/srinivasan/.rustup/toolchains/nightly-x86_64-unknown-linux-gnu/bin/rustdoc --edition=2024 --crate-type lib --color auto --crate-name casm_diff --test crates/casm-diff/src/lib.rs --test-run-directory /tmp/cargo-mutants-casm-PaMmur.tmp/crates/casm-diff --warn=rust_2018_idioms '--warn=clippy::pedantic' '--warn=clippy::unwrap_used' --forbid=unsafe_code --warn=unreachable_pub '--warn=clippy::too_many_lines' '--allow=clippy::struct_field_names' '--warn=clippy::panic' '--allow=clippy::must_use_candidate' '--allow=clippy::module_name_repetitions' '--allow=clippy::missing_errors_doc' --warn=missing_docs '--warn=clippy::indexing_slicing' '--warn=clippy::expect_used' '--warn=clippy::cognitive_complexity' --extern casm_core=/tmp/cargo-mutants-casm-PaMmur.tmp/target/debug/deps/libcasm_core-0e2727cdb6cb7ba3.rlib --extern casm_diff=/tmp/cargo-mutants-casm-PaMmur.tmp/target/debug/deps/libcasm_diff-1f5d8f651604cc16.rlib --extern casm_parser=/tmp/cargo-mutants-casm-PaMmur.tmp/target/debug/deps/libcasm_parser-46b061afdef23cde.rlib --extern serde=/tmp/cargo-mutants-casm-PaMmur.tmp/target/debug/deps/libserde-2119863ca5860397.rlib --extern serde_json=/tmp/cargo-mutants-casm-PaMmur.tmp/target/debug/deps/libserde_json-8ada6c1221654e94.rlib -L dependency=/tmp/cargo-mutants-casm-PaMmur.tmp/target/debug/deps -C embed-bitcode=no --check-cfg 'cfg(docsrs,test)' --check-cfg 'cfg(feature, values())' --error-format human`

running 0 tests

test result: ok. 0 passed; 0 failed; 0 ignored; 0 measured; 0 filtered out; finished in 0.00s


*** result: Success
