
*** crates/casm-core/src/relationship.rs:191:19: replace == with != in RelationshipConfig::build

*** mutation diff:
--- crates/casm-core/src/relationship.rs
+++ replace == with != in RelationshipConfig::build
@@ -183,17 +183,17 @@
             .target
             .ok_or(RelationshipError::MissingField { field: "target" })?;
         let relationship_type = self
             .relationship_type
             .ok_or(RelationshipError::MissingField {
                 field: "relationship_type",
             })?;
 
-        if source == target {
+        if source != /* ~ changed by cargo-mutants ~ */ target {
             return Err(RelationshipError::SelfEdge {
                 node: source.to_string(),
             });
         }
 
         if let Some(budget) = self.latency_budget_ms
             && (budget == 0 || budget > MAX_LATENCY_BUDGET_MS)
         {


*** /home/srinivasan/.rustup/toolchains/nightly-x86_64-unknown-linux-gnu/bin/cargo test --no-run --verbose --package=casm-core@0.3.0
       Fresh cfg-if v1.0.4
       Fresh unicode-ident v1.0.24
       Fresh version_check v0.9.5
       Fresh libc v0.2.189
       Fresh typenum v1.20.1
       Fresh proc-macro2 v1.0.107
       Fresh serde_core v1.0.229
       Fresh getrandom v0.4.3
       Fresh autocfg v1.5.1
       Fresh quote v1.0.47
       Fresh generic-array v0.14.7
       Fresh getrandom v0.3.4
       Fresh linux-raw-sys v0.12.1
       Fresh bitflags v2.13.1
       Fresh syn v3.0.3
       Fresh rand_core v0.9.5
       Fresh zerocopy v0.8.55
       Fresh block-buffer v0.10.4
       Fresh rustix v1.1.4
       Fresh crypto-common v0.1.7
       Fresh once_cell v1.21.4
       Fresh fastrand v2.5.0
       Fresh digest v0.10.7
       Fresh ppv-lite86 v0.2.21
       Fresh serde_derive v1.0.229
       Fresh thiserror-impl v2.0.19
       Fresh tempfile v3.27.0
       Fresh wait-timeout v0.2.1
       Fresh equivalent v1.0.2
       Fresh quick-error v1.2.3
       Fresh keccak v0.1.6
       Fresh hashbrown v0.17.1
       Fresh bit-vec v0.8.0
       Fresh fnv v1.0.7
       Fresh num-traits v0.2.19
       Fresh zmij v1.0.23
       Fresh serde v1.0.229
       Fresh sha3 v0.10.9
       Fresh rusty-fork v0.3.1
       Fresh indexmap v2.14.0
       Fresh bit-set v0.8.0
       Fresh thiserror v2.0.19
       Fresh rand_chacha v0.9.0
       Fresh rand_xorshift v0.4.0
       Fresh rand v0.9.5
       Fresh semver v1.0.28
       Fresh uuid v1.24.0
       Fresh regex-syntax v0.8.11
       Fresh itoa v1.0.18
       Fresh unarray v0.1.4
       Fresh memchr v2.8.3
       Fresh serde_json v1.0.151
       Fresh proptest v1.11.0
       Dirty casm-core v0.3.0 (/tmp/cargo-mutants-casm-Mdd4Ys.tmp/crates/casm-core): the file `crates/casm-core/src/relationship.rs` has changed (1785931596.275549781s, 3s after last build at 1785931593.580269454s)
   Compiling casm-core v0.3.0 (/tmp/cargo-mutants-casm-Mdd4Ys.tmp/crates/casm-core)
     Running `/home/srinivasan/.rustup/toolchains/nightly-x86_64-unknown-linux-gnu/bin/rustc --crate-name casm_core --edition=2024 crates/casm-core/src/lib.rs --error-format=json --json=diagnostic-rendered-ansi,artifacts,future-incompat --emit=dep-info,link -C embed-bitcode=no -C debuginfo=2 --warn=rust_2018_idioms '--warn=clippy::pedantic' '--warn=clippy::unwrap_used' --forbid=unsafe_code --warn=unreachable_pub '--warn=clippy::too_many_lines' '--allow=clippy::struct_field_names' '--warn=clippy::panic' '--allow=clippy::must_use_candidate' '--allow=clippy::module_name_repetitions' '--allow=clippy::missing_errors_doc' --warn=missing_docs '--warn=clippy::indexing_slicing' '--warn=clippy::expect_used' '--warn=clippy::cognitive_complexity' --test --check-cfg 'cfg(docsrs,test)' --check-cfg 'cfg(feature, values())' -C metadata=8ae482672b67b4ae -C extra-filename=-5bc0a3121f03060c --out-dir /tmp/cargo-mutants-casm-Mdd4Ys.tmp/target/debug/deps -C incremental=/tmp/cargo-mutants-casm-Mdd4Ys.tmp/target/debug/incremental -L dependency=/tmp/cargo-mutants-casm-Mdd4Ys.tmp/target/debug/deps --extern indexmap=/tmp/cargo-mutants-casm-Mdd4Ys.tmp/target/debug/deps/libindexmap-386bfa02d45ab18e.rlib --extern proptest=/tmp/cargo-mutants-casm-Mdd4Ys.tmp/target/debug/deps/libproptest-9bb8168c60fe8945.rlib --extern semver=/tmp/cargo-mutants-casm-Mdd4Ys.tmp/target/debug/deps/libsemver-14f981aa0b32f993.rlib --extern serde=/tmp/cargo-mutants-casm-Mdd4Ys.tmp/target/debug/deps/libserde-b350d0787b7cbc8c.rlib --extern serde_json=/tmp/cargo-mutants-casm-Mdd4Ys.tmp/target/debug/deps/libserde_json-84a4a36019a8dd80.rlib --extern sha3=/tmp/cargo-mutants-casm-Mdd4Ys.tmp/target/debug/deps/libsha3-87752e9291d08871.rlib --extern thiserror=/tmp/cargo-mutants-casm-Mdd4Ys.tmp/target/debug/deps/libthiserror-6c739655cb578a90.rlib --extern uuid=/tmp/cargo-mutants-casm-Mdd4Ys.tmp/target/debug/deps/libuuid-f64cac9d01e1e5a7.rlib --verbose`
     Running `/home/srinivasan/.rustup/toolchains/nightly-x86_64-unknown-linux-gnu/bin/rustc --crate-name casm_core --edition=2024 crates/casm-core/src/lib.rs --error-format=json --json=diagnostic-rendered-ansi,artifacts,future-incompat --crate-type lib --emit=dep-info,metadata,link -C embed-bitcode=no -C debuginfo=2 --warn=rust_2018_idioms '--warn=clippy::pedantic' '--warn=clippy::unwrap_used' --forbid=unsafe_code --warn=unreachable_pub '--warn=clippy::too_many_lines' '--allow=clippy::struct_field_names' '--warn=clippy::panic' '--allow=clippy::must_use_candidate' '--allow=clippy::module_name_repetitions' '--allow=clippy::missing_errors_doc' --warn=missing_docs '--warn=clippy::indexing_slicing' '--warn=clippy::expect_used' '--warn=clippy::cognitive_complexity' --check-cfg 'cfg(docsrs,test)' --check-cfg 'cfg(feature, values())' -C metadata=522ab9b8a1e8fed3 -C extra-filename=-d00bbb705e8830ff --out-dir /tmp/cargo-mutants-casm-Mdd4Ys.tmp/target/debug/deps -C incremental=/tmp/cargo-mutants-casm-Mdd4Ys.tmp/target/debug/incremental -L dependency=/tmp/cargo-mutants-casm-Mdd4Ys.tmp/target/debug/deps --extern indexmap=/tmp/cargo-mutants-casm-Mdd4Ys.tmp/target/debug/deps/libindexmap-386bfa02d45ab18e.rmeta --extern semver=/tmp/cargo-mutants-casm-Mdd4Ys.tmp/target/debug/deps/libsemver-14f981aa0b32f993.rmeta --extern serde=/tmp/cargo-mutants-casm-Mdd4Ys.tmp/target/debug/deps/libserde-b350d0787b7cbc8c.rmeta --extern sha3=/tmp/cargo-mutants-casm-Mdd4Ys.tmp/target/debug/deps/libsha3-87752e9291d08871.rmeta --extern thiserror=/tmp/cargo-mutants-casm-Mdd4Ys.tmp/target/debug/deps/libthiserror-6c739655cb578a90.rmeta --extern uuid=/tmp/cargo-mutants-casm-Mdd4Ys.tmp/target/debug/deps/libuuid-f64cac9d01e1e5a7.rmeta --verbose`
    Finished `test` profile [unoptimized + debuginfo] target(s) in 2.17s
  Executable `/tmp/cargo-mutants-casm-Mdd4Ys.tmp/target/debug/deps/casm_core-5bc0a3121f03060c`

*** result: Success

*** /home/srinivasan/.rustup/toolchains/nightly-x86_64-unknown-linux-gnu/bin/cargo test --verbose --package=casm-core@0.3.0
       Fresh libc v0.2.189
       Fresh cfg-if v1.0.4
       Fresh version_check v0.9.5
       Fresh unicode-ident v1.0.24
       Fresh proc-macro2 v1.0.107
       Fresh serde_core v1.0.229
       Fresh quote v1.0.47
       Fresh typenum v1.20.1
       Fresh generic-array v0.14.7
       Fresh syn v3.0.3
       Fresh getrandom v0.3.4
       Fresh getrandom v0.4.3
       Fresh rand_core v0.9.5
       Fresh autocfg v1.5.1
       Fresh linux-raw-sys v0.12.1
       Fresh bitflags v2.13.1
       Fresh rustix v1.1.4
       Fresh zerocopy v0.8.55
       Fresh crypto-common v0.1.7
       Fresh block-buffer v0.10.4
       Fresh fastrand v2.5.0
       Fresh once_cell v1.21.4
       Fresh tempfile v3.27.0
       Fresh digest v0.10.7
       Fresh ppv-lite86 v0.2.21
       Fresh thiserror-impl v2.0.19
       Fresh serde_derive v1.0.229
       Fresh wait-timeout v0.2.1
       Fresh bit-vec v0.8.0
       Fresh fnv v1.0.7
       Fresh quick-error v1.2.3
       Fresh equivalent v1.0.2
       Fresh hashbrown v0.17.1
       Fresh keccak v0.1.6
       Fresh sha3 v0.10.9
       Fresh indexmap v2.14.0
       Fresh rusty-fork v0.3.1
       Fresh bit-set v0.8.0
       Fresh serde v1.0.229
       Fresh thiserror v2.0.19
       Fresh num-traits v0.2.19
       Fresh rand_chacha v0.9.0
       Fresh zmij v1.0.23
       Fresh rand_xorshift v0.4.0
       Fresh rand v0.9.5
       Fresh uuid v1.24.0
       Fresh semver v1.0.28
       Fresh itoa v1.0.18
       Fresh regex-syntax v0.8.11
       Fresh unarray v0.1.4
       Fresh memchr v2.8.3
       Fresh serde_json v1.0.151
       Fresh proptest v1.11.0
       Fresh casm-core v0.3.0 (/tmp/cargo-mutants-casm-Mdd4Ys.tmp/crates/casm-core)
    Finished `test` profile [unoptimized + debuginfo] target(s) in 0.34s
     Running `/tmp/cargo-mutants-casm-Mdd4Ys.tmp/target/debug/deps/casm_core-5bc0a3121f03060c`

running 188 tests
test architecture::tests::a_bound_node_cannot_be_removed_without_revisiting_the_claim ... ok
test architecture::tests::a_binding_to_an_absent_node_is_rejected ... FAILED
test architecture::tests::a_dangling_source_is_rejected_and_named_as_such ... FAILED
test architecture::tests::build_applies_sensible_defaults ... ok
test architecture::tests::build_resolves_edges_declared_before_their_nodes ... FAILED
test architecture::tests::a_conformance_claim_is_recorded_in_declaration_order ... FAILED
test architecture::tests::duplicate_node_ids_are_rejected ... ok
test architecture::tests::duplicate_node_names_are_rejected ... ok
test architecture::tests::degree_counts_both_directions ... FAILED
test architecture::tests::consuming_builders_compose ... FAILED
test architecture::tests::incoming_and_outgoing_partition_the_edges ... FAILED
test architecture::tests::build_rejects_a_non_semver_version ... ok
test architecture::tests::isolated_nodes_are_identified ... FAILED
test architecture::tests::a_dangling_target_is_rejected_and_named_as_such ... FAILED
test architecture::tests::an_identical_relationship_is_rejected ... FAILED
test architecture::tests::architecture_round_trips_through_json ... FAILED
test architecture::tests::removing_a_referenced_node_is_refused_with_a_count ... FAILED
test architecture::tests::the_same_pair_may_be_connected_with_different_semantics ... FAILED
test architecture::tests::two_versions_of_one_pattern_may_both_be_claimed ... FAILED
test architecture::tests::the_same_pattern_cannot_be_claimed_twice ... FAILED
test architecture::tests::removing_an_absent_node_is_not_an_error ... FAILED
test architecture::tests::verify_invariants_catches_a_binding_smuggled_in_via_serde ... FAILED
test architecture::tests::lookup_works_by_id_and_by_name ... FAILED
test conformance::tests::a_binding_to_the_wrong_type_is_reported_rather_than_rebound ... FAILED
test architecture::tests::node_iteration_order_is_stable_across_runs ... FAILED
test conformance::tests::a_conforming_architecture_reports_nothing_unmet ... FAILED
test architecture::tests::removing_an_unreferenced_node_succeeds ... FAILED
test architecture::tests::verify_invariants_catches_a_dangling_edge_smuggled_in_via_serde ... FAILED
test conformance::tests::a_vacuous_pattern_is_satisfied_by_anything ... FAILED
test architecture::tests::verify_invariants_passes_on_a_constructed_architecture ... FAILED
test conformance::tests::a_missing_control_type_is_reported ... FAILED
test conformance::tests::an_explicit_binding_resolves_the_ambiguity ... FAILED
test conformance::tests::a_missing_protocol_is_reported ... FAILED
test conformance::tests::checking_is_deterministic ... FAILED
test conformance::tests::every_unmet_variant_renders_a_message_naming_its_role ... FAILED
test conformance::tests::mechanical_failures_are_separated_from_ones_needing_a_decision ... FAILED
test conformance::tests::a_role_two_nodes_could_fill_is_reported_rather_than_guessed_at ... FAILED
test conformance::tests::binding_a_role_the_pattern_does_not_require_is_reported ... FAILED
test control::tests::auditability_is_classified_per_control_type ... ok
test control::tests::control_round_trips_through_json ... ok
test conformance::tests::a_missing_node_type_is_reported_as_having_no_candidate ... FAILED
test conformance::tests::a_missing_relationship_is_reported_with_both_roles_and_both_nodes ... FAILED
test conformance::tests::an_unfillable_role_does_not_also_report_its_relationships ... FAILED
test conformance::tests::relationship_direction_matters ... FAILED
test conformance::tests::roles_bind_automatically_when_exactly_one_node_fits ... FAILED
test conformance::tests::too_few_security_controls_is_reported_with_both_counts ... FAILED
test control::tests::has_tag_matches_exactly ... ok
test control::tests::tags_are_deduplicated ... ok
test error::tests::core_error_flattens_nested_sources ... ok
test error::tests::errors_are_comparable_for_exact_assertions ... ok
test error::tests::errors_render_actionable_messages ... ok
test hex::tests::decoding_accepts_an_algorithm_prefix ... ok
test control::tests::requiring_evidence_sets_the_flag ... ok
test control::tests::rejects_a_blank_description ... ok
test control::tests::control_type_serialises_as_kebab_case ... ok
test control::tests::rejects_a_blank_standard ... ok
test control::tests::evidence_is_not_required_by_default ... ok
test hex::tests::decoding_accepts_uppercase_digits ... ok
test hex::tests::decoding_is_total_on_arbitrary_input ... ok
test hex::tests::decoding_rejects_non_hexadecimal_input ... ok
test hex::tests::decoding_rejects_the_wrong_length_and_says_what_it_wanted ... ok
test hex::tests::encoding_is_lowercase ... ok
test hex::tests::encoding_pads_every_byte_to_two_digits ... ok
test hex::tests::decoding_round_trips_with_encoding ... ok
test ids::tests::deserialisation_rejects_wrong_version ... ok
test ids::tests::generated_ids_are_version_seven ... ok
test ids::tests::ids_sort_chronologically ... ok
test ids::tests::parse_rejects_version_four_uuids ... ok
test ids::tests::display_uses_canonical_hyphenated_form ... ok
test ids::tests::serde_round_trips_through_json ... ok
test ids::tests::generated_ids_are_unique ... ok
test interface::tests::compatibility_rejects_a_backward_minor_version ... ok
test ids::tests::parse_rejects_malformed_input ... ok
test ids::tests::parse_rejects_the_nil_uuid ... ok
test interface::tests::compatibility_allows_a_forward_minor_version ... ok
test interface::tests::interface_rejects_a_non_semver_version ... ok
test interface::tests::interface_rejects_an_empty_custom_protocol ... ok
test interface::tests::interface_rejects_unknown_fields ... ok
test interface::tests::interface_round_trips_through_json ... ok
test ids::tests::timestamp_is_recoverable_and_plausible ... ok
test interface::tests::compatibility_requires_matching_major_version ... ok
test interface::tests::schema_hash_accepts_an_algorithm_prefix ... ok
test interface::tests::schema_hash_debug_is_abbreviated_not_full ... ok
test interface::tests::protocol_deserialises_from_friendly_yaml_aliases ... ok
test interface::tests::schema_hash_is_deterministic_across_calls ... ok
test interface::tests::compatibility_requires_matching_protocol ... ok
test interface::tests::schema_hash_round_trips_through_hex ... ok
test merkle::tests::a_changed_latency_budget_changes_the_fingerprint ... FAILED
test interface::tests::protocols_are_classified_by_synchrony ... ok
test merkle::tests::a_conformance_digest_names_bound_nodes_rather_than_identifying_them ... FAILED
test interface::tests::schema_hash_rejects_wrong_length_and_non_hex ... ok
test interface::tests::schema_hash_changes_with_a_single_byte ... ok
test merkle::tests::a_node_digest_never_collides_with_a_control_digest ... ok
test merkle::tests::a_renamed_node_changes_the_fingerprint ... FAILED
test merkle::tests::abbreviation_does_not_panic_on_an_over_long_width ... FAILED
test merkle::tests::an_absent_description_differs_from_an_empty_one ... ok
test merkle::tests::adding_a_control_changes_the_fingerprint ... ok
test merkle::tests::an_empty_architecture_has_a_stable_fingerprint ... ok
test merkle::tests::a_version_bump_changes_the_fingerprint ... ok
test interface::tests::schema_hash_matches_the_published_sha3_256_vector ... ok
test merkle::tests::changed_nodes_includes_additions_and_removals ... FAILED
test merkle::tests::debug_output_stays_short_enough_for_a_log_line ... FAILED
test merkle::tests::changed_nodes_is_empty_for_identical_trees ... FAILED
test merkle::tests::changed_nodes_reports_only_what_actually_differs ... FAILED
test merkle::tests::control_order_within_a_node_does_not_matter ... ok
test ids::tests::generated_ids_round_trip_through_strings ... ok
test merkle::tests::declaration_order_does_not_affect_the_fingerprint ... FAILED
test merkle::tests::fingerprint_parsing_rejects_malformed_input ... ok
test merkle::tests::identical_architectures_fingerprint_identically ... FAILED
test merkle::tests::fingerprinting_is_stable_across_repeated_calls ... FAILED
test merkle::tests::rebinding_a_role_changes_the_fingerprint ... FAILED
test merkle::tests::the_roots_are_distinct_from_each_other_and_from_the_whole ... FAILED
test merkle::tests::the_scheme_tag_is_mixed_into_the_root ... FAILED
test merkle::tests::the_tree_exposes_a_digest_per_node ... FAILED
test names::tests::accepts_a_name_exactly_at_the_ceiling ... ok
test names::tests::accepts_conventional_service_names ... ok
test names::tests::deserialisation_enforces_the_same_rules_as_construction ... ok
test merkle::tests::fingerprints_render_and_parse_as_hex ... FAILED
test merkle::tests::declaring_conformance_changes_the_fingerprint ... FAILED
test names::tests::rejects_diagram_and_shell_metacharacters ... ok
test names::tests::rejects_empty_and_whitespace_only ... ok
test names::tests::rejects_names_over_the_length_ceiling ... ok
test merkle::tests::field_boundaries_cannot_be_forged_by_shifting_text ... ok
test merkle::tests::fingerprints_round_trip_through_json ... FAILED
test names::tests::rejects_non_alphanumeric_leading_character ... ok
test names::tests::reports_the_byte_offset_of_an_illegal_character ... ok
test names::tests::serialises_transparently_as_a_plain_string ... ok
test node::tests::build_accepts_distinct_interface_names ... ok
test node::tests::build_fails_without_a_node_type ... ok
test node::tests::build_generates_an_id_when_none_is_pinned ... ok
test node::tests::build_honours_a_pinned_id_for_reproducibility ... ok
test node::tests::build_rejects_an_invalid_name ... ok
test node::tests::build_rejects_duplicate_interface_names ... ok
test node::tests::build_fails_without_a_name ... ok
test node::tests::metadata_serialises_in_deterministic_key_order ... ok
test node::tests::node_round_trips_through_json ... ok
test node::tests::node_type_serialises_as_kebab_case ... ok
test node::tests::node_types_are_classified_by_control_boundary ... ok
test node::tests::serialisation_omits_empty_collections ... ok
test node::tests::controls_of_type_counts_only_the_requested_dimension ... ok
test node::tests::has_control_tagged_searches_every_control ... ok
test node::tests::interface_lookup_is_by_exact_name ... ok
test node::tests::node_types_are_classified_by_statefulness ... ok
test pattern::tests::a_fingerprint_distinguishes_the_compliance_claim ... ok
test pattern::tests::a_fingerprint_distinguishes_relationship_direction ... ok
test pattern::tests::a_fingerprint_changes_when_the_shape_changes ... ok
test node::tests::with_interface_rejects_a_duplicate_at_runtime ... ok
test pattern::tests::a_pattern_with_no_requirements_is_valid_but_vacuous ... ok
test pattern::tests::a_fingerprint_ignores_declaration_order ... ok
test ids::tests::parse_is_total ... ok
test pattern::tests::a_pattern_round_trips_through_json ... ok
test pattern::tests::a_reference_is_name_at_version ... ok
test pattern::tests::a_reference_requires_an_exact_version ... ok
test pattern::tests::a_pattern_exposes_its_requirements_by_role ... ok
test pattern::tests::build_defaults_the_version ... ok
test pattern::tests::a_reference_round_trips_as_a_bare_string ... ok
test pattern::tests::build_names_which_endpoint_was_unknown ... ok
test pattern::tests::a_relationship_cannot_connect_a_role_to_itself ... ok
test pattern::tests::a_reference_splits_on_the_last_at_sign ... ok
test pattern::tests::build_rejects_a_relationship_naming_an_undeclared_role ... ok
test pattern::tests::build_requires_a_name ... ok
test pattern::tests::references_parse_and_match ... ok
test pattern::tests::role_names_obey_the_casimir_alphabet ... ok
test pattern::tests::build_rejects_a_duplicated_role ... ok
test pattern::tests::requirement_builders_deduplicate ... ok
test pattern::tests::malformed_references_are_rejected_with_a_reason ... ok
test pattern::tests::serialisation_omits_empty_collections ... ok
test pattern::tests::verify_invariants_catches_an_unknown_role_smuggled_in_via_serde ... ok
test pattern::tests::verify_invariants_passes_on_a_constructed_pattern ... ok
test pattern::tests::satisfied_standards_are_deduplicated ... ok
test relationship::tests::async_edges_are_excluded_from_cycle_detection ... ok
test pattern::tests::build_rejects_a_non_semver_version ... ok
test relationship::tests::build_fails_without_a_target ... ok
test relationship::tests::build_fails_without_a_source ... ok
test relationship::tests::build_rejects_a_budget_above_the_ceiling ... FAILED
test relationship::tests::blocking_classification_matches_failure_propagation ... ok
test relationship::tests::build_fails_without_a_relationship_type ... ok
test relationship::tests::identity_distinguishes_edges_by_type ... FAILED
test relationship::tests::build_accepts_the_ceiling_itself ... FAILED
test relationship::tests::build_rejects_a_zero_latency_budget ... FAILED
test relationship::tests::only_quantum_entangled_edges_are_entangled ... ok
test relationship::tests::relationship_round_trips_through_json ... FAILED
test relationship::tests::build_rejects_a_self_edge ... FAILED
test relationship::tests::connects_is_direction_agnostic ... FAILED
test relationship::tests::latency_budget_is_optional ... FAILED
test relationship::tests::relationship_type_serialises_as_kebab_case ... ok
test names::tests::validation_is_total ... ok
test names::tests::legal_names_round_trip ... ok

failures:

---- architecture::tests::a_binding_to_an_absent_node_is_rejected stdout ----

thread 'architecture::tests::a_binding_to_an_absent_node_is_rejected' (523145) panicked at crates/casm-core/src/architecture.rs:607:14:
valid edge: SelfEdge { node: "019fd1d1-8c1e-77f2-8f3a-a824b984386d" }
note: run with `RUST_BACKTRACE=1` environment variable to display a backtrace

---- architecture::tests::a_dangling_source_is_rejected_and_named_as_such stdout ----

thread 'architecture::tests::a_dangling_source_is_rejected_and_named_as_such' (523148) panicked at crates/casm-core/src/architecture.rs:607:14:
valid edge: SelfEdge { node: "019fd1d1-8c1f-7c51-b9e1-7058abef828d" }

---- architecture::tests::build_resolves_edges_declared_before_their_nodes stdout ----

thread 'architecture::tests::build_resolves_edges_declared_before_their_nodes' (523154) panicked at crates/casm-core/src/architecture.rs:607:14:
valid edge: SelfEdge { node: "019fd1d1-8c1f-7c51-b9e1-706a03c55d48" }

---- architecture::tests::a_conformance_claim_is_recorded_in_declaration_order stdout ----

thread 'architecture::tests::a_conformance_claim_is_recorded_in_declaration_order' (523147) panicked at crates/casm-core/src/architecture.rs:607:14:
valid edge: SelfEdge { node: "019fd1d1-8c1f-7c51-b9e1-708380e893c0" }

---- architecture::tests::degree_counts_both_directions stdout ----

thread 'architecture::tests::degree_counts_both_directions' (523156) panicked at crates/casm-core/src/architecture.rs:607:14:
valid edge: SelfEdge { node: "019fd1d1-8c20-7bc1-9dd0-5949d63f7603" }

---- architecture::tests::consuming_builders_compose stdout ----

thread 'architecture::tests::consuming_builders_compose' (523155) panicked at crates/casm-core/src/architecture.rs:607:14:
valid edge: SelfEdge { node: "019fd1d1-8c20-7bc1-9dd0-596da7881104" }

---- architecture::tests::incoming_and_outgoing_partition_the_edges stdout ----

thread 'architecture::tests::incoming_and_outgoing_partition_the_edges' (523159) panicked at crates/casm-core/src/architecture.rs:607:14:
valid edge: SelfEdge { node: "019fd1d1-8c20-7bc1-9dd0-59849aa63ef7" }

---- architecture::tests::isolated_nodes_are_identified stdout ----

thread 'architecture::tests::isolated_nodes_are_identified' (523160) panicked at crates/casm-core/src/architecture.rs:607:14:
valid edge: SelfEdge { node: "019fd1d1-8c21-7383-bc49-ca54b41c6e05" }

---- architecture::tests::a_dangling_target_is_rejected_and_named_as_such stdout ----

thread 'architecture::tests::a_dangling_target_is_rejected_and_named_as_such' (523149) panicked at crates/casm-core/src/architecture.rs:607:14:
valid edge: SelfEdge { node: "019fd1d1-8c21-7383-bc49-ca6bf5b648a7" }

---- architecture::tests::an_identical_relationship_is_rejected stdout ----

thread 'architecture::tests::an_identical_relationship_is_rejected' (523150) panicked at crates/casm-core/src/architecture.rs:607:14:
valid edge: SelfEdge { node: "019fd1d1-8c21-7383-bc49-ca9536f186b0" }

---- architecture::tests::architecture_round_trips_through_json stdout ----

thread 'architecture::tests::architecture_round_trips_through_json' (523151) panicked at crates/casm-core/src/architecture.rs:607:14:
valid edge: SelfEdge { node: "019fd1d1-8c21-7383-bc49-cab90f3fb790" }

---- architecture::tests::removing_a_referenced_node_is_refused_with_a_count stdout ----

thread 'architecture::tests::removing_a_referenced_node_is_refused_with_a_count' (523163) panicked at crates/casm-core/src/architecture.rs:607:14:
valid edge: SelfEdge { node: "019fd1d1-8c24-7f91-af0e-dbfc9063d352" }

---- architecture::tests::the_same_pair_may_be_connected_with_different_semantics stdout ----

thread 'architecture::tests::the_same_pair_may_be_connected_with_different_semantics' (523166) panicked at crates/casm-core/src/architecture.rs:607:14:
valid edge: SelfEdge { node: "019fd1d1-8c24-7f91-af0e-dbe37a246aef" }

---- architecture::tests::two_versions_of_one_pattern_may_both_be_claimed stdout ----

thread 'architecture::tests::two_versions_of_one_pattern_may_both_be_claimed' (523168) panicked at crates/casm-core/src/architecture.rs:607:14:
valid edge: SelfEdge { node: "019fd1d1-8c24-7f91-af0e-dc4057325315" }

---- architecture::tests::the_same_pattern_cannot_be_claimed_twice stdout ----

thread 'architecture::tests::the_same_pattern_cannot_be_claimed_twice' (523167) panicked at crates/casm-core/src/architecture.rs:607:14:
valid edge: SelfEdge { node: "019fd1d1-8c24-7f91-af0e-dc016a3f57af" }

---- architecture::tests::removing_an_absent_node_is_not_an_error stdout ----

thread 'architecture::tests::removing_an_absent_node_is_not_an_error' (523164) panicked at crates/casm-core/src/architecture.rs:607:14:
valid edge: SelfEdge { node: "019fd1d1-8c24-7f91-af0e-dc691918866a" }

---- architecture::tests::verify_invariants_catches_a_binding_smuggled_in_via_serde stdout ----

thread 'architecture::tests::verify_invariants_catches_a_binding_smuggled_in_via_serde' (523169) panicked at crates/casm-core/src/architecture.rs:607:14:
valid edge: SelfEdge { node: "019fd1d1-8c24-7f91-af0e-dc85017026e8" }

---- architecture::tests::lookup_works_by_id_and_by_name stdout ----

thread 'architecture::tests::lookup_works_by_id_and_by_name' (523161) panicked at crates/casm-core/src/architecture.rs:607:14:
valid edge: SelfEdge { node: "019fd1d1-8c25-7943-bb8f-b2eec611a359" }

---- conformance::tests::a_binding_to_the_wrong_type_is_reported_rather_than_rebound stdout ----

thread 'conformance::tests::a_binding_to_the_wrong_type_is_reported_rather_than_rebound' (523172) panicked at crates/casm-core/src/conformance.rs:488:22:
called `Result::unwrap()` on an `Err` value: SelfEdge { node: "019fd1d1-8c25-7943-bb8f-b30da30df3a8" }

---- architecture::tests::node_iteration_order_is_stable_across_runs stdout ----

thread 'architecture::tests::node_iteration_order_is_stable_across_runs' (523162) panicked at crates/casm-core/src/architecture.rs:607:14:
valid edge: SelfEdge { node: "019fd1d1-8c25-7943-bb8f-b32e15e67afd" }

---- conformance::tests::a_conforming_architecture_reports_nothing_unmet stdout ----

thread 'conformance::tests::a_conforming_architecture_reports_nothing_unmet' (523173) panicked at crates/casm-core/src/conformance.rs:488:22:
called `Result::unwrap()` on an `Err` value: SelfEdge { node: "019fd1d1-8c25-7943-bb8f-b34c0d1a79bd" }

---- architecture::tests::removing_an_unreferenced_node_succeeds stdout ----

thread 'architecture::tests::removing_an_unreferenced_node_succeeds' (523165) panicked at crates/casm-core/src/architecture.rs:607:14:
valid edge: SelfEdge { node: "019fd1d1-8c25-7943-bb8f-b3611a50a32e" }

---- architecture::tests::verify_invariants_catches_a_dangling_edge_smuggled_in_via_serde stdout ----

thread 'architecture::tests::verify_invariants_catches_a_dangling_edge_smuggled_in_via_serde' (523170) panicked at crates/casm-core/src/architecture.rs:607:14:
valid edge: SelfEdge { node: "019fd1d1-8c27-70e2-a464-e07ecc2de099" }

---- conformance::tests::a_vacuous_pattern_is_satisfied_by_anything stdout ----

thread 'conformance::tests::a_vacuous_pattern_is_satisfied_by_anything' (523179) panicked at crates/casm-core/src/conformance.rs:488:22:
called `Result::unwrap()` on an `Err` value: SelfEdge { node: "019fd1d1-8c27-70e2-a464-e09f3b0a99d5" }

---- architecture::tests::verify_invariants_passes_on_a_constructed_architecture stdout ----

thread 'architecture::tests::verify_invariants_passes_on_a_constructed_architecture' (523171) panicked at crates/casm-core/src/architecture.rs:607:14:
valid edge: SelfEdge { node: "019fd1d1-8c27-70e2-a464-e0bb0b904626" }

---- conformance::tests::a_missing_control_type_is_reported stdout ----

thread 'conformance::tests::a_missing_control_type_is_reported' (523174) panicked at crates/casm-core/src/conformance.rs:488:22:
called `Result::unwrap()` on an `Err` value: SelfEdge { node: "019fd1d1-8c27-70e2-a464-e0d3c5d379b6" }

---- conformance::tests::an_explicit_binding_resolves_the_ambiguity stdout ----

thread 'conformance::tests::an_explicit_binding_resolves_the_ambiguity' (523180) panicked at crates/casm-core/src/conformance.rs:488:22:
called `Result::unwrap()` on an `Err` value: SelfEdge { node: "019fd1d1-8c28-7c93-8236-55bc3dea1752" }

---- conformance::tests::a_missing_protocol_is_reported stdout ----

thread 'conformance::tests::a_missing_protocol_is_reported' (523176) panicked at crates/casm-core/src/conformance.rs:488:22:
called `Result::unwrap()` on an `Err` value: SelfEdge { node: "019fd1d1-8c28-7c93-8236-55d9ddfa89de" }

---- conformance::tests::checking_is_deterministic stdout ----

thread 'conformance::tests::checking_is_deterministic' (523183) panicked at crates/casm-core/src/conformance.rs:488:22:
called `Result::unwrap()` on an `Err` value: SelfEdge { node: "019fd1d1-8c2b-7b32-93a5-a37e7b1a4844" }

---- conformance::tests::every_unmet_variant_renders_a_message_naming_its_role stdout ----

thread 'conformance::tests::every_unmet_variant_renders_a_message_naming_its_role' (523184) panicked at crates/casm-core/src/conformance.rs:488:22:
called `Result::unwrap()` on an `Err` value: SelfEdge { node: "019fd1d1-8c2b-7b32-93a5-a393553de33e" }

---- conformance::tests::mechanical_failures_are_separated_from_ones_needing_a_decision stdout ----

thread 'conformance::tests::mechanical_failures_are_separated_from_ones_needing_a_decision' (523185) panicked at crates/casm-core/src/conformance.rs:488:22:
called `Result::unwrap()` on an `Err` value: SelfEdge { node: "019fd1d1-8c2b-7b32-93a5-a3b64081d081" }

---- conformance::tests::a_role_two_nodes_could_fill_is_reported_rather_than_guessed_at stdout ----

thread 'conformance::tests::a_role_two_nodes_could_fill_is_reported_rather_than_guessed_at' (523178) panicked at crates/casm-core/src/conformance.rs:488:22:
called `Result::unwrap()` on an `Err` value: SelfEdge { node: "019fd1d1-8c2c-76d1-8b43-9812b80e7d92" }

---- conformance::tests::binding_a_role_the_pattern_does_not_require_is_reported stdout ----

thread 'conformance::tests::binding_a_role_the_pattern_does_not_require_is_reported' (523182) panicked at crates/casm-core/src/conformance.rs:488:22:
called `Result::unwrap()` on an `Err` value: SelfEdge { node: "019fd1d1-8c2c-76d1-8b43-983ac1dd077e" }

---- conformance::tests::a_missing_node_type_is_reported_as_having_no_candidate stdout ----

thread 'conformance::tests::a_missing_node_type_is_reported_as_having_no_candidate' (523175) panicked at crates/casm-core/src/conformance.rs:488:22:
called `Result::unwrap()` on an `Err` value: SelfEdge { node: "019fd1d1-8c2d-7ed1-be9c-63ae9fb0e627" }

---- conformance::tests::a_missing_relationship_is_reported_with_both_roles_and_both_nodes stdout ----

thread 'conformance::tests::a_missing_relationship_is_reported_with_both_roles_and_both_nodes' (523177) panicked at crates/casm-core/src/conformance.rs:488:22:
called `Result::unwrap()` on an `Err` value: SelfEdge { node: "019fd1d1-8c2d-7ed1-be9c-63ccc51cedda" }

---- conformance::tests::an_unfillable_role_does_not_also_report_its_relationships stdout ----

thread 'conformance::tests::an_unfillable_role_does_not_also_report_its_relationships' (523181) panicked at crates/casm-core/src/conformance.rs:488:22:
called `Result::unwrap()` on an `Err` value: SelfEdge { node: "019fd1d1-8c2d-7ed1-be9c-63e9884012a6" }

---- conformance::tests::relationship_direction_matters stdout ----

thread 'conformance::tests::relationship_direction_matters' (523186) panicked at crates/casm-core/src/conformance.rs:488:22:
called `Result::unwrap()` on an `Err` value: SelfEdge { node: "019fd1d1-8c2e-79d1-9550-354899925dd6" }

---- conformance::tests::roles_bind_automatically_when_exactly_one_node_fits stdout ----

thread 'conformance::tests::roles_bind_automatically_when_exactly_one_node_fits' (523187) panicked at crates/casm-core/src/conformance.rs:488:22:
called `Result::unwrap()` on an `Err` value: SelfEdge { node: "019fd1d1-8c2e-79d1-9550-356a944b1750" }

---- conformance::tests::too_few_security_controls_is_reported_with_both_counts stdout ----

thread 'conformance::tests::too_few_security_controls_is_reported_with_both_counts' (523188) panicked at crates/casm-core/src/conformance.rs:488:22:
called `Result::unwrap()` on an `Err` value: SelfEdge { node: "019fd1d1-8c2e-79d1-9550-3580dde5540d" }

---- merkle::tests::a_changed_latency_budget_changes_the_fingerprint stdout ----

thread 'merkle::tests::a_changed_latency_budget_changes_the_fingerprint' (523238) panicked at crates/casm-core/src/merkle.rs:730:26:
called `Result::unwrap()` on an `Err` value: SelfEdge { node: "019fd1d1-8c4d-7b30-8563-50751542abca" }

---- merkle::tests::a_conformance_digest_names_bound_nodes_rather_than_identifying_them stdout ----

thread 'merkle::tests::a_conformance_digest_names_bound_nodes_rather_than_identifying_them' (523239) panicked at crates/casm-core/src/merkle.rs:643:14:
valid: SelfEdge { node: "019fd1d1-8c4e-7463-b22a-494e77061b14" }

---- merkle::tests::a_renamed_node_changes_the_fingerprint stdout ----

thread 'merkle::tests::a_renamed_node_changes_the_fingerprint' (523241) panicked at crates/casm-core/src/merkle.rs:643:14:
valid: SelfEdge { node: "019fd1d1-8c4e-7463-b22a-4bf4008c6a0f" }

---- merkle::tests::abbreviation_does_not_panic_on_an_over_long_width stdout ----

thread 'merkle::tests::abbreviation_does_not_panic_on_an_over_long_width' (523243) panicked at crates/casm-core/src/merkle.rs:643:14:
valid: SelfEdge { node: "019fd1d1-8c4e-7463-b22a-4d33af270718" }

---- merkle::tests::changed_nodes_includes_additions_and_removals stdout ----

thread 'merkle::tests::changed_nodes_includes_additions_and_removals' (523247) panicked at crates/casm-core/src/merkle.rs:643:14:
valid: SelfEdge { node: "019fd1d1-8c5f-7e43-8a04-51678b7688b5" }

---- merkle::tests::debug_output_stays_short_enough_for_a_log_line stdout ----

thread 'merkle::tests::debug_output_stays_short_enough_for_a_log_line' (523251) panicked at crates/casm-core/src/merkle.rs:643:14:
valid: SelfEdge { node: "019fd1d1-8c5f-7e43-8a04-525d14ae8e52" }

---- merkle::tests::changed_nodes_is_empty_for_identical_trees stdout ----

thread 'merkle::tests::changed_nodes_is_empty_for_identical_trees' (523248) panicked at crates/casm-core/src/merkle.rs:643:14:
valid: SelfEdge { node: "019fd1d1-8c5f-7e43-8a04-53cf12393362" }

---- merkle::tests::changed_nodes_reports_only_what_actually_differs stdout ----

thread 'merkle::tests::changed_nodes_reports_only_what_actually_differs' (523249) panicked at crates/casm-core/src/merkle.rs:643:14:
valid: SelfEdge { node: "019fd1d1-8c60-7263-9282-db62a0569850" }

---- merkle::tests::declaration_order_does_not_affect_the_fingerprint stdout ----

thread 'merkle::tests::declaration_order_does_not_affect_the_fingerprint' (523252) panicked at crates/casm-core/src/merkle.rs:643:14:
valid: SelfEdge { node: "019fd1d1-8c61-77b0-aab0-d30629b42b24" }

---- merkle::tests::identical_architectures_fingerprint_identically stdout ----

thread 'merkle::tests::identical_architectures_fingerprint_identically' (523259) panicked at crates/casm-core/src/merkle.rs:643:14:
valid: SelfEdge { node: "019fd1d1-8c61-77b0-aab0-d322a22c4634" }

---- merkle::tests::fingerprinting_is_stable_across_repeated_calls stdout ----

thread 'merkle::tests::fingerprinting_is_stable_across_repeated_calls' (523256) panicked at crates/casm-core/src/merkle.rs:643:14:
valid: SelfEdge { node: "019fd1d1-8c61-77b0-aab0-d34d3180a9fa" }

---- merkle::tests::rebinding_a_role_changes_the_fingerprint stdout ----

thread 'merkle::tests::rebinding_a_role_changes_the_fingerprint' (523260) panicked at crates/casm-core/src/merkle.rs:643:14:
valid: SelfEdge { node: "019fd1d1-8c61-77b0-aab0-d36f51ca1943" }

---- merkle::tests::the_roots_are_distinct_from_each_other_and_from_the_whole stdout ----

thread 'merkle::tests::the_roots_are_distinct_from_each_other_and_from_the_whole' (523261) panicked at crates/casm-core/src/merkle.rs:643:14:
valid: SelfEdge { node: "019fd1d1-8c61-77b0-aab0-d38b25635d7a" }

---- merkle::tests::the_scheme_tag_is_mixed_into_the_root stdout ----

thread 'merkle::tests::the_scheme_tag_is_mixed_into_the_root' (523262) panicked at crates/casm-core/src/merkle.rs:643:14:
valid: SelfEdge { node: "019fd1d1-8c62-76c1-942d-4d5c6b955f7e" }

---- merkle::tests::the_tree_exposes_a_digest_per_node stdout ----

thread 'merkle::tests::the_tree_exposes_a_digest_per_node' (523263) panicked at crates/casm-core/src/merkle.rs:643:14:
valid: SelfEdge { node: "019fd1d1-8c62-76c1-942d-4d72e0f26a41" }

---- merkle::tests::fingerprints_render_and_parse_as_hex stdout ----

thread 'merkle::tests::fingerprints_render_and_parse_as_hex' (523257) panicked at crates/casm-core/src/merkle.rs:643:14:
valid: SelfEdge { node: "019fd1d1-8c63-7262-9639-6d4fcc1bbcf7" }

---- merkle::tests::declaring_conformance_changes_the_fingerprint stdout ----

thread 'merkle::tests::declaring_conformance_changes_the_fingerprint' (523253) panicked at crates/casm-core/src/merkle.rs:643:14:
valid: SelfEdge { node: "019fd1d1-8c64-7b93-b9d6-cc90d0575720" }

---- merkle::tests::fingerprints_round_trip_through_json stdout ----

thread 'merkle::tests::fingerprints_round_trip_through_json' (523258) panicked at crates/casm-core/src/merkle.rs:643:14:
valid: SelfEdge { node: "019fd1d1-8c69-7ea1-bcea-d94b2adcc952" }

---- relationship::tests::build_rejects_a_budget_above_the_ceiling stdout ----

thread 'relationship::tests::build_rejects_a_budget_above_the_ceiling' (523325) panicked at crates/casm-core/src/relationship.rs:423:9:
assertion failed: matches!(err, RelationshipError::LatencyOutOfRange { .. })

---- relationship::tests::identity_distinguishes_edges_by_type stdout ----

thread 'relationship::tests::identity_distinguishes_edges_by_type' (523329) panicked at crates/casm-core/src/relationship.rs:490:18:
valid: SelfEdge { node: "019fd1d1-8c88-7763-b921-ee8c1de702c1" }

---- relationship::tests::build_accepts_the_ceiling_itself stdout ----

thread 'relationship::tests::build_accepts_the_ceiling_itself' (523321) panicked at crates/casm-core/src/relationship.rs:434:9:
the ceiling must be inclusive

---- relationship::tests::build_rejects_a_zero_latency_budget stdout ----

thread 'relationship::tests::build_rejects_a_zero_latency_budget' (523327) panicked at crates/casm-core/src/relationship.rs:408:9:
assertion failed: matches!(err, RelationshipError::LatencyOutOfRange { value: 0, .. })

---- relationship::tests::relationship_round_trips_through_json stdout ----

thread 'relationship::tests::relationship_round_trips_through_json' (523332) panicked at crates/casm-core/src/relationship.rs:518:14:
called `Result::unwrap()` on an `Err` value: SelfEdge { node: "019fd1d1-8c89-7550-bff5-9012a5e8d472" }

---- relationship::tests::build_rejects_a_self_edge stdout ----

thread 'relationship::tests::build_rejects_a_self_edge' (523326) panicked at crates/casm-core/src/relationship.rs:395:14:
called `Result::unwrap_err()` on an `Ok` value: Relationship { source: NodeId(019fd1d1-8c89-7550-bff5-903b1d7646a1), target: NodeId(019fd1d1-8c89-7550-bff5-903b1d7646a1), relationship_type: Sync, protocol: None, description: None, controls: [], latency_budget_ms: None }

---- relationship::tests::connects_is_direction_agnostic stdout ----

thread 'relationship::tests::connects_is_direction_agnostic' (523328) panicked at crates/casm-core/src/relationship.rs:474:14:
called `Result::unwrap()` on an `Err` value: SelfEdge { node: "019fd1d1-8c8a-7693-a8d5-fc8284f33fd3" }

---- relationship::tests::latency_budget_is_optional stdout ----

thread 'relationship::tests::latency_budget_is_optional' (523330) panicked at crates/casm-core/src/relationship.rs:349:14:
sample edge is valid: SelfEdge { node: "019fd1d1-8c8a-7693-a8d5-fcb969c08a0e" }


failures:
    architecture::tests::a_binding_to_an_absent_node_is_rejected
    architecture::tests::a_conformance_claim_is_recorded_in_declaration_order
    architecture::tests::a_dangling_source_is_rejected_and_named_as_such
    architecture::tests::a_dangling_target_is_rejected_and_named_as_such
    architecture::tests::an_identical_relationship_is_rejected
    architecture::tests::architecture_round_trips_through_json
    architecture::tests::build_resolves_edges_declared_before_their_nodes
    architecture::tests::consuming_builders_compose
    architecture::tests::degree_counts_both_directions
    architecture::tests::incoming_and_outgoing_partition_the_edges
    architecture::tests::isolated_nodes_are_identified
    architecture::tests::lookup_works_by_id_and_by_name
    architecture::tests::node_iteration_order_is_stable_across_runs
    architecture::tests::removing_a_referenced_node_is_refused_with_a_count
    architecture::tests::removing_an_absent_node_is_not_an_error
    architecture::tests::removing_an_unreferenced_node_succeeds
    architecture::tests::the_same_pair_may_be_connected_with_different_semantics
    architecture::tests::the_same_pattern_cannot_be_claimed_twice
    architecture::tests::two_versions_of_one_pattern_may_both_be_claimed
    architecture::tests::verify_invariants_catches_a_binding_smuggled_in_via_serde
    architecture::tests::verify_invariants_catches_a_dangling_edge_smuggled_in_via_serde
    architecture::tests::verify_invariants_passes_on_a_constructed_architecture
    conformance::tests::a_binding_to_the_wrong_type_is_reported_rather_than_rebound
    conformance::tests::a_conforming_architecture_reports_nothing_unmet
    conformance::tests::a_missing_control_type_is_reported
    conformance::tests::a_missing_node_type_is_reported_as_having_no_candidate
    conformance::tests::a_missing_protocol_is_reported
    conformance::tests::a_missing_relationship_is_reported_with_both_roles_and_both_nodes
    conformance::tests::a_role_two_nodes_could_fill_is_reported_rather_than_guessed_at
    conformance::tests::a_vacuous_pattern_is_satisfied_by_anything
    conformance::tests::an_explicit_binding_resolves_the_ambiguity
    conformance::tests::an_unfillable_role_does_not_also_report_its_relationships
    conformance::tests::binding_a_role_the_pattern_does_not_require_is_reported
    conformance::tests::checking_is_deterministic
    conformance::tests::every_unmet_variant_renders_a_message_naming_its_role
    conformance::tests::mechanical_failures_are_separated_from_ones_needing_a_decision
    conformance::tests::relationship_direction_matters
    conformance::tests::roles_bind_automatically_when_exactly_one_node_fits
    conformance::tests::too_few_security_controls_is_reported_with_both_counts
    merkle::tests::a_changed_latency_budget_changes_the_fingerprint
    merkle::tests::a_conformance_digest_names_bound_nodes_rather_than_identifying_them
    merkle::tests::a_renamed_node_changes_the_fingerprint
    merkle::tests::abbreviation_does_not_panic_on_an_over_long_width
    merkle::tests::changed_nodes_includes_additions_and_removals
    merkle::tests::changed_nodes_is_empty_for_identical_trees
    merkle::tests::changed_nodes_reports_only_what_actually_differs
    merkle::tests::debug_output_stays_short_enough_for_a_log_line
    merkle::tests::declaration_order_does_not_affect_the_fingerprint
    merkle::tests::declaring_conformance_changes_the_fingerprint
    merkle::tests::fingerprinting_is_stable_across_repeated_calls
    merkle::tests::fingerprints_render_and_parse_as_hex
    merkle::tests::fingerprints_round_trip_through_json
    merkle::tests::identical_architectures_fingerprint_identically
    merkle::tests::rebinding_a_role_changes_the_fingerprint
    merkle::tests::the_roots_are_distinct_from_each_other_and_from_the_whole
    merkle::tests::the_scheme_tag_is_mixed_into_the_root
    merkle::tests::the_tree_exposes_a_digest_per_node
    relationship::tests::build_accepts_the_ceiling_itself
    relationship::tests::build_rejects_a_budget_above_the_ceiling
    relationship::tests::build_rejects_a_self_edge
    relationship::tests::build_rejects_a_zero_latency_budget
    relationship::tests::connects_is_direction_agnostic
    relationship::tests::identity_distinguishes_edges_by_type
    relationship::tests::latency_budget_is_optional
    relationship::tests::relationship_round_trips_through_json

test result: FAILED. 123 passed; 65 failed; 0 ignored; 0 measured; 0 filtered out; finished in 0.24s

error: test failed, to rerun pass `-p casm-core --lib`

*** result: Failure(101)
