
*** crates/casm-wasm/src/lib.rs:150:5: replace complete_with_patterns -> String with "xyzzy".into()

*** mutation diff:
--- crates/casm-wasm/src/lib.rs
+++ replace complete_with_patterns -> String with "xyzzy".into()
@@ -142,17 +142,17 @@
 pub fn complete(source: &str, line: u32, character: u32) -> String {
     api::complete(source, line, character)
 }
 
 /// Returns completions, offering pattern references from the supplied library.
 #[wasm_bindgen]
 #[must_use]
 pub fn complete_with_patterns(source: &str, patterns: &str, line: u32, character: u32) -> String {
-    api::complete_with_patterns(source, patterns, line, character)
+    "xyzzy".into() /* ~ changed by cargo-mutants ~ */
 }
 
 /// Returns a hover tooltip for a zero-based cursor position.
 #[wasm_bindgen]
 #[must_use]
 pub fn hover(source: &str, line: u32, character: u32) -> String {
     api::hover(source, line, character)
 }


*** /home/srinivasan/.rustup/toolchains/nightly-x86_64-unknown-linux-gnu/bin/cargo test --no-run --verbose --package=casm-wasm@0.3.0
       Fresh unicode-ident v1.0.24
       Fresh version_check v0.9.5
       Fresh typenum v1.20.1
       Fresh cfg-if v1.0.4
       Fresh proc-macro2 v1.0.107
       Fresh equivalent v1.0.2
       Fresh quote v1.0.47
       Fresh serde_core v1.0.229
       Fresh hashbrown v0.17.1
       Fresh syn v3.0.3
       Fresh generic-array v0.14.7
       Fresh indexmap v2.14.0
       Fresh libc v0.2.189
       Fresh block-buffer v0.10.4
       Fresh serde_derive v1.0.229
       Fresh crypto-common v0.1.7
       Fresh thiserror-impl v2.0.19
       Fresh getrandom v0.4.3
       Fresh serde v1.0.229
       Fresh digest v0.10.7
       Fresh keccak v0.1.6
       Fresh thiserror v2.0.19
       Fresh uuid v1.24.0
       Fresh sha3 v0.10.9
       Fresh semver v1.0.28
       Fresh itoa v1.0.18
       Fresh zmij v1.0.23
       Fresh memchr v2.8.3
       Fresh casm-core v0.3.0 (/tmp/cargo-mutants-casm-W5ytYW.tmp/crates/casm-core)
       Fresh wasm-bindgen-shared v0.2.126
       Fresh syn v2.0.119
       Fresh bumpalo v3.20.3
       Fresh foldhash v0.1.5
       Fresh serde_json v1.0.151
       Fresh rustversion v1.0.23
       Fresh winnow v1.0.4
       Fresh wasm-bindgen-macro-support v0.2.126
       Fresh hashbrown v0.15.5
       Fresh toml_datetime v0.7.5+spec-1.1.0
       Fresh serde_spanned v1.1.1
       Fresh toml_parser v1.1.3+spec-1.1.0
       Fresh fixedbitset v0.5.7
       Fresh ryu v1.0.23
       Fresh toml_writer v1.1.2+spec-1.1.0
       Fresh unsafe-libyaml v0.2.11
       Fresh winnow v0.7.15
       Fresh petgraph v0.8.3
       Fresh serde_yaml_ng v0.10.0
       Fresh toml v0.9.12+spec-1.1.0
       Fresh wasm-bindgen-macro v0.2.126
       Fresh once_cell v1.21.4
       Fresh casm-renderer v0.3.0 (/tmp/cargo-mutants-casm-W5ytYW.tmp/crates/casm-renderer)
       Fresh casm-validator v0.3.0 (/tmp/cargo-mutants-casm-W5ytYW.tmp/crates/casm-validator)
       Fresh casm-parser v0.3.0 (/tmp/cargo-mutants-casm-W5ytYW.tmp/crates/casm-parser)
       Fresh wasm-bindgen v0.2.126
       Fresh casm-diff v0.3.0 (/tmp/cargo-mutants-casm-W5ytYW.tmp/crates/casm-diff)
       Fresh console_error_panic_hook v0.1.7
       Fresh casm-lsp v0.3.0 (/tmp/cargo-mutants-casm-W5ytYW.tmp/crates/casm-lsp)
       Dirty casm-wasm v0.3.0 (/tmp/cargo-mutants-casm-W5ytYW.tmp/crates/casm-wasm): the file `crates/casm-wasm/src/lib.rs` has changed (1785933388.747359115s, 9s after last build at 1785933379.000136531s)
   Compiling casm-wasm v0.3.0 (/tmp/cargo-mutants-casm-W5ytYW.tmp/crates/casm-wasm)
     Running `/home/srinivasan/.rustup/toolchains/nightly-x86_64-unknown-linux-gnu/bin/rustc --crate-name casm_wasm --edition=2024 crates/casm-wasm/src/lib.rs --error-format=json --json=diagnostic-rendered-ansi,artifacts,future-incompat --crate-type cdylib --crate-type rlib --emit=dep-info,link -C embed-bitcode=no -C debuginfo=2 --warn=rust_2018_idioms '--warn=clippy::pedantic' '--warn=clippy::unwrap_used' --forbid=unsafe_code --warn=unreachable_pub '--warn=clippy::too_many_lines' '--allow=clippy::struct_field_names' '--warn=clippy::panic' '--allow=clippy::must_use_candidate' '--allow=clippy::module_name_repetitions' '--allow=clippy::missing_errors_doc' --warn=missing_docs '--warn=clippy::indexing_slicing' '--warn=clippy::expect_used' '--warn=clippy::cognitive_complexity' --check-cfg 'cfg(docsrs,test)' --check-cfg 'cfg(feature, values())' -C metadata=f02c942c99b81ee1 --out-dir /tmp/cargo-mutants-casm-W5ytYW.tmp/target/debug/deps -C incremental=/tmp/cargo-mutants-casm-W5ytYW.tmp/target/debug/incremental -L dependency=/tmp/cargo-mutants-casm-W5ytYW.tmp/target/debug/deps --extern casm_core=/tmp/cargo-mutants-casm-W5ytYW.tmp/target/debug/deps/libcasm_core-38ab8f9cc5cbd294.rlib --extern casm_diff=/tmp/cargo-mutants-casm-W5ytYW.tmp/target/debug/deps/libcasm_diff-56c79fc9dd0a1770.rlib --extern casm_lsp=/tmp/cargo-mutants-casm-W5ytYW.tmp/target/debug/deps/libcasm_lsp-f7ce6eddbc2a330b.rlib --extern casm_parser=/tmp/cargo-mutants-casm-W5ytYW.tmp/target/debug/deps/libcasm_parser-fd164bd7983e49b3.rlib --extern casm_renderer=/tmp/cargo-mutants-casm-W5ytYW.tmp/target/debug/deps/libcasm_renderer-1fcb935038db35cd.rlib --extern casm_validator=/tmp/cargo-mutants-casm-W5ytYW.tmp/target/debug/deps/libcasm_validator-63cf8602d2e097be.rlib --extern console_error_panic_hook=/tmp/cargo-mutants-casm-W5ytYW.tmp/target/debug/deps/libconsole_error_panic_hook-2dec12b9e293d1bc.rlib --extern serde=/tmp/cargo-mutants-casm-W5ytYW.tmp/target/debug/deps/libserde-6e908f11f9b7bd1f.rlib --extern serde_json=/tmp/cargo-mutants-casm-W5ytYW.tmp/target/debug/deps/libserde_json-8ada6c1221654e94.rlib --extern wasm_bindgen=/tmp/cargo-mutants-casm-W5ytYW.tmp/target/debug/deps/libwasm_bindgen-aa14faa7e38fb98e.rlib --verbose`
     Running `/home/srinivasan/.rustup/toolchains/nightly-x86_64-unknown-linux-gnu/bin/rustc --crate-name casm_wasm --edition=2024 crates/casm-wasm/src/lib.rs --error-format=json --json=diagnostic-rendered-ansi,artifacts,future-incompat --emit=dep-info,link -C embed-bitcode=no -C debuginfo=2 --warn=rust_2018_idioms '--warn=clippy::pedantic' '--warn=clippy::unwrap_used' --forbid=unsafe_code --warn=unreachable_pub '--warn=clippy::too_many_lines' '--allow=clippy::struct_field_names' '--warn=clippy::panic' '--allow=clippy::must_use_candidate' '--allow=clippy::module_name_repetitions' '--allow=clippy::missing_errors_doc' --warn=missing_docs '--warn=clippy::indexing_slicing' '--warn=clippy::expect_used' '--warn=clippy::cognitive_complexity' --test --check-cfg 'cfg(docsrs,test)' --check-cfg 'cfg(feature, values())' -C metadata=9e26f585e305cb89 -C extra-filename=-3c0908bfd81efa80 --out-dir /tmp/cargo-mutants-casm-W5ytYW.tmp/target/debug/deps -C incremental=/tmp/cargo-mutants-casm-W5ytYW.tmp/target/debug/incremental -L dependency=/tmp/cargo-mutants-casm-W5ytYW.tmp/target/debug/deps --extern casm_core=/tmp/cargo-mutants-casm-W5ytYW.tmp/target/debug/deps/libcasm_core-38ab8f9cc5cbd294.rlib --extern casm_diff=/tmp/cargo-mutants-casm-W5ytYW.tmp/target/debug/deps/libcasm_diff-56c79fc9dd0a1770.rlib --extern casm_lsp=/tmp/cargo-mutants-casm-W5ytYW.tmp/target/debug/deps/libcasm_lsp-f7ce6eddbc2a330b.rlib --extern casm_parser=/tmp/cargo-mutants-casm-W5ytYW.tmp/target/debug/deps/libcasm_parser-fd164bd7983e49b3.rlib --extern casm_renderer=/tmp/cargo-mutants-casm-W5ytYW.tmp/target/debug/deps/libcasm_renderer-1fcb935038db35cd.rlib --extern casm_validator=/tmp/cargo-mutants-casm-W5ytYW.tmp/target/debug/deps/libcasm_validator-63cf8602d2e097be.rlib --extern console_error_panic_hook=/tmp/cargo-mutants-casm-W5ytYW.tmp/target/debug/deps/libconsole_error_panic_hook-2dec12b9e293d1bc.rlib --extern serde=/tmp/cargo-mutants-casm-W5ytYW.tmp/target/debug/deps/libserde-6e908f11f9b7bd1f.rlib --extern serde_json=/tmp/cargo-mutants-casm-W5ytYW.tmp/target/debug/deps/libserde_json-8ada6c1221654e94.rlib --extern wasm_bindgen=/tmp/cargo-mutants-casm-W5ytYW.tmp/target/debug/deps/libwasm_bindgen-aa14faa7e38fb98e.rlib --verbose`
warning: unused variable: `source`
   --> crates/casm-wasm/src/lib.rs:149:31
    |
149 | pub fn complete_with_patterns(source: &str, patterns: &str, line: u32, character: u32) -> String {
    |                               ^^^^^^ help: if this is intentional, prefix it with an underscore: `_source`
    |
    = note: `#[warn(unused_variables)]` (part of `#[warn(unused)]`) on by default

warning: unused variable: `patterns`
   --> crates/casm-wasm/src/lib.rs:149:45
    |
149 | pub fn complete_with_patterns(source: &str, patterns: &str, line: u32, character: u32) -> String {
    |                                             ^^^^^^^^ help: if this is intentional, prefix it with an underscore: `_patterns`

warning: unused variable: `line`
   --> crates/casm-wasm/src/lib.rs:149:61
    |
149 | pub fn complete_with_patterns(source: &str, patterns: &str, line: u32, character: u32) -> String {
    |                                                             ^^^^ help: if this is intentional, prefix it with an underscore: `_line`

warning: unused variable: `character`
   --> crates/casm-wasm/src/lib.rs:149:72
    |
149 | pub fn complete_with_patterns(source: &str, patterns: &str, line: u32, character: u32) -> String {
    |                                                                        ^^^^^^^^^ help: if this is intentional, prefix it with an underscore: `_character`

warning: `casm-wasm` (lib) generated 4 warnings (run `cargo fix --lib -p casm-wasm` to apply 4 suggestions)
warning: `casm-wasm` (lib test) generated 4 warnings (4 duplicates)
    Finished `test` profile [unoptimized + debuginfo] target(s) in 1.27s
  Executable `/tmp/cargo-mutants-casm-W5ytYW.tmp/target/debug/deps/casm_wasm-3c0908bfd81efa80`

*** result: Success

*** /home/srinivasan/.rustup/toolchains/nightly-x86_64-unknown-linux-gnu/bin/cargo test --verbose --package=casm-wasm@0.3.0
       Fresh unicode-ident v1.0.24
       Fresh proc-macro2 v1.0.107
       Fresh version_check v0.9.5
       Fresh typenum v1.20.1
       Fresh cfg-if v1.0.4
       Fresh equivalent v1.0.2
       Fresh hashbrown v0.17.1
       Fresh keccak v0.1.6
       Fresh quote v1.0.47
       Fresh serde_core v1.0.229
       Fresh libc v0.2.189
       Fresh itoa v1.0.18
       Fresh syn v3.0.3
       Fresh generic-array v0.14.7
       Fresh indexmap v2.14.0
       Fresh getrandom v0.4.3
       Fresh semver v1.0.28
       Fresh crypto-common v0.1.7
       Fresh block-buffer v0.10.4
       Fresh serde_derive v1.0.229
       Fresh thiserror-impl v2.0.19
       Fresh uuid v1.24.0
       Fresh zmij v1.0.23
       Fresh memchr v2.8.3
       Fresh digest v0.10.7
       Fresh serde v1.0.229
       Fresh thiserror v2.0.19
       Fresh rustversion v1.0.23
       Fresh serde_json v1.0.151
       Fresh wasm-bindgen-shared v0.2.126
       Fresh syn v2.0.119
       Fresh bumpalo v3.20.3
       Fresh winnow v1.0.4
       Fresh sha3 v0.10.9
       Fresh foldhash v0.1.5
       Fresh toml_parser v1.1.3+spec-1.1.0
       Fresh wasm-bindgen-macro-support v0.2.126
       Fresh toml_datetime v0.7.5+spec-1.1.0
       Fresh serde_spanned v1.1.1
       Fresh toml_writer v1.1.2+spec-1.1.0
       Fresh fixedbitset v0.5.7
       Fresh casm-core v0.3.0 (/tmp/cargo-mutants-casm-W5ytYW.tmp/crates/casm-core)
       Fresh hashbrown v0.15.5
       Fresh ryu v1.0.23
       Fresh unsafe-libyaml v0.2.11
       Fresh winnow v0.7.15
       Fresh wasm-bindgen-macro v0.2.126
       Fresh once_cell v1.21.4
       Fresh toml v0.9.12+spec-1.1.0
       Fresh petgraph v0.8.3
       Fresh serde_yaml_ng v0.10.0
       Fresh casm-renderer v0.3.0 (/tmp/cargo-mutants-casm-W5ytYW.tmp/crates/casm-renderer)
       Fresh wasm-bindgen v0.2.126
       Fresh casm-diff v0.3.0 (/tmp/cargo-mutants-casm-W5ytYW.tmp/crates/casm-diff)
       Fresh casm-parser v0.3.0 (/tmp/cargo-mutants-casm-W5ytYW.tmp/crates/casm-parser)
       Fresh casm-validator v0.3.0 (/tmp/cargo-mutants-casm-W5ytYW.tmp/crates/casm-validator)
       Fresh console_error_panic_hook v0.1.7
       Fresh casm-lsp v0.3.0 (/tmp/cargo-mutants-casm-W5ytYW.tmp/crates/casm-lsp)
warning: unused variable: `source`
   --> crates/casm-wasm/src/lib.rs:149:31
    |
149 | pub fn complete_with_patterns(source: &str, patterns: &str, line: u32, character: u32) -> String {
    |                               ^^^^^^ help: if this is intentional, prefix it with an underscore: `_source`
    |
    = note: `#[warn(unused_variables)]` (part of `#[warn(unused)]`) on by default

warning: unused variable: `patterns`
   --> crates/casm-wasm/src/lib.rs:149:45
    |
149 | pub fn complete_with_patterns(source: &str, patterns: &str, line: u32, character: u32) -> String {
    |                                             ^^^^^^^^ help: if this is intentional, prefix it with an underscore: `_patterns`

warning: unused variable: `line`
   --> crates/casm-wasm/src/lib.rs:149:61
    |
149 | pub fn complete_with_patterns(source: &str, patterns: &str, line: u32, character: u32) -> String {
    |                                                             ^^^^ help: if this is intentional, prefix it with an underscore: `_line`

warning: unused variable: `character`
   --> crates/casm-wasm/src/lib.rs:149:72
    |
149 | pub fn complete_with_patterns(source: &str, patterns: &str, line: u32, character: u32) -> String {
    |                                                                        ^^^^^^^^^ help: if this is intentional, prefix it with an underscore: `_character`

warning: `casm-wasm` (lib) generated 4 warnings (run `cargo fix --lib -p casm-wasm` to apply 4 suggestions)
warning: `casm-wasm` (lib test) generated 4 warnings (4 duplicates)
       Fresh casm-wasm v0.3.0 (/tmp/cargo-mutants-casm-W5ytYW.tmp/crates/casm-wasm)
    Finished `test` profile [unoptimized + debuginfo] target(s) in 0.21s
     Running `/tmp/cargo-mutants-casm-W5ytYW.tmp/target/debug/deps/casm_wasm-3c0908bfd81efa80`

running 47 tests
test api::tests::a_broken_document_yields_a_result_rather_than_an_error ... ok
test api::tests::a_document_claiming_nothing_conforms_vacuously ... ok
test api::tests::an_unchecked_claim_does_not_count_as_conforming ... ok
test api::tests::an_unknown_backend_is_reported_with_the_ones_that_exist ... ok
test api::tests::a_claim_is_unchecked_without_a_library ... ok
test api::tests::a_converted_document_still_parses ... ok
test api::tests::an_unknown_format_is_rejected_as_a_value ... ok
test api::tests::a_claim_is_checked_once_a_library_is_supplied ... ok
test api::tests::a_malformed_library_is_reported_as_a_value_not_a_trap ... ok
test api::tests::an_unknown_inventory_kind_is_rejected_as_a_value ... ok
test api::tests::conformance_infers_a_binding_the_document_did_not_write ... ok
test api::tests::conformance_on_a_broken_document_is_a_value ... ok
test api::tests::conformance_reports_the_bindings_it_resolved ... ok
test api::tests::completion_offers_pattern_references_from_the_library ... ok
test api::tests::conformance_separates_what_a_tool_can_fix_from_what_a_human_must_decide ... ok
test api::tests::completion_offers_node_types_after_a_type_key ... ok
test api::tests::completion_works_on_a_document_that_does_not_parse ... ok
test api::tests::diffing_reports_a_breaking_removal ... ok
test api::tests::an_unmet_requirement_is_an_error_across_the_boundary ... ok
test api::tests::drift_compares_against_a_native_inventory ... ok
test api::tests::diffing_a_document_against_itself_is_empty ... ok
test api::tests::diffing_names_which_side_failed_to_parse ... ok
test api::tests::drift_compares_against_terraform_state ... ok
test api::tests::an_empty_library_is_not_an_error ... ok
test api::tests::extreme_positions_do_not_panic ... ok
test api::tests::fingerprinting_exposes_per_node_digests ... ok
test api::tests::formatting_is_idempotent_once_identifiers_are_pinned ... ok
test api::tests::exit_codes_match_the_command_line ... ok
test api::tests::hover_explains_a_node ... ok
test api::tests::hover_over_empty_space_is_a_negative_result_not_an_error ... ok
test api::tests::hover_explains_a_claimed_pattern_from_the_library ... ok
test api::tests::formatting_converts_between_the_three_formats ... ok
test api::tests::rendering_a_broken_document_reports_the_parse_error ... ok
test api::tests::one_broken_pattern_does_not_discard_the_rest ... ok
test api::tests::the_version_is_reported ... ok
test api::tests::fingerprinting_is_stable_across_calls ... ok
test api::tests::the_rule_catalogue_matches_the_validator ... ok
test api::tests::rendering_produces_a_diagram_for_each_backend ... ok
test api::tests::every_entry_point_returns_parseable_json ... ok
test tests::the_panic_hook_can_be_installed_more_than_once ... ok
test api::tests::validating_a_good_document_reports_its_shape_and_fingerprint ... ok
test api::tests::validating_reports_findings_with_positions ... ok
test api::tests::validating_and_rendering_are_byte_deterministic ... ok
panicked at crates/casm-wasm/src/lib.rs:212:9:
assertion `left == right` failed
  left: "xyzzy"
 right: "{\"context\":\"NodeTypeValue\",\"prefix\":\"\",\"items\":[{\"label\":\"service\",\"insertText\":\"service\",\"detail\":\"stateless\",\"documentation\":\"A deployable unit of business logic. Must declare at least two security controls.\"},{\"label\":\"database\",\"insertText\":\"database\",\"detail\":\"stateful\",\"documentation\":\"A persistent data store. Must declare at least one control, and must not be reachable directly from outside the trust boundary.\"},{\"label\":\"queue\",\"insertText\":\"queue\",\"detail\":\"stateful\",\"documentation\":\"A message broker or queue.\"},{\"label\":\"cache\",\"insertText\":\"cache\",\"detail\":\"stateful\",\"documentation\":\"An in-memory cache.\"},{\"label\":\"gateway\",\"insertText\":\"gateway\",\"detail\":\"stateless\",\"documentation\":\"An edge component routing traffic inward. Held to the same control requirements as a service.\"},{\"label\":\"storage\",\"insertText\":\"storage\",\"detail\":\"stateful\",\"documentation\":\"Object or block storage.\"},{\"label\":\"external-system\",\"insertText\":\"external-system\",\"detail\":\"outside the boundary\",\"documentation\":\"A system outside this architecture's control. Edges to and from it must declare controls.\"},{\"label\":\"legacy\",\"insertText\":\"legacy\",\"detail\":\"inside the boundary\",\"documentation\":\"A system that predates the current architecture and constrains it. Still ours, however unwelcome.\"},{\"label\":\"human\",\"insertText\":\"human\",\"detail\":\"outside the boundary\",\"documentation\":\"A human actor or team in the flow.\"},{\"label\":\"boundary\",\"insertText\":\"boundary\",\"detail\":\"grouping\",\"documentation\":\"A logical grouping of other nodes.\"}]}"
test tests::the_bindings_delegate_to_the_api_unchanged ... FAILED
test api::tests::supplying_no_library_matches_the_older_entry_points_exactly ... ok
test api::tests::the_pattern_aware_calls_are_deterministic ... ok
test api::tests::nothing_panics_on_hostile_input ... ok

failures:

failures:
    tests::the_bindings_delegate_to_the_api_unchanged

test result: FAILED. 46 passed; 1 failed; 0 ignored; 0 measured; 0 filtered out; finished in 8.08s

error: test failed, to rerun pass `-p casm-wasm --lib`

*** result: Failure(101)
