
*** crates/casm-renderer/src/lib.rs:279:9: replace Ascii::header -> String with String::new()

*** mutation diff:
--- crates/casm-renderer/src/lib.rs
+++ replace Ascii::header -> String with String::new()
@@ -271,25 +271,17 @@
 }
 
 /// The ASCII backend: readable in a CI log, a terminal, or a commit message.
 pub struct Ascii;
 
 impl Ascii {
     /// Renders the header block.
     fn header(architecture: &Architecture) -> String {
-        let title = format!("{} v{}", architecture.name(), architecture.version());
-        let rule = "=".repeat(title.len());
-        let mut out = format!("{title}\n{rule}\n");
-
-        if let Some(description) = architecture.description() {
-            let _ = writeln!(out, "{description}");
-        }
-        out.push('\n');
-        out
+        String::new() /* ~ changed by cargo-mutants ~ */
     }
 
     /// Renders one node and its outgoing edges.
     fn node_block(architecture: &Architecture, node: &Node) -> String {
         let mut out = format!("[{}] {}\n", node.node_type(), node.name());
 
         if let Some(description) = node.description() {
             let _ = writeln!(out, "    {description}");


*** /home/srinivasan/.rustup/toolchains/nightly-x86_64-unknown-linux-gnu/bin/cargo test --no-run --verbose --package=casm-renderer@0.3.0
    Blocking waiting for file lock on package cache
    Blocking waiting for file lock on package cache
    Blocking waiting for file lock on package cache
    Blocking waiting for file lock on package cache
       Fresh version_check v0.9.5
       Fresh unicode-ident v1.0.24
       Fresh typenum v1.20.1
       Fresh cfg-if v1.0.4
       Fresh proc-macro2 v1.0.107
       Fresh equivalent v1.0.2
       Fresh hashbrown v0.17.1
       Fresh quote v1.0.47
       Fresh generic-array v0.14.7
       Fresh serde_core v1.0.229
       Fresh libc v0.2.189
       Fresh keccak v0.1.6
       Fresh syn v3.0.3
       Fresh crypto-common v0.1.7
       Fresh block-buffer v0.10.4
       Fresh getrandom v0.4.3
       Fresh indexmap v2.14.0
       Fresh semver v1.0.28
       Fresh digest v0.10.7
       Fresh serde_derive v1.0.229
       Fresh thiserror-impl v2.0.19
       Fresh uuid v1.24.0
       Fresh thiserror v2.0.19
       Fresh serde v1.0.229
       Fresh sha3 v0.10.9
       Fresh casm-core v0.3.0 (/tmp/cargo-mutants-casm-PaMmur.tmp/crates/casm-core)
       Dirty casm-renderer v0.3.0 (/tmp/cargo-mutants-casm-PaMmur.tmp/crates/casm-renderer): the file `crates/casm-renderer/src/lib.rs` has changed (1785933208.347983221s, 1s after last build at 1785933207.610136164s)
   Compiling casm-renderer v0.3.0 (/tmp/cargo-mutants-casm-PaMmur.tmp/crates/casm-renderer)
     Running `/home/srinivasan/.rustup/toolchains/nightly-x86_64-unknown-linux-gnu/bin/rustc --crate-name casm_renderer --edition=2024 crates/casm-renderer/src/lib.rs --error-format=json --json=diagnostic-rendered-ansi,artifacts,future-incompat --emit=dep-info,link -C embed-bitcode=no -C debuginfo=2 --warn=rust_2018_idioms '--warn=clippy::pedantic' '--warn=clippy::unwrap_used' --forbid=unsafe_code --warn=unreachable_pub '--warn=clippy::too_many_lines' '--allow=clippy::struct_field_names' '--warn=clippy::panic' '--allow=clippy::must_use_candidate' '--allow=clippy::module_name_repetitions' '--allow=clippy::missing_errors_doc' --warn=missing_docs '--warn=clippy::indexing_slicing' '--warn=clippy::expect_used' '--warn=clippy::cognitive_complexity' --test --check-cfg 'cfg(docsrs,test)' --check-cfg 'cfg(feature, values())' -C metadata=3d95ee09cfa5a46d -C extra-filename=-23f510611d261a86 --out-dir /tmp/cargo-mutants-casm-PaMmur.tmp/target/debug/deps -C incremental=/tmp/cargo-mutants-casm-PaMmur.tmp/target/debug/incremental -L dependency=/tmp/cargo-mutants-casm-PaMmur.tmp/target/debug/deps --extern casm_core=/tmp/cargo-mutants-casm-PaMmur.tmp/target/debug/deps/libcasm_core-e0f19a3016ddb7a5.rlib --verbose`
     Running `/home/srinivasan/.rustup/toolchains/nightly-x86_64-unknown-linux-gnu/bin/rustc --crate-name casm_renderer --edition=2024 crates/casm-renderer/src/lib.rs --error-format=json --json=diagnostic-rendered-ansi,artifacts,future-incompat --crate-type lib --emit=dep-info,metadata,link -C embed-bitcode=no -C debuginfo=2 --warn=rust_2018_idioms '--warn=clippy::pedantic' '--warn=clippy::unwrap_used' --forbid=unsafe_code --warn=unreachable_pub '--warn=clippy::too_many_lines' '--allow=clippy::struct_field_names' '--warn=clippy::panic' '--allow=clippy::must_use_candidate' '--allow=clippy::module_name_repetitions' '--allow=clippy::missing_errors_doc' --warn=missing_docs '--warn=clippy::indexing_slicing' '--warn=clippy::expect_used' '--warn=clippy::cognitive_complexity' --check-cfg 'cfg(docsrs,test)' --check-cfg 'cfg(feature, values())' -C metadata=9a17573fc0ebd8de -C extra-filename=-a274aae3a51b3045 --out-dir /tmp/cargo-mutants-casm-PaMmur.tmp/target/debug/deps -C incremental=/tmp/cargo-mutants-casm-PaMmur.tmp/target/debug/incremental -L dependency=/tmp/cargo-mutants-casm-PaMmur.tmp/target/debug/deps --extern casm_core=/tmp/cargo-mutants-casm-PaMmur.tmp/target/debug/deps/libcasm_core-e0f19a3016ddb7a5.rmeta --verbose`
warning: unused variable: `architecture`
   --> crates/casm-renderer/src/lib.rs:278:15
    |
278 |     fn header(architecture: &Architecture) -> String {
    |               ^^^^^^^^^^^^ help: if this is intentional, prefix it with an underscore: `_architecture`
    |
    = note: `#[warn(unused_variables)]` (part of `#[warn(unused)]`) on by default

warning: `casm-renderer` (lib) generated 1 warning (run `cargo fix --lib -p casm-renderer` to apply 1 suggestion)
warning: `casm-renderer` (lib test) generated 1 warning (1 duplicate)
    Finished `test` profile [unoptimized + debuginfo] target(s) in 0.78s
  Executable `/tmp/cargo-mutants-casm-PaMmur.tmp/target/debug/deps/casm_renderer-23f510611d261a86`

*** result: Success

*** /home/srinivasan/.rustup/toolchains/nightly-x86_64-unknown-linux-gnu/bin/cargo test --verbose --package=casm-renderer@0.3.0
       Fresh version_check v0.9.5
       Fresh unicode-ident v1.0.24
       Fresh typenum v1.20.1
       Fresh cfg-if v1.0.4
       Fresh proc-macro2 v1.0.107
       Fresh keccak v0.1.6
       Fresh quote v1.0.47
       Fresh serde_core v1.0.229
       Fresh libc v0.2.189
       Fresh equivalent v1.0.2
       Fresh hashbrown v0.17.1
       Fresh syn v3.0.3
       Fresh generic-array v0.14.7
       Fresh getrandom v0.4.3
       Fresh indexmap v2.14.0
       Fresh semver v1.0.28
       Fresh block-buffer v0.10.4
       Fresh crypto-common v0.1.7
       Fresh thiserror-impl v2.0.19
       Fresh serde_derive v1.0.229
       Fresh uuid v1.24.0
       Fresh digest v0.10.7
       Fresh serde v1.0.229
       Fresh thiserror v2.0.19
       Fresh sha3 v0.10.9
       Fresh casm-core v0.3.0 (/tmp/cargo-mutants-casm-PaMmur.tmp/crates/casm-core)
warning: unused variable: `architecture`
   --> crates/casm-renderer/src/lib.rs:278:15
    |
278 |     fn header(architecture: &Architecture) -> String {
    |               ^^^^^^^^^^^^ help: if this is intentional, prefix it with an underscore: `_architecture`
    |
    = note: `#[warn(unused_variables)]` (part of `#[warn(unused)]`) on by default

warning: `casm-renderer` (lib) generated 1 warning (run `cargo fix --lib -p casm-renderer` to apply 1 suggestion)
warning: `casm-renderer` (lib test) generated 1 warning (1 duplicate)
       Fresh casm-renderer v0.3.0 (/tmp/cargo-mutants-casm-PaMmur.tmp/crates/casm-renderer)
    Finished `test` profile [unoptimized + debuginfo] target(s) in 0.18s
     Running `/tmp/cargo-mutants-casm-PaMmur.tmp/target/debug/deps/casm_renderer-23f510611d261a86`

running 19 tests
test tests::a_hostile_description_cannot_break_out_of_a_label ... ok
test tests::ascii_lists_nodes_interfaces_controls_and_edges ... FAILED
test tests::backend_ids_are_unique ... ok
test tests::ascii_says_so_when_there_is_nothing_to_draw ... ok
test tests::backends_are_discoverable_by_id ... ok
test tests::diagram_identifiers_are_positional_not_uuid_derived ... ok
test tests::escaping_neutralises_quotes_newlines_and_backslashes ... ok
test tests::every_backend_handles_an_empty_architecture ... ok
test tests::dot_shapes_distinguish_node_types ... ok
test tests::dot_produces_a_balanced_digraph ... ok
test tests::mermaid_arrows_distinguish_blocking_from_async ... ok
test tests::every_backend_output_ends_with_a_newline ... ok
test tests::every_backend_is_deterministic ... ok
test tests::mermaid_declares_a_flowchart_and_the_architecture_version ... ok
test tests::dot_styles_distinguish_relationship_types ... ok
test tests::mermaid_shapes_distinguish_node_types ... ok
test tests::mermaid_labels_edges_with_protocol_and_budget ... ok
test tests::rendering_never_panics_on_an_architecture_with_every_node_type ... ok
test tests::rendering_covers_every_relationship_type ... ok

failures:

---- tests::ascii_lists_nodes_interfaces_controls_and_edges stdout ----

thread 'tests::ascii_lists_nodes_interfaces_controls_and_edges' (1094940) panicked at crates/casm-renderer/src/lib.rs:578:9:
[gateway] gateway
    Public entry point
    --sync / grpc / 100ms--> orders

[service] orders
    :: grpc (grpc v1.0.0)
    # AUTH [security]
    --sync / grpc / 50ms--> orders-db

[database] orders-db

3 node(s), 2 relationship(s)

note: run with `RUST_BACKTRACE=1` environment variable to display a backtrace


failures:
    tests::ascii_lists_nodes_interfaces_controls_and_edges

test result: FAILED. 18 passed; 1 failed; 0 ignored; 0 measured; 0 filtered out; finished in 0.00s

error: test failed, to rerun pass `-p casm-renderer --lib`

*** result: Failure(101)
