
*** crates/casm-wasm/src/api.rs:116:5: replace validate -> String with String::new()

*** mutation diff:
--- crates/casm-wasm/src/api.rs
+++ replace validate -> String with String::new()
@@ -108,17 +108,17 @@
 ///
 /// Never fails: a document that cannot be parsed yields `parsed: false` and a syntax
 /// diagnostic.
 ///
 /// Checks no conformance claim, because it is given no library to check one against — see
 /// [`validate_with_patterns`].
 #[must_use]
 pub fn validate(source: &str) -> String {
-    validate_with_patterns(source, "")
+    String::new() /* ~ changed by cargo-mutants ~ */
 }
 
 /// Validates a document against a pattern library.
 ///
 /// `patterns` is a JSON array of pattern documents, each a string in YAML, JSON, or TOML —
 /// the same text a `patterns/` directory holds on disk. An empty string means no library,
 /// which is exactly what [`validate`] passes.
 ///


*** /home/srinivasan/.rustup/toolchains/nightly-x86_64-unknown-linux-gnu/bin/cargo test --no-run --verbose --package=casm-wasm@0.3.0
       Fresh unicode-ident v1.0.24
       Fresh version_check v0.9.5
       Fresh typenum v1.20.1
       Fresh cfg-if v1.0.4
       Fresh proc-macro2 v1.0.107
       Fresh serde_core v1.0.229
       Fresh quote v1.0.47
       Fresh generic-array v0.14.7
       Fresh equivalent v1.0.2
       Fresh hashbrown v0.17.1
       Fresh syn v3.0.3
       Fresh crypto-common v0.1.7
       Fresh libc v0.2.189
       Fresh block-buffer v0.10.4
       Fresh serde_derive v1.0.229
       Fresh indexmap v2.14.0
       Fresh getrandom v0.4.3
       Fresh serde v1.0.229
       Fresh thiserror-impl v2.0.19
       Fresh digest v0.10.7
       Fresh keccak v0.1.6
       Fresh uuid v1.24.0
       Fresh thiserror v2.0.19
       Fresh semver v1.0.28
       Fresh sha3 v0.10.9
       Fresh itoa v1.0.18
       Fresh casm-core v0.3.0 (/tmp/cargo-mutants-casm-ougte5.tmp/crates/casm-core)
       Fresh zmij v1.0.23
       Fresh memchr v2.8.3
       Fresh wasm-bindgen-shared v0.2.126
       Fresh rustversion v1.0.23
       Fresh serde_json v1.0.151
       Fresh syn v2.0.119
       Fresh foldhash v0.1.5
       Fresh winnow v1.0.4
       Fresh bumpalo v3.20.3
       Fresh wasm-bindgen-macro-support v0.2.126
       Fresh toml_parser v1.1.3+spec-1.1.0
       Fresh hashbrown v0.15.5
       Fresh serde_spanned v1.1.1
       Fresh toml_datetime v0.7.5+spec-1.1.0
       Fresh toml_writer v1.1.2+spec-1.1.0
       Fresh winnow v0.7.15
       Fresh unsafe-libyaml v0.2.11
       Fresh ryu v1.0.23
       Fresh fixedbitset v0.5.7
       Fresh toml v0.9.12+spec-1.1.0
       Fresh petgraph v0.8.3
       Fresh serde_yaml_ng v0.10.0
       Fresh wasm-bindgen-macro v0.2.126
       Fresh once_cell v1.21.4
       Fresh casm-renderer v0.3.0 (/tmp/cargo-mutants-casm-ougte5.tmp/crates/casm-renderer)
       Fresh casm-parser v0.3.0 (/tmp/cargo-mutants-casm-ougte5.tmp/crates/casm-parser)
       Fresh casm-validator v0.3.0 (/tmp/cargo-mutants-casm-ougte5.tmp/crates/casm-validator)
       Fresh wasm-bindgen v0.2.126
       Fresh casm-diff v0.3.0 (/tmp/cargo-mutants-casm-ougte5.tmp/crates/casm-diff)
       Fresh casm-lsp v0.3.0 (/tmp/cargo-mutants-casm-ougte5.tmp/crates/casm-lsp)
       Fresh console_error_panic_hook v0.1.7
       Dirty casm-wasm v0.3.0 (/tmp/cargo-mutants-casm-ougte5.tmp/crates/casm-wasm): the file `crates/casm-wasm/src/api.rs` has changed (1785933419.009047231s, 11s after last build at 1785933408.994820000s)
   Compiling casm-wasm v0.3.0 (/tmp/cargo-mutants-casm-ougte5.tmp/crates/casm-wasm)
     Running `/home/srinivasan/.rustup/toolchains/nightly-x86_64-unknown-linux-gnu/bin/rustc --crate-name casm_wasm --edition=2024 crates/casm-wasm/src/lib.rs --error-format=json --json=diagnostic-rendered-ansi,artifacts,future-incompat --crate-type cdylib --crate-type rlib --emit=dep-info,link -C embed-bitcode=no -C debuginfo=2 --warn=rust_2018_idioms '--warn=clippy::pedantic' '--warn=clippy::unwrap_used' --forbid=unsafe_code --warn=unreachable_pub '--warn=clippy::too_many_lines' '--allow=clippy::struct_field_names' '--warn=clippy::panic' '--allow=clippy::must_use_candidate' '--allow=clippy::module_name_repetitions' '--allow=clippy::missing_errors_doc' --warn=missing_docs '--warn=clippy::indexing_slicing' '--warn=clippy::expect_used' '--warn=clippy::cognitive_complexity' --check-cfg 'cfg(docsrs,test)' --check-cfg 'cfg(feature, values())' -C metadata=f02c942c99b81ee1 --out-dir /tmp/cargo-mutants-casm-ougte5.tmp/target/debug/deps -C incremental=/tmp/cargo-mutants-casm-ougte5.tmp/target/debug/incremental -L dependency=/tmp/cargo-mutants-casm-ougte5.tmp/target/debug/deps --extern casm_core=/tmp/cargo-mutants-casm-ougte5.tmp/target/debug/deps/libcasm_core-38ab8f9cc5cbd294.rlib --extern casm_diff=/tmp/cargo-mutants-casm-ougte5.tmp/target/debug/deps/libcasm_diff-56c79fc9dd0a1770.rlib --extern casm_lsp=/tmp/cargo-mutants-casm-ougte5.tmp/target/debug/deps/libcasm_lsp-f7ce6eddbc2a330b.rlib --extern casm_parser=/tmp/cargo-mutants-casm-ougte5.tmp/target/debug/deps/libcasm_parser-fd164bd7983e49b3.rlib --extern casm_renderer=/tmp/cargo-mutants-casm-ougte5.tmp/target/debug/deps/libcasm_renderer-1fcb935038db35cd.rlib --extern casm_validator=/tmp/cargo-mutants-casm-ougte5.tmp/target/debug/deps/libcasm_validator-63cf8602d2e097be.rlib --extern console_error_panic_hook=/tmp/cargo-mutants-casm-ougte5.tmp/target/debug/deps/libconsole_error_panic_hook-2dec12b9e293d1bc.rlib --extern serde=/tmp/cargo-mutants-casm-ougte5.tmp/target/debug/deps/libserde-6e908f11f9b7bd1f.rlib --extern serde_json=/tmp/cargo-mutants-casm-ougte5.tmp/target/debug/deps/libserde_json-8ada6c1221654e94.rlib --extern wasm_bindgen=/tmp/cargo-mutants-casm-ougte5.tmp/target/debug/deps/libwasm_bindgen-aa14faa7e38fb98e.rlib --verbose`
     Running `/home/srinivasan/.rustup/toolchains/nightly-x86_64-unknown-linux-gnu/bin/rustc --crate-name casm_wasm --edition=2024 crates/casm-wasm/src/lib.rs --error-format=json --json=diagnostic-rendered-ansi,artifacts,future-incompat --emit=dep-info,link -C embed-bitcode=no -C debuginfo=2 --warn=rust_2018_idioms '--warn=clippy::pedantic' '--warn=clippy::unwrap_used' --forbid=unsafe_code --warn=unreachable_pub '--warn=clippy::too_many_lines' '--allow=clippy::struct_field_names' '--warn=clippy::panic' '--allow=clippy::must_use_candidate' '--allow=clippy::module_name_repetitions' '--allow=clippy::missing_errors_doc' --warn=missing_docs '--warn=clippy::indexing_slicing' '--warn=clippy::expect_used' '--warn=clippy::cognitive_complexity' --test --check-cfg 'cfg(docsrs,test)' --check-cfg 'cfg(feature, values())' -C metadata=9e26f585e305cb89 -C extra-filename=-3c0908bfd81efa80 --out-dir /tmp/cargo-mutants-casm-ougte5.tmp/target/debug/deps -C incremental=/tmp/cargo-mutants-casm-ougte5.tmp/target/debug/incremental -L dependency=/tmp/cargo-mutants-casm-ougte5.tmp/target/debug/deps --extern casm_core=/tmp/cargo-mutants-casm-ougte5.tmp/target/debug/deps/libcasm_core-38ab8f9cc5cbd294.rlib --extern casm_diff=/tmp/cargo-mutants-casm-ougte5.tmp/target/debug/deps/libcasm_diff-56c79fc9dd0a1770.rlib --extern casm_lsp=/tmp/cargo-mutants-casm-ougte5.tmp/target/debug/deps/libcasm_lsp-f7ce6eddbc2a330b.rlib --extern casm_parser=/tmp/cargo-mutants-casm-ougte5.tmp/target/debug/deps/libcasm_parser-fd164bd7983e49b3.rlib --extern casm_renderer=/tmp/cargo-mutants-casm-ougte5.tmp/target/debug/deps/libcasm_renderer-1fcb935038db35cd.rlib --extern casm_validator=/tmp/cargo-mutants-casm-ougte5.tmp/target/debug/deps/libcasm_validator-63cf8602d2e097be.rlib --extern console_error_panic_hook=/tmp/cargo-mutants-casm-ougte5.tmp/target/debug/deps/libconsole_error_panic_hook-2dec12b9e293d1bc.rlib --extern serde=/tmp/cargo-mutants-casm-ougte5.tmp/target/debug/deps/libserde-6e908f11f9b7bd1f.rlib --extern serde_json=/tmp/cargo-mutants-casm-ougte5.tmp/target/debug/deps/libserde_json-8ada6c1221654e94.rlib --extern wasm_bindgen=/tmp/cargo-mutants-casm-ougte5.tmp/target/debug/deps/libwasm_bindgen-aa14faa7e38fb98e.rlib --verbose`
warning: unused variable: `source`
   --> crates/casm-wasm/src/api.rs:115:17
    |
115 | pub fn validate(source: &str) -> String {
    |                 ^^^^^^ help: if this is intentional, prefix it with an underscore: `_source`
    |
    = note: `#[warn(unused_variables)]` (part of `#[warn(unused)]`) on by default

warning: `casm-wasm` (lib) generated 1 warning (run `cargo fix --lib -p casm-wasm` to apply 1 suggestion)
warning: `casm-wasm` (lib test) generated 1 warning (1 duplicate)
    Finished `test` profile [unoptimized + debuginfo] target(s) in 1.81s
  Executable `/tmp/cargo-mutants-casm-ougte5.tmp/target/debug/deps/casm_wasm-3c0908bfd81efa80`

*** result: Success

*** /home/srinivasan/.rustup/toolchains/nightly-x86_64-unknown-linux-gnu/bin/cargo test --verbose --package=casm-wasm@0.3.0
    Blocking waiting for file lock on package cache
    Blocking waiting for file lock on package cache
       Fresh unicode-ident v1.0.24
       Fresh version_check v0.9.5
       Fresh typenum v1.20.1
       Fresh cfg-if v1.0.4
       Fresh proc-macro2 v1.0.107
       Fresh hashbrown v0.17.1
       Fresh equivalent v1.0.2
       Fresh quote v1.0.47
       Fresh serde_core v1.0.229
       Fresh libc v0.2.189
       Fresh keccak v0.1.6
       Fresh syn v3.0.3
       Fresh generic-array v0.14.7
       Fresh indexmap v2.14.0
       Fresh getrandom v0.4.3
       Fresh semver v1.0.28
       Fresh itoa v1.0.18
       Fresh serde_derive v1.0.229
       Fresh block-buffer v0.10.4
       Fresh crypto-common v0.1.7
       Fresh thiserror-impl v2.0.19
       Fresh uuid v1.24.0
       Fresh zmij v1.0.23
       Fresh memchr v2.8.3
       Fresh digest v0.10.7
       Fresh serde v1.0.229
       Fresh thiserror v2.0.19
       Fresh serde_json v1.0.151
       Fresh wasm-bindgen-shared v0.2.126
       Fresh syn v2.0.119
       Fresh foldhash v0.1.5
       Fresh winnow v1.0.4
       Fresh sha3 v0.10.9
       Fresh rustversion v1.0.23
       Fresh bumpalo v3.20.3
       Fresh hashbrown v0.15.5
       Fresh toml_parser v1.1.3+spec-1.1.0
       Fresh toml_datetime v0.7.5+spec-1.1.0
       Fresh serde_spanned v1.1.1
       Fresh unsafe-libyaml v0.2.11
       Fresh toml_writer v1.1.2+spec-1.1.0
       Fresh casm-core v0.3.0 (/tmp/cargo-mutants-casm-ougte5.tmp/crates/casm-core)
       Fresh wasm-bindgen-macro-support v0.2.126
       Fresh fixedbitset v0.5.7
       Fresh ryu v1.0.23
       Fresh winnow v0.7.15
       Fresh once_cell v1.21.4
       Fresh petgraph v0.8.3
       Fresh wasm-bindgen-macro v0.2.126
       Fresh serde_yaml_ng v0.10.0
       Fresh toml v0.9.12+spec-1.1.0
       Fresh casm-renderer v0.3.0 (/tmp/cargo-mutants-casm-ougte5.tmp/crates/casm-renderer)
       Fresh casm-diff v0.3.0 (/tmp/cargo-mutants-casm-ougte5.tmp/crates/casm-diff)
       Fresh wasm-bindgen v0.2.126
       Fresh casm-parser v0.3.0 (/tmp/cargo-mutants-casm-ougte5.tmp/crates/casm-parser)
       Fresh casm-validator v0.3.0 (/tmp/cargo-mutants-casm-ougte5.tmp/crates/casm-validator)
       Fresh casm-lsp v0.3.0 (/tmp/cargo-mutants-casm-ougte5.tmp/crates/casm-lsp)
       Fresh console_error_panic_hook v0.1.7
warning: unused variable: `source`
   --> crates/casm-wasm/src/api.rs:115:17
    |
115 | pub fn validate(source: &str) -> String {
    |                 ^^^^^^ help: if this is intentional, prefix it with an underscore: `_source`
    |
    = note: `#[warn(unused_variables)]` (part of `#[warn(unused)]`) on by default

warning: `casm-wasm` (lib) generated 1 warning (run `cargo fix --lib -p casm-wasm` to apply 1 suggestion)
warning: `casm-wasm` (lib test) generated 1 warning (1 duplicate)
       Fresh casm-wasm v0.3.0 (/tmp/cargo-mutants-casm-ougte5.tmp/crates/casm-wasm)
    Finished `test` profile [unoptimized + debuginfo] target(s) in 0.24s
     Running `/tmp/cargo-mutants-casm-ougte5.tmp/target/debug/deps/casm_wasm-3c0908bfd81efa80`

running 47 tests
test api::tests::a_broken_document_yields_a_result_rather_than_an_error ... FAILED
test api::tests::a_claim_is_unchecked_without_a_library ... FAILED
test api::tests::a_converted_document_still_parses ... FAILED
test api::tests::a_document_claiming_nothing_conforms_vacuously ... ok
test api::tests::an_unknown_format_is_rejected_as_a_value ... ok
test api::tests::an_unknown_inventory_kind_is_rejected_as_a_value ... ok
test api::tests::an_unknown_backend_is_reported_with_the_ones_that_exist ... ok
test api::tests::a_claim_is_checked_once_a_library_is_supplied ... ok
test api::tests::a_malformed_library_is_reported_as_a_value_not_a_trap ... ok
test api::tests::completion_offers_pattern_references_from_the_library ... ok
test api::tests::completion_works_on_a_document_that_does_not_parse ... ok
test api::tests::completion_offers_node_types_after_a_type_key ... ok
test api::tests::conformance_infers_a_binding_the_document_did_not_write ... ok
test api::tests::conformance_on_a_broken_document_is_a_value ... ok
test api::tests::an_unchecked_claim_does_not_count_as_conforming ... ok
test api::tests::conformance_reports_the_bindings_it_resolved ... ok
test api::tests::an_unmet_requirement_is_an_error_across_the_boundary ... ok
test api::tests::conformance_separates_what_a_tool_can_fix_from_what_a_human_must_decide ... ok
test api::tests::diffing_a_document_against_itself_is_empty ... ok
test api::tests::drift_compares_against_a_native_inventory ... ok
test api::tests::drift_compares_against_terraform_state ... ok
test api::tests::exit_codes_match_the_command_line ... FAILED
test api::tests::diffing_reports_a_breaking_removal ... ok
test api::tests::extreme_positions_do_not_panic ... ok
test api::tests::diffing_names_which_side_failed_to_parse ... ok
test api::tests::an_empty_library_is_not_an_error ... ok
test api::tests::fingerprinting_exposes_per_node_digests ... ok
test api::tests::every_entry_point_returns_parseable_json ... FAILED
test api::tests::fingerprinting_is_stable_across_calls ... ok
test api::tests::hover_explains_a_node ... ok
test api::tests::hover_over_empty_space_is_a_negative_result_not_an_error ... ok
test api::tests::rendering_a_broken_document_reports_the_parse_error ... ok
test api::tests::hover_explains_a_claimed_pattern_from_the_library ... ok
test api::tests::formatting_is_idempotent_once_identifiers_are_pinned ... ok
test api::tests::formatting_converts_between_the_three_formats ... ok
test api::tests::rendering_produces_a_diagram_for_each_backend ... ok
test api::tests::the_version_is_reported ... ok
test api::tests::validating_reports_findings_with_positions ... FAILED
test api::tests::validating_a_good_document_reports_its_shape_and_fingerprint ... FAILED
test api::tests::the_rule_catalogue_matches_the_validator ... ok
test api::tests::supplying_no_library_matches_the_older_entry_points_exactly ... FAILED
test tests::the_panic_hook_can_be_installed_more_than_once ... ok
test api::tests::validating_and_rendering_are_byte_deterministic ... ok
test api::tests::one_broken_pattern_does_not_discard_the_rest ... ok
test api::tests::the_pattern_aware_calls_are_deterministic ... ok
test tests::the_bindings_delegate_to_the_api_unchanged ... ok
test api::tests::nothing_panics_on_hostile_input ... ok

failures:

---- api::tests::a_broken_document_yields_a_result_rather_than_an_error stdout ----

thread 'api::tests::a_broken_document_yields_a_result_rather_than_an_error' (1168990) panicked at crates/casm-wasm/src/api.rs:782:58:
not JSON: EOF while parsing a value at line 1 column 0

note: run with `RUST_BACKTRACE=1` environment variable to display a backtrace

---- api::tests::a_claim_is_unchecked_without_a_library stdout ----

thread 'api::tests::a_claim_is_unchecked_without_a_library' (1168992) panicked at crates/casm-wasm/src/api.rs:782:58:
not JSON: EOF while parsing a value at line 1 column 0


---- api::tests::a_converted_document_still_parses stdout ----

thread 'api::tests::a_converted_document_still_parses' (1168993) panicked at crates/casm-wasm/src/api.rs:782:58:
not JSON: EOF while parsing a value at line 1 column 0


---- api::tests::exit_codes_match_the_command_line stdout ----

thread 'api::tests::exit_codes_match_the_command_line' (1169015) panicked at crates/casm-wasm/src/api.rs:782:58:
not JSON: EOF while parsing a value at line 1 column 0


---- api::tests::every_entry_point_returns_parseable_json stdout ----

thread 'api::tests::every_entry_point_returns_parseable_json' (1169014) panicked at crates/casm-wasm/src/api.rs:782:58:
not JSON: EOF while parsing a value at line 1 column 0


---- api::tests::validating_reports_findings_with_positions stdout ----

thread 'api::tests::validating_reports_findings_with_positions' (1169035) panicked at crates/casm-wasm/src/api.rs:782:58:
not JSON: EOF while parsing a value at line 1 column 0


---- api::tests::validating_a_good_document_reports_its_shape_and_fingerprint stdout ----

thread 'api::tests::validating_a_good_document_reports_its_shape_and_fingerprint' (1169033) panicked at crates/casm-wasm/src/api.rs:782:58:
not JSON: EOF while parsing a value at line 1 column 0


---- api::tests::supplying_no_library_matches_the_older_entry_points_exactly stdout ----

thread 'api::tests::supplying_no_library_matches_the_older_entry_points_exactly' (1169029) panicked at crates/casm-wasm/src/api.rs:1396:9:
assertion `left == right` failed
  left: ""
 right: "{\"valid\":true,\"parsed\":true,\"exitCode\":1,\"summary\":\"0 error(s), 3 warning(s)\",\"fingerprint\":\"13e11912345392074bf03a5f084113e0976a40b09d3a8a5ed8efd732fdda4635\",\"nodeCount\":2,\"relationshipCount\":1,\"diagnostics\":[{\"severity\":\"warning\",\"rule\":\"services-require-security-controls\",\"message\":\"declares 0 security control(s) but 2 are required\\n\\nSuggestion: add 2 more control(s) with 'type: security' describing how this node is authenticated, authorised, and encrypted\",\"line\":3,\"start\":10,\"end\":22},{\"severity\":\"warning\",\"rule\":\"services-require-security-controls\",\"message\":\"declares 1 security control(s) but 2 are required\\n\\nSuggestion: add 1 more control(s) with 'type: security' describing how this node is authenticated, authorised, and encrypted\",\"line\":5,\"start\":10,\"end\":16},{\"severity\":\"info\",\"rule\":\"sync-targets-should-declare-interfaces\",\"message\":\"is called synchronously but declares no interfaces, so its contract cannot be version-checked\\n\\nSuggestion: add an 'interfaces' entry naming the protocol and semantic version callers depend on\",\"line\":5,\"start\":10,\"end\":16},{\"severity\":\"warning\",\"rule\":\"patterns-are-satisfied\",\"message\":\"claims conformance to 'secure-web-tier@1.0.0', which was not available to check\\n\\nSuggestion: supply a pattern library so the claim can be checked — `casm validate --patterns <dir>`\",\"line\":16,\"start\":13,\"end\":34}],\"patternsLoaded\":0,\"patternErrors\":[]}"


failures:
    api::tests::a_broken_document_yields_a_result_rather_than_an_error
    api::tests::a_claim_is_unchecked_without_a_library
    api::tests::a_converted_document_still_parses
    api::tests::every_entry_point_returns_parseable_json
    api::tests::exit_codes_match_the_command_line
    api::tests::supplying_no_library_matches_the_older_entry_points_exactly
    api::tests::validating_a_good_document_reports_its_shape_and_fingerprint
    api::tests::validating_reports_findings_with_positions

test result: FAILED. 39 passed; 8 failed; 0 ignored; 0 measured; 0 filtered out; finished in 8.37s

error: test failed, to rerun pass `-p casm-wasm --lib`

*** result: Failure(101)
