
*** crates/casm-formal/src/alloy.rs:123:5: replace module_name -> String with "xyzzy".into()

*** mutation diff:
--- crates/casm-formal/src/alloy.rs
+++ replace module_name -> String with "xyzzy".into()
@@ -115,35 +115,17 @@
         NodeType::Human => "Human",
         NodeType::Boundary => "Boundary",
     }
 }
 
 /// Converts an architecture name into a legal Alloy module name.
 #[must_use]
 pub fn module_name(architecture_name: &str) -> String {
-    let sanitised: String = architecture_name
-        .chars()
-        .map(|character| {
-            if character.is_ascii_alphanumeric() {
-                character
-            } else {
-                '_'
-            }
-        })
-        .collect();
-
-    let trimmed = sanitised.trim_matches('_').to_owned();
-    if trimmed.is_empty() || trimmed.chars().next().is_some_and(|c| c.is_ascii_digit()) {
-        format!("architecture_{trimmed}")
-            .trim_end_matches('_')
-            .to_owned()
-    } else {
-        trimmed
-    }
+    "xyzzy".into() /* ~ changed by cargo-mutants ~ */
 }
 
 /// Renders a set of identifiers as an Alloy union, or `none` when empty.
 fn union(members: &[String]) -> String {
     if members.is_empty() {
         "none".to_owned()
     } else {
         members.join(" + ")


*** /home/srinivasan/.rustup/toolchains/nightly-x86_64-unknown-linux-gnu/bin/cargo test --no-run --verbose --package=casm-formal@0.3.0
    Blocking waiting for file lock on package cache
    Blocking waiting for file lock on package cache
    Blocking waiting for file lock on package cache
       Fresh unicode-ident v1.0.24
       Fresh version_check v0.9.5
       Fresh typenum v1.20.1
       Fresh serde_core v1.0.229
       Fresh proc-macro2 v1.0.107
       Fresh equivalent v1.0.2
       Fresh quote v1.0.47
       Fresh generic-array v0.14.7
       Fresh libc v0.2.189
       Fresh cfg-if v1.0.4
       Fresh hashbrown v0.17.1
       Fresh syn v3.0.3
       Fresh block-buffer v0.10.4
       Fresh crypto-common v0.1.7
       Fresh indexmap v2.14.0
       Fresh getrandom v0.4.3
       Fresh serde_derive v1.0.229
       Fresh digest v0.10.7
       Fresh thiserror-impl v2.0.19
       Fresh keccak v0.1.6
       Fresh serde v1.0.229
       Fresh thiserror v2.0.19
       Fresh sha3 v0.10.9
       Fresh uuid v1.24.0
       Fresh semver v1.0.28
       Fresh winnow v1.0.4
       Fresh itoa v1.0.18
       Fresh casm-core v0.3.0 (/tmp/cargo-mutants-casm-Mdd4Ys.tmp/crates/casm-core)
       Fresh zmij v1.0.23
       Fresh toml_datetime v0.7.5+spec-1.1.0
       Fresh toml_parser v1.1.3+spec-1.1.0
       Fresh serde_spanned v1.1.1
       Fresh unsafe-libyaml v0.2.11
       Fresh winnow v0.7.15
       Fresh ryu v1.0.23
       Fresh memchr v2.8.3
       Fresh toml_writer v1.1.2+spec-1.1.0
       Fresh serde_yaml_ng v0.10.0
       Dirty casm-formal v0.3.0 (/tmp/cargo-mutants-casm-Mdd4Ys.tmp/crates/casm-formal): the file `crates/casm-formal/src/alloy.rs` has changed (1785931683.872431912s, 3s after last build at 1785931680.866776092s)
   Compiling casm-formal v0.3.0 (/tmp/cargo-mutants-casm-Mdd4Ys.tmp/crates/casm-formal)
       Fresh serde_json v1.0.151
       Fresh toml v0.9.12+spec-1.1.0
       Fresh casm-parser v0.3.0 (/tmp/cargo-mutants-casm-Mdd4Ys.tmp/crates/casm-parser)
     Running `/home/srinivasan/.rustup/toolchains/nightly-x86_64-unknown-linux-gnu/bin/rustc --crate-name casm_formal --edition=2024 crates/casm-formal/src/lib.rs --error-format=json --json=diagnostic-rendered-ansi,artifacts,future-incompat --emit=dep-info,link -C embed-bitcode=no -C debuginfo=2 --warn=rust_2018_idioms '--warn=clippy::pedantic' '--warn=clippy::unwrap_used' --forbid=unsafe_code --warn=unreachable_pub '--warn=clippy::too_many_lines' '--allow=clippy::struct_field_names' '--warn=clippy::panic' '--allow=clippy::must_use_candidate' '--allow=clippy::module_name_repetitions' '--allow=clippy::missing_errors_doc' --warn=missing_docs '--warn=clippy::indexing_slicing' '--warn=clippy::expect_used' '--warn=clippy::cognitive_complexity' --test --check-cfg 'cfg(docsrs,test)' --check-cfg 'cfg(feature, values())' -C metadata=3bdee02190ccaeac -C extra-filename=-cc425937610d0a3f --out-dir /tmp/cargo-mutants-casm-Mdd4Ys.tmp/target/debug/deps -C incremental=/tmp/cargo-mutants-casm-Mdd4Ys.tmp/target/debug/incremental -L dependency=/tmp/cargo-mutants-casm-Mdd4Ys.tmp/target/debug/deps --extern casm_core=/tmp/cargo-mutants-casm-Mdd4Ys.tmp/target/debug/deps/libcasm_core-0e2727cdb6cb7ba3.rlib --extern casm_parser=/tmp/cargo-mutants-casm-Mdd4Ys.tmp/target/debug/deps/libcasm_parser-46b061afdef23cde.rlib --verbose`
     Running `/home/srinivasan/.rustup/toolchains/nightly-x86_64-unknown-linux-gnu/bin/rustc --crate-name casm_formal --edition=2024 crates/casm-formal/src/lib.rs --error-format=json --json=diagnostic-rendered-ansi,artifacts,future-incompat --crate-type lib --emit=dep-info,metadata,link -C embed-bitcode=no -C debuginfo=2 --warn=rust_2018_idioms '--warn=clippy::pedantic' '--warn=clippy::unwrap_used' --forbid=unsafe_code --warn=unreachable_pub '--warn=clippy::too_many_lines' '--allow=clippy::struct_field_names' '--warn=clippy::panic' '--allow=clippy::must_use_candidate' '--allow=clippy::module_name_repetitions' '--allow=clippy::missing_errors_doc' --warn=missing_docs '--warn=clippy::indexing_slicing' '--warn=clippy::expect_used' '--warn=clippy::cognitive_complexity' --check-cfg 'cfg(docsrs,test)' --check-cfg 'cfg(feature, values())' -C metadata=a718362359bd9abb -C extra-filename=-3d62c4049ed65674 --out-dir /tmp/cargo-mutants-casm-Mdd4Ys.tmp/target/debug/deps -C incremental=/tmp/cargo-mutants-casm-Mdd4Ys.tmp/target/debug/incremental -L dependency=/tmp/cargo-mutants-casm-Mdd4Ys.tmp/target/debug/deps --extern casm_core=/tmp/cargo-mutants-casm-Mdd4Ys.tmp/target/debug/deps/libcasm_core-0e2727cdb6cb7ba3.rmeta --verbose`
warning: unused variable: `architecture_name`
   --> crates/casm-formal/src/alloy.rs:122:20
    |
122 | pub fn module_name(architecture_name: &str) -> String {
    |                    ^^^^^^^^^^^^^^^^^ help: if this is intentional, prefix it with an underscore: `_architecture_name`
    |
    = note: `#[warn(unused_variables)]` (part of `#[warn(unused)]`) on by default

warning: `casm-formal` (lib) generated 1 warning (run `cargo fix --lib -p casm-formal` to apply 1 suggestion)
     Running `/home/srinivasan/.rustup/toolchains/nightly-x86_64-unknown-linux-gnu/bin/rustc --crate-name emit --edition=2024 crates/casm-formal/examples/emit.rs --error-format=json --json=diagnostic-rendered-ansi,artifacts,future-incompat --crate-type bin --emit=dep-info,link -C embed-bitcode=no -C debuginfo=2 --warn=rust_2018_idioms '--warn=clippy::pedantic' '--warn=clippy::unwrap_used' --forbid=unsafe_code --warn=unreachable_pub '--warn=clippy::too_many_lines' '--allow=clippy::struct_field_names' '--warn=clippy::panic' '--allow=clippy::must_use_candidate' '--allow=clippy::module_name_repetitions' '--allow=clippy::missing_errors_doc' --warn=missing_docs '--warn=clippy::indexing_slicing' '--warn=clippy::expect_used' '--warn=clippy::cognitive_complexity' --check-cfg 'cfg(docsrs,test)' --check-cfg 'cfg(feature, values())' -C metadata=dc239db49d5ebb7a -C extra-filename=-5beac0b530227bda --out-dir /tmp/cargo-mutants-casm-Mdd4Ys.tmp/target/debug/examples -C incremental=/tmp/cargo-mutants-casm-Mdd4Ys.tmp/target/debug/incremental -L dependency=/tmp/cargo-mutants-casm-Mdd4Ys.tmp/target/debug/deps --extern casm_core=/tmp/cargo-mutants-casm-Mdd4Ys.tmp/target/debug/deps/libcasm_core-0e2727cdb6cb7ba3.rlib --extern casm_formal=/tmp/cargo-mutants-casm-Mdd4Ys.tmp/target/debug/deps/libcasm_formal-3d62c4049ed65674.rlib --extern casm_parser=/tmp/cargo-mutants-casm-Mdd4Ys.tmp/target/debug/deps/libcasm_parser-46b061afdef23cde.rlib --verbose`
     Running `/home/srinivasan/.rustup/toolchains/nightly-x86_64-unknown-linux-gnu/bin/rustc --crate-name checked --edition=2024 crates/casm-formal/tests/checked.rs --error-format=json --json=diagnostic-rendered-ansi,artifacts,future-incompat --emit=dep-info,link -C embed-bitcode=no -C debuginfo=2 --warn=rust_2018_idioms '--warn=clippy::pedantic' '--warn=clippy::unwrap_used' --forbid=unsafe_code --warn=unreachable_pub '--warn=clippy::too_many_lines' '--allow=clippy::struct_field_names' '--warn=clippy::panic' '--allow=clippy::must_use_candidate' '--allow=clippy::module_name_repetitions' '--allow=clippy::missing_errors_doc' --warn=missing_docs '--warn=clippy::indexing_slicing' '--warn=clippy::expect_used' '--warn=clippy::cognitive_complexity' --test --check-cfg 'cfg(docsrs,test)' --check-cfg 'cfg(feature, values())' -C metadata=028a0ca3de7fc7b5 -C extra-filename=-33e472487a0284ee --out-dir /tmp/cargo-mutants-casm-Mdd4Ys.tmp/target/debug/deps -C incremental=/tmp/cargo-mutants-casm-Mdd4Ys.tmp/target/debug/incremental -L dependency=/tmp/cargo-mutants-casm-Mdd4Ys.tmp/target/debug/deps --extern casm_core=/tmp/cargo-mutants-casm-Mdd4Ys.tmp/target/debug/deps/libcasm_core-0e2727cdb6cb7ba3.rlib --extern casm_formal=/tmp/cargo-mutants-casm-Mdd4Ys.tmp/target/debug/deps/libcasm_formal-3d62c4049ed65674.rlib --extern casm_parser=/tmp/cargo-mutants-casm-Mdd4Ys.tmp/target/debug/deps/libcasm_parser-46b061afdef23cde.rlib --verbose`
warning: `casm-formal` (lib test) generated 1 warning (1 duplicate)
    Finished `test` profile [unoptimized + debuginfo] target(s) in 1.74s
  Executable `/tmp/cargo-mutants-casm-Mdd4Ys.tmp/target/debug/deps/casm_formal-cc425937610d0a3f`
  Executable `/tmp/cargo-mutants-casm-Mdd4Ys.tmp/target/debug/deps/checked-33e472487a0284ee`

*** result: Success

*** /home/srinivasan/.rustup/toolchains/nightly-x86_64-unknown-linux-gnu/bin/cargo test --verbose --package=casm-formal@0.3.0
    Blocking waiting for file lock on package cache
    Blocking waiting for file lock on package cache
       Fresh unicode-ident v1.0.24
       Fresh version_check v0.9.5
       Fresh typenum v1.20.1
       Fresh serde_core v1.0.229
       Fresh proc-macro2 v1.0.107
       Fresh libc v0.2.189
       Fresh equivalent v1.0.2
       Fresh quote v1.0.47
       Fresh generic-array v0.14.7
       Fresh cfg-if v1.0.4
       Fresh hashbrown v0.17.1
       Fresh keccak v0.1.6
       Fresh syn v3.0.3
       Fresh block-buffer v0.10.4
       Fresh crypto-common v0.1.7
       Fresh getrandom v0.4.3
       Fresh indexmap v2.14.0
       Fresh semver v1.0.28
       Fresh serde_derive v1.0.229
       Fresh thiserror-impl v2.0.19
       Fresh digest v0.10.7
       Fresh uuid v1.24.0
       Fresh itoa v1.0.18
       Fresh winnow v1.0.4
       Fresh serde v1.0.229
       Fresh sha3 v0.10.9
       Fresh thiserror v2.0.19
       Fresh toml_parser v1.1.3+spec-1.1.0
       Fresh zmij v1.0.23
       Fresh serde_spanned v1.1.1
       Fresh casm-core v0.3.0 (/tmp/cargo-mutants-casm-Mdd4Ys.tmp/crates/casm-core)
       Fresh toml_datetime v0.7.5+spec-1.1.0
       Fresh winnow v0.7.15
       Fresh memchr v2.8.3
       Fresh unsafe-libyaml v0.2.11
       Fresh ryu v1.0.23
       Fresh toml_writer v1.1.2+spec-1.1.0
       Fresh serde_json v1.0.151
       Fresh serde_yaml_ng v0.10.0
       Fresh toml v0.9.12+spec-1.1.0
warning: unused variable: `architecture_name`
   --> crates/casm-formal/src/alloy.rs:122:20
    |
122 | pub fn module_name(architecture_name: &str) -> String {
    |                    ^^^^^^^^^^^^^^^^^ help: if this is intentional, prefix it with an underscore: `_architecture_name`
    |
    = note: `#[warn(unused_variables)]` (part of `#[warn(unused)]`) on by default

warning: `casm-formal` (lib) generated 1 warning (run `cargo fix --lib -p casm-formal` to apply 1 suggestion)
       Fresh casm-parser v0.3.0 (/tmp/cargo-mutants-casm-Mdd4Ys.tmp/crates/casm-parser)
       Fresh casm-formal v0.3.0 (/tmp/cargo-mutants-casm-Mdd4Ys.tmp/crates/casm-formal)
warning: `casm-formal` (lib test) generated 1 warning (1 duplicate)
    Finished `test` profile [unoptimized + debuginfo] target(s) in 0.36s
     Running `/tmp/cargo-mutants-casm-Mdd4Ys.tmp/target/debug/deps/casm_formal-cc425937610d0a3f`

running 47 tests
test alloy::tests::an_empty_architecture_produces_a_parseable_model ... FAILED
test alloy::tests::empty_groups_are_rendered_as_none_not_as_nothing ... ok
test alloy::tests::colliding_names_are_disambiguated_deterministically ... ok
test alloy::tests::a_node_with_no_edges_is_pinned_to_none ... ok
test alloy::tests::every_node_gets_exactly_one_identifier ... ok
test alloy::tests::asynchronous_edges_land_in_notifies_not_blocks ... ok
test alloy::tests::braces_are_balanced ... ok
test alloy::tests::identifiers_are_prefixed_and_sanitised ... ok
test alloy::tests::module_names_become_legal_identifiers ... FAILED
test alloy::tests::every_assertion_has_a_matching_check ... ok
test alloy::tests::the_isolated_nodes_assertion_is_omitted_for_a_single_node ... ok
test alloy::tests::only_the_node_types_in_use_are_declared ... ok
test alloy::tests::every_node_declares_both_relations ... ok
test alloy::tests::the_prefix_makes_a_keyword_collision_impossible ... ok
test alloy::tests::the_check_scope_covers_every_node ... ok
test model::tests::a_cycle_is_detected_without_the_walk_hanging ... ok
test model::tests::an_acyclic_architecture_has_no_cycle ... ok
test alloy::tests::the_external_and_stateful_groups_are_populated ... ok
test alloy::tests::the_identifier_mapping_is_emitted_only_where_it_differs ... ok
test model::tests::an_empty_architecture_produces_an_empty_model ... ok
test model::tests::a_diamond_does_not_duplicate_closure_entries ... ok
test model::tests::blocking_and_asynchronous_edges_are_separated ... ok
test model::tests::external_nodes_are_identified ... ok
test model::tests::the_blast_radius_counts_transitive_dependents ... ok
test alloy::tests::the_filename_matches_the_module ... FAILED
test model::tests::the_closure_reaches_through_the_chain ... ok
test alloy::tests::generation_is_deterministic ... ok
test model::tests::independent_nodes_are_those_nothing_blocks_on ... ok
test model::tests::the_fingerprint_ties_a_spec_to_its_source ... ok
test model::tests::the_closure_does_not_cross_an_asynchronous_edge ... ok
test tla::tests::a_single_node_architecture_bounds_failures_sensibly ... ok
test tla::tests::an_empty_architecture_still_produces_a_wellformed_module ... ok
test model::tests::latency_budgets_are_carried_but_only_for_documentation ... ok
test tla::tests::module_names_become_legal_identifiers ... ok
test tla::tests::asynchronous_edges_are_absent_from_the_closure ... ok
test tla::tests::pair_sets_separate_every_element_but_the_last ... ok
test tla::tests::set_literals_use_tla_syntax ... ok
test tla::tests::asynchronous_edges_are_still_recorded_for_the_reader ... ok
test tla::tests::node_names_are_strings_so_hyphens_survive ... ok
test tla::tests::the_blast_radius_bound_is_seeded_so_it_holds ... ok
test tla::tests::the_config_names_only_operators_the_module_defines ... ok
test tla::tests::generation_is_deterministic ... ok
test tla::tests::latency_budgets_appear_only_as_comments ... ok
test model::tests::the_model_is_sorted_and_therefore_stable_under_reordering ... ok
test tla::tests::the_filenames_agree_with_the_module_name ... ok
test tla::tests::the_config_declares_every_constant_the_module_takes ... ok
test tla::tests::the_module_is_terminated ... ok

failures:

---- alloy::tests::an_empty_architecture_produces_a_parseable_model stdout ----

thread 'alloy::tests::an_empty_architecture_produces_a_parseable_model' (564688) panicked at crates/casm-formal/src/alloy.rs:618:9:
assertion failed: output.model.contains("module empty")
note: run with `RUST_BACKTRACE=1` environment variable to display a backtrace

---- alloy::tests::module_names_become_legal_identifiers stdout ----

thread 'alloy::tests::module_names_become_legal_identifiers' (564698) panicked at crates/casm-formal/src/alloy.rs:447:9:
assertion `left == right` failed
  left: "xyzzy"
 right: "checkout"

---- alloy::tests::the_filename_matches_the_module stdout ----

thread 'alloy::tests::the_filename_matches_the_module' (564702) panicked at crates/casm-formal/src/alloy.rs:456:9:
assertion `left == right` failed
  left: "xyzzy.als"
 right: "checkout.als"


failures:
    alloy::tests::an_empty_architecture_produces_a_parseable_model
    alloy::tests::module_names_become_legal_identifiers
    alloy::tests::the_filename_matches_the_module

test result: FAILED. 44 passed; 3 failed; 0 ignored; 0 measured; 0 filtered out; finished in 0.03s

error: test failed, to rerun pass `-p casm-formal --lib`

*** result: Failure(101)
