
*** crates/casm-wasm/src/api.rs:129:5: replace validate_with_patterns -> String with "xyzzy".into()

*** mutation diff:
--- crates/casm-wasm/src/api.rs
+++ replace validate_with_patterns -> String with "xyzzy".into()
@@ -121,71 +121,17 @@
 /// `patterns` is a JSON array of pattern documents, each a string in YAML, JSON, or TOML —
 /// the same text a `patterns/` directory holds on disk. An empty string means no library,
 /// which is exactly what [`validate`] passes.
 ///
 /// A browser has no filesystem to discover a library in, so the caller supplies one. That
 /// is the whole difference between this and the language server, which finds its own.
 #[must_use]
 pub fn validate_with_patterns(source: &str, patterns: &str) -> String {
-    let library = Library::read(patterns);
-    let index = DocumentIndex::build(source);
-    let analysis = casm_lsp::diagnostics::analyse(
-        source,
-        Path::new(VIRTUAL_PATH),
-        &index,
-        &ValidatorConfig::default(),
-        &library.patterns,
-    );
-
-    let diagnostics: Vec<WasmDiagnostic> = analysis
-        .diagnostics
-        .iter()
-        .map(|diagnostic| WasmDiagnostic {
-            severity: match diagnostic.severity {
-                Severity::Error => "error",
-                Severity::Warning => "warning",
-                Severity::Info => "info",
-            },
-            rule: diagnostic.code.clone(),
-            message: diagnostic.message.clone(),
-            line: diagnostic.span.line,
-            start: diagnostic.span.start,
-            end: diagnostic.span.end,
-        })
-        .collect();
-
-    let errors = diagnostics.iter().filter(|d| d.severity == "error").count();
-    let warnings = diagnostics
-        .iter()
-        .filter(|d| d.severity == "warning")
-        .count();
-
-    // The same mapping `Report::exit_code` makes, so a page and a pipeline never
-    // disagree about whether a document passed.
-    let exit_code = match (errors, warnings) {
-        (0, 0) => 0,
-        (0, _) => 1,
-        _ => 2,
-    };
-
-    let architecture = analysis.architecture.as_ref();
-
-    to_json(&ValidationResult {
-        valid: errors == 0 && architecture.is_some(),
-        parsed: architecture.is_some(),
-        exit_code,
-        summary: format!("{errors} error(s), {warnings} warning(s)"),
-        fingerprint: architecture.map(|arch| merkle::fingerprint(arch).to_hex()),
-        node_count: architecture.map_or(0, casm_core::Architecture::node_count),
-        relationship_count: architecture.map_or(0, casm_core::Architecture::relationship_count),
-        diagnostics,
-        patterns_loaded: library.patterns.len(),
-        pattern_errors: library.errors,
-    })
+    "xyzzy".into() /* ~ changed by cargo-mutants ~ */
 }
 
 /// A pattern library supplied across the ABI, and whatever failed to load.
 ///
 /// Reading is total. A malformed source becomes an entry in `errors` and the rest of the
 /// library still loads — a page that stopped validating because one pattern had a typo
 /// would be worse than one that says which pattern.
 struct Library {


*** /home/srinivasan/.rustup/toolchains/nightly-x86_64-unknown-linux-gnu/bin/cargo test --no-run --verbose --package=casm-wasm@0.3.0
    Blocking waiting for file lock on package cache
    Blocking waiting for file lock on package cache
    Blocking waiting for file lock on package cache
    Blocking waiting for file lock on package cache
       Fresh unicode-ident v1.0.24
       Fresh version_check v0.9.5
       Fresh typenum v1.20.1
       Fresh cfg-if v1.0.4
       Fresh equivalent v1.0.2
       Fresh hashbrown v0.17.1
       Fresh proc-macro2 v1.0.107
       Fresh serde_core v1.0.229
       Fresh libc v0.2.189
       Fresh quote v1.0.47
       Fresh generic-array v0.14.7
       Fresh indexmap v2.14.0
       Fresh getrandom v0.4.3
       Fresh keccak v0.1.6
       Fresh semver v1.0.28
       Fresh syn v3.0.3
       Fresh crypto-common v0.1.7
       Fresh block-buffer v0.10.4
       Fresh uuid v1.24.0
       Fresh itoa v1.0.18
       Fresh serde_derive v1.0.229
       Fresh digest v0.10.7
       Fresh thiserror-impl v2.0.19
       Fresh zmij v1.0.23
       Fresh memchr v2.8.3
       Fresh wasm-bindgen-shared v0.2.126
       Fresh serde v1.0.229
       Fresh thiserror v2.0.19
       Fresh sha3 v0.10.9
       Fresh serde_json v1.0.151
       Fresh syn v2.0.119
       Fresh foldhash v0.1.5
       Fresh bumpalo v3.20.3
       Fresh casm-core v0.3.0 (/tmp/cargo-mutants-casm-Mdd4Ys.tmp/crates/casm-core)
       Fresh rustversion v1.0.23
       Fresh winnow v1.0.4
       Fresh hashbrown v0.15.5
       Fresh wasm-bindgen-macro-support v0.2.126
       Fresh toml_datetime v0.7.5+spec-1.1.0
       Fresh serde_spanned v1.1.1
       Fresh toml_writer v1.1.2+spec-1.1.0
       Fresh toml_parser v1.1.3+spec-1.1.0
       Fresh ryu v1.0.23
       Fresh winnow v0.7.15
       Fresh fixedbitset v0.5.7
       Fresh unsafe-libyaml v0.2.11
       Fresh wasm-bindgen-macro v0.2.126
       Fresh once_cell v1.21.4
       Fresh serde_yaml_ng v0.10.0
       Fresh petgraph v0.8.3
       Fresh toml v0.9.12+spec-1.1.0
       Fresh casm-renderer v0.3.0 (/tmp/cargo-mutants-casm-Mdd4Ys.tmp/crates/casm-renderer)
       Fresh casm-diff v0.3.0 (/tmp/cargo-mutants-casm-Mdd4Ys.tmp/crates/casm-diff)
       Fresh casm-validator v0.3.0 (/tmp/cargo-mutants-casm-Mdd4Ys.tmp/crates/casm-validator)
       Fresh casm-parser v0.3.0 (/tmp/cargo-mutants-casm-Mdd4Ys.tmp/crates/casm-parser)
       Fresh wasm-bindgen v0.2.126
       Fresh casm-lsp v0.3.0 (/tmp/cargo-mutants-casm-Mdd4Ys.tmp/crates/casm-lsp)
       Fresh console_error_panic_hook v0.1.7
       Dirty casm-wasm v0.3.0 (/tmp/cargo-mutants-casm-Mdd4Ys.tmp/crates/casm-wasm): the file `crates/casm-wasm/src/api.rs` has changed (1785933429.570854998s, 10s after last build at 1785933419.087048999s)
   Compiling casm-wasm v0.3.0 (/tmp/cargo-mutants-casm-Mdd4Ys.tmp/crates/casm-wasm)
     Running `/home/srinivasan/.rustup/toolchains/nightly-x86_64-unknown-linux-gnu/bin/rustc --crate-name casm_wasm --edition=2024 crates/casm-wasm/src/lib.rs --error-format=json --json=diagnostic-rendered-ansi,artifacts,future-incompat --crate-type cdylib --crate-type rlib --emit=dep-info,link -C embed-bitcode=no -C debuginfo=2 --warn=rust_2018_idioms '--warn=clippy::pedantic' '--warn=clippy::unwrap_used' --forbid=unsafe_code --warn=unreachable_pub '--warn=clippy::too_many_lines' '--allow=clippy::struct_field_names' '--warn=clippy::panic' '--allow=clippy::must_use_candidate' '--allow=clippy::module_name_repetitions' '--allow=clippy::missing_errors_doc' --warn=missing_docs '--warn=clippy::indexing_slicing' '--warn=clippy::expect_used' '--warn=clippy::cognitive_complexity' --check-cfg 'cfg(docsrs,test)' --check-cfg 'cfg(feature, values())' -C metadata=f02c942c99b81ee1 --out-dir /tmp/cargo-mutants-casm-Mdd4Ys.tmp/target/debug/deps -C incremental=/tmp/cargo-mutants-casm-Mdd4Ys.tmp/target/debug/incremental -L dependency=/tmp/cargo-mutants-casm-Mdd4Ys.tmp/target/debug/deps --extern casm_core=/tmp/cargo-mutants-casm-Mdd4Ys.tmp/target/debug/deps/libcasm_core-38ab8f9cc5cbd294.rlib --extern casm_diff=/tmp/cargo-mutants-casm-Mdd4Ys.tmp/target/debug/deps/libcasm_diff-56c79fc9dd0a1770.rlib --extern casm_lsp=/tmp/cargo-mutants-casm-Mdd4Ys.tmp/target/debug/deps/libcasm_lsp-f7ce6eddbc2a330b.rlib --extern casm_parser=/tmp/cargo-mutants-casm-Mdd4Ys.tmp/target/debug/deps/libcasm_parser-fd164bd7983e49b3.rlib --extern casm_renderer=/tmp/cargo-mutants-casm-Mdd4Ys.tmp/target/debug/deps/libcasm_renderer-1fcb935038db35cd.rlib --extern casm_validator=/tmp/cargo-mutants-casm-Mdd4Ys.tmp/target/debug/deps/libcasm_validator-63cf8602d2e097be.rlib --extern console_error_panic_hook=/tmp/cargo-mutants-casm-Mdd4Ys.tmp/target/debug/deps/libconsole_error_panic_hook-2dec12b9e293d1bc.rlib --extern serde=/tmp/cargo-mutants-casm-Mdd4Ys.tmp/target/debug/deps/libserde-6e908f11f9b7bd1f.rlib --extern serde_json=/tmp/cargo-mutants-casm-Mdd4Ys.tmp/target/debug/deps/libserde_json-8ada6c1221654e94.rlib --extern wasm_bindgen=/tmp/cargo-mutants-casm-Mdd4Ys.tmp/target/debug/deps/libwasm_bindgen-aa14faa7e38fb98e.rlib --verbose`
     Running `/home/srinivasan/.rustup/toolchains/nightly-x86_64-unknown-linux-gnu/bin/rustc --crate-name casm_wasm --edition=2024 crates/casm-wasm/src/lib.rs --error-format=json --json=diagnostic-rendered-ansi,artifacts,future-incompat --emit=dep-info,link -C embed-bitcode=no -C debuginfo=2 --warn=rust_2018_idioms '--warn=clippy::pedantic' '--warn=clippy::unwrap_used' --forbid=unsafe_code --warn=unreachable_pub '--warn=clippy::too_many_lines' '--allow=clippy::struct_field_names' '--warn=clippy::panic' '--allow=clippy::must_use_candidate' '--allow=clippy::module_name_repetitions' '--allow=clippy::missing_errors_doc' --warn=missing_docs '--warn=clippy::indexing_slicing' '--warn=clippy::expect_used' '--warn=clippy::cognitive_complexity' --test --check-cfg 'cfg(docsrs,test)' --check-cfg 'cfg(feature, values())' -C metadata=9e26f585e305cb89 -C extra-filename=-3c0908bfd81efa80 --out-dir /tmp/cargo-mutants-casm-Mdd4Ys.tmp/target/debug/deps -C incremental=/tmp/cargo-mutants-casm-Mdd4Ys.tmp/target/debug/incremental -L dependency=/tmp/cargo-mutants-casm-Mdd4Ys.tmp/target/debug/deps --extern casm_core=/tmp/cargo-mutants-casm-Mdd4Ys.tmp/target/debug/deps/libcasm_core-38ab8f9cc5cbd294.rlib --extern casm_diff=/tmp/cargo-mutants-casm-Mdd4Ys.tmp/target/debug/deps/libcasm_diff-56c79fc9dd0a1770.rlib --extern casm_lsp=/tmp/cargo-mutants-casm-Mdd4Ys.tmp/target/debug/deps/libcasm_lsp-f7ce6eddbc2a330b.rlib --extern casm_parser=/tmp/cargo-mutants-casm-Mdd4Ys.tmp/target/debug/deps/libcasm_parser-fd164bd7983e49b3.rlib --extern casm_renderer=/tmp/cargo-mutants-casm-Mdd4Ys.tmp/target/debug/deps/libcasm_renderer-1fcb935038db35cd.rlib --extern casm_validator=/tmp/cargo-mutants-casm-Mdd4Ys.tmp/target/debug/deps/libcasm_validator-63cf8602d2e097be.rlib --extern console_error_panic_hook=/tmp/cargo-mutants-casm-Mdd4Ys.tmp/target/debug/deps/libconsole_error_panic_hook-2dec12b9e293d1bc.rlib --extern serde=/tmp/cargo-mutants-casm-Mdd4Ys.tmp/target/debug/deps/libserde-6e908f11f9b7bd1f.rlib --extern serde_json=/tmp/cargo-mutants-casm-Mdd4Ys.tmp/target/debug/deps/libserde_json-8ada6c1221654e94.rlib --extern wasm_bindgen=/tmp/cargo-mutants-casm-Mdd4Ys.tmp/target/debug/deps/libwasm_bindgen-aa14faa7e38fb98e.rlib --verbose`
warning: unused import: `casm_lsp::diagnostics::Severity`
  --> crates/casm-wasm/src/api.rs:35:5
   |
35 | use casm_lsp::diagnostics::Severity;
   |     ^^^^^^^^^^^^^^^^^^^^^^^^^^^^^^^
   |
   = note: `#[warn(unused_imports)]` (part of `#[warn(unused)]`) on by default

warning: unused import: `casm_validator::ValidatorConfig`
  --> crates/casm-wasm/src/api.rs:38:5
   |
38 | use casm_validator::ValidatorConfig;
   |     ^^^^^^^^^^^^^^^^^^^^^^^^^^^^^^^

warning: unused variable: `source`
   --> crates/casm-wasm/src/api.rs:128:31
    |
128 | pub fn validate_with_patterns(source: &str, patterns: &str) -> String {
    |                               ^^^^^^ help: if this is intentional, prefix it with an underscore: `_source`
    |
    = note: `#[warn(unused_variables)]` (part of `#[warn(unused)]`) on by default

warning: unused variable: `patterns`
   --> crates/casm-wasm/src/api.rs:128:45
    |
128 | pub fn validate_with_patterns(source: &str, patterns: &str) -> String {
    |                                             ^^^^^^^^ help: if this is intentional, prefix it with an underscore: `_patterns`

warning: `casm-wasm` (lib) generated 4 warnings (run `cargo fix --lib -p casm-wasm` to apply 4 suggestions)
warning: `casm-wasm` (lib test) generated 4 warnings (4 duplicates)
    Finished `test` profile [unoptimized + debuginfo] target(s) in 2.93s
  Executable `/tmp/cargo-mutants-casm-Mdd4Ys.tmp/target/debug/deps/casm_wasm-3c0908bfd81efa80`

*** result: Success

*** /home/srinivasan/.rustup/toolchains/nightly-x86_64-unknown-linux-gnu/bin/cargo test --verbose --package=casm-wasm@0.3.0
    Blocking waiting for file lock on package cache
    Blocking waiting for file lock on package cache
    Blocking waiting for file lock on package cache
    Blocking waiting for file lock on package cache
       Fresh unicode-ident v1.0.24
       Fresh proc-macro2 v1.0.107
       Fresh quote v1.0.47
       Fresh serde_core v1.0.229
       Fresh version_check v0.9.5
       Fresh syn v3.0.3
       Fresh typenum v1.20.1
       Fresh generic-array v0.14.7
       Fresh cfg-if v1.0.4
       Fresh equivalent v1.0.2
       Fresh hashbrown v0.17.1
       Fresh serde_derive v1.0.229
       Fresh block-buffer v0.10.4
       Fresh crypto-common v0.1.7
       Fresh indexmap v2.14.0
       Fresh thiserror-impl v2.0.19
       Fresh libc v0.2.189
       Fresh digest v0.10.7
       Fresh serde v1.0.229
       Fresh keccak v0.1.6
       Fresh thiserror v2.0.19
       Fresh semver v1.0.28
       Fresh getrandom v0.4.3
       Fresh sha3 v0.10.9
       Fresh itoa v1.0.18
       Fresh memchr v2.8.3
       Fresh wasm-bindgen-shared v0.2.126
       Fresh syn v2.0.119
       Fresh uuid v1.24.0
       Fresh zmij v1.0.23
       Fresh foldhash v0.1.5
       Fresh winnow v1.0.4
       Fresh bumpalo v3.20.3
       Fresh serde_spanned v1.1.1
       Fresh toml_datetime v0.7.5+spec-1.1.0
       Fresh unsafe-libyaml v0.2.11
       Fresh casm-core v0.3.0 (/tmp/cargo-mutants-casm-Mdd4Ys.tmp/crates/casm-core)
       Fresh rustversion v1.0.23
       Fresh serde_json v1.0.151
       Fresh toml_parser v1.1.3+spec-1.1.0
       Fresh hashbrown v0.15.5
       Fresh wasm-bindgen-macro-support v0.2.126
       Fresh fixedbitset v0.5.7
       Fresh ryu v1.0.23
       Fresh toml_writer v1.1.2+spec-1.1.0
       Fresh winnow v0.7.15
       Fresh petgraph v0.8.3
       Fresh wasm-bindgen-macro v0.2.126
       Fresh serde_yaml_ng v0.10.0
       Fresh once_cell v1.21.4
       Fresh casm-renderer v0.3.0 (/tmp/cargo-mutants-casm-Mdd4Ys.tmp/crates/casm-renderer)
       Fresh casm-diff v0.3.0 (/tmp/cargo-mutants-casm-Mdd4Ys.tmp/crates/casm-diff)
       Fresh toml v0.9.12+spec-1.1.0
       Fresh casm-validator v0.3.0 (/tmp/cargo-mutants-casm-Mdd4Ys.tmp/crates/casm-validator)
       Fresh casm-parser v0.3.0 (/tmp/cargo-mutants-casm-Mdd4Ys.tmp/crates/casm-parser)
       Fresh wasm-bindgen v0.2.126
       Fresh console_error_panic_hook v0.1.7
       Fresh casm-lsp v0.3.0 (/tmp/cargo-mutants-casm-Mdd4Ys.tmp/crates/casm-lsp)
warning: unused import: `casm_lsp::diagnostics::Severity`
  --> crates/casm-wasm/src/api.rs:35:5
   |
35 | use casm_lsp::diagnostics::Severity;
   |     ^^^^^^^^^^^^^^^^^^^^^^^^^^^^^^^
   |
   = note: `#[warn(unused_imports)]` (part of `#[warn(unused)]`) on by default

warning: unused import: `casm_validator::ValidatorConfig`
  --> crates/casm-wasm/src/api.rs:38:5
   |
38 | use casm_validator::ValidatorConfig;
   |     ^^^^^^^^^^^^^^^^^^^^^^^^^^^^^^^

warning: unused variable: `source`
   --> crates/casm-wasm/src/api.rs:128:31
    |
128 | pub fn validate_with_patterns(source: &str, patterns: &str) -> String {
    |                               ^^^^^^ help: if this is intentional, prefix it with an underscore: `_source`
    |
    = note: `#[warn(unused_variables)]` (part of `#[warn(unused)]`) on by default

warning: unused variable: `patterns`
   --> crates/casm-wasm/src/api.rs:128:45
    |
128 | pub fn validate_with_patterns(source: &str, patterns: &str) -> String {
    |                                             ^^^^^^^^ help: if this is intentional, prefix it with an underscore: `_patterns`

warning: `casm-wasm` (lib) generated 4 warnings (run `cargo fix --lib -p casm-wasm` to apply 4 suggestions)
warning: `casm-wasm` (lib test) generated 4 warnings (4 duplicates)
       Fresh casm-wasm v0.3.0 (/tmp/cargo-mutants-casm-Mdd4Ys.tmp/crates/casm-wasm)
    Finished `test` profile [unoptimized + debuginfo] target(s) in 0.30s
     Running `/tmp/cargo-mutants-casm-Mdd4Ys.tmp/target/debug/deps/casm_wasm-3c0908bfd81efa80`

running 47 tests
test api::tests::a_broken_document_yields_a_result_rather_than_an_error ... FAILED
test api::tests::a_malformed_library_is_reported_as_a_value_not_a_trap ... FAILED
test api::tests::a_claim_is_checked_once_a_library_is_supplied ... FAILED
test api::tests::an_unknown_backend_is_reported_with_the_ones_that_exist ... ok
test api::tests::an_unknown_format_is_rejected_as_a_value ... ok
test api::tests::an_unknown_inventory_kind_is_rejected_as_a_value ... ok
test api::tests::an_unchecked_claim_does_not_count_as_conforming ... ok
test api::tests::a_document_claiming_nothing_conforms_vacuously ... ok
test api::tests::an_empty_library_is_not_an_error ... FAILED
test api::tests::a_claim_is_unchecked_without_a_library ... FAILED
test api::tests::a_converted_document_still_parses ... FAILED
test api::tests::an_unmet_requirement_is_an_error_across_the_boundary ... FAILED
test api::tests::conformance_separates_what_a_tool_can_fix_from_what_a_human_must_decide ... ok
test api::tests::conformance_on_a_broken_document_is_a_value ... ok
test api::tests::completion_offers_node_types_after_a_type_key ... ok
test api::tests::completion_offers_pattern_references_from_the_library ... ok
test api::tests::completion_works_on_a_document_that_does_not_parse ... ok
test api::tests::drift_compares_against_a_native_inventory ... ok
test api::tests::conformance_infers_a_binding_the_document_did_not_write ... ok
test api::tests::conformance_reports_the_bindings_it_resolved ... ok
test api::tests::diffing_reports_a_breaking_removal ... ok
test api::tests::diffing_a_document_against_itself_is_empty ... ok
test api::tests::drift_compares_against_terraform_state ... ok
test api::tests::exit_codes_match_the_command_line ... FAILED
test api::tests::diffing_names_which_side_failed_to_parse ... ok
test api::tests::extreme_positions_do_not_panic ... ok
test api::tests::fingerprinting_exposes_per_node_digests ... ok
test api::tests::hover_explains_a_node ... ok
test api::tests::hover_over_empty_space_is_a_negative_result_not_an_error ... ok
test api::tests::every_entry_point_returns_parseable_json ... FAILED
test api::tests::fingerprinting_is_stable_across_calls ... ok
test api::tests::hover_explains_a_claimed_pattern_from_the_library ... ok
test api::tests::rendering_a_broken_document_reports_the_parse_error ... ok
test api::tests::supplying_no_library_matches_the_older_entry_points_exactly ... ok
test api::tests::one_broken_pattern_does_not_discard_the_rest ... FAILED
test api::tests::rendering_produces_a_diagram_for_each_backend ... ok
test api::tests::the_rule_catalogue_matches_the_validator ... ok
test api::tests::the_version_is_reported ... ok
test api::tests::formatting_converts_between_the_three_formats ... ok
test api::tests::formatting_is_idempotent_once_identifiers_are_pinned ... ok
test api::tests::the_pattern_aware_calls_are_deterministic ... ok
panicked at crates/casm-wasm/src/api.rs:728:58:
not JSON: expected value at line 1 column 1
xyzzy
test tests::the_panic_hook_can_be_installed_more_than_once ... ok
test api::tests::validating_a_good_document_reports_its_shape_and_fingerprint ... FAILED
panicked at crates/casm-wasm/src/api.rs:728:58:
not JSON: expected value at line 1 column 1
xyzzy
test api::tests::validating_reports_findings_with_positions ... FAILED
test api::tests::validating_and_rendering_are_byte_deterministic ... ok
test tests::the_bindings_delegate_to_the_api_unchanged ... ok
test api::tests::nothing_panics_on_hostile_input ... ok

failures:

---- api::tests::a_broken_document_yields_a_result_rather_than_an_error stdout ----

thread 'api::tests::a_broken_document_yields_a_result_rather_than_an_error' (1170050) panicked at crates/casm-wasm/src/api.rs:728:58:
not JSON: expected value at line 1 column 1
xyzzy
note: run with `RUST_BACKTRACE=1` environment variable to display a backtrace

---- api::tests::a_malformed_library_is_reported_as_a_value_not_a_trap stdout ----

thread 'api::tests::a_malformed_library_is_reported_as_a_value_not_a_trap' (1170056) panicked at crates/casm-wasm/src/api.rs:728:58:
not JSON: expected value at line 1 column 1
xyzzy

---- api::tests::a_claim_is_checked_once_a_library_is_supplied stdout ----

thread 'api::tests::a_claim_is_checked_once_a_library_is_supplied' (1170051) panicked at crates/casm-wasm/src/api.rs:728:58:
not JSON: expected value at line 1 column 1
xyzzy

---- api::tests::an_empty_library_is_not_an_error stdout ----

thread 'api::tests::an_empty_library_is_not_an_error' (1170057) panicked at crates/casm-wasm/src/api.rs:728:58:
not JSON: expected value at line 1 column 1
xyzzy

---- api::tests::a_claim_is_unchecked_without_a_library stdout ----

thread 'api::tests::a_claim_is_unchecked_without_a_library' (1170053) panicked at crates/casm-wasm/src/api.rs:728:58:
not JSON: expected value at line 1 column 1
xyzzy

---- api::tests::a_converted_document_still_parses stdout ----

thread 'api::tests::a_converted_document_still_parses' (1170054) panicked at crates/casm-wasm/src/api.rs:728:58:
not JSON: expected value at line 1 column 1
xyzzy

---- api::tests::an_unmet_requirement_is_an_error_across_the_boundary stdout ----

thread 'api::tests::an_unmet_requirement_is_an_error_across_the_boundary' (1170078) panicked at crates/casm-wasm/src/api.rs:728:58:
not JSON: expected value at line 1 column 1
xyzzy

---- api::tests::exit_codes_match_the_command_line stdout ----

thread 'api::tests::exit_codes_match_the_command_line' (1170101) panicked at crates/casm-wasm/src/api.rs:728:58:
not JSON: expected value at line 1 column 1
xyzzy

---- api::tests::every_entry_point_returns_parseable_json stdout ----

thread 'api::tests::every_entry_point_returns_parseable_json' (1170100) panicked at crates/casm-wasm/src/api.rs:728:58:
not JSON: expected value at line 1 column 1
xyzzy

---- api::tests::one_broken_pattern_does_not_discard_the_rest stdout ----

thread 'api::tests::one_broken_pattern_does_not_discard_the_rest' (1170120) panicked at crates/casm-wasm/src/api.rs:728:58:
not JSON: expected value at line 1 column 1
xyzzy


failures:
    api::tests::a_broken_document_yields_a_result_rather_than_an_error
    api::tests::a_claim_is_checked_once_a_library_is_supplied
    api::tests::a_claim_is_unchecked_without_a_library
    api::tests::a_converted_document_still_parses
    api::tests::a_malformed_library_is_reported_as_a_value_not_a_trap
    api::tests::an_empty_library_is_not_an_error
    api::tests::an_unmet_requirement_is_an_error_across_the_boundary
    api::tests::every_entry_point_returns_parseable_json
    api::tests::exit_codes_match_the_command_line
    api::tests::one_broken_pattern_does_not_discard_the_rest
    api::tests::validating_a_good_document_reports_its_shape_and_fingerprint
    api::tests::validating_reports_findings_with_positions

test result: FAILED. 35 passed; 12 failed; 0 ignored; 0 measured; 0 filtered out; finished in 7.48s

error: test failed, to rerun pass `-p casm-wasm --lib`

*** result: Failure(101)
