
*** crates/casm-renderer/src/lib.rs:292:9: replace Ascii::node_block -> String with String::new()

*** mutation diff:
--- crates/casm-renderer/src/lib.rs
+++ replace Ascii::node_block -> String with String::new()
@@ -284,50 +284,17 @@
             let _ = writeln!(out, "{description}");
         }
         out.push('\n');
         out
     }
 
     /// Renders one node and its outgoing edges.
     fn node_block(architecture: &Architecture, node: &Node) -> String {
-        let mut out = format!("[{}] {}\n", node.node_type(), node.name());
-
-        if let Some(description) = node.description() {
-            let _ = writeln!(out, "    {description}");
-        }
-
-        for interface in node.interfaces() {
-            let _ = writeln!(
-                out,
-                "    :: {} ({} v{})",
-                interface.name(),
-                interface.protocol(),
-                interface.version()
-            );
-        }
-
-        for control in node.controls() {
-            let _ = writeln!(
-                out,
-                "    # {} [{}]",
-                control.standard(),
-                control.control_type()
-            );
-        }
-
-        for edge in architecture.outgoing(node.id()) {
-            let target = architecture.node(edge.target()).map_or_else(
-                || edge.target().to_string(),
-                |n| n.name().as_str().to_owned(),
-            );
-            let _ = writeln!(out, "    --{}--> {target}", Mermaid::edge_label(edge));
-        }
-
-        out
+        String::new() /* ~ changed by cargo-mutants ~ */
     }
 }
 
 impl Renderer for Ascii {
     fn id(&self) -> &'static str {
         "ascii"
     }
 


*** /home/srinivasan/.rustup/toolchains/nightly-x86_64-unknown-linux-gnu/bin/cargo test --no-run --verbose --package=casm-renderer@0.3.0
    Blocking waiting for file lock on package cache
    Blocking waiting for file lock on package cache
       Fresh unicode-ident v1.0.24
       Fresh version_check v0.9.5
       Fresh proc-macro2 v1.0.107
       Fresh typenum v1.20.1
       Fresh quote v1.0.47
       Fresh cfg-if v1.0.4
       Fresh generic-array v0.14.7
       Fresh syn v3.0.3
       Fresh serde_core v1.0.229
       Fresh libc v0.2.189
       Fresh equivalent v1.0.2
       Fresh keccak v0.1.6
       Fresh hashbrown v0.17.1
       Fresh block-buffer v0.10.4
       Fresh crypto-common v0.1.7
       Fresh serde_derive v1.0.229
       Fresh getrandom v0.4.3
       Fresh thiserror-impl v2.0.19
       Fresh indexmap v2.14.0
       Fresh semver v1.0.28
       Fresh digest v0.10.7
       Fresh serde v1.0.229
       Fresh uuid v1.24.0
       Fresh thiserror v2.0.19
       Fresh sha3 v0.10.9
       Fresh casm-core v0.3.0 (/tmp/cargo-mutants-casm-Mdd4Ys.tmp/crates/casm-core)
       Dirty casm-renderer v0.3.0 (/tmp/cargo-mutants-casm-Mdd4Ys.tmp/crates/casm-renderer): the file `crates/casm-renderer/src/lib.rs` has changed (1785933208.671161496s, 1s after last build at 1785933207.602135973s)
   Compiling casm-renderer v0.3.0 (/tmp/cargo-mutants-casm-Mdd4Ys.tmp/crates/casm-renderer)
     Running `/home/srinivasan/.rustup/toolchains/nightly-x86_64-unknown-linux-gnu/bin/rustc --crate-name casm_renderer --edition=2024 crates/casm-renderer/src/lib.rs --error-format=json --json=diagnostic-rendered-ansi,artifacts,future-incompat --emit=dep-info,link -C embed-bitcode=no -C debuginfo=2 --warn=rust_2018_idioms '--warn=clippy::pedantic' '--warn=clippy::unwrap_used' --forbid=unsafe_code --warn=unreachable_pub '--warn=clippy::too_many_lines' '--allow=clippy::struct_field_names' '--warn=clippy::panic' '--allow=clippy::must_use_candidate' '--allow=clippy::module_name_repetitions' '--allow=clippy::missing_errors_doc' --warn=missing_docs '--warn=clippy::indexing_slicing' '--warn=clippy::expect_used' '--warn=clippy::cognitive_complexity' --test --check-cfg 'cfg(docsrs,test)' --check-cfg 'cfg(feature, values())' -C metadata=3d95ee09cfa5a46d -C extra-filename=-23f510611d261a86 --out-dir /tmp/cargo-mutants-casm-Mdd4Ys.tmp/target/debug/deps -C incremental=/tmp/cargo-mutants-casm-Mdd4Ys.tmp/target/debug/incremental -L dependency=/tmp/cargo-mutants-casm-Mdd4Ys.tmp/target/debug/deps --extern casm_core=/tmp/cargo-mutants-casm-Mdd4Ys.tmp/target/debug/deps/libcasm_core-e0f19a3016ddb7a5.rlib --verbose`
     Running `/home/srinivasan/.rustup/toolchains/nightly-x86_64-unknown-linux-gnu/bin/rustc --crate-name casm_renderer --edition=2024 crates/casm-renderer/src/lib.rs --error-format=json --json=diagnostic-rendered-ansi,artifacts,future-incompat --crate-type lib --emit=dep-info,metadata,link -C embed-bitcode=no -C debuginfo=2 --warn=rust_2018_idioms '--warn=clippy::pedantic' '--warn=clippy::unwrap_used' --forbid=unsafe_code --warn=unreachable_pub '--warn=clippy::too_many_lines' '--allow=clippy::struct_field_names' '--warn=clippy::panic' '--allow=clippy::must_use_candidate' '--allow=clippy::module_name_repetitions' '--allow=clippy::missing_errors_doc' --warn=missing_docs '--warn=clippy::indexing_slicing' '--warn=clippy::expect_used' '--warn=clippy::cognitive_complexity' --check-cfg 'cfg(docsrs,test)' --check-cfg 'cfg(feature, values())' -C metadata=9a17573fc0ebd8de -C extra-filename=-a274aae3a51b3045 --out-dir /tmp/cargo-mutants-casm-Mdd4Ys.tmp/target/debug/deps -C incremental=/tmp/cargo-mutants-casm-Mdd4Ys.tmp/target/debug/incremental -L dependency=/tmp/cargo-mutants-casm-Mdd4Ys.tmp/target/debug/deps --extern casm_core=/tmp/cargo-mutants-casm-Mdd4Ys.tmp/target/debug/deps/libcasm_core-e0f19a3016ddb7a5.rmeta --verbose`
warning: unused variable: `architecture`
   --> crates/casm-renderer/src/lib.rs:291:19
    |
291 |     fn node_block(architecture: &Architecture, node: &Node) -> String {
    |                   ^^^^^^^^^^^^ help: if this is intentional, prefix it with an underscore: `_architecture`
    |
    = note: `#[warn(unused_variables)]` (part of `#[warn(unused)]`) on by default

warning: unused variable: `node`
   --> crates/casm-renderer/src/lib.rs:291:48
    |
291 |     fn node_block(architecture: &Architecture, node: &Node) -> String {
    |                                                ^^^^ help: if this is intentional, prefix it with an underscore: `_node`

warning: `casm-renderer` (lib) generated 2 warnings (run `cargo fix --lib -p casm-renderer` to apply 2 suggestions)
warning: `casm-renderer` (lib test) generated 2 warnings (2 duplicates)
    Finished `test` profile [unoptimized + debuginfo] target(s) in 0.84s
  Executable `/tmp/cargo-mutants-casm-Mdd4Ys.tmp/target/debug/deps/casm_renderer-23f510611d261a86`

*** result: Success

*** /home/srinivasan/.rustup/toolchains/nightly-x86_64-unknown-linux-gnu/bin/cargo test --verbose --package=casm-renderer@0.3.0
    Blocking waiting for file lock on package cache
    Blocking waiting for file lock on package cache
    Blocking waiting for file lock on package cache
       Fresh version_check v0.9.5
       Fresh unicode-ident v1.0.24
       Fresh typenum v1.20.1
       Fresh proc-macro2 v1.0.107
       Fresh cfg-if v1.0.4
       Fresh quote v1.0.47
       Fresh serde_core v1.0.229
       Fresh generic-array v0.14.7
       Fresh libc v0.2.189
       Fresh keccak v0.1.6
       Fresh equivalent v1.0.2
       Fresh syn v3.0.3
       Fresh crypto-common v0.1.7
       Fresh block-buffer v0.10.4
       Fresh getrandom v0.4.3
       Fresh hashbrown v0.17.1
       Fresh semver v1.0.28
       Fresh digest v0.10.7
       Fresh thiserror-impl v2.0.19
       Fresh serde_derive v1.0.229
       Fresh indexmap v2.14.0
       Fresh uuid v1.24.0
       Fresh sha3 v0.10.9
       Fresh serde v1.0.229
       Fresh thiserror v2.0.19
       Fresh casm-core v0.3.0 (/tmp/cargo-mutants-casm-Mdd4Ys.tmp/crates/casm-core)
warning: unused variable: `architecture`
   --> crates/casm-renderer/src/lib.rs:291:19
    |
291 |     fn node_block(architecture: &Architecture, node: &Node) -> String {
    |                   ^^^^^^^^^^^^ help: if this is intentional, prefix it with an underscore: `_architecture`
    |
    = note: `#[warn(unused_variables)]` (part of `#[warn(unused)]`) on by default

warning: unused variable: `node`
   --> crates/casm-renderer/src/lib.rs:291:48
    |
291 |     fn node_block(architecture: &Architecture, node: &Node) -> String {
    |                                                ^^^^ help: if this is intentional, prefix it with an underscore: `_node`

warning: `casm-renderer` (lib) generated 2 warnings (run `cargo fix --lib -p casm-renderer` to apply 2 suggestions)
warning: `casm-renderer` (lib test) generated 2 warnings (2 duplicates)
       Fresh casm-renderer v0.3.0 (/tmp/cargo-mutants-casm-Mdd4Ys.tmp/crates/casm-renderer)
    Finished `test` profile [unoptimized + debuginfo] target(s) in 0.20s
     Running `/tmp/cargo-mutants-casm-Mdd4Ys.tmp/target/debug/deps/casm_renderer-23f510611d261a86`

running 19 tests
test tests::ascii_says_so_when_there_is_nothing_to_draw ... ok
test tests::a_hostile_description_cannot_break_out_of_a_label ... FAILED
test tests::ascii_lists_nodes_interfaces_controls_and_edges ... FAILED
test tests::backend_ids_are_unique ... ok
test tests::backends_are_discoverable_by_id ... ok
test tests::diagram_identifiers_are_positional_not_uuid_derived ... ok
test tests::dot_shapes_distinguish_node_types ... ok
test tests::every_backend_output_ends_with_a_newline ... ok
test tests::every_backend_is_deterministic ... ok
test tests::mermaid_arrows_distinguish_blocking_from_async ... ok
test tests::mermaid_labels_edges_with_protocol_and_budget ... ok
test tests::mermaid_shapes_distinguish_node_types ... ok
test tests::rendering_covers_every_relationship_type ... ok
test tests::rendering_never_panics_on_an_architecture_with_every_node_type ... ok
test tests::mermaid_declares_a_flowchart_and_the_architecture_version ... ok
test tests::dot_produces_a_balanced_digraph ... ok
test tests::dot_styles_distinguish_relationship_types ... ok
test tests::escaping_neutralises_quotes_newlines_and_backslashes ... ok
test tests::every_backend_handles_an_empty_architecture ... ok

failures:

---- tests::a_hostile_description_cannot_break_out_of_a_label stdout ----

thread 'tests::a_hostile_description_cannot_break_out_of_a_label' (1095008) panicked at crates/casm-renderer/src/lib.rs:594:9:
the text is still shown: x v0.1.0
========


1 node(s), 0 relationship(s)

note: run with `RUST_BACKTRACE=1` environment variable to display a backtrace

---- tests::ascii_lists_nodes_interfaces_controls_and_edges stdout ----

thread 'tests::ascii_lists_nodes_interfaces_controls_and_edges' (1095009) panicked at crates/casm-renderer/src/lib.rs:554:9:
storefront v1.2.0
=================
Order capture




3 node(s), 2 relationship(s)



failures:
    tests::a_hostile_description_cannot_break_out_of_a_label
    tests::ascii_lists_nodes_interfaces_controls_and_edges

test result: FAILED. 17 passed; 2 failed; 0 ignored; 0 measured; 0 filtered out; finished in 0.00s

error: test failed, to rerun pass `-p casm-renderer --lib`

*** result: Failure(101)
