
*** crates/casm-wasm/src/api.rs:684:5: replace check_claim -> ClaimReport with Default::default()

*** mutation diff:
--- crates/casm-wasm/src/api.rs
+++ replace check_claim -> ClaimReport with Default::default()
@@ -676,55 +676,17 @@
 }
 
 /// Checks one claim against the library, reporting an unheld pattern as unchecked.
 fn check_claim(
     architecture: &casm_core::Architecture,
     patterns: &[casm_core::Pattern],
     claim: &casm_core::Conformance,
 ) -> ClaimReport {
-    let reference = claim.pattern().to_string();
-
-    let Some(pattern) = patterns
-        .iter()
-        .find(|pattern| claim.pattern().matches(pattern))
-    else {
-        return ClaimReport {
-            pattern: reference,
-            checked: false,
-            conforms: false,
-            bindings: std::collections::BTreeMap::new(),
-            unmet: Vec::new(),
-        };
-    };
-
-    let report = casm_core::conformance::check(architecture, pattern, claim);
-    ClaimReport {
-        pattern: reference,
-        checked: true,
-        conforms: report.conforms(),
-        bindings: report
-            .bindings()
-            .iter()
-            .map(|(role, id)| {
-                let name = architecture
-                    .node(*id)
-                    .map_or_else(|| id.to_string(), |node| node.name().as_str().to_owned());
-                (role.clone(), name)
-            })
-            .collect(),
-        unmet: report
-            .unmet()
-            .iter()
-            .map(|unmet| UnmetReport {
-                message: unmet.message(),
-                mechanical: unmet.is_mechanical(),
-            })
-            .collect(),
-    }
+    Default::default() /* ~ changed by cargo-mutants ~ */
 }
 
 /// The rule catalogue, so a playground can explain itself.
 #[must_use]
 pub fn rules() -> String {
     #[derive(Serialize)]
     #[serde(rename_all = "camelCase")]
     struct Rule {


*** /home/srinivasan/.rustup/toolchains/nightly-x86_64-unknown-linux-gnu/bin/cargo test --no-run --verbose --package=casm-wasm@0.3.0
       Fresh unicode-ident v1.0.24
       Fresh version_check v0.9.5
       Fresh typenum v1.20.1
       Fresh cfg-if v1.0.4
       Fresh equivalent v1.0.2
       Fresh hashbrown v0.17.1
       Fresh proc-macro2 v1.0.107
       Fresh serde_core v1.0.229
       Fresh libc v0.2.189
       Fresh quote v1.0.47
       Fresh generic-array v0.14.7
       Fresh indexmap v2.14.0
       Fresh getrandom v0.4.3
       Fresh keccak v0.1.6
       Fresh syn v3.0.3
       Fresh block-buffer v0.10.4
       Fresh crypto-common v0.1.7
       Fresh uuid v1.24.0
       Fresh semver v1.0.28
       Fresh itoa v1.0.18
       Fresh serde_derive v1.0.229
       Fresh thiserror-impl v2.0.19
       Fresh digest v0.10.7
       Fresh zmij v1.0.23
       Fresh memchr v2.8.3
       Fresh wasm-bindgen-shared v0.2.126
       Fresh serde v1.0.229
       Fresh thiserror v2.0.19
       Fresh sha3 v0.10.9
       Fresh rustversion v1.0.23
       Fresh syn v2.0.119
       Fresh foldhash v0.1.5
       Fresh winnow v1.0.4
       Fresh casm-core v0.3.0 (/tmp/cargo-mutants-casm-ougte5.tmp/crates/casm-core)
       Fresh serde_json v1.0.151
       Fresh bumpalo v3.20.3
       Fresh hashbrown v0.15.5
       Fresh toml_parser v1.1.3+spec-1.1.0
       Fresh toml_datetime v0.7.5+spec-1.1.0
       Fresh serde_spanned v1.1.1
       Fresh wasm-bindgen-macro-support v0.2.126
       Fresh ryu v1.0.23
       Fresh toml_writer v1.1.2+spec-1.1.0
       Fresh winnow v0.7.15
       Fresh unsafe-libyaml v0.2.11
       Fresh fixedbitset v0.5.7
       Fresh once_cell v1.21.4
       Fresh toml v0.9.12+spec-1.1.0
       Fresh petgraph v0.8.3
       Fresh wasm-bindgen-macro v0.2.126
       Fresh serde_yaml_ng v0.10.0
       Fresh casm-renderer v0.3.0 (/tmp/cargo-mutants-casm-ougte5.tmp/crates/casm-renderer)
       Fresh casm-diff v0.3.0 (/tmp/cargo-mutants-casm-ougte5.tmp/crates/casm-diff)
       Fresh casm-parser v0.3.0 (/tmp/cargo-mutants-casm-ougte5.tmp/crates/casm-parser)
       Fresh wasm-bindgen v0.2.126
       Fresh casm-validator v0.3.0 (/tmp/cargo-mutants-casm-ougte5.tmp/crates/casm-validator)
       Fresh casm-lsp v0.3.0 (/tmp/cargo-mutants-casm-ougte5.tmp/crates/casm-lsp)
       Fresh console_error_panic_hook v0.1.7
       Dirty casm-wasm v0.3.0 (/tmp/cargo-mutants-casm-ougte5.tmp/crates/casm-wasm): the file `crates/casm-wasm/src/api.rs` has changed (1785933501.634905172s, 11s after last build at 1785933490.618659110s)
   Compiling casm-wasm v0.3.0 (/tmp/cargo-mutants-casm-ougte5.tmp/crates/casm-wasm)
     Running `/home/srinivasan/.rustup/toolchains/nightly-x86_64-unknown-linux-gnu/bin/rustc --crate-name casm_wasm --edition=2024 crates/casm-wasm/src/lib.rs --error-format=json --json=diagnostic-rendered-ansi,artifacts,future-incompat --crate-type cdylib --crate-type rlib --emit=dep-info,link -C embed-bitcode=no -C debuginfo=2 --warn=rust_2018_idioms '--warn=clippy::pedantic' '--warn=clippy::unwrap_used' --forbid=unsafe_code --warn=unreachable_pub '--warn=clippy::too_many_lines' '--allow=clippy::struct_field_names' '--warn=clippy::panic' '--allow=clippy::must_use_candidate' '--allow=clippy::module_name_repetitions' '--allow=clippy::missing_errors_doc' --warn=missing_docs '--warn=clippy::indexing_slicing' '--warn=clippy::expect_used' '--warn=clippy::cognitive_complexity' --check-cfg 'cfg(docsrs,test)' --check-cfg 'cfg(feature, values())' -C metadata=f02c942c99b81ee1 --out-dir /tmp/cargo-mutants-casm-ougte5.tmp/target/debug/deps -C incremental=/tmp/cargo-mutants-casm-ougte5.tmp/target/debug/incremental -L dependency=/tmp/cargo-mutants-casm-ougte5.tmp/target/debug/deps --extern casm_core=/tmp/cargo-mutants-casm-ougte5.tmp/target/debug/deps/libcasm_core-38ab8f9cc5cbd294.rlib --extern casm_diff=/tmp/cargo-mutants-casm-ougte5.tmp/target/debug/deps/libcasm_diff-56c79fc9dd0a1770.rlib --extern casm_lsp=/tmp/cargo-mutants-casm-ougte5.tmp/target/debug/deps/libcasm_lsp-f7ce6eddbc2a330b.rlib --extern casm_parser=/tmp/cargo-mutants-casm-ougte5.tmp/target/debug/deps/libcasm_parser-fd164bd7983e49b3.rlib --extern casm_renderer=/tmp/cargo-mutants-casm-ougte5.tmp/target/debug/deps/libcasm_renderer-1fcb935038db35cd.rlib --extern casm_validator=/tmp/cargo-mutants-casm-ougte5.tmp/target/debug/deps/libcasm_validator-63cf8602d2e097be.rlib --extern console_error_panic_hook=/tmp/cargo-mutants-casm-ougte5.tmp/target/debug/deps/libconsole_error_panic_hook-2dec12b9e293d1bc.rlib --extern serde=/tmp/cargo-mutants-casm-ougte5.tmp/target/debug/deps/libserde-6e908f11f9b7bd1f.rlib --extern serde_json=/tmp/cargo-mutants-casm-ougte5.tmp/target/debug/deps/libserde_json-8ada6c1221654e94.rlib --extern wasm_bindgen=/tmp/cargo-mutants-casm-ougte5.tmp/target/debug/deps/libwasm_bindgen-aa14faa7e38fb98e.rlib --verbose`
     Running `/home/srinivasan/.rustup/toolchains/nightly-x86_64-unknown-linux-gnu/bin/rustc --crate-name casm_wasm --edition=2024 crates/casm-wasm/src/lib.rs --error-format=json --json=diagnostic-rendered-ansi,artifacts,future-incompat --emit=dep-info,link -C embed-bitcode=no -C debuginfo=2 --warn=rust_2018_idioms '--warn=clippy::pedantic' '--warn=clippy::unwrap_used' --forbid=unsafe_code --warn=unreachable_pub '--warn=clippy::too_many_lines' '--allow=clippy::struct_field_names' '--warn=clippy::panic' '--allow=clippy::must_use_candidate' '--allow=clippy::module_name_repetitions' '--allow=clippy::missing_errors_doc' --warn=missing_docs '--warn=clippy::indexing_slicing' '--warn=clippy::expect_used' '--warn=clippy::cognitive_complexity' --test --check-cfg 'cfg(docsrs,test)' --check-cfg 'cfg(feature, values())' -C metadata=9e26f585e305cb89 -C extra-filename=-3c0908bfd81efa80 --out-dir /tmp/cargo-mutants-casm-ougte5.tmp/target/debug/deps -C incremental=/tmp/cargo-mutants-casm-ougte5.tmp/target/debug/incremental -L dependency=/tmp/cargo-mutants-casm-ougte5.tmp/target/debug/deps --extern casm_core=/tmp/cargo-mutants-casm-ougte5.tmp/target/debug/deps/libcasm_core-38ab8f9cc5cbd294.rlib --extern casm_diff=/tmp/cargo-mutants-casm-ougte5.tmp/target/debug/deps/libcasm_diff-56c79fc9dd0a1770.rlib --extern casm_lsp=/tmp/cargo-mutants-casm-ougte5.tmp/target/debug/deps/libcasm_lsp-f7ce6eddbc2a330b.rlib --extern casm_parser=/tmp/cargo-mutants-casm-ougte5.tmp/target/debug/deps/libcasm_parser-fd164bd7983e49b3.rlib --extern casm_renderer=/tmp/cargo-mutants-casm-ougte5.tmp/target/debug/deps/libcasm_renderer-1fcb935038db35cd.rlib --extern casm_validator=/tmp/cargo-mutants-casm-ougte5.tmp/target/debug/deps/libcasm_validator-63cf8602d2e097be.rlib --extern console_error_panic_hook=/tmp/cargo-mutants-casm-ougte5.tmp/target/debug/deps/libconsole_error_panic_hook-2dec12b9e293d1bc.rlib --extern serde=/tmp/cargo-mutants-casm-ougte5.tmp/target/debug/deps/libserde-6e908f11f9b7bd1f.rlib --extern serde_json=/tmp/cargo-mutants-casm-ougte5.tmp/target/debug/deps/libserde_json-8ada6c1221654e94.rlib --extern wasm_bindgen=/tmp/cargo-mutants-casm-ougte5.tmp/target/debug/deps/libwasm_bindgen-aa14faa7e38fb98e.rlib --verbose`
error[E0277]: the trait bound `ClaimReport: Default` is not satisfied
   --> crates/casm-wasm/src/api.rs:684:5
    |
684 |     Default::default() /* ~ changed by cargo-mutants ~ */
    |     ^^^^^^^^^^^^^^^^^^ the trait `Default` is not implemented for `ClaimReport`
    |
help: consider annotating `ClaimReport` with `#[derive(Default)]`
    |
589 + #[derive(Default)]
590 | pub struct ClaimReport {
    |

For more information about this error, try `rustc --explain E0277`.
error: could not compile `casm-wasm` (lib) due to 1 previous error

Caused by:
  process didn't exit successfully: `/home/srinivasan/.rustup/toolchains/nightly-x86_64-unknown-linux-gnu/bin/rustc --crate-name casm_wasm --edition=2024 crates/casm-wasm/src/lib.rs --error-format=json --json=diagnostic-rendered-ansi,artifacts,future-incompat --crate-type cdylib --crate-type rlib --emit=dep-info,link -C embed-bitcode=no -C debuginfo=2 --warn=rust_2018_idioms '--warn=clippy::pedantic' '--warn=clippy::unwrap_used' --forbid=unsafe_code --warn=unreachable_pub '--warn=clippy::too_many_lines' '--allow=clippy::struct_field_names' '--warn=clippy::panic' '--allow=clippy::must_use_candidate' '--allow=clippy::module_name_repetitions' '--allow=clippy::missing_errors_doc' --warn=missing_docs '--warn=clippy::indexing_slicing' '--warn=clippy::expect_used' '--warn=clippy::cognitive_complexity' --check-cfg 'cfg(docsrs,test)' --check-cfg 'cfg(feature, values())' -C metadata=f02c942c99b81ee1 --out-dir /tmp/cargo-mutants-casm-ougte5.tmp/target/debug/deps -C incremental=/tmp/cargo-mutants-casm-ougte5.tmp/target/debug/incremental -L dependency=/tmp/cargo-mutants-casm-ougte5.tmp/target/debug/deps --extern casm_core=/tmp/cargo-mutants-casm-ougte5.tmp/target/debug/deps/libcasm_core-38ab8f9cc5cbd294.rlib --extern casm_diff=/tmp/cargo-mutants-casm-ougte5.tmp/target/debug/deps/libcasm_diff-56c79fc9dd0a1770.rlib --extern casm_lsp=/tmp/cargo-mutants-casm-ougte5.tmp/target/debug/deps/libcasm_lsp-f7ce6eddbc2a330b.rlib --extern casm_parser=/tmp/cargo-mutants-casm-ougte5.tmp/target/debug/deps/libcasm_parser-fd164bd7983e49b3.rlib --extern casm_renderer=/tmp/cargo-mutants-casm-ougte5.tmp/target/debug/deps/libcasm_renderer-1fcb935038db35cd.rlib --extern casm_validator=/tmp/cargo-mutants-casm-ougte5.tmp/target/debug/deps/libcasm_validator-63cf8602d2e097be.rlib --extern console_error_panic_hook=/tmp/cargo-mutants-casm-ougte5.tmp/target/debug/deps/libconsole_error_panic_hook-2dec12b9e293d1bc.rlib --extern serde=/tmp/cargo-mutants-casm-ougte5.tmp/target/debug/deps/libserde-6e908f11f9b7bd1f.rlib --extern serde_json=/tmp/cargo-mutants-casm-ougte5.tmp/target/debug/deps/libserde_json-8ada6c1221654e94.rlib --extern wasm_bindgen=/tmp/cargo-mutants-casm-ougte5.tmp/target/debug/deps/libwasm_bindgen-aa14faa7e38fb98e.rlib --verbose` (exit status: 1)
warning: build failed, waiting for other jobs to finish...
error: could not compile `casm-wasm` (lib test) due to 1 previous error

Caused by:
  process didn't exit successfully: `/home/srinivasan/.rustup/toolchains/nightly-x86_64-unknown-linux-gnu/bin/rustc --crate-name casm_wasm --edition=2024 crates/casm-wasm/src/lib.rs --error-format=json --json=diagnostic-rendered-ansi,artifacts,future-incompat --emit=dep-info,link -C embed-bitcode=no -C debuginfo=2 --warn=rust_2018_idioms '--warn=clippy::pedantic' '--warn=clippy::unwrap_used' --forbid=unsafe_code --warn=unreachable_pub '--warn=clippy::too_many_lines' '--allow=clippy::struct_field_names' '--warn=clippy::panic' '--allow=clippy::must_use_candidate' '--allow=clippy::module_name_repetitions' '--allow=clippy::missing_errors_doc' --warn=missing_docs '--warn=clippy::indexing_slicing' '--warn=clippy::expect_used' '--warn=clippy::cognitive_complexity' --test --check-cfg 'cfg(docsrs,test)' --check-cfg 'cfg(feature, values())' -C metadata=9e26f585e305cb89 -C extra-filename=-3c0908bfd81efa80 --out-dir /tmp/cargo-mutants-casm-ougte5.tmp/target/debug/deps -C incremental=/tmp/cargo-mutants-casm-ougte5.tmp/target/debug/incremental -L dependency=/tmp/cargo-mutants-casm-ougte5.tmp/target/debug/deps --extern casm_core=/tmp/cargo-mutants-casm-ougte5.tmp/target/debug/deps/libcasm_core-38ab8f9cc5cbd294.rlib --extern casm_diff=/tmp/cargo-mutants-casm-ougte5.tmp/target/debug/deps/libcasm_diff-56c79fc9dd0a1770.rlib --extern casm_lsp=/tmp/cargo-mutants-casm-ougte5.tmp/target/debug/deps/libcasm_lsp-f7ce6eddbc2a330b.rlib --extern casm_parser=/tmp/cargo-mutants-casm-ougte5.tmp/target/debug/deps/libcasm_parser-fd164bd7983e49b3.rlib --extern casm_renderer=/tmp/cargo-mutants-casm-ougte5.tmp/target/debug/deps/libcasm_renderer-1fcb935038db35cd.rlib --extern casm_validator=/tmp/cargo-mutants-casm-ougte5.tmp/target/debug/deps/libcasm_validator-63cf8602d2e097be.rlib --extern console_error_panic_hook=/tmp/cargo-mutants-casm-ougte5.tmp/target/debug/deps/libconsole_error_panic_hook-2dec12b9e293d1bc.rlib --extern serde=/tmp/cargo-mutants-casm-ougte5.tmp/target/debug/deps/libserde-6e908f11f9b7bd1f.rlib --extern serde_json=/tmp/cargo-mutants-casm-ougte5.tmp/target/debug/deps/libserde_json-8ada6c1221654e94.rlib --extern wasm_bindgen=/tmp/cargo-mutants-casm-ougte5.tmp/target/debug/deps/libwasm_bindgen-aa14faa7e38fb98e.rlib --verbose` (exit status: 1)

*** result: Failure(101)
