
*** crates/casm-diff/src/drift.rs:86:9: replace Inventory::from_json -> Result<Self, String> with Ok(Default::default())

*** mutation diff:
--- crates/casm-diff/src/drift.rs
+++ replace Inventory::from_json -> Result<Self, String> with Ok(Default::default())
@@ -78,17 +78,17 @@
 
 impl Inventory {
     /// Parses a native CASIMIR inventory document.
     ///
     /// # Errors
     ///
     /// Returns a human-readable message if the JSON does not match the schema.
     pub fn from_json(source: &str) -> Result<Self, String> {
-        serde_json::from_str(source).map_err(|error| format!("invalid inventory: {error}"))
+        Ok(Default::default()) /* ~ changed by cargo-mutants ~ */
     }
 
     /// Projects a Terraform state file into an inventory.
     ///
     /// Only managed resources are considered: a `data` block describes something
     /// Terraform reads rather than something it owns, so its absence is not drift.
     ///
     /// # Errors


*** /home/srinivasan/.rustup/toolchains/nightly-x86_64-unknown-linux-gnu/bin/cargo test --no-run --verbose --package=casm-diff@0.3.0
       Fresh serde_core v1.0.229
       Fresh unicode-ident v1.0.24
       Fresh proc-macro2 v1.0.107
       Fresh version_check v0.9.5
       Fresh quote v1.0.47
       Fresh typenum v1.20.1
   Compiling libc v0.2.189
       Fresh syn v3.0.3
       Fresh generic-array v0.14.7
       Fresh serde_derive v1.0.229
       Fresh crypto-common v0.1.7
       Fresh block-buffer v0.10.4
       Fresh hashbrown v0.17.1
       Fresh cfg-if v1.0.4
       Fresh equivalent v1.0.2
   Compiling indexmap v2.14.0
   Compiling serde v1.0.229
       Fresh digest v0.10.7
       Fresh thiserror-impl v2.0.19
       Fresh keccak v0.1.6
       Fresh itoa v1.0.18
     Running `/home/srinivasan/.rustup/toolchains/nightly-x86_64-unknown-linux-gnu/bin/rustc --crate-name indexmap --edition=2024 /home/srinivasan/.cargo/registry/src/index.crates.io-1949cf8c6b5b557f/indexmap-2.14.0/src/lib.rs --error-format=json --json=diagnostic-rendered-ansi,artifacts,future-incompat --crate-type lib --emit=dep-info,metadata,link -C embed-bitcode=no -C debuginfo=2 --deny=unsafe-code --deny=unreachable-pub --deny=unnameable-types '--allow=clippy::style' --warn=rust-2018-idioms --deny=private-interfaces --deny=private-bounds --cfg 'feature="default"' --cfg 'feature="serde"' --cfg 'feature="std"' --check-cfg 'cfg(docsrs,test)' --check-cfg 'cfg(feature, values("arbitrary", "borsh", "default", "quickcheck", "rayon", "serde", "std", "sval", "test_debug"))' -C metadata=9257353cb1aab9ed -C extra-filename=-caa1b9b30c6a98f0 --out-dir /tmp/cargo-mutants-casm-W5ytYW.tmp/target/debug/deps -L dependency=/tmp/cargo-mutants-casm-W5ytYW.tmp/target/debug/deps --extern equivalent=/tmp/cargo-mutants-casm-W5ytYW.tmp/target/debug/deps/libequivalent-3ff77df1ac69f53a.rmeta --extern hashbrown=/tmp/cargo-mutants-casm-W5ytYW.tmp/target/debug/deps/libhashbrown-1206d3f47ccfca72.rmeta --extern serde_core=/tmp/cargo-mutants-casm-W5ytYW.tmp/target/debug/deps/libserde_core-06d534666cbc157d.rmeta --cap-lints allow`
     Running `/home/srinivasan/.rustup/toolchains/nightly-x86_64-unknown-linux-gnu/bin/rustc --crate-name build_script_build --edition=2021 /home/srinivasan/.cargo/registry/src/index.crates.io-1949cf8c6b5b557f/libc-0.2.189/build.rs --error-format=json --json=diagnostic-rendered-ansi,artifacts,future-incompat --crate-type bin --emit=dep-info,link -C embed-bitcode=no --allow=unused_qualifications '--warn=clippy::unnecessary_semicolon' '--allow=clippy::unnecessary_cast' '--warn=clippy::ptr_as_ptr' '--allow=clippy::non_minimal_cfg' '--allow=clippy::missing_safety_doc' '--warn=clippy::map_unwrap_or' '--warn=clippy::manual_assert' '--allow=clippy::identity_op' '--warn=clippy::explicit_iter_loop' --check-cfg 'cfg(docsrs,test)' --check-cfg 'cfg(feature, values("align", "const-extern-fn", "default", "extra_traits", "rustc-dep-of-std", "rustc-std-workspace-core", "std", "use_std"))' -C metadata=03a221a222036a37 -C extra-filename=-e6f86774923e31f2 --out-dir /tmp/cargo-mutants-casm-W5ytYW.tmp/target/debug/build/libc-e6f86774923e31f2 -L dependency=/tmp/cargo-mutants-casm-W5ytYW.tmp/target/debug/deps --cap-lints allow`
     Running `/home/srinivasan/.rustup/toolchains/nightly-x86_64-unknown-linux-gnu/bin/rustc --crate-name serde --edition=2021 /home/srinivasan/.cargo/registry/src/index.crates.io-1949cf8c6b5b557f/serde-1.0.229/src/lib.rs --error-format=json --json=diagnostic-rendered-ansi,artifacts,future-incompat --crate-type lib --emit=dep-info,metadata,link -C embed-bitcode=no -C debuginfo=2 --cfg 'feature="default"' --cfg 'feature="derive"' --cfg 'feature="serde_derive"' --cfg 'feature="std"' --check-cfg 'cfg(docsrs,test)' --check-cfg 'cfg(feature, values("alloc", "default", "derive", "rc", "serde_derive", "std", "unstable"))' -C metadata=9e4923c5de4f0fc9 -C extra-filename=-2119863ca5860397 --out-dir /tmp/cargo-mutants-casm-W5ytYW.tmp/target/debug/deps -L dependency=/tmp/cargo-mutants-casm-W5ytYW.tmp/target/debug/deps --extern serde_core=/tmp/cargo-mutants-casm-W5ytYW.tmp/target/debug/deps/libserde_core-06d534666cbc157d.rmeta --extern serde_derive=/tmp/cargo-mutants-casm-W5ytYW.tmp/target/debug/deps/libserde_derive-db5734f0a026a5cc.so --cap-lints allow --cfg if_docsrs_then_no_serde_core --check-cfg 'cfg(feature, values("result"))' --check-cfg 'cfg(if_docsrs_then_no_serde_core)' --check-cfg 'cfg(no_core_cstr)' --check-cfg 'cfg(no_core_error)' --check-cfg 'cfg(no_core_net)' --check-cfg 'cfg(no_core_num_saturating)' --check-cfg 'cfg(no_diagnostic_namespace)' --check-cfg 'cfg(no_serde_derive)' --check-cfg 'cfg(no_std_atomic)' --check-cfg 'cfg(no_std_atomic64)' --check-cfg 'cfg(no_target_has_atomic)'`
       Fresh sha3 v0.10.9
       Fresh thiserror v2.0.19
       Fresh zmij v1.0.23
       Fresh semver v1.0.28
       Fresh winnow v1.0.4
       Fresh memchr v2.8.3
       Fresh toml_parser v1.1.3+spec-1.1.0
       Fresh serde_json v1.0.151
       Fresh serde_spanned v1.1.1
       Fresh toml_datetime v0.7.5+spec-1.1.0
       Fresh toml_writer v1.1.2+spec-1.1.0
       Fresh ryu v1.0.23
       Fresh unsafe-libyaml v0.2.11
       Fresh winnow v0.7.15
       Fresh toml v0.9.12+spec-1.1.0
     Running `/tmp/cargo-mutants-casm-W5ytYW.tmp/target/debug/build/libc-e6f86774923e31f2/build-script-build`
     Running `/home/srinivasan/.rustup/toolchains/nightly-x86_64-unknown-linux-gnu/bin/rustc --crate-name libc --edition=2021 /home/srinivasan/.cargo/registry/src/index.crates.io-1949cf8c6b5b557f/libc-0.2.189/src/lib.rs --error-format=json --json=diagnostic-rendered-ansi,artifacts,future-incompat --crate-type lib --emit=dep-info,metadata,link -C embed-bitcode=no -C debuginfo=2 --allow=unused_qualifications '--warn=clippy::unnecessary_semicolon' '--allow=clippy::unnecessary_cast' '--warn=clippy::ptr_as_ptr' '--allow=clippy::non_minimal_cfg' '--allow=clippy::missing_safety_doc' '--warn=clippy::map_unwrap_or' '--warn=clippy::manual_assert' '--allow=clippy::identity_op' '--warn=clippy::explicit_iter_loop' --check-cfg 'cfg(docsrs,test)' --check-cfg 'cfg(feature, values("align", "const-extern-fn", "default", "extra_traits", "rustc-dep-of-std", "rustc-std-workspace-core", "std", "use_std"))' -C metadata=58d58e609a031f62 -C extra-filename=-c4c9f7340ec9f417 --out-dir /tmp/cargo-mutants-casm-W5ytYW.tmp/target/debug/deps -L dependency=/tmp/cargo-mutants-casm-W5ytYW.tmp/target/debug/deps --cap-lints allow --cfg freebsd12 --check-cfg 'cfg(emscripten_old_stat_abi)' --check-cfg 'cfg(espidf_picolibc)' --check-cfg 'cfg(espidf_time32)' --check-cfg 'cfg(freebsd10)' --check-cfg 'cfg(freebsd11)' --check-cfg 'cfg(freebsd12)' --check-cfg 'cfg(freebsd13)' --check-cfg 'cfg(freebsd14)' --check-cfg 'cfg(freebsd15)' --check-cfg 'cfg(gnu_file_offset_bits64)' --check-cfg 'cfg(gnu_time_bits64)' --check-cfg 'cfg(libc_deny_warnings)' --check-cfg 'cfg(linux_time_bits64)' --check-cfg 'cfg(musl_v1_2_3)' --check-cfg 'cfg(musl32_time64)' --check-cfg 'cfg(musl_redir_time64)' --check-cfg 'cfg(vxworks_lt_25_09)' --check-cfg 'cfg(libc_pauthtest)' --check-cfg 'cfg(target_os,values("switch","aix","ohos","hurd","rtems","visionos","nuttx","cygwin","qurt","qnx"))' --check-cfg 'cfg(target_env,values("illumos","wasi","aix","ohos","nto71_iosock"))' --check-cfg 'cfg(target_arch,values("loongarch64","mips32r6","mips64r6","csky"))'`
   Compiling serde_yaml_ng v0.10.0
     Running `/home/srinivasan/.rustup/toolchains/nightly-x86_64-unknown-linux-gnu/bin/rustc --crate-name serde_yaml_ng --edition=2021 /home/srinivasan/.cargo/registry/src/index.crates.io-1949cf8c6b5b557f/serde_yaml_ng-0.10.0/src/lib.rs --error-format=json --json=diagnostic-rendered-ansi,artifacts,future-incompat --crate-type lib --emit=dep-info,metadata,link -C embed-bitcode=no -C debuginfo=2 --check-cfg 'cfg(docsrs,test)' --check-cfg 'cfg(feature, values())' -C metadata=18fb6f926193ade9 -C extra-filename=-716dab26a9d53256 --out-dir /tmp/cargo-mutants-casm-W5ytYW.tmp/target/debug/deps -L dependency=/tmp/cargo-mutants-casm-W5ytYW.tmp/target/debug/deps --extern indexmap=/tmp/cargo-mutants-casm-W5ytYW.tmp/target/debug/deps/libindexmap-caa1b9b30c6a98f0.rmeta --extern itoa=/tmp/cargo-mutants-casm-W5ytYW.tmp/target/debug/deps/libitoa-6a6d3f3d53caa1d6.rmeta --extern ryu=/tmp/cargo-mutants-casm-W5ytYW.tmp/target/debug/deps/libryu-69612d13f8de36d4.rmeta --extern serde=/tmp/cargo-mutants-casm-W5ytYW.tmp/target/debug/deps/libserde-2119863ca5860397.rmeta --extern unsafe_libyaml=/tmp/cargo-mutants-casm-W5ytYW.tmp/target/debug/deps/libunsafe_libyaml-e0d1a220ca04af43.rmeta --cap-lints allow`
   Compiling getrandom v0.4.3
     Running `/home/srinivasan/.rustup/toolchains/nightly-x86_64-unknown-linux-gnu/bin/rustc --crate-name getrandom --edition=2024 /home/srinivasan/.cargo/registry/src/index.crates.io-1949cf8c6b5b557f/getrandom-0.4.3/src/lib.rs --error-format=json --json=diagnostic-rendered-ansi,artifacts,future-incompat --crate-type lib --emit=dep-info,metadata,link -C embed-bitcode=no -C debuginfo=2 '--warn=clippy::useless_conversion' --warn=unused_lifetimes '--warn=clippy::unnecessary_cast' --warn=unexpected_cfgs '--warn=clippy::ptr_as_ptr' --warn=missing_docs '--warn=clippy::fn_to_numeric_cast_with_truncation' '--warn=clippy::fn_to_numeric_cast' '--warn=clippy::checked_conversions' '--warn=clippy::char_lit_as_u8' '--warn=clippy::cast_sign_loss' '--warn=clippy::cast_ptr_alignment' '--warn=clippy::cast_precision_loss' '--warn=clippy::cast_possible_wrap' '--warn=clippy::cast_possible_truncation' '--warn=clippy::cast_lossless' --check-cfg 'cfg(getrandom_backend, values("custom", "efi_rng", "rdrand", "rndr", "linux_getrandom", "linux_raw", "windows_legacy", "unsupported", "extern_impl"))' --check-cfg 'cfg(getrandom_msan)' --check-cfg 'cfg(getrandom_test_linux_fallback)' --check-cfg 'cfg(getrandom_test_linux_without_fallback)' --check-cfg 'cfg(getrandom_test_netbsd_fallback)' --check-cfg 'cfg(target_os, values("cygwin"))' --check-cfg 'cfg(target_os, values("motor"))' --check-cfg 'cfg(docsrs,test)' --check-cfg 'cfg(feature, values("std", "sys_rng", "wasm_js"))' -C metadata=1ad417da26600d39 -C extra-filename=-6825cf178ac028d0 --out-dir /tmp/cargo-mutants-casm-W5ytYW.tmp/target/debug/deps -L dependency=/tmp/cargo-mutants-casm-W5ytYW.tmp/target/debug/deps --extern cfg_if=/tmp/cargo-mutants-casm-W5ytYW.tmp/target/debug/deps/libcfg_if-2262c59ed30cbfdf.rmeta --extern libc=/tmp/cargo-mutants-casm-W5ytYW.tmp/target/debug/deps/liblibc-c4c9f7340ec9f417.rmeta --cap-lints allow`
   Compiling uuid v1.24.0
     Running `/home/srinivasan/.rustup/toolchains/nightly-x86_64-unknown-linux-gnu/bin/rustc --crate-name uuid --edition=2021 /home/srinivasan/.cargo/registry/src/index.crates.io-1949cf8c6b5b557f/uuid-1.24.0/src/lib.rs --error-format=json --json=diagnostic-rendered-ansi,artifacts,future-incompat --crate-type lib --emit=dep-info,metadata,link -C embed-bitcode=no -C debuginfo=2 --allow=unexpected_cfgs --check-cfg 'cfg(uuid_unstable)' --cfg 'feature="default"' --cfg 'feature="rng"' --cfg 'feature="serde"' --cfg 'feature="std"' --cfg 'feature="v7"' --check-cfg 'cfg(docsrs,test)' --check-cfg 'cfg(feature, values("arbitrary", "atomic", "borsh", "bytemuck", "default", "fast-rng", "js", "macro-diagnostics", "md5", "rng", "rng-getrandom", "rng-rand", "serde", "sha1", "slog", "std", "uuid-rng-internal-lib", "v1", "v3", "v4", "v5", "v6", "v7", "v8", "zerocopy"))' -C metadata=df4028b9405a3c3b -C extra-filename=-8ca16b103b894f6a --out-dir /tmp/cargo-mutants-casm-W5ytYW.tmp/target/debug/deps -L dependency=/tmp/cargo-mutants-casm-W5ytYW.tmp/target/debug/deps --extern getrandom=/tmp/cargo-mutants-casm-W5ytYW.tmp/target/debug/deps/libgetrandom-6825cf178ac028d0.rmeta --extern serde_core=/tmp/cargo-mutants-casm-W5ytYW.tmp/target/debug/deps/libserde_core-06d534666cbc157d.rmeta --cap-lints allow`
   Compiling casm-core v0.3.0 (/tmp/cargo-mutants-casm-W5ytYW.tmp/crates/casm-core)
     Running `/home/srinivasan/.rustup/toolchains/nightly-x86_64-unknown-linux-gnu/bin/rustc --crate-name casm_core --edition=2024 crates/casm-core/src/lib.rs --error-format=json --json=diagnostic-rendered-ansi,artifacts,future-incompat --crate-type lib --emit=dep-info,metadata,link -C embed-bitcode=no -C debuginfo=2 --warn=rust_2018_idioms '--warn=clippy::pedantic' '--warn=clippy::unwrap_used' --forbid=unsafe_code --warn=unreachable_pub '--warn=clippy::too_many_lines' '--allow=clippy::struct_field_names' '--warn=clippy::panic' '--allow=clippy::must_use_candidate' '--allow=clippy::module_name_repetitions' '--allow=clippy::missing_errors_doc' --warn=missing_docs '--warn=clippy::indexing_slicing' '--warn=clippy::expect_used' '--warn=clippy::cognitive_complexity' --check-cfg 'cfg(docsrs,test)' --check-cfg 'cfg(feature, values())' -C metadata=6261850379bc009b -C extra-filename=-0e2727cdb6cb7ba3 --out-dir /tmp/cargo-mutants-casm-W5ytYW.tmp/target/debug/deps -C incremental=/tmp/cargo-mutants-casm-W5ytYW.tmp/target/debug/incremental -L dependency=/tmp/cargo-mutants-casm-W5ytYW.tmp/target/debug/deps --extern indexmap=/tmp/cargo-mutants-casm-W5ytYW.tmp/target/debug/deps/libindexmap-caa1b9b30c6a98f0.rmeta --extern semver=/tmp/cargo-mutants-casm-W5ytYW.tmp/target/debug/deps/libsemver-c464a202e640c772.rmeta --extern serde=/tmp/cargo-mutants-casm-W5ytYW.tmp/target/debug/deps/libserde-2119863ca5860397.rmeta --extern sha3=/tmp/cargo-mutants-casm-W5ytYW.tmp/target/debug/deps/libsha3-87752e9291d08871.rmeta --extern thiserror=/tmp/cargo-mutants-casm-W5ytYW.tmp/target/debug/deps/libthiserror-6c739655cb578a90.rmeta --extern uuid=/tmp/cargo-mutants-casm-W5ytYW.tmp/target/debug/deps/libuuid-8ca16b103b894f6a.rmeta --verbose`
   Compiling casm-parser v0.3.0 (/tmp/cargo-mutants-casm-W5ytYW.tmp/crates/casm-parser)
     Running `/home/srinivasan/.rustup/toolchains/nightly-x86_64-unknown-linux-gnu/bin/rustc --crate-name casm_parser --edition=2024 crates/casm-parser/src/lib.rs --error-format=json --json=diagnostic-rendered-ansi,artifacts,future-incompat --crate-type lib --emit=dep-info,metadata,link -C embed-bitcode=no -C debuginfo=2 --warn=rust_2018_idioms '--warn=clippy::pedantic' '--warn=clippy::unwrap_used' --forbid=unsafe_code --warn=unreachable_pub '--warn=clippy::too_many_lines' '--allow=clippy::struct_field_names' '--warn=clippy::panic' '--allow=clippy::must_use_candidate' '--allow=clippy::module_name_repetitions' '--allow=clippy::missing_errors_doc' --warn=missing_docs '--warn=clippy::indexing_slicing' '--warn=clippy::expect_used' '--warn=clippy::cognitive_complexity' --check-cfg 'cfg(docsrs,test)' --check-cfg 'cfg(feature, values())' -C metadata=87279fc2890cd717 -C extra-filename=-46b061afdef23cde --out-dir /tmp/cargo-mutants-casm-W5ytYW.tmp/target/debug/deps -C incremental=/tmp/cargo-mutants-casm-W5ytYW.tmp/target/debug/incremental -L dependency=/tmp/cargo-mutants-casm-W5ytYW.tmp/target/debug/deps --extern casm_core=/tmp/cargo-mutants-casm-W5ytYW.tmp/target/debug/deps/libcasm_core-0e2727cdb6cb7ba3.rmeta --extern serde=/tmp/cargo-mutants-casm-W5ytYW.tmp/target/debug/deps/libserde-2119863ca5860397.rmeta --extern serde_json=/tmp/cargo-mutants-casm-W5ytYW.tmp/target/debug/deps/libserde_json-8ada6c1221654e94.rmeta --extern serde_yaml_ng=/tmp/cargo-mutants-casm-W5ytYW.tmp/target/debug/deps/libserde_yaml_ng-716dab26a9d53256.rmeta --extern thiserror=/tmp/cargo-mutants-casm-W5ytYW.tmp/target/debug/deps/libthiserror-6c739655cb578a90.rmeta --extern toml=/tmp/cargo-mutants-casm-W5ytYW.tmp/target/debug/deps/libtoml-c5208f55489b08fa.rmeta --verbose`
   Compiling casm-diff v0.3.0 (/tmp/cargo-mutants-casm-W5ytYW.tmp/crates/casm-diff)
     Running `/home/srinivasan/.rustup/toolchains/nightly-x86_64-unknown-linux-gnu/bin/rustc --crate-name casm_diff --edition=2024 crates/casm-diff/src/lib.rs --error-format=json --json=diagnostic-rendered-ansi,artifacts,future-incompat --crate-type lib --emit=dep-info,metadata,link -C embed-bitcode=no -C debuginfo=2 --warn=rust_2018_idioms '--warn=clippy::pedantic' '--warn=clippy::unwrap_used' --forbid=unsafe_code --warn=unreachable_pub '--warn=clippy::too_many_lines' '--allow=clippy::struct_field_names' '--warn=clippy::panic' '--allow=clippy::must_use_candidate' '--allow=clippy::module_name_repetitions' '--allow=clippy::missing_errors_doc' --warn=missing_docs '--warn=clippy::indexing_slicing' '--warn=clippy::expect_used' '--warn=clippy::cognitive_complexity' --check-cfg 'cfg(docsrs,test)' --check-cfg 'cfg(feature, values())' -C metadata=9565f1dc2285fbe6 -C extra-filename=-1f5d8f651604cc16 --out-dir /tmp/cargo-mutants-casm-W5ytYW.tmp/target/debug/deps -C incremental=/tmp/cargo-mutants-casm-W5ytYW.tmp/target/debug/incremental -L dependency=/tmp/cargo-mutants-casm-W5ytYW.tmp/target/debug/deps --extern casm_core=/tmp/cargo-mutants-casm-W5ytYW.tmp/target/debug/deps/libcasm_core-0e2727cdb6cb7ba3.rmeta --extern serde=/tmp/cargo-mutants-casm-W5ytYW.tmp/target/debug/deps/libserde-2119863ca5860397.rmeta --extern serde_json=/tmp/cargo-mutants-casm-W5ytYW.tmp/target/debug/deps/libserde_json-8ada6c1221654e94.rmeta --verbose`
warning: unused variable: `source`
  --> crates/casm-diff/src/drift.rs:85:22
   |
85 |     pub fn from_json(source: &str) -> Result<Self, String> {
   |                      ^^^^^^ help: if this is intentional, prefix it with an underscore: `_source`
   |
   = note: `#[warn(unused_variables)]` (part of `#[warn(unused)]`) on by default

warning: `casm-diff` (lib) generated 1 warning (run `cargo fix --lib -p casm-diff` to apply 1 suggestion)
     Running `/home/srinivasan/.rustup/toolchains/nightly-x86_64-unknown-linux-gnu/bin/rustc --crate-name casm_diff --edition=2024 crates/casm-diff/src/lib.rs --error-format=json --json=diagnostic-rendered-ansi,artifacts,future-incompat --emit=dep-info,link -C embed-bitcode=no -C debuginfo=2 --warn=rust_2018_idioms '--warn=clippy::pedantic' '--warn=clippy::unwrap_used' --forbid=unsafe_code --warn=unreachable_pub '--warn=clippy::too_many_lines' '--allow=clippy::struct_field_names' '--warn=clippy::panic' '--allow=clippy::must_use_candidate' '--allow=clippy::module_name_repetitions' '--allow=clippy::missing_errors_doc' --warn=missing_docs '--warn=clippy::indexing_slicing' '--warn=clippy::expect_used' '--warn=clippy::cognitive_complexity' --test --check-cfg 'cfg(docsrs,test)' --check-cfg 'cfg(feature, values())' -C metadata=9dda23a21ebb89cc -C extra-filename=-4e10ba2b0fd94d1b --out-dir /tmp/cargo-mutants-casm-W5ytYW.tmp/target/debug/deps -C incremental=/tmp/cargo-mutants-casm-W5ytYW.tmp/target/debug/incremental -L dependency=/tmp/cargo-mutants-casm-W5ytYW.tmp/target/debug/deps --extern casm_core=/tmp/cargo-mutants-casm-W5ytYW.tmp/target/debug/deps/libcasm_core-0e2727cdb6cb7ba3.rlib --extern casm_parser=/tmp/cargo-mutants-casm-W5ytYW.tmp/target/debug/deps/libcasm_parser-46b061afdef23cde.rlib --extern serde=/tmp/cargo-mutants-casm-W5ytYW.tmp/target/debug/deps/libserde-2119863ca5860397.rlib --extern serde_json=/tmp/cargo-mutants-casm-W5ytYW.tmp/target/debug/deps/libserde_json-8ada6c1221654e94.rlib --verbose`
warning: `casm-diff` (lib test) generated 1 warning (1 duplicate)
    Finished `test` profile [unoptimized + debuginfo] target(s) in 19.35s
  Executable `/tmp/cargo-mutants-casm-W5ytYW.tmp/target/debug/deps/casm_diff-4e10ba2b0fd94d1b`

*** result: Success

*** /home/srinivasan/.rustup/toolchains/nightly-x86_64-unknown-linux-gnu/bin/cargo test --verbose --package=casm-diff@0.3.0
    Blocking waiting for file lock on package cache
    Blocking waiting for file lock on package cache
       Fresh serde_core v1.0.229
       Fresh unicode-ident v1.0.24
       Fresh proc-macro2 v1.0.107
       Fresh version_check v0.9.5
       Fresh quote v1.0.47
       Fresh syn v3.0.3
       Fresh typenum v1.20.1
       Fresh generic-array v0.14.7
       Fresh libc v0.2.189
       Fresh crypto-common v0.1.7
       Fresh block-buffer v0.10.4
       Fresh serde_derive v1.0.229
       Fresh cfg-if v1.0.4
       Fresh equivalent v1.0.2
       Fresh hashbrown v0.17.1
       Fresh digest v0.10.7
       Fresh getrandom v0.4.3
       Fresh thiserror-impl v2.0.19
       Fresh keccak v0.1.6
       Fresh indexmap v2.14.0
       Fresh serde v1.0.229
       Fresh itoa v1.0.18
       Fresh sha3 v0.10.9
       Fresh thiserror v2.0.19
       Fresh zmij v1.0.23
       Fresh uuid v1.24.0
       Fresh semver v1.0.28
       Fresh memchr v2.8.3
       Fresh winnow v1.0.4
       Fresh casm-core v0.3.0 (/tmp/cargo-mutants-casm-W5ytYW.tmp/crates/casm-core)
       Fresh serde_spanned v1.1.1
       Fresh toml_datetime v0.7.5+spec-1.1.0
       Fresh ryu v1.0.23
       Fresh winnow v0.7.15
       Fresh unsafe-libyaml v0.2.11
       Fresh toml_parser v1.1.3+spec-1.1.0
       Fresh serde_json v1.0.151
       Fresh toml_writer v1.1.2+spec-1.1.0
       Fresh serde_yaml_ng v0.10.0
       Fresh toml v0.9.12+spec-1.1.0
warning: unused variable: `source`
  --> crates/casm-diff/src/drift.rs:85:22
   |
85 |     pub fn from_json(source: &str) -> Result<Self, String> {
   |                      ^^^^^^ help: if this is intentional, prefix it with an underscore: `_source`
   |
   = note: `#[warn(unused_variables)]` (part of `#[warn(unused)]`) on by default

warning: `casm-diff` (lib) generated 1 warning (run `cargo fix --lib -p casm-diff` to apply 1 suggestion)
       Fresh casm-parser v0.3.0 (/tmp/cargo-mutants-casm-W5ytYW.tmp/crates/casm-parser)
       Fresh casm-diff v0.3.0 (/tmp/cargo-mutants-casm-W5ytYW.tmp/crates/casm-diff)
warning: `casm-diff` (lib test) generated 1 warning (1 duplicate)
    Finished `test` profile [unoptimized + debuginfo] target(s) in 0.19s
     Running `/tmp/cargo-mutants-casm-W5ytYW.tmp/target/debug/deps/casm_diff-4e10ba2b0fd94d1b`

running 41 tests
test drift::tests::a_malformed_inventory_is_rejected_with_a_message ... FAILED
test drift::tests::a_declared_node_with_no_resource_is_missing ... ok
test drift::tests::a_bound_resource_of_the_wrong_type_is_a_mismatch ... ok
test drift::tests::an_empty_architecture_reports_every_resource_as_unexpected ... ok
test drift::tests::a_matching_inventory_reports_no_drift ... ok
test drift::tests::an_explicit_binding_overrides_name_matching ... ok
test drift::tests::a_report_round_trips_through_json ... ok
test drift::tests::an_explicit_binding_that_matches_nothing_is_missing_despite_a_name_collision ... ok
test drift::tests::a_report_summarises_itself_in_both_states ... ok
test drift::tests::malformed_terraform_state_is_rejected ... ok
test drift::tests::external_nodes_are_exempt ... ok
test drift::tests::terraform_state_projects_into_an_inventory ... ok
test drift::tests::terraform_state_with_no_resources_is_an_empty_inventory ... ok
test drift::tests::the_terraform_type_map_covers_each_node_type_it_claims_to ... ok
test drift::tests::a_native_inventory_parses_from_json ... FAILED
test drift::tests::an_undeclared_resource_is_unexpected ... ok
test drift::tests::an_unrecognised_resource_type_asserts_nothing_about_the_node ... ok
test drift::tests::an_empty_inventory_reports_every_node_as_missing ... ok
test drift::tests::detection_is_deterministic ... ok
test semantic::tests::a_removed_node_is_breaking ... ok
test semantic::tests::a_removed_relationship_is_breaking ... ok
test semantic::tests::a_changed_node_type_is_breaking ... ok
test semantic::tests::a_renamed_node_shows_as_a_removal_and_an_addition ... ok
test semantic::tests::a_version_bump_is_reported ... ok
test semantic::tests::a_latency_budget_change_is_reported_but_not_breaking ... ok
test semantic::tests::a_rendered_diff_is_marker_prefixed_and_newline_terminated ... ok
test semantic::tests::an_architecture_does_not_differ_from_itself ... ok
test semantic::tests::an_added_node_is_reported_and_is_not_breaking ... ok
test semantic::tests::a_version_bump_of_a_pattern_is_a_drop_and_a_claim ... ok
test semantic::tests::an_added_relationship_is_reported ... ok
test semantic::tests::an_unchanged_claim_produces_nothing ... ok
test semantic::tests::claiming_a_pattern_is_a_change ... ok
test semantic::tests::dropping_a_claim_is_breaking ... ok
test semantic::tests::interface_and_control_changes_are_reported ... ok
test semantic::tests::an_empty_diff_renders_a_plain_statement ... ok
test semantic::tests::markers_distinguish_additions_removals_and_modifications ... ok
test semantic::tests::regenerated_identifiers_produce_no_diff ... ok
test semantic::tests::rebinding_a_role_is_reported_without_being_breaking ... ok
test semantic::tests::reordering_nodes_produces_no_diff ... ok
test semantic::tests::the_difference_helper_partitions_correctly ... ok
test semantic::tests::reparsing_a_file_does_not_look_like_a_rebinding ... ok

failures:

---- drift::tests::a_malformed_inventory_is_rejected_with_a_message stdout ----

thread 'drift::tests::a_malformed_inventory_is_rejected_with_a_message' (540036) panicked at crates/casm-diff/src/drift.rs:607:56:
called `Result::unwrap_err()` on an `Ok` value: Inventory { source: "", resources: [] }
note: run with `RUST_BACKTRACE=1` environment variable to display a backtrace

---- drift::tests::a_native_inventory_parses_from_json stdout ----

thread 'drift::tests::a_native_inventory_parses_from_json' (540038) panicked at crates/casm-diff/src/drift.rs:600:9:
assertion `left == right` failed
  left: ""
 right: "manual"


failures:
    drift::tests::a_malformed_inventory_is_rejected_with_a_message
    drift::tests::a_native_inventory_parses_from_json

test result: FAILED. 39 passed; 2 failed; 0 ignored; 0 measured; 0 filtered out; finished in 0.01s

error: test failed, to rerun pass `-p casm-diff --lib`

*** result: Failure(101)
