
*** crates/casm-renderer/src/lib.rs:166:9: replace <impl Renderer for Mermaid>::render -> String with "xyzzy".into()

*** mutation diff:
--- crates/casm-renderer/src/lib.rs
+++ replace <impl Renderer for Mermaid>::render -> String with "xyzzy".into()
@@ -158,43 +158,17 @@
         "mermaid"
     }
 
     fn extension(&self) -> &'static str {
         "mmd"
     }
 
     fn render(&self, architecture: &Architecture) -> String {
-        let ids = diagram_ids(architecture);
-        let mut out = String::from("flowchart LR\n");
-
-        // Writing to a `String` cannot fail; the `Result` is discarded deliberately
-        // rather than unwrapped, per NASA Rule 3.
-        let _ = writeln!(
-            out,
-            "  %% {} v{}",
-            architecture.name(),
-            architecture.version()
-        );
-
-        for node in architecture.nodes() {
-            let id = diagram_id(&ids, node.id());
-            let shape = Self::shape(node.node_type(), node.name().as_str());
-            let _ = writeln!(out, "  {id}{shape}");
-        }
-
-        for edge in architecture.relationships() {
-            let source = diagram_id(&ids, edge.source());
-            let target = diagram_id(&ids, edge.target());
-            let arrow = Self::arrow(edge.relationship_type());
-            let label = escape_label(&Self::edge_label(edge));
-            let _ = writeln!(out, "  {source} {arrow}|\"{label}\"| {target}");
-        }
-
-        out
+        "xyzzy".into() /* ~ changed by cargo-mutants ~ */
     }
 }
 
 /// The Graphviz DOT backend: for complex layouts and downstream tooling.
 pub struct Dot;
 
 impl Dot {
     /// Maps a node type onto a Graphviz shape.


*** /home/srinivasan/.rustup/toolchains/nightly-x86_64-unknown-linux-gnu/bin/cargo test --no-run --verbose --package=casm-renderer@0.3.0
    Blocking waiting for file lock on package cache
    Blocking waiting for file lock on package cache
    Blocking waiting for file lock on package cache
    Blocking waiting for file lock on package cache
       Fresh version_check v0.9.5
       Fresh unicode-ident v1.0.24
       Fresh proc-macro2 v1.0.107
       Fresh quote v1.0.47
       Fresh typenum v1.20.1
       Fresh generic-array v0.14.7
       Fresh syn v3.0.3
       Fresh serde_core v1.0.229
       Fresh libc v0.2.189
       Fresh block-buffer v0.10.4
       Fresh crypto-common v0.1.7
       Fresh cfg-if v1.0.4
       Fresh getrandom v0.4.3
       Fresh digest v0.10.7
       Fresh thiserror-impl v2.0.19
       Fresh serde_derive v1.0.229
       Fresh equivalent v1.0.2
       Fresh keccak v0.1.6
       Fresh hashbrown v0.17.1
       Fresh serde v1.0.229
       Fresh thiserror v2.0.19
       Fresh uuid v1.24.0
       Fresh indexmap v2.14.0
       Fresh sha3 v0.10.9
       Fresh semver v1.0.28
       Fresh casm-core v0.3.0 (/tmp/cargo-mutants-casm-Mdd4Ys.tmp/crates/casm-core)
       Dirty casm-renderer v0.3.0 (/tmp/cargo-mutants-casm-Mdd4Ys.tmp/crates/casm-renderer): the file `crates/casm-renderer/src/lib.rs` has changed (1785933204.830437255s, 1s after last build at 1785933203.738043653s)
   Compiling casm-renderer v0.3.0 (/tmp/cargo-mutants-casm-Mdd4Ys.tmp/crates/casm-renderer)
     Running `/home/srinivasan/.rustup/toolchains/nightly-x86_64-unknown-linux-gnu/bin/rustc --crate-name casm_renderer --edition=2024 crates/casm-renderer/src/lib.rs --error-format=json --json=diagnostic-rendered-ansi,artifacts,future-incompat --emit=dep-info,link -C embed-bitcode=no -C debuginfo=2 --warn=rust_2018_idioms '--warn=clippy::pedantic' '--warn=clippy::unwrap_used' --forbid=unsafe_code --warn=unreachable_pub '--warn=clippy::too_many_lines' '--allow=clippy::struct_field_names' '--warn=clippy::panic' '--allow=clippy::must_use_candidate' '--allow=clippy::module_name_repetitions' '--allow=clippy::missing_errors_doc' --warn=missing_docs '--warn=clippy::indexing_slicing' '--warn=clippy::expect_used' '--warn=clippy::cognitive_complexity' --test --check-cfg 'cfg(docsrs,test)' --check-cfg 'cfg(feature, values())' -C metadata=3d95ee09cfa5a46d -C extra-filename=-23f510611d261a86 --out-dir /tmp/cargo-mutants-casm-Mdd4Ys.tmp/target/debug/deps -C incremental=/tmp/cargo-mutants-casm-Mdd4Ys.tmp/target/debug/incremental -L dependency=/tmp/cargo-mutants-casm-Mdd4Ys.tmp/target/debug/deps --extern casm_core=/tmp/cargo-mutants-casm-Mdd4Ys.tmp/target/debug/deps/libcasm_core-e0f19a3016ddb7a5.rlib --verbose`
     Running `/home/srinivasan/.rustup/toolchains/nightly-x86_64-unknown-linux-gnu/bin/rustc --crate-name casm_renderer --edition=2024 crates/casm-renderer/src/lib.rs --error-format=json --json=diagnostic-rendered-ansi,artifacts,future-incompat --crate-type lib --emit=dep-info,metadata,link -C embed-bitcode=no -C debuginfo=2 --warn=rust_2018_idioms '--warn=clippy::pedantic' '--warn=clippy::unwrap_used' --forbid=unsafe_code --warn=unreachable_pub '--warn=clippy::too_many_lines' '--allow=clippy::struct_field_names' '--warn=clippy::panic' '--allow=clippy::must_use_candidate' '--allow=clippy::module_name_repetitions' '--allow=clippy::missing_errors_doc' --warn=missing_docs '--warn=clippy::indexing_slicing' '--warn=clippy::expect_used' '--warn=clippy::cognitive_complexity' --check-cfg 'cfg(docsrs,test)' --check-cfg 'cfg(feature, values())' -C metadata=9a17573fc0ebd8de -C extra-filename=-a274aae3a51b3045 --out-dir /tmp/cargo-mutants-casm-Mdd4Ys.tmp/target/debug/deps -C incremental=/tmp/cargo-mutants-casm-Mdd4Ys.tmp/target/debug/incremental -L dependency=/tmp/cargo-mutants-casm-Mdd4Ys.tmp/target/debug/deps --extern casm_core=/tmp/cargo-mutants-casm-Mdd4Ys.tmp/target/debug/deps/libcasm_core-e0f19a3016ddb7a5.rmeta --verbose`
warning: unused variable: `architecture`
   --> crates/casm-renderer/src/lib.rs:165:22
    |
165 |     fn render(&self, architecture: &Architecture) -> String {
    |                      ^^^^^^^^^^^^ help: if this is intentional, prefix it with an underscore: `_architecture`
    |
    = note: `#[warn(unused_variables)]` (part of `#[warn(unused)]`) on by default

warning: associated functions `shape` and `arrow` are never used
   --> crates/casm-renderer/src/lib.rs:119:8
    |
117 | impl Mermaid {
    | ------------ associated functions in this implementation
118 |     /// Maps a node type onto a Mermaid node shape, given a label.
119 |     fn shape(node_type: NodeType, label: &str) -> String {
    |        ^^^^^
...
133 |     fn arrow(relationship_type: RelationshipType) -> &'static str {
    |        ^^^^^
    |
    = note: `#[warn(dead_code)]` (part of `#[warn(unused)]`) on by default

warning: `casm-renderer` (lib) generated 2 warnings (run `cargo fix --lib -p casm-renderer` to apply 1 suggestion)
warning: `casm-renderer` (lib test) generated 2 warnings (2 duplicates)
    Finished `test` profile [unoptimized + debuginfo] target(s) in 0.88s
  Executable `/tmp/cargo-mutants-casm-Mdd4Ys.tmp/target/debug/deps/casm_renderer-23f510611d261a86`

*** result: Success

*** /home/srinivasan/.rustup/toolchains/nightly-x86_64-unknown-linux-gnu/bin/cargo test --verbose --package=casm-renderer@0.3.0
    Blocking waiting for file lock on package cache
    Blocking waiting for file lock on package cache
    Blocking waiting for file lock on package cache
    Blocking waiting for file lock on package cache
       Fresh unicode-ident v1.0.24
       Fresh version_check v0.9.5
       Fresh proc-macro2 v1.0.107
       Fresh typenum v1.20.1
       Fresh quote v1.0.47
       Fresh cfg-if v1.0.4
       Fresh keccak v0.1.6
       Fresh generic-array v0.14.7
       Fresh serde_core v1.0.229
       Fresh syn v3.0.3
       Fresh libc v0.2.189
       Fresh hashbrown v0.17.1
       Fresh equivalent v1.0.2
       Fresh crypto-common v0.1.7
       Fresh block-buffer v0.10.4
       Fresh thiserror-impl v2.0.19
       Fresh getrandom v0.4.3
       Fresh serde_derive v1.0.229
       Fresh semver v1.0.28
       Fresh indexmap v2.14.0
       Fresh digest v0.10.7
       Fresh serde v1.0.229
       Fresh uuid v1.24.0
       Fresh thiserror v2.0.19
       Fresh sha3 v0.10.9
       Fresh casm-core v0.3.0 (/tmp/cargo-mutants-casm-Mdd4Ys.tmp/crates/casm-core)
warning: unused variable: `architecture`
   --> crates/casm-renderer/src/lib.rs:165:22
    |
165 |     fn render(&self, architecture: &Architecture) -> String {
    |                      ^^^^^^^^^^^^ help: if this is intentional, prefix it with an underscore: `_architecture`
    |
    = note: `#[warn(unused_variables)]` (part of `#[warn(unused)]`) on by default

warning: associated functions `shape` and `arrow` are never used
   --> crates/casm-renderer/src/lib.rs:119:8
    |
117 | impl Mermaid {
    | ------------ associated functions in this implementation
118 |     /// Maps a node type onto a Mermaid node shape, given a label.
119 |     fn shape(node_type: NodeType, label: &str) -> String {
    |        ^^^^^
...
133 |     fn arrow(relationship_type: RelationshipType) -> &'static str {
    |        ^^^^^
    |
    = note: `#[warn(dead_code)]` (part of `#[warn(unused)]`) on by default

warning: `casm-renderer` (lib) generated 2 warnings (run `cargo fix --lib -p casm-renderer` to apply 1 suggestion)
warning: `casm-renderer` (lib test) generated 2 warnings (2 duplicates)
       Fresh casm-renderer v0.3.0 (/tmp/cargo-mutants-casm-Mdd4Ys.tmp/crates/casm-renderer)
    Finished `test` profile [unoptimized + debuginfo] target(s) in 0.26s
     Running `/tmp/cargo-mutants-casm-Mdd4Ys.tmp/target/debug/deps/casm_renderer-23f510611d261a86`

running 19 tests
test tests::a_hostile_description_cannot_break_out_of_a_label ... ok
test tests::ascii_says_so_when_there_is_nothing_to_draw ... ok
test tests::ascii_lists_nodes_interfaces_controls_and_edges ... ok
test tests::backends_are_discoverable_by_id ... ok
test tests::backend_ids_are_unique ... ok
test tests::diagram_identifiers_are_positional_not_uuid_derived ... FAILED
test tests::dot_produces_a_balanced_digraph ... ok
test tests::escaping_neutralises_quotes_newlines_and_backslashes ... ok
test tests::dot_shapes_distinguish_node_types ... ok
test tests::every_backend_handles_an_empty_architecture ... ok
test tests::dot_styles_distinguish_relationship_types ... ok
test tests::mermaid_arrows_distinguish_blocking_from_async ... FAILED
test tests::every_backend_output_ends_with_a_newline ... FAILED
test tests::every_backend_is_deterministic ... ok
test tests::mermaid_declares_a_flowchart_and_the_architecture_version ... FAILED
test tests::mermaid_shapes_distinguish_node_types ... FAILED
test tests::mermaid_labels_edges_with_protocol_and_budget ... FAILED
test tests::rendering_covers_every_relationship_type ... ok
test tests::rendering_never_panics_on_an_architecture_with_every_node_type ... ok

failures:

---- tests::diagram_identifiers_are_positional_not_uuid_derived stdout ----

thread 'tests::diagram_identifiers_are_positional_not_uuid_derived' (1092696) panicked at crates/casm-renderer/src/lib.rs:459:9:
xyzzy
note: run with `RUST_BACKTRACE=1` environment variable to display a backtrace

---- tests::mermaid_arrows_distinguish_blocking_from_async stdout ----

thread 'tests::mermaid_arrows_distinguish_blocking_from_async' (1092704) panicked at crates/casm-renderer/src/lib.rs:529:9:
async edges are dashed

---- tests::every_backend_output_ends_with_a_newline stdout ----

thread 'tests::every_backend_output_ends_with_a_newline' (1092703) panicked at crates/casm-renderer/src/lib.rs:427:13:
mermaid output is not newline-terminated

---- tests::mermaid_declares_a_flowchart_and_the_architecture_version stdout ----

thread 'tests::mermaid_declares_a_flowchart_and_the_architecture_version' (1092705) panicked at crates/casm-renderer/src/lib.rs:473:9:
assertion failed: output.starts_with("flowchart LR\n")

---- tests::mermaid_shapes_distinguish_node_types stdout ----

thread 'tests::mermaid_shapes_distinguish_node_types' (1092708) panicked at crates/casm-renderer/src/lib.rs:480:9:
gateway is a hexagon: xyzzy

---- tests::mermaid_labels_edges_with_protocol_and_budget stdout ----

thread 'tests::mermaid_labels_edges_with_protocol_and_budget' (1092707) panicked at crates/casm-renderer/src/lib.rs:497:9:
xyzzy


failures:
    tests::diagram_identifiers_are_positional_not_uuid_derived
    tests::every_backend_output_ends_with_a_newline
    tests::mermaid_arrows_distinguish_blocking_from_async
    tests::mermaid_declares_a_flowchart_and_the_architecture_version
    tests::mermaid_labels_edges_with_protocol_and_budget
    tests::mermaid_shapes_distinguish_node_types

test result: FAILED. 13 passed; 6 failed; 0 ignored; 0 measured; 0 filtered out; finished in 0.00s

error: test failed, to rerun pass `-p casm-renderer --lib`

*** result: Failure(101)
