
*** crates/casm-core/src/architecture.rs:125:9: replace ArchitectureConfig::build -> Result<Architecture, ArchitectureError> with Ok(Default::default())

*** mutation diff:
--- crates/casm-core/src/architecture.rs
+++ replace ArchitectureConfig::build -> Result<Architecture, ArchitectureError> with Ok(Default::default())
@@ -117,49 +117,17 @@
     /// configuration regardless of declaration order.
     ///
     /// # Errors
     ///
     /// Returns the first [`ArchitectureError`] encountered: a missing or invalid name,
     /// a non-SemVer version, a duplicate name or id, a dangling endpoint, or a
     /// duplicated relationship.
     pub fn build(self) -> Result<Architecture, ArchitectureError> {
-        let raw_name = self
-            .name
-            .unwrap_or_else(|| "unnamed-architecture".to_owned());
-        let name = Name::new(raw_name)?;
-
-        let raw_version = self.version.unwrap_or_else(|| "0.1.0".to_owned());
-        let version =
-            Version::parse(&raw_version).map_err(|error| ArchitectureError::InvalidVersion {
-                version: raw_version,
-                reason: error.to_string(),
-            })?;
-
-        let mut architecture = Architecture {
-            name,
-            version,
-            description: self.description,
-            nodes: IndexMap::with_capacity(self.nodes.len()),
-            relationships: Vec::with_capacity(self.relationships.len()),
-            conformance: Vec::with_capacity(self.conformance.len()),
-            metadata: self.metadata,
-        };
-
-        for node in self.nodes {
-            architecture.add_node(node)?;
-        }
-        for relationship in self.relationships {
-            architecture.add_relationship(relationship)?;
-        }
-        for claim in self.conformance {
-            architecture.add_conformance(claim)?;
-        }
-
-        Ok(architecture)
+        Ok(Default::default()) /* ~ changed by cargo-mutants ~ */
     }
 }
 
 /// Phase 2 of architecture construction: an immutable, internally-consistent topology.
 ///
 /// See the module documentation for the exact invariants this type guarantees.
 ///
 /// # Examples


*** /home/srinivasan/.rustup/toolchains/nightly-x86_64-unknown-linux-gnu/bin/cargo test --no-run --verbose --package=casm-core@0.3.0
       Fresh libc v0.2.189
       Fresh cfg-if v1.0.4
       Fresh unicode-ident v1.0.24
       Fresh version_check v0.9.5
       Fresh proc-macro2 v1.0.107
       Fresh quote v1.0.47
       Fresh serde_core v1.0.229
       Fresh typenum v1.20.1
       Fresh generic-array v0.14.7
       Fresh syn v3.0.3
       Fresh getrandom v0.4.3
       Fresh getrandom v0.3.4
       Fresh rand_core v0.9.5
       Fresh bitflags v2.13.1
       Fresh linux-raw-sys v0.12.1
       Fresh autocfg v1.5.1
       Fresh rustix v1.1.4
       Fresh zerocopy v0.8.55
       Fresh crypto-common v0.1.7
       Fresh block-buffer v0.10.4
       Fresh fastrand v2.5.0
       Fresh once_cell v1.21.4
       Fresh tempfile v3.27.0
       Fresh digest v0.10.7
       Fresh ppv-lite86 v0.2.21
       Fresh thiserror-impl v2.0.19
       Fresh serde_derive v1.0.229
       Fresh wait-timeout v0.2.1
       Fresh quick-error v1.2.3
       Fresh keccak v0.1.6
       Fresh bit-vec v0.8.0
       Fresh hashbrown v0.17.1
       Fresh equivalent v1.0.2
       Fresh fnv v1.0.7
       Fresh rusty-fork v0.3.1
       Fresh indexmap v2.14.0
       Fresh bit-set v0.8.0
       Fresh sha3 v0.10.9
       Fresh serde v1.0.229
       Fresh thiserror v2.0.19
       Fresh num-traits v0.2.19
       Fresh rand_chacha v0.9.0
       Fresh zmij v1.0.23
       Fresh rand_xorshift v0.4.0
       Fresh rand v0.9.5
       Fresh uuid v1.24.0
       Fresh semver v1.0.28
       Fresh regex-syntax v0.8.11
       Fresh memchr v2.8.3
       Fresh unarray v0.1.4
       Fresh itoa v1.0.18
       Fresh serde_json v1.0.151
       Fresh proptest v1.11.0
       Dirty casm-core v0.3.0 (/tmp/cargo-mutants-casm-7e1SYL.tmp/crates/casm-core): the file `crates/casm-core/src/architecture.rs` has changed (1785935979.726961422s, 8s after last build at 1785935971.870004579s)
   Compiling casm-core v0.3.0 (/tmp/cargo-mutants-casm-7e1SYL.tmp/crates/casm-core)
     Running `/home/srinivasan/.rustup/toolchains/nightly-x86_64-unknown-linux-gnu/bin/rustc --crate-name casm_core --edition=2024 crates/casm-core/src/lib.rs --error-format=json --json=diagnostic-rendered-ansi,artifacts,future-incompat --crate-type lib --emit=dep-info,metadata,link -C embed-bitcode=no -C debuginfo=2 --warn=rust_2018_idioms '--warn=clippy::pedantic' '--warn=clippy::unwrap_used' --forbid=unsafe_code --warn=unreachable_pub '--warn=clippy::too_many_lines' '--allow=clippy::struct_field_names' '--warn=clippy::panic' '--allow=clippy::must_use_candidate' '--allow=clippy::module_name_repetitions' '--allow=clippy::missing_errors_doc' --warn=missing_docs '--warn=clippy::indexing_slicing' '--warn=clippy::expect_used' '--warn=clippy::cognitive_complexity' --check-cfg 'cfg(docsrs,test)' --check-cfg 'cfg(feature, values())' -C metadata=522ab9b8a1e8fed3 -C extra-filename=-d00bbb705e8830ff --out-dir /tmp/cargo-mutants-casm-7e1SYL.tmp/target/debug/deps -C incremental=/tmp/cargo-mutants-casm-7e1SYL.tmp/target/debug/incremental -L dependency=/tmp/cargo-mutants-casm-7e1SYL.tmp/target/debug/deps --extern indexmap=/tmp/cargo-mutants-casm-7e1SYL.tmp/target/debug/deps/libindexmap-386bfa02d45ab18e.rmeta --extern semver=/tmp/cargo-mutants-casm-7e1SYL.tmp/target/debug/deps/libsemver-14f981aa0b32f993.rmeta --extern serde=/tmp/cargo-mutants-casm-7e1SYL.tmp/target/debug/deps/libserde-b350d0787b7cbc8c.rmeta --extern sha3=/tmp/cargo-mutants-casm-7e1SYL.tmp/target/debug/deps/libsha3-87752e9291d08871.rmeta --extern thiserror=/tmp/cargo-mutants-casm-7e1SYL.tmp/target/debug/deps/libthiserror-6c739655cb578a90.rmeta --extern uuid=/tmp/cargo-mutants-casm-7e1SYL.tmp/target/debug/deps/libuuid-f64cac9d01e1e5a7.rmeta --verbose`
error[E0277]: the trait bound `Architecture: Default` is not satisfied
   --> crates/casm-core/src/architecture.rs:125:12
    |
125 |         Ok(Default::default()) /* ~ changed by cargo-mutants ~ */
    |            ^^^^^^^^^^^^^^^^^^ unsatisfied trait bound
    |
help: the trait `Default` is not implemented for `Architecture`
   --> crates/casm-core/src/architecture.rs:161:1
    |
161 | pub struct Architecture {
    | ^^^^^^^^^^^^^^^^^^^^^^^

For more information about this error, try `rustc --explain E0277`.
error: could not compile `casm-core` (lib) due to 1 previous error

Caused by:
  process didn't exit successfully: `/home/srinivasan/.rustup/toolchains/nightly-x86_64-unknown-linux-gnu/bin/rustc --crate-name casm_core --edition=2024 crates/casm-core/src/lib.rs --error-format=json --json=diagnostic-rendered-ansi,artifacts,future-incompat --crate-type lib --emit=dep-info,metadata,link -C embed-bitcode=no -C debuginfo=2 --warn=rust_2018_idioms '--warn=clippy::pedantic' '--warn=clippy::unwrap_used' --forbid=unsafe_code --warn=unreachable_pub '--warn=clippy::too_many_lines' '--allow=clippy::struct_field_names' '--warn=clippy::panic' '--allow=clippy::must_use_candidate' '--allow=clippy::module_name_repetitions' '--allow=clippy::missing_errors_doc' --warn=missing_docs '--warn=clippy::indexing_slicing' '--warn=clippy::expect_used' '--warn=clippy::cognitive_complexity' --check-cfg 'cfg(docsrs,test)' --check-cfg 'cfg(feature, values())' -C metadata=522ab9b8a1e8fed3 -C extra-filename=-d00bbb705e8830ff --out-dir /tmp/cargo-mutants-casm-7e1SYL.tmp/target/debug/deps -C incremental=/tmp/cargo-mutants-casm-7e1SYL.tmp/target/debug/incremental -L dependency=/tmp/cargo-mutants-casm-7e1SYL.tmp/target/debug/deps --extern indexmap=/tmp/cargo-mutants-casm-7e1SYL.tmp/target/debug/deps/libindexmap-386bfa02d45ab18e.rmeta --extern semver=/tmp/cargo-mutants-casm-7e1SYL.tmp/target/debug/deps/libsemver-14f981aa0b32f993.rmeta --extern serde=/tmp/cargo-mutants-casm-7e1SYL.tmp/target/debug/deps/libserde-b350d0787b7cbc8c.rmeta --extern sha3=/tmp/cargo-mutants-casm-7e1SYL.tmp/target/debug/deps/libsha3-87752e9291d08871.rmeta --extern thiserror=/tmp/cargo-mutants-casm-7e1SYL.tmp/target/debug/deps/libthiserror-6c739655cb578a90.rmeta --extern uuid=/tmp/cargo-mutants-casm-7e1SYL.tmp/target/debug/deps/libuuid-f64cac9d01e1e5a7.rmeta --verbose` (exit status: 1)

*** result: Failure(101)
