
*** crates/casm-formal/src/model.rs:200:5: replace transitive_closure -> Vec<(String, String)> with vec![(String::new(), String::new())]

*** mutation diff:
--- crates/casm-formal/src/model.rs
+++ replace transitive_closure -> Vec<(String, String)> with vec![(String::new(), String::new())]
@@ -192,42 +192,17 @@
 
 /// Computes the transitive closure of a set of edges.
 ///
 /// A breadth-first walk from each node. Bounded by construction: the frontier only ever
 /// contains nodes not already seen, so the work is `O(V·E)` and cannot loop even when the
 /// input contains a cycle — which matters, because detecting one is a thing the caller
 /// wants to ask about afterwards.
 fn transitive_closure(edges: &[ModelEdge]) -> Vec<(String, String)> {
-    let mut adjacency: BTreeMap<&str, Vec<&str>> = BTreeMap::new();
-    for edge in edges {
-        adjacency
-            .entry(edge.source.as_str())
-            .or_default()
-            .push(edge.target.as_str());
-    }
-
-    let mut closure: BTreeSet<(String, String)> = BTreeSet::new();
-
-    for start in adjacency.keys().copied() {
-        let mut seen: BTreeSet<&str> = BTreeSet::new();
-        let mut frontier: Vec<&str> = adjacency.get(start).cloned().unwrap_or_default();
-
-        while let Some(current) = frontier.pop() {
-            if !seen.insert(current) {
-                continue;
-            }
-            closure.insert((start.to_owned(), current.to_owned()));
-            if let Some(next) = adjacency.get(current) {
-                frontier.extend(next.iter().copied());
-            }
-        }
-    }
-
-    closure.into_iter().collect()
+    vec![(String::new(), String::new())] /* ~ changed by cargo-mutants ~ */
 }
 
 #[cfg(test)]
 #[allow(
     clippy::unwrap_used,
     clippy::expect_used,
     clippy::panic,
     clippy::indexing_slicing


*** /home/srinivasan/.rustup/toolchains/nightly-x86_64-unknown-linux-gnu/bin/cargo test --no-run --verbose --package=casm-formal@0.3.0
       Fresh serde_core v1.0.229
       Fresh unicode-ident v1.0.24
       Fresh proc-macro2 v1.0.107
       Fresh version_check v0.9.5
       Fresh quote v1.0.47
       Fresh syn v3.0.3
       Fresh typenum v1.20.1
       Fresh serde_derive v1.0.229
       Fresh generic-array v0.14.7
       Fresh equivalent v1.0.2
       Fresh libc v0.2.189
       Fresh crypto-common v0.1.7
       Fresh block-buffer v0.10.4
       Fresh hashbrown v0.17.1
       Fresh cfg-if v1.0.4
       Fresh digest v0.10.7
       Fresh indexmap v2.14.0
       Fresh serde v1.0.229
       Fresh getrandom v0.4.3
       Fresh thiserror-impl v2.0.19
       Fresh keccak v0.1.6
       Fresh semver v1.0.28
       Fresh thiserror v2.0.19
       Fresh uuid v1.24.0
       Fresh sha3 v0.10.9
       Fresh winnow v1.0.4
       Fresh itoa v1.0.18
       Fresh casm-core v0.3.0 (/tmp/cargo-mutants-casm-W5ytYW.tmp/crates/casm-core)
       Fresh zmij v1.0.23
       Fresh serde_spanned v1.1.1
       Fresh toml_parser v1.1.3+spec-1.1.0
       Fresh toml_datetime v0.7.5+spec-1.1.0
       Fresh ryu v1.0.23
       Fresh memchr v2.8.3
       Fresh winnow v0.7.15
       Fresh unsafe-libyaml v0.2.11
       Fresh toml_writer v1.1.2+spec-1.1.0
       Fresh serde_yaml_ng v0.10.0
       Fresh serde_json v1.0.151
       Dirty casm-formal v0.3.0 (/tmp/cargo-mutants-casm-W5ytYW.tmp/crates/casm-formal): couldn't read metadata for file `target/debug/deps/libcasm_formal-3d62c4049ed65674.rlib`
   Compiling casm-formal v0.3.0 (/tmp/cargo-mutants-casm-W5ytYW.tmp/crates/casm-formal)
       Fresh toml v0.9.12+spec-1.1.0
       Fresh casm-parser v0.3.0 (/tmp/cargo-mutants-casm-W5ytYW.tmp/crates/casm-parser)
     Running `/home/srinivasan/.rustup/toolchains/nightly-x86_64-unknown-linux-gnu/bin/rustc --crate-name casm_formal --edition=2024 crates/casm-formal/src/lib.rs --error-format=json --json=diagnostic-rendered-ansi,artifacts,future-incompat --crate-type lib --emit=dep-info,metadata,link -C embed-bitcode=no -C debuginfo=2 --warn=rust_2018_idioms '--warn=clippy::pedantic' '--warn=clippy::unwrap_used' --forbid=unsafe_code --warn=unreachable_pub '--warn=clippy::too_many_lines' '--allow=clippy::struct_field_names' '--warn=clippy::panic' '--allow=clippy::must_use_candidate' '--allow=clippy::module_name_repetitions' '--allow=clippy::missing_errors_doc' --warn=missing_docs '--warn=clippy::indexing_slicing' '--warn=clippy::expect_used' '--warn=clippy::cognitive_complexity' --check-cfg 'cfg(docsrs,test)' --check-cfg 'cfg(feature, values())' -C metadata=a718362359bd9abb -C extra-filename=-3d62c4049ed65674 --out-dir /tmp/cargo-mutants-casm-W5ytYW.tmp/target/debug/deps -C incremental=/tmp/cargo-mutants-casm-W5ytYW.tmp/target/debug/incremental -L dependency=/tmp/cargo-mutants-casm-W5ytYW.tmp/target/debug/deps --extern casm_core=/tmp/cargo-mutants-casm-W5ytYW.tmp/target/debug/deps/libcasm_core-0e2727cdb6cb7ba3.rmeta --verbose`
     Running `/home/srinivasan/.rustup/toolchains/nightly-x86_64-unknown-linux-gnu/bin/rustc --crate-name casm_formal --edition=2024 crates/casm-formal/src/lib.rs --error-format=json --json=diagnostic-rendered-ansi,artifacts,future-incompat --emit=dep-info,link -C embed-bitcode=no -C debuginfo=2 --warn=rust_2018_idioms '--warn=clippy::pedantic' '--warn=clippy::unwrap_used' --forbid=unsafe_code --warn=unreachable_pub '--warn=clippy::too_many_lines' '--allow=clippy::struct_field_names' '--warn=clippy::panic' '--allow=clippy::must_use_candidate' '--allow=clippy::module_name_repetitions' '--allow=clippy::missing_errors_doc' --warn=missing_docs '--warn=clippy::indexing_slicing' '--warn=clippy::expect_used' '--warn=clippy::cognitive_complexity' --test --check-cfg 'cfg(docsrs,test)' --check-cfg 'cfg(feature, values())' -C metadata=3bdee02190ccaeac -C extra-filename=-cc425937610d0a3f --out-dir /tmp/cargo-mutants-casm-W5ytYW.tmp/target/debug/deps -C incremental=/tmp/cargo-mutants-casm-W5ytYW.tmp/target/debug/incremental -L dependency=/tmp/cargo-mutants-casm-W5ytYW.tmp/target/debug/deps --extern casm_core=/tmp/cargo-mutants-casm-W5ytYW.tmp/target/debug/deps/libcasm_core-0e2727cdb6cb7ba3.rlib --extern casm_parser=/tmp/cargo-mutants-casm-W5ytYW.tmp/target/debug/deps/libcasm_parser-46b061afdef23cde.rlib --verbose`
warning: unused imports: `BTreeMap` and `BTreeSet`
  --> crates/casm-formal/src/model.rs:28:24
   |
28 | use std::collections::{BTreeMap, BTreeSet};
   |                        ^^^^^^^^  ^^^^^^^^
   |
   = note: `#[warn(unused_imports)]` (part of `#[warn(unused)]`) on by default

warning: unused variable: `edges`
   --> crates/casm-formal/src/model.rs:199:23
    |
199 | fn transitive_closure(edges: &[ModelEdge]) -> Vec<(String, String)> {
    |                       ^^^^^ help: if this is intentional, prefix it with an underscore: `_edges`
    |
    = note: `#[warn(unused_variables)]` (part of `#[warn(unused)]`) on by default

warning: `casm-formal` (lib) generated 2 warnings (run `cargo fix --lib -p casm-formal` to apply 2 suggestions)
     Running `/home/srinivasan/.rustup/toolchains/nightly-x86_64-unknown-linux-gnu/bin/rustc --crate-name checked --edition=2024 crates/casm-formal/tests/checked.rs --error-format=json --json=diagnostic-rendered-ansi,artifacts,future-incompat --emit=dep-info,link -C embed-bitcode=no -C debuginfo=2 --warn=rust_2018_idioms '--warn=clippy::pedantic' '--warn=clippy::unwrap_used' --forbid=unsafe_code --warn=unreachable_pub '--warn=clippy::too_many_lines' '--allow=clippy::struct_field_names' '--warn=clippy::panic' '--allow=clippy::must_use_candidate' '--allow=clippy::module_name_repetitions' '--allow=clippy::missing_errors_doc' --warn=missing_docs '--warn=clippy::indexing_slicing' '--warn=clippy::expect_used' '--warn=clippy::cognitive_complexity' --test --check-cfg 'cfg(docsrs,test)' --check-cfg 'cfg(feature, values())' -C metadata=028a0ca3de7fc7b5 -C extra-filename=-33e472487a0284ee --out-dir /tmp/cargo-mutants-casm-W5ytYW.tmp/target/debug/deps -C incremental=/tmp/cargo-mutants-casm-W5ytYW.tmp/target/debug/incremental -L dependency=/tmp/cargo-mutants-casm-W5ytYW.tmp/target/debug/deps --extern casm_core=/tmp/cargo-mutants-casm-W5ytYW.tmp/target/debug/deps/libcasm_core-0e2727cdb6cb7ba3.rlib --extern casm_formal=/tmp/cargo-mutants-casm-W5ytYW.tmp/target/debug/deps/libcasm_formal-3d62c4049ed65674.rlib --extern casm_parser=/tmp/cargo-mutants-casm-W5ytYW.tmp/target/debug/deps/libcasm_parser-46b061afdef23cde.rlib --verbose`
     Running `/home/srinivasan/.rustup/toolchains/nightly-x86_64-unknown-linux-gnu/bin/rustc --crate-name emit --edition=2024 crates/casm-formal/examples/emit.rs --error-format=json --json=diagnostic-rendered-ansi,artifacts,future-incompat --crate-type bin --emit=dep-info,link -C embed-bitcode=no -C debuginfo=2 --warn=rust_2018_idioms '--warn=clippy::pedantic' '--warn=clippy::unwrap_used' --forbid=unsafe_code --warn=unreachable_pub '--warn=clippy::too_many_lines' '--allow=clippy::struct_field_names' '--warn=clippy::panic' '--allow=clippy::must_use_candidate' '--allow=clippy::module_name_repetitions' '--allow=clippy::missing_errors_doc' --warn=missing_docs '--warn=clippy::indexing_slicing' '--warn=clippy::expect_used' '--warn=clippy::cognitive_complexity' --check-cfg 'cfg(docsrs,test)' --check-cfg 'cfg(feature, values())' -C metadata=dc239db49d5ebb7a -C extra-filename=-5beac0b530227bda --out-dir /tmp/cargo-mutants-casm-W5ytYW.tmp/target/debug/examples -C incremental=/tmp/cargo-mutants-casm-W5ytYW.tmp/target/debug/incremental -L dependency=/tmp/cargo-mutants-casm-W5ytYW.tmp/target/debug/deps --extern casm_core=/tmp/cargo-mutants-casm-W5ytYW.tmp/target/debug/deps/libcasm_core-0e2727cdb6cb7ba3.rlib --extern casm_formal=/tmp/cargo-mutants-casm-W5ytYW.tmp/target/debug/deps/libcasm_formal-3d62c4049ed65674.rlib --extern casm_parser=/tmp/cargo-mutants-casm-W5ytYW.tmp/target/debug/deps/libcasm_parser-46b061afdef23cde.rlib --verbose`
warning: `casm-formal` (lib test) generated 2 warnings (2 duplicates)
    Finished `test` profile [unoptimized + debuginfo] target(s) in 1.44s
  Executable `/tmp/cargo-mutants-casm-W5ytYW.tmp/target/debug/deps/casm_formal-cc425937610d0a3f`
  Executable `/tmp/cargo-mutants-casm-W5ytYW.tmp/target/debug/deps/checked-33e472487a0284ee`

*** result: Success

*** /home/srinivasan/.rustup/toolchains/nightly-x86_64-unknown-linux-gnu/bin/cargo test --verbose --package=casm-formal@0.3.0
    Blocking waiting for file lock on package cache
    Blocking waiting for file lock on package cache
       Fresh serde_core v1.0.229
       Fresh unicode-ident v1.0.24
       Fresh proc-macro2 v1.0.107
       Fresh version_check v0.9.5
       Fresh quote v1.0.47
       Fresh syn v3.0.3
       Fresh typenum v1.20.1
       Fresh generic-array v0.14.7
       Fresh libc v0.2.189
       Fresh block-buffer v0.10.4
       Fresh crypto-common v0.1.7
       Fresh serde_derive v1.0.229
       Fresh equivalent v1.0.2
       Fresh hashbrown v0.17.1
       Fresh cfg-if v1.0.4
       Fresh getrandom v0.4.3
       Fresh indexmap v2.14.0
       Fresh serde v1.0.229
       Fresh digest v0.10.7
       Fresh thiserror-impl v2.0.19
       Fresh keccak v0.1.6
       Fresh sha3 v0.10.9
       Fresh thiserror v2.0.19
       Fresh uuid v1.24.0
       Fresh semver v1.0.28
       Fresh itoa v1.0.18
       Fresh winnow v1.0.4
       Fresh toml_parser v1.1.3+spec-1.1.0
       Fresh casm-core v0.3.0 (/tmp/cargo-mutants-casm-W5ytYW.tmp/crates/casm-core)
       Fresh zmij v1.0.23
       Fresh serde_spanned v1.1.1
       Fresh toml_datetime v0.7.5+spec-1.1.0
       Fresh ryu v1.0.23
       Fresh memchr v2.8.3
       Fresh winnow v0.7.15
       Fresh toml_writer v1.1.2+spec-1.1.0
       Fresh unsafe-libyaml v0.2.11
       Fresh serde_yaml_ng v0.10.0
       Fresh toml v0.9.12+spec-1.1.0
       Fresh serde_json v1.0.151
       Fresh casm-parser v0.3.0 (/tmp/cargo-mutants-casm-W5ytYW.tmp/crates/casm-parser)
warning: unused imports: `BTreeMap` and `BTreeSet`
  --> crates/casm-formal/src/model.rs:28:24
   |
28 | use std::collections::{BTreeMap, BTreeSet};
   |                        ^^^^^^^^  ^^^^^^^^
   |
   = note: `#[warn(unused_imports)]` (part of `#[warn(unused)]`) on by default

warning: unused variable: `edges`
   --> crates/casm-formal/src/model.rs:199:23
    |
199 | fn transitive_closure(edges: &[ModelEdge]) -> Vec<(String, String)> {
    |                       ^^^^^ help: if this is intentional, prefix it with an underscore: `_edges`
    |
    = note: `#[warn(unused_variables)]` (part of `#[warn(unused)]`) on by default

warning: `casm-formal` (lib) generated 2 warnings (run `cargo fix --lib -p casm-formal` to apply 2 suggestions)
       Fresh casm-formal v0.3.0 (/tmp/cargo-mutants-casm-W5ytYW.tmp/crates/casm-formal)
warning: `casm-formal` (lib test) generated 2 warnings (2 duplicates)
    Finished `test` profile [unoptimized + debuginfo] target(s) in 0.22s
     Running `/tmp/cargo-mutants-casm-W5ytYW.tmp/target/debug/deps/casm_formal-cc425937610d0a3f`

running 47 tests
test alloy::tests::an_empty_architecture_produces_a_parseable_model ... ok
test alloy::tests::colliding_names_are_disambiguated_deterministically ... ok
test alloy::tests::braces_are_balanced ... ok
test alloy::tests::every_node_gets_exactly_one_identifier ... ok
test alloy::tests::empty_groups_are_rendered_as_none_not_as_nothing ... ok
test alloy::tests::a_node_with_no_edges_is_pinned_to_none ... ok
test alloy::tests::module_names_become_legal_identifiers ... ok
test alloy::tests::asynchronous_edges_land_in_notifies_not_blocks ... ok
test alloy::tests::identifiers_are_prefixed_and_sanitised ... ok
test alloy::tests::every_node_declares_both_relations ... ok
test alloy::tests::every_assertion_has_a_matching_check ... ok
test alloy::tests::the_external_and_stateful_groups_are_populated ... ok
test alloy::tests::the_filename_matches_the_module ... ok
test alloy::tests::only_the_node_types_in_use_are_declared ... ok
test alloy::tests::the_isolated_nodes_assertion_is_omitted_for_a_single_node ... ok
test alloy::tests::the_prefix_makes_a_keyword_collision_impossible ... ok
test alloy::tests::the_identifier_mapping_is_emitted_only_where_it_differs ... ok
test model::tests::an_empty_architecture_produces_an_empty_model ... FAILED
test model::tests::a_cycle_is_detected_without_the_walk_hanging ... FAILED
test model::tests::external_nodes_are_identified ... ok
test alloy::tests::generation_is_deterministic ... ok
test model::tests::a_diamond_does_not_duplicate_closure_entries ... FAILED
test model::tests::an_acyclic_architecture_has_no_cycle ... FAILED
test alloy::tests::the_check_scope_covers_every_node ... ok
test model::tests::blocking_and_asynchronous_edges_are_separated ... ok
test model::tests::the_closure_reaches_through_the_chain ... FAILED
test model::tests::latency_budgets_are_carried_but_only_for_documentation ... ok
test tla::tests::a_single_node_architecture_bounds_failures_sensibly ... ok
test model::tests::the_closure_does_not_cross_an_asynchronous_edge ... ok
test model::tests::independent_nodes_are_those_nothing_blocks_on ... FAILED
test model::tests::the_blast_radius_counts_transitive_dependents ... FAILED
test model::tests::the_fingerprint_ties_a_spec_to_its_source ... ok
test tla::tests::an_empty_architecture_still_produces_a_wellformed_module ... ok
test tla::tests::pair_sets_separate_every_element_but_the_last ... ok
test tla::tests::node_names_are_strings_so_hyphens_survive ... ok
test tla::tests::set_literals_use_tla_syntax ... ok
test model::tests::the_model_is_sorted_and_therefore_stable_under_reordering ... ok
test tla::tests::module_names_become_legal_identifiers ... ok
test tla::tests::asynchronous_edges_are_still_recorded_for_the_reader ... ok
test tla::tests::the_blast_radius_bound_is_seeded_so_it_holds ... FAILED
test tla::tests::asynchronous_edges_are_absent_from_the_closure ... FAILED
test tla::tests::latency_budgets_appear_only_as_comments ... ok
test tla::tests::generation_is_deterministic ... ok
test tla::tests::the_config_names_only_operators_the_module_defines ... ok
test tla::tests::the_config_declares_every_constant_the_module_takes ... ok
test tla::tests::the_filenames_agree_with_the_module_name ... ok
test tla::tests::the_module_is_terminated ... ok

failures:

---- model::tests::an_empty_architecture_produces_an_empty_model stdout ----

thread 'model::tests::an_empty_architecture_produces_an_empty_model' (577613) panicked at crates/casm-formal/src/model.rs:388:9:
assertion failed: model.closure.is_empty()
note: run with `RUST_BACKTRACE=1` environment variable to display a backtrace

---- model::tests::a_cycle_is_detected_without_the_walk_hanging stdout ----

thread 'model::tests::a_cycle_is_detected_without_the_walk_hanging' (577610) panicked at crates/casm-formal/src/model.rs:294:9:
assertion failed: model.closure.contains(&("a".to_owned(), "a".to_owned()))

---- model::tests::a_diamond_does_not_duplicate_closure_entries stdout ----

thread 'model::tests::a_diamond_does_not_duplicate_closure_entries' (577611) panicked at crates/casm-formal/src/model.rs:426:9:
assertion `left == right` failed: two paths, one closure entry
  left: 0
 right: 1

---- model::tests::an_acyclic_architecture_has_no_cycle stdout ----

thread 'model::tests::an_acyclic_architecture_has_no_cycle' (577612) panicked at crates/casm-formal/src/model.rs:299:9:
assertion failed: !FormalModel::of(&parse(CHAIN)).has_cycle()

---- model::tests::the_closure_reaches_through_the_chain stdout ----

thread 'model::tests::the_closure_reaches_through_the_chain' (577625) panicked at crates/casm-formal/src/model.rs:255:9:
[("", "")]

---- model::tests::independent_nodes_are_those_nothing_blocks_on stdout ----

thread 'model::tests::independent_nodes_are_those_nothing_blocks_on' (577621) panicked at crates/casm-formal/src/model.rs:319:9:
["events", "gateway", "orders", "orders-db"]

---- model::tests::the_blast_radius_counts_transitive_dependents stdout ----

thread 'model::tests::the_blast_radius_counts_transitive_dependents' (577623) panicked at crates/casm-formal/src/model.rs:306:9:
assertion `left == right` failed
  left: 0
 right: 2

---- tla::tests::the_blast_radius_bound_is_seeded_so_it_holds stdout ----

thread 'tla::tests::the_blast_radius_bound_is_seeded_so_it_holds' (577643) panicked at crates/casm-formal/src/tla.rs:619:9:
\* Generated by CASIMIR -- safety properties.
\* Run with: tlc <Module>.tla
SPECIFICATION Spec

CONSTANT MaxBlastRadius = 0
CONSTANT MaxConcurrentFailures = 2

INVARIANT TypeOK
INVARIANT NoBlockingCycles
INVARIANT BlastRadiusWithinLimit
INVARIANT AsyncIsolation

\* Bounds the state space to a realistic number of
\* simultaneous failures. Sound for invariants; see the
\* liveness config for why it is not used there.
CONSTRAINT FailureBound


---- tla::tests::asynchronous_edges_are_absent_from_the_closure stdout ----

thread 'tla::tests::asynchronous_edges_are_absent_from_the_closure' (577634) panicked at crates/casm-formal/src/tla.rs:586:9:
 {
        <<"", "">>
    }


failures:
    model::tests::a_cycle_is_detected_without_the_walk_hanging
    model::tests::a_diamond_does_not_duplicate_closure_entries
    model::tests::an_acyclic_architecture_has_no_cycle
    model::tests::an_empty_architecture_produces_an_empty_model
    model::tests::independent_nodes_are_those_nothing_blocks_on
    model::tests::the_blast_radius_counts_transitive_dependents
    model::tests::the_closure_reaches_through_the_chain
    tla::tests::asynchronous_edges_are_absent_from_the_closure
    tla::tests::the_blast_radius_bound_is_seeded_so_it_holds

test result: FAILED. 38 passed; 9 failed; 0 ignored; 0 measured; 0 filtered out; finished in 0.05s

error: test failed, to rerun pass `-p casm-formal --lib`

*** result: Failure(101)
