
*** crates/casm-lsp/src/hover.rs:73:5: replace key_table -> &'static[Term] with Vec::leak(vec![Default::default()])

*** mutation diff:
--- crates/casm-lsp/src/hover.rs
+++ replace key_table -> &'static[Term] with Vec::leak(vec![Default::default()])
@@ -65,34 +65,17 @@
     Some(Hover {
         markdown: term.to_markdown(),
         span,
     })
 }
 
 /// The key vocabulary in force at a given section and block.
 fn key_table(section: Section, block: Block) -> &'static [Term] {
-    match (section, block) {
-        (Section::Root, _) => ROOT_KEYS,
-        (Section::Nodes, Block::None) => NODE_KEYS,
-        (Section::Nodes, Block::Interfaces) => INTERFACE_KEYS,
-        (Section::Nodes | Section::Relationships, Block::Controls) => CONTROL_KEYS,
-        (Section::Relationships, Block::None | Block::Interfaces) => RELATIONSHIP_KEYS,
-        (Section::Patterns, Block::None) => CLAIM_KEYS,
-        // Inside `bind:` every key is a role name defined by the pattern, not by CASIMIR,
-        // so there is no fixed vocabulary to explain.
-        //
-        // The remaining pairs cannot arise — `crate::index` only opens `bind:` inside
-        // `patterns:` and `interfaces:`/`controls:` outside it — and are spelled out
-        // rather than caught by a wildcard so that adding a block or a section is a
-        // compile error here (ADR-0005).
-        (Section::Patterns, Block::Bindings | Block::Interfaces | Block::Controls)
-        | (Section::Nodes | Section::Relationships, Block::Bindings)
-        | (Section::Metadata | Section::Unknown, _) => &[],
-    }
+    Vec::leak(vec![Default::default()]) /* ~ changed by cargo-mutants ~ */
 }
 
 /// Renders the tooltip for a resolved symbol.
 fn describe_symbol(
     index: &DocumentIndex,
     architecture: Option<&Architecture>,
     patterns: &[Pattern],
     symbol: &Symbol,


*** /home/srinivasan/.rustup/toolchains/nightly-x86_64-unknown-linux-gnu/bin/cargo test --no-run --verbose --package=casm-lsp@0.3.0
       Fresh unicode-ident v1.0.24
       Fresh proc-macro2 v1.0.107
       Fresh quote v1.0.47
       Fresh syn v3.0.3
       Fresh serde_core v1.0.229
       Fresh version_check v0.9.5
       Fresh libc v0.2.189
       Fresh cfg-if v1.0.4
       Fresh typenum v1.20.1
       Fresh serde_derive v1.0.229
       Fresh memchr v2.8.3
       Fresh syn v2.0.119
       Fresh hashbrown v0.17.1
       Fresh equivalent v1.0.2
       Fresh serde v1.0.229
       Fresh pin-project-lite v0.2.17
       Fresh indexmap v2.14.0
       Fresh futures-core v0.3.33
       Fresh generic-array v0.14.7
       Fresh futures-sink v0.3.33
       Fresh itoa v1.0.18
       Fresh zmij v1.0.23
       Fresh getrandom v0.4.3
       Fresh crypto-common v0.1.7
       Fresh block-buffer v0.10.4
       Fresh thiserror-impl v2.0.19
       Fresh keccak v0.1.6
       Fresh digest v0.10.7
       Fresh thiserror v2.0.19
       Fresh serde_json v1.0.151
       Fresh uuid v1.24.0
       Fresh futures-channel v0.3.33
       Fresh futures-macro v0.3.33
       Fresh sha3 v0.10.9
       Fresh semver v1.0.28
       Fresh ref-cast-impl v1.0.26
       Fresh once_cell v1.21.4
       Fresh futures-io v0.3.33
       Fresh futures-task v0.3.33
       Fresh slab v0.4.12
       Fresh casm-core v0.3.0 (/tmp/cargo-mutants-casm-PaMmur.tmp/crates/casm-core)
       Fresh futures-util v0.3.33
       Fresh ref-cast v1.0.26
       Fresh tokio-macros v2.7.2
       Fresh foldhash v0.1.5
       Fresh winnow v1.0.4
       Fresh borrow-or-share v0.2.4
       Fresh scopeguard v1.2.0
       Fresh smallvec v1.15.2
       Fresh bytes v1.12.1
       Fresh lock_api v0.4.14
       Fresh fluent-uri v0.4.1
       Fresh crossbeam-utils v0.8.22
       Fresh toml_parser v1.1.3+spec-1.1.0
       Fresh parking_lot_core v0.9.12
       Fresh tokio v1.53.1
       Fresh hashbrown v0.15.5
       Fresh tracing-core v0.1.36
       Fresh tracing-attributes v0.1.31
       Fresh serde_spanned v1.1.1
       Fresh toml_datetime v0.7.5+spec-1.1.0
       Fresh winnow v0.7.15
       Fresh bitflags v2.13.1
       Fresh fixedbitset v0.5.7
       Fresh tower-layer v0.3.3
       Fresh toml_writer v1.1.2+spec-1.1.0
       Fresh tower-service v0.3.3
       Fresh hashbrown v0.14.5
       Fresh percent-encoding v2.3.2
       Fresh sync_wrapper v1.0.2
       Fresh ryu v1.0.23
       Fresh unsafe-libyaml v0.2.11
       Fresh petgraph v0.8.3
       Fresh dashmap v6.2.1
       Fresh toml v0.9.12+spec-1.1.0
       Fresh ls-types v0.0.6
       Fresh tower v0.5.3
       Fresh serde_yaml_ng v0.10.0
       Fresh tracing v0.1.44
       Fresh tokio-util v0.7.19
       Fresh httparse v1.10.1
       Fresh futures v0.3.33
       Fresh casm-validator v0.3.0 (/tmp/cargo-mutants-casm-PaMmur.tmp/crates/casm-validator)
       Fresh tower-lsp-server v0.23.0
       Fresh casm-parser v0.3.0 (/tmp/cargo-mutants-casm-PaMmur.tmp/crates/casm-parser)
       Fresh casm-renderer v0.3.0 (/tmp/cargo-mutants-casm-PaMmur.tmp/crates/casm-renderer)
       Dirty casm-lsp v0.3.0 (/tmp/cargo-mutants-casm-PaMmur.tmp/crates/casm-lsp): the file `crates/casm-lsp/src/hover.rs` has changed (1785932309.854157152s, 36s after last build at 1785932273.307631395s)
   Compiling casm-lsp v0.3.0 (/tmp/cargo-mutants-casm-PaMmur.tmp/crates/casm-lsp)
     Running `/home/srinivasan/.rustup/toolchains/nightly-x86_64-unknown-linux-gnu/bin/rustc --crate-name casm_lsp --edition=2024 crates/casm-lsp/src/lib.rs --error-format=json --json=diagnostic-rendered-ansi,artifacts,future-incompat --emit=dep-info,link -C embed-bitcode=no -C debuginfo=2 --warn=rust_2018_idioms '--warn=clippy::pedantic' '--warn=clippy::unwrap_used' --forbid=unsafe_code --warn=unreachable_pub '--warn=clippy::too_many_lines' '--allow=clippy::struct_field_names' '--warn=clippy::panic' '--allow=clippy::must_use_candidate' '--allow=clippy::module_name_repetitions' '--allow=clippy::missing_errors_doc' --warn=missing_docs '--warn=clippy::indexing_slicing' '--warn=clippy::expect_used' '--warn=clippy::cognitive_complexity' --test --cfg 'feature="default"' --cfg 'feature="server"' --check-cfg 'cfg(docsrs,test)' --check-cfg 'cfg(feature, values("default", "server"))' -C metadata=47ec288518f74ead -C extra-filename=-6ce771c58ddaf742 --out-dir /tmp/cargo-mutants-casm-PaMmur.tmp/target/debug/deps -C incremental=/tmp/cargo-mutants-casm-PaMmur.tmp/target/debug/incremental -L dependency=/tmp/cargo-mutants-casm-PaMmur.tmp/target/debug/deps --extern casm_core=/tmp/cargo-mutants-casm-PaMmur.tmp/target/debug/deps/libcasm_core-436faef67019be0b.rlib --extern casm_parser=/tmp/cargo-mutants-casm-PaMmur.tmp/target/debug/deps/libcasm_parser-73e0cf500af32db2.rlib --extern casm_renderer=/tmp/cargo-mutants-casm-PaMmur.tmp/target/debug/deps/libcasm_renderer-ac502ef6e0f80926.rlib --extern casm_validator=/tmp/cargo-mutants-casm-PaMmur.tmp/target/debug/deps/libcasm_validator-c290c5037270b99c.rlib --extern serde=/tmp/cargo-mutants-casm-PaMmur.tmp/target/debug/deps/libserde-87d69d13b54ddd78.rlib --extern serde_json=/tmp/cargo-mutants-casm-PaMmur.tmp/target/debug/deps/libserde_json-c5598d48721c9847.rlib --extern tokio=/tmp/cargo-mutants-casm-PaMmur.tmp/target/debug/deps/libtokio-28c68a70018de8ed.rlib --extern tower_lsp_server=/tmp/cargo-mutants-casm-PaMmur.tmp/target/debug/deps/libtower_lsp_server-2fdfa097d8152abe.rlib --verbose`
     Running `/home/srinivasan/.rustup/toolchains/nightly-x86_64-unknown-linux-gnu/bin/rustc --crate-name casm_lsp --edition=2024 crates/casm-lsp/src/lib.rs --error-format=json --json=diagnostic-rendered-ansi,artifacts,future-incompat --crate-type lib --emit=dep-info,metadata,link -C embed-bitcode=no -C debuginfo=2 --warn=rust_2018_idioms '--warn=clippy::pedantic' '--warn=clippy::unwrap_used' --forbid=unsafe_code --warn=unreachable_pub '--warn=clippy::too_many_lines' '--allow=clippy::struct_field_names' '--warn=clippy::panic' '--allow=clippy::must_use_candidate' '--allow=clippy::module_name_repetitions' '--allow=clippy::missing_errors_doc' --warn=missing_docs '--warn=clippy::indexing_slicing' '--warn=clippy::expect_used' '--warn=clippy::cognitive_complexity' --cfg 'feature="default"' --cfg 'feature="server"' --check-cfg 'cfg(docsrs,test)' --check-cfg 'cfg(feature, values("default", "server"))' -C metadata=6a74160510f1ab21 -C extra-filename=-80fea0669f4842be --out-dir /tmp/cargo-mutants-casm-PaMmur.tmp/target/debug/deps -C incremental=/tmp/cargo-mutants-casm-PaMmur.tmp/target/debug/incremental -L dependency=/tmp/cargo-mutants-casm-PaMmur.tmp/target/debug/deps --extern casm_core=/tmp/cargo-mutants-casm-PaMmur.tmp/target/debug/deps/libcasm_core-436faef67019be0b.rmeta --extern casm_parser=/tmp/cargo-mutants-casm-PaMmur.tmp/target/debug/deps/libcasm_parser-73e0cf500af32db2.rmeta --extern casm_renderer=/tmp/cargo-mutants-casm-PaMmur.tmp/target/debug/deps/libcasm_renderer-ac502ef6e0f80926.rmeta --extern casm_validator=/tmp/cargo-mutants-casm-PaMmur.tmp/target/debug/deps/libcasm_validator-c290c5037270b99c.rmeta --extern serde_json=/tmp/cargo-mutants-casm-PaMmur.tmp/target/debug/deps/libserde_json-c5598d48721c9847.rmeta --extern tokio=/tmp/cargo-mutants-casm-PaMmur.tmp/target/debug/deps/libtokio-28c68a70018de8ed.rmeta --extern tower_lsp_server=/tmp/cargo-mutants-casm-PaMmur.tmp/target/debug/deps/libtower_lsp_server-2fdfa097d8152abe.rmeta --verbose`
warning: unused imports: `CLAIM_KEYS`, `CONTROL_KEYS`, `INTERFACE_KEYS`, `NODE_KEYS`, `RELATIONSHIP_KEYS`, and `ROOT_KEYS`
  --> crates/casm-lsp/src/hover.rs:23:5
   |
23 |     CLAIM_KEYS, CONTROL_KEYS, CONTROL_TYPES, INTERFACE_KEYS, NODE_KEYS, NODE_TYPES, PROTOCOLS,
   |     ^^^^^^^^^^  ^^^^^^^^^^^^                 ^^^^^^^^^^^^^^  ^^^^^^^^^
24 |     RELATIONSHIP_KEYS, RELATIONSHIP_TYPES, ROOT_KEYS, Term, find,
   |     ^^^^^^^^^^^^^^^^^                      ^^^^^^^^^
   |
   = note: `#[warn(unused_imports)]` (part of `#[warn(unused)]`) on by default

error[E0277]: the trait bound `Term: Default` is not satisfied
  --> crates/casm-lsp/src/hover.rs:73:20
   |
73 |     Vec::leak(vec![Default::default()]) /* ~ changed by cargo-mutants ~ */
   |                    ^^^^^^^^^^^^^^^^^^ the trait `Default` is not implemented for `Term`
   |
help: consider annotating `Term` with `#[derive(Default)]`
  --> crates/casm-lsp/src/schema.rs:27:1
   |
27 + #[derive(Default)]
28 | pub struct Term {
   |

For more information about this error, try `rustc --explain E0277`.
error[E0277]: the trait bound `schema::Term: Default` is not satisfied
  --> crates/casm-lsp/src/hover.rs:73:20
   |
73 |     Vec::leak(vec![Default::default()]) /* ~ changed by cargo-mutants ~ */
   |                    ^^^^^^^^^^^^^^^^^^ the trait `Default` is not implemented for `schema::Term`
   |
help: consider annotating `schema::Term` with `#[derive(Default)]`
  --> crates/casm-lsp/src/schema.rs:27:1
   |
27 + #[derive(Default)]
28 | pub struct Term {
   |

warning: `casm-lsp` (lib) generated 1 warning
error: could not compile `casm-lsp` (lib) due to 1 previous error; 1 warning emitted

Caused by:
  process didn't exit successfully: `/home/srinivasan/.rustup/toolchains/nightly-x86_64-unknown-linux-gnu/bin/rustc --crate-name casm_lsp --edition=2024 crates/casm-lsp/src/lib.rs --error-format=json --json=diagnostic-rendered-ansi,artifacts,future-incompat --crate-type lib --emit=dep-info,metadata,link -C embed-bitcode=no -C debuginfo=2 --warn=rust_2018_idioms '--warn=clippy::pedantic' '--warn=clippy::unwrap_used' --forbid=unsafe_code --warn=unreachable_pub '--warn=clippy::too_many_lines' '--allow=clippy::struct_field_names' '--warn=clippy::panic' '--allow=clippy::must_use_candidate' '--allow=clippy::module_name_repetitions' '--allow=clippy::missing_errors_doc' --warn=missing_docs '--warn=clippy::indexing_slicing' '--warn=clippy::expect_used' '--warn=clippy::cognitive_complexity' --cfg 'feature="default"' --cfg 'feature="server"' --check-cfg 'cfg(docsrs,test)' --check-cfg 'cfg(feature, values("default", "server"))' -C metadata=6a74160510f1ab21 -C extra-filename=-80fea0669f4842be --out-dir /tmp/cargo-mutants-casm-PaMmur.tmp/target/debug/deps -C incremental=/tmp/cargo-mutants-casm-PaMmur.tmp/target/debug/incremental -L dependency=/tmp/cargo-mutants-casm-PaMmur.tmp/target/debug/deps --extern casm_core=/tmp/cargo-mutants-casm-PaMmur.tmp/target/debug/deps/libcasm_core-436faef67019be0b.rmeta --extern casm_parser=/tmp/cargo-mutants-casm-PaMmur.tmp/target/debug/deps/libcasm_parser-73e0cf500af32db2.rmeta --extern casm_renderer=/tmp/cargo-mutants-casm-PaMmur.tmp/target/debug/deps/libcasm_renderer-ac502ef6e0f80926.rmeta --extern casm_validator=/tmp/cargo-mutants-casm-PaMmur.tmp/target/debug/deps/libcasm_validator-c290c5037270b99c.rmeta --extern serde_json=/tmp/cargo-mutants-casm-PaMmur.tmp/target/debug/deps/libserde_json-c5598d48721c9847.rmeta --extern tokio=/tmp/cargo-mutants-casm-PaMmur.tmp/target/debug/deps/libtokio-28c68a70018de8ed.rmeta --extern tower_lsp_server=/tmp/cargo-mutants-casm-PaMmur.tmp/target/debug/deps/libtower_lsp_server-2fdfa097d8152abe.rmeta --verbose` (exit status: 1)
warning: build failed, waiting for other jobs to finish...
warning: `casm-lsp` (lib test) generated 1 warning (1 duplicate)
error: could not compile `casm-lsp` (lib test) due to 1 previous error; 1 warning emitted

Caused by:
  process didn't exit successfully: `/home/srinivasan/.rustup/toolchains/nightly-x86_64-unknown-linux-gnu/bin/rustc --crate-name casm_lsp --edition=2024 crates/casm-lsp/src/lib.rs --error-format=json --json=diagnostic-rendered-ansi,artifacts,future-incompat --emit=dep-info,link -C embed-bitcode=no -C debuginfo=2 --warn=rust_2018_idioms '--warn=clippy::pedantic' '--warn=clippy::unwrap_used' --forbid=unsafe_code --warn=unreachable_pub '--warn=clippy::too_many_lines' '--allow=clippy::struct_field_names' '--warn=clippy::panic' '--allow=clippy::must_use_candidate' '--allow=clippy::module_name_repetitions' '--allow=clippy::missing_errors_doc' --warn=missing_docs '--warn=clippy::indexing_slicing' '--warn=clippy::expect_used' '--warn=clippy::cognitive_complexity' --test --cfg 'feature="default"' --cfg 'feature="server"' --check-cfg 'cfg(docsrs,test)' --check-cfg 'cfg(feature, values("default", "server"))' -C metadata=47ec288518f74ead -C extra-filename=-6ce771c58ddaf742 --out-dir /tmp/cargo-mutants-casm-PaMmur.tmp/target/debug/deps -C incremental=/tmp/cargo-mutants-casm-PaMmur.tmp/target/debug/incremental -L dependency=/tmp/cargo-mutants-casm-PaMmur.tmp/target/debug/deps --extern casm_core=/tmp/cargo-mutants-casm-PaMmur.tmp/target/debug/deps/libcasm_core-436faef67019be0b.rlib --extern casm_parser=/tmp/cargo-mutants-casm-PaMmur.tmp/target/debug/deps/libcasm_parser-73e0cf500af32db2.rlib --extern casm_renderer=/tmp/cargo-mutants-casm-PaMmur.tmp/target/debug/deps/libcasm_renderer-ac502ef6e0f80926.rlib --extern casm_validator=/tmp/cargo-mutants-casm-PaMmur.tmp/target/debug/deps/libcasm_validator-c290c5037270b99c.rlib --extern serde=/tmp/cargo-mutants-casm-PaMmur.tmp/target/debug/deps/libserde-87d69d13b54ddd78.rlib --extern serde_json=/tmp/cargo-mutants-casm-PaMmur.tmp/target/debug/deps/libserde_json-c5598d48721c9847.rlib --extern tokio=/tmp/cargo-mutants-casm-PaMmur.tmp/target/debug/deps/libtokio-28c68a70018de8ed.rlib --extern tower_lsp_server=/tmp/cargo-mutants-casm-PaMmur.tmp/target/debug/deps/libtower_lsp_server-2fdfa097d8152abe.rlib --verbose` (exit status: 1)

*** result: Failure(101)
