
*** crates/casm-lsp/src/actions.rs:90:5: replace quick_fixes -> Vec<CodeAction> with vec![Default::default()]

*** mutation diff:
--- crates/casm-lsp/src/actions.rs
+++ replace quick_fixes -> Vec<CodeAction> with vec![Default::default()]
@@ -82,37 +82,17 @@
 /// A client that watches files gets reloads for free. This exists for the ones that do
 /// not, and for the case a watcher cannot see: a library created, moved, or checked out
 /// after the session began.
 pub const RELOAD_PATTERNS: &str = "casm.reloadPatterns";
 
 /// Builds the quick-fixes available for `diagnostic`.
 #[must_use]
 pub fn quick_fixes(index: &DocumentIndex, diagnostic: &Diagnostic) -> Vec<CodeAction> {
-    let Some(node) = node_at(index, diagnostic.span) else {
-        return Vec::new();
-    };
-
-    match diagnostic.code.as_str() {
-        "services-require-security-controls" => vec![add_controls(
-            index,
-            node,
-            &diagnostic.code,
-            "Add the missing security controls",
-            SECURITY_CONTROLS,
-        )],
-        "stateful-nodes-require-controls" => vec![add_controls(
-            index,
-            node,
-            &diagnostic.code,
-            "Add controls for this datastore",
-            DATASTORE_CONTROLS,
-        )],
-        _ => Vec::new(),
-    }
+    vec![Default::default()] /* ~ changed by cargo-mutants ~ */
 }
 
 /// Builds the actions that apply to the document as a whole.
 #[must_use]
 pub fn source_actions() -> Vec<CodeAction> {
     vec![
         CodeAction {
             title: "CASIMIR: generate Mermaid diagram".to_owned(),


*** /home/srinivasan/.rustup/toolchains/nightly-x86_64-unknown-linux-gnu/bin/cargo test --no-run --verbose --package=casm-lsp@0.3.0
       Fresh unicode-ident v1.0.24
       Fresh proc-macro2 v1.0.107
       Fresh quote v1.0.47
       Fresh syn v3.0.3
       Fresh serde_core v1.0.229
       Fresh version_check v0.9.5
       Fresh libc v0.2.189
       Fresh typenum v1.20.1
       Fresh cfg-if v1.0.4
       Fresh generic-array v0.14.7
       Fresh serde_derive v1.0.229
   Compiling memchr v2.8.3
     Running `/home/srinivasan/.rustup/toolchains/nightly-x86_64-unknown-linux-gnu/bin/rustc --crate-name memchr --edition=2021 /home/srinivasan/.cargo/registry/src/index.crates.io-1949cf8c6b5b557f/memchr-2.8.3/src/lib.rs --error-format=json --json=diagnostic-rendered-ansi,artifacts,future-incompat --crate-type lib --emit=dep-info,metadata,link -C embed-bitcode=no -C debuginfo=2 --cfg 'feature="alloc"' --cfg 'feature="default"' --cfg 'feature="std"' --check-cfg 'cfg(docsrs,test)' --check-cfg 'cfg(feature, values("alloc", "core", "default", "libc", "logging", "rustc-dep-of-std", "std", "use_std"))' -C metadata=a8974781369d2a85 -C extra-filename=-433ccd1065983af8 --out-dir /tmp/cargo-mutants-casm-PaMmur.tmp/target/debug/deps -L dependency=/tmp/cargo-mutants-casm-PaMmur.tmp/target/debug/deps --cap-lints allow`
   Compiling serde v1.0.229
     Running `/home/srinivasan/.rustup/toolchains/nightly-x86_64-unknown-linux-gnu/bin/rustc --crate-name serde --edition=2021 /home/srinivasan/.cargo/registry/src/index.crates.io-1949cf8c6b5b557f/serde-1.0.229/src/lib.rs --error-format=json --json=diagnostic-rendered-ansi,artifacts,future-incompat --crate-type lib --emit=dep-info,metadata,link -C embed-bitcode=no -C debuginfo=2 --cfg 'feature="default"' --cfg 'feature="derive"' --cfg 'feature="serde_derive"' --cfg 'feature="std"' --check-cfg 'cfg(docsrs,test)' --check-cfg 'cfg(feature, values("alloc", "default", "derive", "rc", "serde_derive", "std", "unstable"))' -C metadata=8e7ca41339d95c38 -C extra-filename=-87d69d13b54ddd78 --out-dir /tmp/cargo-mutants-casm-PaMmur.tmp/target/debug/deps -L dependency=/tmp/cargo-mutants-casm-PaMmur.tmp/target/debug/deps --extern serde_core=/tmp/cargo-mutants-casm-PaMmur.tmp/target/debug/deps/libserde_core-06d534666cbc157d.rmeta --extern serde_derive=/tmp/cargo-mutants-casm-PaMmur.tmp/target/debug/deps/libserde_derive-019ee1ce1cc3d4e5.so --cap-lints allow --cfg if_docsrs_then_no_serde_core --check-cfg 'cfg(feature, values("result"))' --check-cfg 'cfg(if_docsrs_then_no_serde_core)' --check-cfg 'cfg(no_core_cstr)' --check-cfg 'cfg(no_core_error)' --check-cfg 'cfg(no_core_net)' --check-cfg 'cfg(no_core_num_saturating)' --check-cfg 'cfg(no_diagnostic_namespace)' --check-cfg 'cfg(no_serde_derive)' --check-cfg 'cfg(no_std_atomic)' --check-cfg 'cfg(no_std_atomic64)' --check-cfg 'cfg(no_target_has_atomic)'`
   Compiling syn v2.0.119
     Running `/home/srinivasan/.rustup/toolchains/nightly-x86_64-unknown-linux-gnu/bin/rustc --crate-name syn --edition=2021 /home/srinivasan/.cargo/registry/src/index.crates.io-1949cf8c6b5b557f/syn-2.0.119/src/lib.rs --error-format=json --json=diagnostic-rendered-ansi,artifacts,future-incompat --crate-type lib --emit=dep-info,metadata,link -C embed-bitcode=no --cfg 'feature="clone-impls"' --cfg 'feature="default"' --cfg 'feature="derive"' --cfg 'feature="extra-traits"' --cfg 'feature="full"' --cfg 'feature="parsing"' --cfg 'feature="printing"' --cfg 'feature="proc-macro"' --cfg 'feature="visit-mut"' --check-cfg 'cfg(docsrs,test)' --check-cfg 'cfg(feature, values("clone-impls", "default", "derive", "extra-traits", "fold", "full", "parsing", "printing", "proc-macro", "test", "visit", "visit-mut"))' -C metadata=be3d5220ec6d0089 -C extra-filename=-f9f69eccc8b823be --out-dir /tmp/cargo-mutants-casm-PaMmur.tmp/target/debug/deps -L dependency=/tmp/cargo-mutants-casm-PaMmur.tmp/target/debug/deps --extern proc_macro2=/tmp/cargo-mutants-casm-PaMmur.tmp/target/debug/deps/libproc_macro2-dcedbb389bac209b.rmeta --extern quote=/tmp/cargo-mutants-casm-PaMmur.tmp/target/debug/deps/libquote-b54a32c30fb9266d.rmeta --extern unicode_ident=/tmp/cargo-mutants-casm-PaMmur.tmp/target/debug/deps/libunicode_ident-c763a785dc3ccbf7.rmeta --cap-lints allow`
       Fresh hashbrown v0.17.1
   Compiling pin-project-lite v0.2.17
     Running `/home/srinivasan/.rustup/toolchains/nightly-x86_64-unknown-linux-gnu/bin/rustc --crate-name pin_project_lite --edition=2018 /home/srinivasan/.cargo/registry/src/index.crates.io-1949cf8c6b5b557f/pin-project-lite-0.2.17/src/lib.rs --error-format=json --json=diagnostic-rendered-ansi,artifacts,future-incompat --crate-type lib --emit=dep-info,metadata,link -C embed-bitcode=no -C debuginfo=2 '--warn=clippy::unused_trait_names' --warn=unreachable_pub --warn=unnameable_types --warn=unexpected_cfgs '--warn=clippy::undocumented_unsafe_blocks' '--warn=clippy::transmute_undefined_repr' '--warn=clippy::trailing_empty_array' --warn=single_use_lifetimes --warn=rust_2018_idioms '--warn=clippy::pedantic' --warn=non_ascii_idents '--warn=clippy::inline_asm_x86_att_syntax' --warn=improper_ctypes_definitions --warn=improper_ctypes --warn=deprecated_safe '--warn=clippy::default_union_representation' '--warn=clippy::as_underscore' '--warn=clippy::as_ptr_cast_mut' '--warn=clippy::all' '--allow=clippy::type_complexity' '--allow=clippy::too_many_lines' '--allow=clippy::too_many_arguments' '--allow=clippy::struct_field_names' '--allow=clippy::struct_excessive_bools' '--allow=clippy::single_match_else' '--allow=clippy::single_match' '--allow=clippy::similar_names' '--allow=clippy::range_plus_one' '--allow=clippy::nonminimal_bool' '--allow=clippy::naive_bytecount' '--allow=clippy::module_name_repetitions' '--allow=clippy::missing_errors_doc' '--allow=clippy::manual_range_contains' '--allow=clippy::manual_assert' '--allow=clippy::incompatible_msrv' '--allow=clippy::float_cmp' '--allow=clippy::doc_markdown' '--allow=clippy::declare_interior_mutable_const' '--allow=clippy::collapsible_match' '--allow=clippy::cast_lossless' '--allow=clippy::borrow_as_ptr' '--allow=clippy::bool_assert_comparison' --check-cfg 'cfg(docsrs,test)' --check-cfg 'cfg(feature, values())' -C metadata=c5298ae630f15fb5 -C extra-filename=-2ff97dda599ad6f8 --out-dir /tmp/cargo-mutants-casm-PaMmur.tmp/target/debug/deps -L dependency=/tmp/cargo-mutants-casm-PaMmur.tmp/target/debug/deps --cap-lints allow`
       Fresh equivalent v1.0.2
       Fresh indexmap v2.14.0
       Fresh crypto-common v0.1.7
       Fresh block-buffer v0.10.4
       Fresh itoa v1.0.18
   Compiling futures-core v0.3.33
     Running `/home/srinivasan/.rustup/toolchains/nightly-x86_64-unknown-linux-gnu/bin/rustc --crate-name futures_core --edition=2018 /home/srinivasan/.cargo/registry/src/index.crates.io-1949cf8c6b5b557f/futures-core-0.3.33/src/lib.rs --error-format=json --json=diagnostic-rendered-ansi,artifacts,future-incompat --crate-type lib --emit=dep-info,metadata,link -C embed-bitcode=no -C debuginfo=2 --warn=unreachable_pub --warn=unexpected_cfgs --warn=single_use_lifetimes --warn=rust_2018_idioms --warn=missing_debug_implementations --check-cfg 'cfg(futures_sanitizer)' --cfg 'feature="alloc"' --cfg 'feature="default"' --cfg 'feature="std"' --check-cfg 'cfg(docsrs,test)' --check-cfg 'cfg(feature, values("alloc", "cfg-target-has-atomic", "default", "portable-atomic", "std", "unstable"))' -C metadata=67dce456fb3833c5 -C extra-filename=-dca9904225da90c3 --out-dir /tmp/cargo-mutants-casm-PaMmur.tmp/target/debug/deps -L dependency=/tmp/cargo-mutants-casm-PaMmur.tmp/target/debug/deps --cap-lints allow`
   Compiling futures-sink v0.3.33
     Running `/home/srinivasan/.rustup/toolchains/nightly-x86_64-unknown-linux-gnu/bin/rustc --crate-name futures_sink --edition=2018 /home/srinivasan/.cargo/registry/src/index.crates.io-1949cf8c6b5b557f/futures-sink-0.3.33/src/lib.rs --error-format=json --json=diagnostic-rendered-ansi,artifacts,future-incompat --crate-type lib --emit=dep-info,metadata,link -C embed-bitcode=no -C debuginfo=2 --warn=unreachable_pub --warn=unexpected_cfgs --warn=single_use_lifetimes --warn=rust_2018_idioms --warn=missing_debug_implementations --check-cfg 'cfg(futures_sanitizer)' --cfg 'feature="alloc"' --cfg 'feature="default"' --cfg 'feature="std"' --check-cfg 'cfg(docsrs,test)' --check-cfg 'cfg(feature, values("alloc", "default", "std"))' -C metadata=ecff126ae5218f4b -C extra-filename=-9cdbc272f1eebd80 --out-dir /tmp/cargo-mutants-casm-PaMmur.tmp/target/debug/deps -L dependency=/tmp/cargo-mutants-casm-PaMmur.tmp/target/debug/deps --cap-lints allow`
       Fresh digest v0.10.7
       Fresh zmij v1.0.23
       Fresh getrandom v0.4.3
       Fresh thiserror-impl v2.0.19
       Fresh keccak v0.1.6
   Compiling ref-cast v1.0.26
     Running `/home/srinivasan/.rustup/toolchains/nightly-x86_64-unknown-linux-gnu/bin/rustc --crate-name build_script_build --edition=2021 /home/srinivasan/.cargo/registry/src/index.crates.io-1949cf8c6b5b557f/ref-cast-1.0.26/build.rs --error-format=json --json=diagnostic-rendered-ansi,artifacts,future-incompat --crate-type bin --emit=dep-info,link -C embed-bitcode=no --check-cfg 'cfg(docsrs,test)' --check-cfg 'cfg(feature, values())' -C metadata=4f26f05029270f2e -C extra-filename=-7379902aa583ff5a --out-dir /tmp/cargo-mutants-casm-PaMmur.tmp/target/debug/build/ref-cast-7379902aa583ff5a -L dependency=/tmp/cargo-mutants-casm-PaMmur.tmp/target/debug/deps --cap-lints allow`
     Running `/tmp/cargo-mutants-casm-PaMmur.tmp/target/debug/build/ref-cast-7379902aa583ff5a/build-script-build`
       Fresh sha3 v0.10.9
       Fresh thiserror v2.0.19
       Fresh uuid v1.24.0
   Compiling serde_json v1.0.151
     Running `/home/srinivasan/.rustup/toolchains/nightly-x86_64-unknown-linux-gnu/bin/rustc --crate-name serde_json --edition=2021 /home/srinivasan/.cargo/registry/src/index.crates.io-1949cf8c6b5b557f/serde_json-1.0.151/src/lib.rs --error-format=json --json=diagnostic-rendered-ansi,artifacts,future-incompat --crate-type lib --emit=dep-info,metadata,link -C embed-bitcode=no -C debuginfo=2 --cfg 'feature="default"' --cfg 'feature="std"' --check-cfg 'cfg(docsrs,test)' --check-cfg 'cfg(feature, values("alloc", "arbitrary_precision", "default", "float_roundtrip", "indexmap", "preserve_order", "raw_value", "std", "unbounded_depth"))' -C metadata=cb952bffb5e75d91 -C extra-filename=-c5598d48721c9847 --out-dir /tmp/cargo-mutants-casm-PaMmur.tmp/target/debug/deps -L dependency=/tmp/cargo-mutants-casm-PaMmur.tmp/target/debug/deps --extern itoa=/tmp/cargo-mutants-casm-PaMmur.tmp/target/debug/deps/libitoa-6a6d3f3d53caa1d6.rmeta --extern memchr=/tmp/cargo-mutants-casm-PaMmur.tmp/target/debug/deps/libmemchr-433ccd1065983af8.rmeta --extern serde_core=/tmp/cargo-mutants-casm-PaMmur.tmp/target/debug/deps/libserde_core-06d534666cbc157d.rmeta --extern zmij=/tmp/cargo-mutants-casm-PaMmur.tmp/target/debug/deps/libzmij-3fc47cadc9d3096f.rmeta --cap-lints allow --cfg 'fast_arithmetic="64"' --check-cfg 'cfg(fast_arithmetic, values("32", "64"))'`
   Compiling futures-channel v0.3.33
     Running `/home/srinivasan/.rustup/toolchains/nightly-x86_64-unknown-linux-gnu/bin/rustc --crate-name futures_channel --edition=2018 /home/srinivasan/.cargo/registry/src/index.crates.io-1949cf8c6b5b557f/futures-channel-0.3.33/src/lib.rs --error-format=json --json=diagnostic-rendered-ansi,artifacts,future-incompat --crate-type lib --emit=dep-info,metadata,link -C embed-bitcode=no -C debuginfo=2 --warn=unreachable_pub --warn=unexpected_cfgs --warn=single_use_lifetimes --warn=rust_2018_idioms --warn=missing_debug_implementations --check-cfg 'cfg(futures_sanitizer)' --cfg 'feature="alloc"' --cfg 'feature="futures-sink"' --cfg 'feature="sink"' --cfg 'feature="std"' --check-cfg 'cfg(docsrs,test)' --check-cfg 'cfg(feature, values("alloc", "cfg-target-has-atomic", "default", "futures-sink", "sink", "std", "unstable"))' -C metadata=c1009eca09cb1316 -C extra-filename=-9ed97712a743ef47 --out-dir /tmp/cargo-mutants-casm-PaMmur.tmp/target/debug/deps -L dependency=/tmp/cargo-mutants-casm-PaMmur.tmp/target/debug/deps --extern futures_core=/tmp/cargo-mutants-casm-PaMmur.tmp/target/debug/deps/libfutures_core-dca9904225da90c3.rmeta --extern futures_sink=/tmp/cargo-mutants-casm-PaMmur.tmp/target/debug/deps/libfutures_sink-9cdbc272f1eebd80.rmeta --cap-lints allow`
       Fresh semver v1.0.28
   Compiling ref-cast-impl v1.0.26
     Running `/home/srinivasan/.rustup/toolchains/nightly-x86_64-unknown-linux-gnu/bin/rustc --crate-name ref_cast_impl --edition=2021 /home/srinivasan/.cargo/registry/src/index.crates.io-1949cf8c6b5b557f/ref-cast-impl-1.0.26/src/lib.rs --error-format=json --json=diagnostic-rendered-ansi,artifacts,future-incompat --crate-type proc-macro --emit=dep-info,link -C prefer-dynamic -C embed-bitcode=no --check-cfg 'cfg(docsrs,test)' --check-cfg 'cfg(feature, values())' -C metadata=795d33b5d9552414 -C extra-filename=-f68861a8f5f41071 --out-dir /tmp/cargo-mutants-casm-PaMmur.tmp/target/debug/deps -L dependency=/tmp/cargo-mutants-casm-PaMmur.tmp/target/debug/deps --extern proc_macro2=/tmp/cargo-mutants-casm-PaMmur.tmp/target/debug/deps/libproc_macro2-dcedbb389bac209b.rlib --extern quote=/tmp/cargo-mutants-casm-PaMmur.tmp/target/debug/deps/libquote-b54a32c30fb9266d.rlib --extern syn=/tmp/cargo-mutants-casm-PaMmur.tmp/target/debug/deps/libsyn-5f84759efb98b4e5.rlib --extern proc_macro --cap-lints allow`
   Compiling futures-task v0.3.33
     Running `/home/srinivasan/.rustup/toolchains/nightly-x86_64-unknown-linux-gnu/bin/rustc --crate-name futures_task --edition=2018 /home/srinivasan/.cargo/registry/src/index.crates.io-1949cf8c6b5b557f/futures-task-0.3.33/src/lib.rs --error-format=json --json=diagnostic-rendered-ansi,artifacts,future-incompat --crate-type lib --emit=dep-info,metadata,link -C embed-bitcode=no -C debuginfo=2 --warn=unreachable_pub --warn=unexpected_cfgs --warn=single_use_lifetimes --warn=rust_2018_idioms --warn=missing_debug_implementations --check-cfg 'cfg(futures_sanitizer)' --cfg 'feature="alloc"' --cfg 'feature="std"' --check-cfg 'cfg(docsrs,test)' --check-cfg 'cfg(feature, values("alloc", "cfg-target-has-atomic", "default", "std", "unstable"))' -C metadata=1f7a6c0564fe66b3 -C extra-filename=-363bb55244d05393 --out-dir /tmp/cargo-mutants-casm-PaMmur.tmp/target/debug/deps -L dependency=/tmp/cargo-mutants-casm-PaMmur.tmp/target/debug/deps --cap-lints allow`
       Fresh once_cell v1.21.4
   Compiling futures-io v0.3.33
     Running `/home/srinivasan/.rustup/toolchains/nightly-x86_64-unknown-linux-gnu/bin/rustc --crate-name futures_io --edition=2018 /home/srinivasan/.cargo/registry/src/index.crates.io-1949cf8c6b5b557f/futures-io-0.3.33/src/lib.rs --error-format=json --json=diagnostic-rendered-ansi,artifacts,future-incompat --crate-type lib --emit=dep-info,metadata,link -C embed-bitcode=no -C debuginfo=2 --warn=unreachable_pub --warn=unexpected_cfgs --warn=single_use_lifetimes --warn=rust_2018_idioms --warn=missing_debug_implementations --check-cfg 'cfg(futures_sanitizer)' --cfg 'feature="std"' --check-cfg 'cfg(docsrs,test)' --check-cfg 'cfg(feature, values("default", "std", "unstable"))' -C metadata=b4c7e085a9a35c17 -C extra-filename=-410eb9f0662d7a1a --out-dir /tmp/cargo-mutants-casm-PaMmur.tmp/target/debug/deps -L dependency=/tmp/cargo-mutants-casm-PaMmur.tmp/target/debug/deps --cap-lints allow`
   Compiling slab v0.4.12
     Running `/home/srinivasan/.rustup/toolchains/nightly-x86_64-unknown-linux-gnu/bin/rustc --crate-name slab --edition=2018 /home/srinivasan/.cargo/registry/src/index.crates.io-1949cf8c6b5b557f/slab-0.4.12/src/lib.rs --error-format=json --json=diagnostic-rendered-ansi,artifacts,future-incompat --crate-type lib --emit=dep-info,metadata,link -C embed-bitcode=no -C debuginfo=2 --cfg 'feature="std"' --check-cfg 'cfg(docsrs,test)' --check-cfg 'cfg(feature, values("default", "serde", "std"))' -C metadata=ebeb938d26225ba3 -C extra-filename=-8d36c39b85eef56a --out-dir /tmp/cargo-mutants-casm-PaMmur.tmp/target/debug/deps -L dependency=/tmp/cargo-mutants-casm-PaMmur.tmp/target/debug/deps --cap-lints allow`
     Running `/home/srinivasan/.rustup/toolchains/nightly-x86_64-unknown-linux-gnu/bin/rustc --crate-name ref_cast --edition=2021 /home/srinivasan/.cargo/registry/src/index.crates.io-1949cf8c6b5b557f/ref-cast-1.0.26/src/lib.rs --error-format=json --json=diagnostic-rendered-ansi,artifacts,future-incompat --crate-type lib --emit=dep-info,metadata,link -C embed-bitcode=no -C debuginfo=2 --check-cfg 'cfg(docsrs,test)' --check-cfg 'cfg(feature, values())' -C metadata=f538f3c7f2a7a983 -C extra-filename=-ad64ba2d7448bf78 --out-dir /tmp/cargo-mutants-casm-PaMmur.tmp/target/debug/deps -L dependency=/tmp/cargo-mutants-casm-PaMmur.tmp/target/debug/deps --extern ref_cast_impl=/tmp/cargo-mutants-casm-PaMmur.tmp/target/debug/deps/libref_cast_impl-f68861a8f5f41071.so --cap-lints allow --check-cfg 'cfg(no_intrinsic_type_name)' --check-cfg 'cfg(no_phantom_pinned)'`
   Compiling casm-core v0.3.0 (/tmp/cargo-mutants-casm-PaMmur.tmp/crates/casm-core)
     Running `/home/srinivasan/.rustup/toolchains/nightly-x86_64-unknown-linux-gnu/bin/rustc --crate-name casm_core --edition=2024 crates/casm-core/src/lib.rs --error-format=json --json=diagnostic-rendered-ansi,artifacts,future-incompat --crate-type lib --emit=dep-info,metadata,link -C embed-bitcode=no -C debuginfo=2 --warn=rust_2018_idioms '--warn=clippy::pedantic' '--warn=clippy::unwrap_used' --forbid=unsafe_code --warn=unreachable_pub '--warn=clippy::too_many_lines' '--allow=clippy::struct_field_names' '--warn=clippy::panic' '--allow=clippy::must_use_candidate' '--allow=clippy::module_name_repetitions' '--allow=clippy::missing_errors_doc' --warn=missing_docs '--warn=clippy::indexing_slicing' '--warn=clippy::expect_used' '--warn=clippy::cognitive_complexity' --check-cfg 'cfg(docsrs,test)' --check-cfg 'cfg(feature, values())' -C metadata=c34ca3b1e280c1c6 -C extra-filename=-436faef67019be0b --out-dir /tmp/cargo-mutants-casm-PaMmur.tmp/target/debug/deps -C incremental=/tmp/cargo-mutants-casm-PaMmur.tmp/target/debug/incremental -L dependency=/tmp/cargo-mutants-casm-PaMmur.tmp/target/debug/deps --extern indexmap=/tmp/cargo-mutants-casm-PaMmur.tmp/target/debug/deps/libindexmap-caa1b9b30c6a98f0.rmeta --extern semver=/tmp/cargo-mutants-casm-PaMmur.tmp/target/debug/deps/libsemver-c464a202e640c772.rmeta --extern serde=/tmp/cargo-mutants-casm-PaMmur.tmp/target/debug/deps/libserde-87d69d13b54ddd78.rmeta --extern sha3=/tmp/cargo-mutants-casm-PaMmur.tmp/target/debug/deps/libsha3-87752e9291d08871.rmeta --extern thiserror=/tmp/cargo-mutants-casm-PaMmur.tmp/target/debug/deps/libthiserror-fe33048ba8aef29c.rmeta --extern uuid=/tmp/cargo-mutants-casm-PaMmur.tmp/target/debug/deps/libuuid-8411bf88ae8de3ef.rmeta --verbose`
   Compiling tokio-macros v2.7.2
     Running `/home/srinivasan/.rustup/toolchains/nightly-x86_64-unknown-linux-gnu/bin/rustc --crate-name tokio_macros --edition=2021 /home/srinivasan/.cargo/registry/src/index.crates.io-1949cf8c6b5b557f/tokio-macros-2.7.2/src/lib.rs --error-format=json --json=diagnostic-rendered-ansi,artifacts,future-incompat --crate-type proc-macro --emit=dep-info,link -C prefer-dynamic -C embed-bitcode=no --warn=unexpected_cfgs --check-cfg 'cfg(fuzzing)' --check-cfg 'cfg(loom)' --check-cfg 'cfg(mio_unsupported_force_poll_poll)' --check-cfg 'cfg(tokio_allow_from_blocking_fd)' --check-cfg 'cfg(tokio_internal_mt_counters)' --check-cfg 'cfg(tokio_no_parking_lot)' --check-cfg 'cfg(tokio_no_tuning_tests)' --check-cfg 'cfg(tokio_unstable)' --check-cfg 'cfg(target_os, values("cygwin"))' --check-cfg 'cfg(docsrs,test)' --check-cfg 'cfg(feature, values())' -C metadata=c7d8b30f47f6966a -C extra-filename=-686bd22065be7092 --out-dir /tmp/cargo-mutants-casm-PaMmur.tmp/target/debug/deps -L dependency=/tmp/cargo-mutants-casm-PaMmur.tmp/target/debug/deps --extern proc_macro2=/tmp/cargo-mutants-casm-PaMmur.tmp/target/debug/deps/libproc_macro2-dcedbb389bac209b.rlib --extern quote=/tmp/cargo-mutants-casm-PaMmur.tmp/target/debug/deps/libquote-b54a32c30fb9266d.rlib --extern syn=/tmp/cargo-mutants-casm-PaMmur.tmp/target/debug/deps/libsyn-5f84759efb98b4e5.rlib --extern proc_macro --cap-lints allow`
       Fresh scopeguard v1.2.0
       Fresh winnow v1.0.4
   Compiling httparse v1.10.1
     Running `/home/srinivasan/.rustup/toolchains/nightly-x86_64-unknown-linux-gnu/bin/rustc --crate-name build_script_build --edition=2018 /home/srinivasan/.cargo/registry/src/index.crates.io-1949cf8c6b5b557f/httparse-1.10.1/build.rs --error-format=json --json=diagnostic-rendered-ansi,artifacts,future-incompat --crate-type bin --emit=dep-info,link -C embed-bitcode=no --warn=unexpected_cfgs --check-cfg 'cfg(httparse_simd)' --check-cfg 'cfg(httparse_simd_target_feature_avx2)' --check-cfg 'cfg(httparse_simd_target_feature_sse42)' --check-cfg 'cfg(httparse_simd_neon_intrinsics)' --cfg 'feature="default"' --cfg 'feature="std"' --check-cfg 'cfg(docsrs,test)' --check-cfg 'cfg(feature, values("default", "std"))' -C metadata=ea40e033181e2a14 -C extra-filename=-05246e2aa92cc113 --out-dir /tmp/cargo-mutants-casm-PaMmur.tmp/target/debug/build/httparse-05246e2aa92cc113 -L dependency=/tmp/cargo-mutants-casm-PaMmur.tmp/target/debug/deps --cap-lints allow`
   Compiling bytes v1.12.1
     Running `/home/srinivasan/.rustup/toolchains/nightly-x86_64-unknown-linux-gnu/bin/rustc --crate-name bytes --edition=2021 /home/srinivasan/.cargo/registry/src/index.crates.io-1949cf8c6b5b557f/bytes-1.12.1/src/lib.rs --error-format=json --json=diagnostic-rendered-ansi,artifacts,future-incompat --crate-type lib --emit=dep-info,metadata,link -C embed-bitcode=no -C debuginfo=2 --warn=unexpected_cfgs --check-cfg 'cfg(loom)' --cfg 'feature="default"' --cfg 'feature="std"' --check-cfg 'cfg(docsrs,test)' --check-cfg 'cfg(feature, values("default", "extra-platforms", "serde", "std"))' -C metadata=cd870f4ed0b415ef -C extra-filename=-9b0aec4a43eb0886 --out-dir /tmp/cargo-mutants-casm-PaMmur.tmp/target/debug/deps -L dependency=/tmp/cargo-mutants-casm-PaMmur.tmp/target/debug/deps --cap-lints allow`
   Compiling borrow-or-share v0.2.4
     Running `/home/srinivasan/.rustup/toolchains/nightly-x86_64-unknown-linux-gnu/bin/rustc --crate-name borrow_or_share --edition=2021 /home/srinivasan/.cargo/registry/src/index.crates.io-1949cf8c6b5b557f/borrow-or-share-0.2.4/src/lib.rs --error-format=json --json=diagnostic-rendered-ansi,artifacts,future-incompat --crate-type lib --emit=dep-info,metadata,link -C embed-bitcode=no -C debuginfo=2 --warn=unexpected_cfgs --check-cfg 'cfg(no_rc, no_sync, no_global_oom_handling)' --cfg 'feature="alloc"' --check-cfg 'cfg(docsrs,test)' --check-cfg 'cfg(feature, values("alloc", "default", "std"))' -C metadata=c16f4d596030277c -C extra-filename=-eb0520242a9b0ce7 --out-dir /tmp/cargo-mutants-casm-PaMmur.tmp/target/debug/deps -L dependency=/tmp/cargo-mutants-casm-PaMmur.tmp/target/debug/deps --cap-lints allow`
   Compiling smallvec v1.15.2
     Running `/home/srinivasan/.rustup/toolchains/nightly-x86_64-unknown-linux-gnu/bin/rustc --crate-name smallvec --edition=2018 /home/srinivasan/.cargo/registry/src/index.crates.io-1949cf8c6b5b557f/smallvec-1.15.2/src/lib.rs --error-format=json --json=diagnostic-rendered-ansi,artifacts,future-incompat --crate-type lib --emit=dep-info,metadata,link -C embed-bitcode=no -C debuginfo=2 --check-cfg 'cfg(docsrs,test)' --check-cfg 'cfg(feature, values("arbitrary", "bincode", "const_generics", "const_new", "debugger_visualizer", "drain_filter", "drain_keep_rest", "impl_bincode", "malloc_size_of", "may_dangle", "serde", "specialization", "union", "unty", "write"))' -C metadata=d90bfc7368b77b71 -C extra-filename=-019e2e6c7c73c1f0 --out-dir /tmp/cargo-mutants-casm-PaMmur.tmp/target/debug/deps -L dependency=/tmp/cargo-mutants-casm-PaMmur.tmp/target/debug/deps --cap-lints allow`
       Fresh foldhash v0.1.5
       Fresh hashbrown v0.15.5
   Compiling parking_lot_core v0.9.12
     Running `/home/srinivasan/.rustup/toolchains/nightly-x86_64-unknown-linux-gnu/bin/rustc --crate-name parking_lot_core --edition=2021 /home/srinivasan/.cargo/registry/src/index.crates.io-1949cf8c6b5b557f/parking_lot_core-0.9.12/src/lib.rs --error-format=json --json=diagnostic-rendered-ansi,artifacts,future-incompat --crate-type lib --emit=dep-info,metadata,link -C embed-bitcode=no -C debuginfo=2 --check-cfg 'cfg(docsrs,test)' --check-cfg 'cfg(feature, values("backtrace", "deadlock_detection", "nightly", "petgraph"))' -C metadata=11a14c0f3656b216 -C extra-filename=-69bdbebf10cd7b13 --out-dir /tmp/cargo-mutants-casm-PaMmur.tmp/target/debug/deps -L dependency=/tmp/cargo-mutants-casm-PaMmur.tmp/target/debug/deps --extern cfg_if=/tmp/cargo-mutants-casm-PaMmur.tmp/target/debug/deps/libcfg_if-2262c59ed30cbfdf.rmeta --extern libc=/tmp/cargo-mutants-casm-PaMmur.tmp/target/debug/deps/liblibc-65418387ff813146.rmeta --extern smallvec=/tmp/cargo-mutants-casm-PaMmur.tmp/target/debug/deps/libsmallvec-019e2e6c7c73c1f0.rmeta --cap-lints allow --check-cfg 'cfg(tsan_enabled)'`
   Compiling futures-macro v0.3.33
     Running `/home/srinivasan/.rustup/toolchains/nightly-x86_64-unknown-linux-gnu/bin/rustc --crate-name futures_macro --edition=2018 /home/srinivasan/.cargo/registry/src/index.crates.io-1949cf8c6b5b557f/futures-macro-0.3.33/src/lib.rs --error-format=json --json=diagnostic-rendered-ansi,artifacts,future-incompat --crate-type proc-macro --emit=dep-info,link -C prefer-dynamic -C embed-bitcode=no --warn=unreachable_pub --warn=unexpected_cfgs --warn=single_use_lifetimes --warn=rust_2018_idioms --warn=missing_debug_implementations --check-cfg 'cfg(futures_sanitizer)' --check-cfg 'cfg(docsrs,test)' --check-cfg 'cfg(feature, values())' -C metadata=e7e5964496cc94e8 -C extra-filename=-b074e842079c96e5 --out-dir /tmp/cargo-mutants-casm-PaMmur.tmp/target/debug/deps -L dependency=/tmp/cargo-mutants-casm-PaMmur.tmp/target/debug/deps --extern proc_macro2=/tmp/cargo-mutants-casm-PaMmur.tmp/target/debug/deps/libproc_macro2-dcedbb389bac209b.rlib --extern quote=/tmp/cargo-mutants-casm-PaMmur.tmp/target/debug/deps/libquote-b54a32c30fb9266d.rlib --extern syn=/tmp/cargo-mutants-casm-PaMmur.tmp/target/debug/deps/libsyn-f9f69eccc8b823be.rlib --extern proc_macro --cap-lints allow`
   Compiling tracing-attributes v0.1.31
     Running `/home/srinivasan/.rustup/toolchains/nightly-x86_64-unknown-linux-gnu/bin/rustc --crate-name tracing_attributes --edition=2018 /home/srinivasan/.cargo/registry/src/index.crates.io-1949cf8c6b5b557f/tracing-attributes-0.1.31/src/lib.rs --error-format=json --json=diagnostic-rendered-ansi,artifacts,future-incompat --crate-type proc-macro --emit=dep-info,link -C prefer-dynamic -C embed-bitcode=no --warn=unexpected_cfgs --check-cfg 'cfg(flaky_tests)' --check-cfg 'cfg(tracing_unstable)' --check-cfg 'cfg(unsound_local_offset)' --check-cfg 'cfg(docsrs,test)' --check-cfg 'cfg(feature, values("async-await"))' -C metadata=ca9e0580070efe31 -C extra-filename=-6dfa2ee5193011a2 --out-dir /tmp/cargo-mutants-casm-PaMmur.tmp/target/debug/deps -L dependency=/tmp/cargo-mutants-casm-PaMmur.tmp/target/debug/deps --extern proc_macro2=/tmp/cargo-mutants-casm-PaMmur.tmp/target/debug/deps/libproc_macro2-dcedbb389bac209b.rlib --extern quote=/tmp/cargo-mutants-casm-PaMmur.tmp/target/debug/deps/libquote-b54a32c30fb9266d.rlib --extern syn=/tmp/cargo-mutants-casm-PaMmur.tmp/target/debug/deps/libsyn-f9f69eccc8b823be.rlib --extern proc_macro --cap-lints allow`
   Compiling futures-util v0.3.33
     Running `/home/srinivasan/.rustup/toolchains/nightly-x86_64-unknown-linux-gnu/bin/rustc --crate-name futures_util --edition=2018 /home/srinivasan/.cargo/registry/src/index.crates.io-1949cf8c6b5b557f/futures-util-0.3.33/src/lib.rs --error-format=json --json=diagnostic-rendered-ansi,artifacts,future-incompat --crate-type lib --emit=dep-info,metadata,link -C embed-bitcode=no -C debuginfo=2 --warn=unreachable_pub --warn=unexpected_cfgs --warn=single_use_lifetimes --warn=rust_2018_idioms --warn=missing_debug_implementations --check-cfg 'cfg(futures_sanitizer)' --cfg 'feature="alloc"' --cfg 'feature="async-await"' --cfg 'feature="async-await-macro"' --cfg 'feature="channel"' --cfg 'feature="futures-channel"' --cfg 'feature="futures-io"' --cfg 'feature="futures-macro"' --cfg 'feature="futures-sink"' --cfg 'feature="io"' --cfg 'feature="memchr"' --cfg 'feature="sink"' --cfg 'feature="slab"' --cfg 'feature="std"' --check-cfg 'cfg(docsrs,test)' --check-cfg 'cfg(feature, values("alloc", "async-await", "async-await-macro", "bilock", "cfg-target-has-atomic", "channel", "compat", "default", "futures-channel", "futures-io", "futures-macro", "futures-sink", "futures_01", "io", "io-compat", "libc", "memchr", "portable-atomic", "portable-atomic-alloc", "portable-atomic-util", "portable_atomic_crate", "sink", "slab", "spin", "std", "tokio-io", "unstable", "write-all-vectored"))' -C metadata=1ab7753f3ef68123 -C extra-filename=-bdaa81a9ae441595 --out-dir /tmp/cargo-mutants-casm-PaMmur.tmp/target/debug/deps -L dependency=/tmp/cargo-mutants-casm-PaMmur.tmp/target/debug/deps --extern futures_channel=/tmp/cargo-mutants-casm-PaMmur.tmp/target/debug/deps/libfutures_channel-9ed97712a743ef47.rmeta --extern futures_core=/tmp/cargo-mutants-casm-PaMmur.tmp/target/debug/deps/libfutures_core-dca9904225da90c3.rmeta --extern futures_io=/tmp/cargo-mutants-casm-PaMmur.tmp/target/debug/deps/libfutures_io-410eb9f0662d7a1a.rmeta --extern futures_macro=/tmp/cargo-mutants-casm-PaMmur.tmp/target/debug/deps/libfutures_macro-b074e842079c96e5.so --extern futures_sink=/tmp/cargo-mutants-casm-PaMmur.tmp/target/debug/deps/libfutures_sink-9cdbc272f1eebd80.rmeta --extern futures_task=/tmp/cargo-mutants-casm-PaMmur.tmp/target/debug/deps/libfutures_task-363bb55244d05393.rmeta --extern memchr=/tmp/cargo-mutants-casm-PaMmur.tmp/target/debug/deps/libmemchr-433ccd1065983af8.rmeta --extern pin_project_lite=/tmp/cargo-mutants-casm-PaMmur.tmp/target/debug/deps/libpin_project_lite-2ff97dda599ad6f8.rmeta --extern slab=/tmp/cargo-mutants-casm-PaMmur.tmp/target/debug/deps/libslab-8d36c39b85eef56a.rmeta --cap-lints allow`
   Compiling fluent-uri v0.4.1
     Running `/home/srinivasan/.rustup/toolchains/nightly-x86_64-unknown-linux-gnu/bin/rustc --crate-name fluent_uri --edition=2021 /home/srinivasan/.cargo/registry/src/index.crates.io-1949cf8c6b5b557f/fluent-uri-0.4.1/src/lib.rs --error-format=json --json=diagnostic-rendered-ansi,artifacts,future-incompat --crate-type lib --emit=dep-info,metadata,link -C embed-bitcode=no -C debuginfo=2 --warn=unexpected_cfgs --check-cfg 'cfg(fluent_uri_unstable, fuzzing)' --cfg 'feature="alloc"' --cfg 'feature="default"' --cfg 'feature="impl-error"' --cfg 'feature="std"' --check-cfg 'cfg(docsrs,test)' --check-cfg 'cfg(feature, values("alloc", "default", "impl-error", "net", "serde", "std"))' -C metadata=da173c6318e1c1d5 -C extra-filename=-87ea93b1750a047f --out-dir /tmp/cargo-mutants-casm-PaMmur.tmp/target/debug/deps -L dependency=/tmp/cargo-mutants-casm-PaMmur.tmp/target/debug/deps --extern borrow_or_share=/tmp/cargo-mutants-casm-PaMmur.tmp/target/debug/deps/libborrow_or_share-eb0520242a9b0ce7.rmeta --extern ref_cast=/tmp/cargo-mutants-casm-PaMmur.tmp/target/debug/deps/libref_cast-ad64ba2d7448bf78.rmeta --cap-lints allow`
   Compiling tokio v1.53.1
     Running `/home/srinivasan/.rustup/toolchains/nightly-x86_64-unknown-linux-gnu/bin/rustc --crate-name tokio --edition=2021 /home/srinivasan/.cargo/registry/src/index.crates.io-1949cf8c6b5b557f/tokio-1.53.1/src/lib.rs --error-format=json --json=diagnostic-rendered-ansi,artifacts,future-incompat --crate-type lib --emit=dep-info,metadata,link -C embed-bitcode=no -C debuginfo=2 --warn=unexpected_cfgs --check-cfg 'cfg(fuzzing)' --check-cfg 'cfg(loom)' --check-cfg 'cfg(mio_unsupported_force_poll_poll)' --check-cfg 'cfg(tokio_allow_from_blocking_fd)' --check-cfg 'cfg(tokio_internal_mt_counters)' --check-cfg 'cfg(tokio_no_parking_lot)' --check-cfg 'cfg(tokio_no_tuning_tests)' --check-cfg 'cfg(tokio_unstable)' --check-cfg 'cfg(target_os, values("cygwin"))' --cfg 'feature="bytes"' --cfg 'feature="default"' --cfg 'feature="io-std"' --cfg 'feature="io-util"' --cfg 'feature="macros"' --cfg 'feature="rt"' --cfg 'feature="rt-multi-thread"' --cfg 'feature="sync"' --cfg 'feature="time"' --cfg 'feature="tokio-macros"' --check-cfg 'cfg(docsrs,test)' --check-cfg 'cfg(feature, values("bytes", "default", "fs", "full", "io-std", "io-uring", "io-util", "libc", "macros", "mio", "net", "parking_lot", "process", "rt", "rt-multi-thread", "schedule-latency", "signal", "signal-hook-registry", "socket2", "sync", "taskdump", "test-util", "time", "tokio-macros", "tracing", "windows-sys"))' -C metadata=a735160d5e2e064f -C extra-filename=-28c68a70018de8ed --out-dir /tmp/cargo-mutants-casm-PaMmur.tmp/target/debug/deps -L dependency=/tmp/cargo-mutants-casm-PaMmur.tmp/target/debug/deps --extern bytes=/tmp/cargo-mutants-casm-PaMmur.tmp/target/debug/deps/libbytes-9b0aec4a43eb0886.rmeta --extern pin_project_lite=/tmp/cargo-mutants-casm-PaMmur.tmp/target/debug/deps/libpin_project_lite-2ff97dda599ad6f8.rmeta --extern tokio_macros=/tmp/cargo-mutants-casm-PaMmur.tmp/target/debug/deps/libtokio_macros-686bd22065be7092.so --cap-lints allow`
     Running `/tmp/cargo-mutants-casm-PaMmur.tmp/target/debug/build/httparse-05246e2aa92cc113/build-script-build`
       Fresh toml_parser v1.1.3+spec-1.1.0
       Fresh lock_api v0.4.14
       Fresh crossbeam-utils v0.8.22
   Compiling tracing-core v0.1.36
     Running `/home/srinivasan/.rustup/toolchains/nightly-x86_64-unknown-linux-gnu/bin/rustc --crate-name tracing_core --edition=2018 /home/srinivasan/.cargo/registry/src/index.crates.io-1949cf8c6b5b557f/tracing-core-0.1.36/src/lib.rs --error-format=json --json=diagnostic-rendered-ansi,artifacts,future-incompat --crate-type lib --emit=dep-info,metadata,link -C embed-bitcode=no -C debuginfo=2 --warn=unexpected_cfgs --check-cfg 'cfg(flaky_tests)' --check-cfg 'cfg(tracing_unstable)' --check-cfg 'cfg(unsound_local_offset)' --cfg 'feature="once_cell"' --cfg 'feature="std"' --check-cfg 'cfg(docsrs,test)' --check-cfg 'cfg(feature, values("default", "once_cell", "std", "valuable"))' -C metadata=e5b607945028ffa0 -C extra-filename=-3b0065075eafbb59 --out-dir /tmp/cargo-mutants-casm-PaMmur.tmp/target/debug/deps -L dependency=/tmp/cargo-mutants-casm-PaMmur.tmp/target/debug/deps --extern once_cell=/tmp/cargo-mutants-casm-PaMmur.tmp/target/debug/deps/libonce_cell-b1fd511a994cb72e.rmeta --cap-lints allow`
       Fresh toml_datetime v0.7.5+spec-1.1.0
       Fresh serde_spanned v1.1.1
       Fresh fixedbitset v0.5.7
       Fresh ryu v1.0.23
       Fresh hashbrown v0.14.5
   Compiling sync_wrapper v1.0.2
     Running `/home/srinivasan/.rustup/toolchains/nightly-x86_64-unknown-linux-gnu/bin/rustc --crate-name sync_wrapper --edition=2021 /home/srinivasan/.cargo/registry/src/index.crates.io-1949cf8c6b5b557f/sync_wrapper-1.0.2/src/lib.rs --error-format=json --json=diagnostic-rendered-ansi,artifacts,future-incompat --crate-type lib --emit=dep-info,metadata,link -C embed-bitcode=no -C debuginfo=2 --check-cfg 'cfg(docsrs,test)' --check-cfg 'cfg(feature, values("futures", "futures-core"))' -C metadata=1e03a050d7129e58 -C extra-filename=-ca48d9e8966759c5 --out-dir /tmp/cargo-mutants-casm-PaMmur.tmp/target/debug/deps -L dependency=/tmp/cargo-mutants-casm-PaMmur.tmp/target/debug/deps --cap-lints allow`
       Fresh unsafe-libyaml v0.2.11
   Compiling bitflags v2.13.1
     Running `/home/srinivasan/.rustup/toolchains/nightly-x86_64-unknown-linux-gnu/bin/rustc --crate-name bitflags --edition=2021 /home/srinivasan/.cargo/registry/src/index.crates.io-1949cf8c6b5b557f/bitflags-2.13.1/src/lib.rs --error-format=json --json=diagnostic-rendered-ansi,artifacts,future-incompat --crate-type lib --emit=dep-info,metadata,link -C embed-bitcode=no -C debuginfo=2 --check-cfg 'cfg(docsrs,test)' --check-cfg 'cfg(feature, values("arbitrary", "bytemuck", "example_generated", "serde", "serde_core", "std"))' -C metadata=1513beab1aa7abea -C extra-filename=-10d48f82ffb83a03 --out-dir /tmp/cargo-mutants-casm-PaMmur.tmp/target/debug/deps -L dependency=/tmp/cargo-mutants-casm-PaMmur.tmp/target/debug/deps --cap-lints allow`
   Compiling tower-service v0.3.3
     Running `/home/srinivasan/.rustup/toolchains/nightly-x86_64-unknown-linux-gnu/bin/rustc --crate-name tower_service --edition=2018 /home/srinivasan/.cargo/registry/src/index.crates.io-1949cf8c6b5b557f/tower-service-0.3.3/src/lib.rs --error-format=json --json=diagnostic-rendered-ansi,artifacts,future-incompat --crate-type lib --emit=dep-info,metadata,link -C embed-bitcode=no -C debuginfo=2 --check-cfg 'cfg(docsrs,test)' --check-cfg 'cfg(feature, values())' -C metadata=37a3d22a156733cf -C extra-filename=-7ac5165b203ec039 --out-dir /tmp/cargo-mutants-casm-PaMmur.tmp/target/debug/deps -L dependency=/tmp/cargo-mutants-casm-PaMmur.tmp/target/debug/deps --cap-lints allow`
       Fresh toml_writer v1.1.2+spec-1.1.0
       Fresh winnow v0.7.15
   Compiling tower-layer v0.3.3
     Running `/home/srinivasan/.rustup/toolchains/nightly-x86_64-unknown-linux-gnu/bin/rustc --crate-name tower_layer --edition=2018 /home/srinivasan/.cargo/registry/src/index.crates.io-1949cf8c6b5b557f/tower-layer-0.3.3/src/lib.rs --error-format=json --json=diagnostic-rendered-ansi,artifacts,future-incompat --crate-type lib --emit=dep-info,metadata,link -C embed-bitcode=no -C debuginfo=2 --check-cfg 'cfg(docsrs,test)' --check-cfg 'cfg(feature, values())' -C metadata=aa03540aaeac8371 -C extra-filename=-0e51d86a089d8d0f --out-dir /tmp/cargo-mutants-casm-PaMmur.tmp/target/debug/deps -L dependency=/tmp/cargo-mutants-casm-PaMmur.tmp/target/debug/deps --cap-lints allow`
       Fresh percent-encoding v2.3.2
   Compiling ls-types v0.0.6
     Running `/home/srinivasan/.rustup/toolchains/nightly-x86_64-unknown-linux-gnu/bin/rustc --crate-name ls_types --edition=2024 /home/srinivasan/.cargo/registry/src/index.crates.io-1949cf8c6b5b557f/ls-types-0.0.6/src/lib.rs --error-format=json --json=diagnostic-rendered-ansi,artifacts,future-incompat --crate-type lib --emit=dep-info,metadata,link -C embed-bitcode=no -C debuginfo=2 '--warn=clippy::pedantic' '--warn=clippy::nursery' '--warn=clippy::cargo' '--allow=clippy::use_self' --forbid=unsafe_code '--allow=clippy::too_long_first_doc_paragraph' '--warn=clippy::todo' '--warn=clippy::dbg_macro' '--warn=rustdoc::all' --check-cfg 'cfg(docsrs,test)' --check-cfg 'cfg(feature, values())' -C metadata=6a8d6b7837c59353 -C extra-filename=-6f6011150832f408 --out-dir /tmp/cargo-mutants-casm-PaMmur.tmp/target/debug/deps -L dependency=/tmp/cargo-mutants-casm-PaMmur.tmp/target/debug/deps --extern bitflags=/tmp/cargo-mutants-casm-PaMmur.tmp/target/debug/deps/libbitflags-10d48f82ffb83a03.rmeta --extern fluent_uri=/tmp/cargo-mutants-casm-PaMmur.tmp/target/debug/deps/libfluent_uri-87ea93b1750a047f.rmeta --extern percent_encoding=/tmp/cargo-mutants-casm-PaMmur.tmp/target/debug/deps/libpercent_encoding-fdb8b4bcafcb590c.rmeta --extern serde=/tmp/cargo-mutants-casm-PaMmur.tmp/target/debug/deps/libserde-87d69d13b54ddd78.rmeta --extern serde_json=/tmp/cargo-mutants-casm-PaMmur.tmp/target/debug/deps/libserde_json-c5598d48721c9847.rmeta --cap-lints allow`
   Compiling tracing v0.1.44
     Running `/home/srinivasan/.rustup/toolchains/nightly-x86_64-unknown-linux-gnu/bin/rustc --crate-name tracing --edition=2018 /home/srinivasan/.cargo/registry/src/index.crates.io-1949cf8c6b5b557f/tracing-0.1.44/src/lib.rs --error-format=json --json=diagnostic-rendered-ansi,artifacts,future-incompat --crate-type lib --emit=dep-info,metadata,link -C embed-bitcode=no -C debuginfo=2 --warn=unexpected_cfgs --check-cfg 'cfg(flaky_tests)' --check-cfg 'cfg(tracing_unstable)' --check-cfg 'cfg(unsound_local_offset)' --cfg 'feature="attributes"' --cfg 'feature="default"' --cfg 'feature="std"' --cfg 'feature="tracing-attributes"' --check-cfg 'cfg(docsrs,test)' --check-cfg 'cfg(feature, values("async-await", "attributes", "default", "log", "log-always", "max_level_debug", "max_level_error", "max_level_info", "max_level_off", "max_level_trace", "max_level_warn", "release_max_level_debug", "release_max_level_error", "release_max_level_info", "release_max_level_off", "release_max_level_trace", "release_max_level_warn", "std", "tracing-attributes", "valuable"))' -C metadata=829cff72afb1799e -C extra-filename=-83dd88689ebb826b --out-dir /tmp/cargo-mutants-casm-PaMmur.tmp/target/debug/deps -L dependency=/tmp/cargo-mutants-casm-PaMmur.tmp/target/debug/deps --extern pin_project_lite=/tmp/cargo-mutants-casm-PaMmur.tmp/target/debug/deps/libpin_project_lite-2ff97dda599ad6f8.rmeta --extern tracing_attributes=/tmp/cargo-mutants-casm-PaMmur.tmp/target/debug/deps/libtracing_attributes-6dfa2ee5193011a2.so --extern tracing_core=/tmp/cargo-mutants-casm-PaMmur.tmp/target/debug/deps/libtracing_core-3b0065075eafbb59.rmeta --cap-lints allow`
       Fresh toml v0.9.12+spec-1.1.0
   Compiling serde_yaml_ng v0.10.0
     Running `/home/srinivasan/.rustup/toolchains/nightly-x86_64-unknown-linux-gnu/bin/rustc --crate-name serde_yaml_ng --edition=2021 /home/srinivasan/.cargo/registry/src/index.crates.io-1949cf8c6b5b557f/serde_yaml_ng-0.10.0/src/lib.rs --error-format=json --json=diagnostic-rendered-ansi,artifacts,future-incompat --crate-type lib --emit=dep-info,metadata,link -C embed-bitcode=no -C debuginfo=2 --check-cfg 'cfg(docsrs,test)' --check-cfg 'cfg(feature, values())' -C metadata=4b854ad713fc421d -C extra-filename=-1c0809bea9896e72 --out-dir /tmp/cargo-mutants-casm-PaMmur.tmp/target/debug/deps -L dependency=/tmp/cargo-mutants-casm-PaMmur.tmp/target/debug/deps --extern indexmap=/tmp/cargo-mutants-casm-PaMmur.tmp/target/debug/deps/libindexmap-caa1b9b30c6a98f0.rmeta --extern itoa=/tmp/cargo-mutants-casm-PaMmur.tmp/target/debug/deps/libitoa-6a6d3f3d53caa1d6.rmeta --extern ryu=/tmp/cargo-mutants-casm-PaMmur.tmp/target/debug/deps/libryu-69612d13f8de36d4.rmeta --extern serde=/tmp/cargo-mutants-casm-PaMmur.tmp/target/debug/deps/libserde-87d69d13b54ddd78.rmeta --extern unsafe_libyaml=/tmp/cargo-mutants-casm-PaMmur.tmp/target/debug/deps/libunsafe_libyaml-e0d1a220ca04af43.rmeta --cap-lints allow`
   Compiling futures v0.3.33
     Running `/home/srinivasan/.rustup/toolchains/nightly-x86_64-unknown-linux-gnu/bin/rustc --crate-name futures --edition=2018 /home/srinivasan/.cargo/registry/src/index.crates.io-1949cf8c6b5b557f/futures-0.3.33/src/lib.rs --error-format=json --json=diagnostic-rendered-ansi,artifacts,future-incompat --crate-type lib --emit=dep-info,metadata,link -C embed-bitcode=no -C debuginfo=2 --warn=unreachable_pub --warn=unexpected_cfgs --warn=single_use_lifetimes --warn=rust_2018_idioms --warn=missing_debug_implementations --check-cfg 'cfg(futures_sanitizer)' --cfg 'feature="alloc"' --cfg 'feature="async-await"' --cfg 'feature="std"' --check-cfg 'cfg(docsrs,test)' --check-cfg 'cfg(feature, values("alloc", "async-await", "bilock", "cfg-target-has-atomic", "compat", "default", "executor", "futures-executor", "io-compat", "spin", "std", "thread-pool", "unstable", "write-all-vectored"))' -C metadata=4044c058d4d53f32 -C extra-filename=-a3a7384ccbbf524f --out-dir /tmp/cargo-mutants-casm-PaMmur.tmp/target/debug/deps -L dependency=/tmp/cargo-mutants-casm-PaMmur.tmp/target/debug/deps --extern futures_channel=/tmp/cargo-mutants-casm-PaMmur.tmp/target/debug/deps/libfutures_channel-9ed97712a743ef47.rmeta --extern futures_core=/tmp/cargo-mutants-casm-PaMmur.tmp/target/debug/deps/libfutures_core-dca9904225da90c3.rmeta --extern futures_io=/tmp/cargo-mutants-casm-PaMmur.tmp/target/debug/deps/libfutures_io-410eb9f0662d7a1a.rmeta --extern futures_sink=/tmp/cargo-mutants-casm-PaMmur.tmp/target/debug/deps/libfutures_sink-9cdbc272f1eebd80.rmeta --extern futures_task=/tmp/cargo-mutants-casm-PaMmur.tmp/target/debug/deps/libfutures_task-363bb55244d05393.rmeta --extern futures_util=/tmp/cargo-mutants-casm-PaMmur.tmp/target/debug/deps/libfutures_util-bdaa81a9ae441595.rmeta --cap-lints allow`
   Compiling tower v0.5.3
     Running `/home/srinivasan/.rustup/toolchains/nightly-x86_64-unknown-linux-gnu/bin/rustc --crate-name tower --edition=2018 /home/srinivasan/.cargo/registry/src/index.crates.io-1949cf8c6b5b557f/tower-0.5.3/src/lib.rs --error-format=json --json=diagnostic-rendered-ansi,artifacts,future-incompat --crate-type lib --emit=dep-info,metadata,link -C embed-bitcode=no -C debuginfo=2 --cfg 'feature="futures-core"' --cfg 'feature="futures-util"' --cfg 'feature="pin-project-lite"' --cfg 'feature="sync_wrapper"' --cfg 'feature="util"' --check-cfg 'cfg(docsrs,test)' --check-cfg 'cfg(feature, values("balance", "buffer", "discover", "filter", "full", "futures-core", "futures-util", "hdrhistogram", "hedge", "indexmap", "limit", "load", "load-shed", "log", "make", "pin-project-lite", "ready-cache", "reconnect", "retry", "slab", "spawn-ready", "steer", "sync_wrapper", "timeout", "tokio", "tokio-stream", "tokio-util", "tracing", "util"))' -C metadata=0a6380b45cb3dbb3 -C extra-filename=-d30bd7184b9fec7f --out-dir /tmp/cargo-mutants-casm-PaMmur.tmp/target/debug/deps -L dependency=/tmp/cargo-mutants-casm-PaMmur.tmp/target/debug/deps --extern futures_core=/tmp/cargo-mutants-casm-PaMmur.tmp/target/debug/deps/libfutures_core-dca9904225da90c3.rmeta --extern futures_util=/tmp/cargo-mutants-casm-PaMmur.tmp/target/debug/deps/libfutures_util-bdaa81a9ae441595.rmeta --extern pin_project_lite=/tmp/cargo-mutants-casm-PaMmur.tmp/target/debug/deps/libpin_project_lite-2ff97dda599ad6f8.rmeta --extern sync_wrapper=/tmp/cargo-mutants-casm-PaMmur.tmp/target/debug/deps/libsync_wrapper-ca48d9e8966759c5.rmeta --extern tower_layer=/tmp/cargo-mutants-casm-PaMmur.tmp/target/debug/deps/libtower_layer-0e51d86a089d8d0f.rmeta --extern tower_service=/tmp/cargo-mutants-casm-PaMmur.tmp/target/debug/deps/libtower_service-7ac5165b203ec039.rmeta --cap-lints allow`
   Compiling dashmap v6.2.1
     Running `/home/srinivasan/.rustup/toolchains/nightly-x86_64-unknown-linux-gnu/bin/rustc --crate-name dashmap --edition=2018 /home/srinivasan/.cargo/registry/src/index.crates.io-1949cf8c6b5b557f/dashmap-6.2.1/src/lib.rs --error-format=json --json=diagnostic-rendered-ansi,artifacts,future-incompat --crate-type lib --emit=dep-info,metadata,link -C embed-bitcode=no -C debuginfo=2 --check-cfg 'cfg(docsrs,test)' --check-cfg 'cfg(feature, values("arbitrary", "inline", "raw-api", "rayon", "serde", "typesize"))' -C metadata=e4b62b8c29eae588 -C extra-filename=-6db0d8ce3f0c831f --out-dir /tmp/cargo-mutants-casm-PaMmur.tmp/target/debug/deps -L dependency=/tmp/cargo-mutants-casm-PaMmur.tmp/target/debug/deps --extern cfg_if=/tmp/cargo-mutants-casm-PaMmur.tmp/target/debug/deps/libcfg_if-2262c59ed30cbfdf.rmeta --extern crossbeam_utils=/tmp/cargo-mutants-casm-PaMmur.tmp/target/debug/deps/libcrossbeam_utils-04f31890d1b1348b.rmeta --extern hashbrown=/tmp/cargo-mutants-casm-PaMmur.tmp/target/debug/deps/libhashbrown-971e1001ea238461.rmeta --extern lock_api=/tmp/cargo-mutants-casm-PaMmur.tmp/target/debug/deps/liblock_api-9fd6913848ac39ce.rmeta --extern once_cell=/tmp/cargo-mutants-casm-PaMmur.tmp/target/debug/deps/libonce_cell-b1fd511a994cb72e.rmeta --extern parking_lot_core=/tmp/cargo-mutants-casm-PaMmur.tmp/target/debug/deps/libparking_lot_core-69bdbebf10cd7b13.rmeta --cap-lints allow`
   Compiling petgraph v0.8.3
     Running `/home/srinivasan/.rustup/toolchains/nightly-x86_64-unknown-linux-gnu/bin/rustc --crate-name petgraph --edition=2021 /home/srinivasan/.cargo/registry/src/index.crates.io-1949cf8c6b5b557f/petgraph-0.8.3/src/lib.rs --error-format=json --json=diagnostic-rendered-ansi,artifacts,future-incompat --crate-type lib --emit=dep-info,metadata,link -C embed-bitcode=no -C debuginfo=2 '--warn=clippy::std_instead_of_core' '--warn=clippy::std_instead_of_alloc' '--warn=clippy::alloc_instead_of_core' --cfg 'feature="default"' --cfg 'feature="graphmap"' --cfg 'feature="matrix_graph"' --cfg 'feature="stable_graph"' --cfg 'feature="std"' --check-cfg 'cfg(docsrs,test)' --check-cfg 'cfg(feature, values("all", "default", "dot_parser", "generate", "graphmap", "matrix_graph", "quickcheck", "rayon", "serde", "serde-1", "serde_derive", "stable_graph", "std", "unstable"))' -C metadata=b9fc0454296f42d1 -C extra-filename=-83f6f6d9da9a8a2a --out-dir /tmp/cargo-mutants-casm-PaMmur.tmp/target/debug/deps -L dependency=/tmp/cargo-mutants-casm-PaMmur.tmp/target/debug/deps --extern fixedbitset=/tmp/cargo-mutants-casm-PaMmur.tmp/target/debug/deps/libfixedbitset-eb9d888c851121be.rmeta --extern hashbrown=/tmp/cargo-mutants-casm-PaMmur.tmp/target/debug/deps/libhashbrown-eca6ca878eceb683.rmeta --extern indexmap=/tmp/cargo-mutants-casm-PaMmur.tmp/target/debug/deps/libindexmap-caa1b9b30c6a98f0.rmeta --cap-lints allow`
   Compiling tokio-util v0.7.19
     Running `/home/srinivasan/.rustup/toolchains/nightly-x86_64-unknown-linux-gnu/bin/rustc --crate-name tokio_util --edition=2021 /home/srinivasan/.cargo/registry/src/index.crates.io-1949cf8c6b5b557f/tokio-util-0.7.19/src/lib.rs --error-format=json --json=diagnostic-rendered-ansi,artifacts,future-incompat --crate-type lib --emit=dep-info,metadata,link -C embed-bitcode=no -C debuginfo=2 --warn=unexpected_cfgs --check-cfg 'cfg(fuzzing)' --check-cfg 'cfg(loom)' --check-cfg 'cfg(mio_unsupported_force_poll_poll)' --check-cfg 'cfg(tokio_allow_from_blocking_fd)' --check-cfg 'cfg(tokio_internal_mt_counters)' --check-cfg 'cfg(tokio_no_parking_lot)' --check-cfg 'cfg(tokio_no_tuning_tests)' --check-cfg 'cfg(tokio_unstable)' --check-cfg 'cfg(target_os, values("cygwin"))' --cfg 'feature="codec"' --cfg 'feature="default"' --cfg 'feature="libc"' --check-cfg 'cfg(docsrs,test)' --check-cfg 'cfg(feature, values("__docs_rs", "codec", "compat", "default", "full", "futures-io", "futures-util", "hashbrown", "io", "io-util", "join-map", "libc", "net", "rt", "slab", "time", "tracing"))' -C metadata=44791b05e936594d -C extra-filename=-87d98629728911e2 --out-dir /tmp/cargo-mutants-casm-PaMmur.tmp/target/debug/deps -L dependency=/tmp/cargo-mutants-casm-PaMmur.tmp/target/debug/deps --extern bytes=/tmp/cargo-mutants-casm-PaMmur.tmp/target/debug/deps/libbytes-9b0aec4a43eb0886.rmeta --extern futures_core=/tmp/cargo-mutants-casm-PaMmur.tmp/target/debug/deps/libfutures_core-dca9904225da90c3.rmeta --extern futures_sink=/tmp/cargo-mutants-casm-PaMmur.tmp/target/debug/deps/libfutures_sink-9cdbc272f1eebd80.rmeta --extern libc=/tmp/cargo-mutants-casm-PaMmur.tmp/target/debug/deps/liblibc-65418387ff813146.rmeta --extern pin_project_lite=/tmp/cargo-mutants-casm-PaMmur.tmp/target/debug/deps/libpin_project_lite-2ff97dda599ad6f8.rmeta --extern tokio=/tmp/cargo-mutants-casm-PaMmur.tmp/target/debug/deps/libtokio-28c68a70018de8ed.rmeta --cap-lints allow`
     Running `/home/srinivasan/.rustup/toolchains/nightly-x86_64-unknown-linux-gnu/bin/rustc --crate-name httparse --edition=2018 /home/srinivasan/.cargo/registry/src/index.crates.io-1949cf8c6b5b557f/httparse-1.10.1/src/lib.rs --error-format=json --json=diagnostic-rendered-ansi,artifacts,future-incompat --crate-type lib --emit=dep-info,metadata,link -C embed-bitcode=no -C debuginfo=2 --warn=unexpected_cfgs --check-cfg 'cfg(httparse_simd)' --check-cfg 'cfg(httparse_simd_target_feature_avx2)' --check-cfg 'cfg(httparse_simd_target_feature_sse42)' --check-cfg 'cfg(httparse_simd_neon_intrinsics)' --cfg 'feature="default"' --cfg 'feature="std"' --check-cfg 'cfg(docsrs,test)' --check-cfg 'cfg(feature, values("default", "std"))' -C metadata=4b7b803138100758 -C extra-filename=-f1d0db4df5dcd31c --out-dir /tmp/cargo-mutants-casm-PaMmur.tmp/target/debug/deps -L dependency=/tmp/cargo-mutants-casm-PaMmur.tmp/target/debug/deps --cap-lints allow --cfg httparse_simd_neon_intrinsics --cfg httparse_simd`
   Compiling casm-parser v0.3.0 (/tmp/cargo-mutants-casm-PaMmur.tmp/crates/casm-parser)
     Running `/home/srinivasan/.rustup/toolchains/nightly-x86_64-unknown-linux-gnu/bin/rustc --crate-name casm_parser --edition=2024 crates/casm-parser/src/lib.rs --error-format=json --json=diagnostic-rendered-ansi,artifacts,future-incompat --crate-type lib --emit=dep-info,metadata,link -C embed-bitcode=no -C debuginfo=2 --warn=rust_2018_idioms '--warn=clippy::pedantic' '--warn=clippy::unwrap_used' --forbid=unsafe_code --warn=unreachable_pub '--warn=clippy::too_many_lines' '--allow=clippy::struct_field_names' '--warn=clippy::panic' '--allow=clippy::must_use_candidate' '--allow=clippy::module_name_repetitions' '--allow=clippy::missing_errors_doc' --warn=missing_docs '--warn=clippy::indexing_slicing' '--warn=clippy::expect_used' '--warn=clippy::cognitive_complexity' --check-cfg 'cfg(docsrs,test)' --check-cfg 'cfg(feature, values())' -C metadata=d1df424733a849ee -C extra-filename=-73e0cf500af32db2 --out-dir /tmp/cargo-mutants-casm-PaMmur.tmp/target/debug/deps -C incremental=/tmp/cargo-mutants-casm-PaMmur.tmp/target/debug/incremental -L dependency=/tmp/cargo-mutants-casm-PaMmur.tmp/target/debug/deps --extern casm_core=/tmp/cargo-mutants-casm-PaMmur.tmp/target/debug/deps/libcasm_core-436faef67019be0b.rmeta --extern serde=/tmp/cargo-mutants-casm-PaMmur.tmp/target/debug/deps/libserde-87d69d13b54ddd78.rmeta --extern serde_json=/tmp/cargo-mutants-casm-PaMmur.tmp/target/debug/deps/libserde_json-c5598d48721c9847.rmeta --extern serde_yaml_ng=/tmp/cargo-mutants-casm-PaMmur.tmp/target/debug/deps/libserde_yaml_ng-1c0809bea9896e72.rmeta --extern thiserror=/tmp/cargo-mutants-casm-PaMmur.tmp/target/debug/deps/libthiserror-fe33048ba8aef29c.rmeta --extern toml=/tmp/cargo-mutants-casm-PaMmur.tmp/target/debug/deps/libtoml-c5208f55489b08fa.rmeta --verbose`
   Compiling casm-validator v0.3.0 (/tmp/cargo-mutants-casm-PaMmur.tmp/crates/casm-validator)
     Running `/home/srinivasan/.rustup/toolchains/nightly-x86_64-unknown-linux-gnu/bin/rustc --crate-name casm_validator --edition=2024 crates/casm-validator/src/lib.rs --error-format=json --json=diagnostic-rendered-ansi,artifacts,future-incompat --crate-type lib --emit=dep-info,metadata,link -C embed-bitcode=no -C debuginfo=2 --warn=rust_2018_idioms '--warn=clippy::pedantic' '--warn=clippy::unwrap_used' --forbid=unsafe_code --warn=unreachable_pub '--warn=clippy::too_many_lines' '--allow=clippy::struct_field_names' '--warn=clippy::panic' '--allow=clippy::must_use_candidate' '--allow=clippy::module_name_repetitions' '--allow=clippy::missing_errors_doc' --warn=missing_docs '--warn=clippy::indexing_slicing' '--warn=clippy::expect_used' '--warn=clippy::cognitive_complexity' --check-cfg 'cfg(docsrs,test)' --check-cfg 'cfg(feature, values())' -C metadata=773eb8d26753d6af -C extra-filename=-c290c5037270b99c --out-dir /tmp/cargo-mutants-casm-PaMmur.tmp/target/debug/deps -C incremental=/tmp/cargo-mutants-casm-PaMmur.tmp/target/debug/incremental -L dependency=/tmp/cargo-mutants-casm-PaMmur.tmp/target/debug/deps --extern casm_core=/tmp/cargo-mutants-casm-PaMmur.tmp/target/debug/deps/libcasm_core-436faef67019be0b.rmeta --extern petgraph=/tmp/cargo-mutants-casm-PaMmur.tmp/target/debug/deps/libpetgraph-83f6f6d9da9a8a2a.rmeta --extern serde=/tmp/cargo-mutants-casm-PaMmur.tmp/target/debug/deps/libserde-87d69d13b54ddd78.rmeta --extern serde_json=/tmp/cargo-mutants-casm-PaMmur.tmp/target/debug/deps/libserde_json-c5598d48721c9847.rmeta --extern thiserror=/tmp/cargo-mutants-casm-PaMmur.tmp/target/debug/deps/libthiserror-fe33048ba8aef29c.rmeta --verbose`
   Compiling casm-renderer v0.3.0 (/tmp/cargo-mutants-casm-PaMmur.tmp/crates/casm-renderer)
     Running `/home/srinivasan/.rustup/toolchains/nightly-x86_64-unknown-linux-gnu/bin/rustc --crate-name casm_renderer --edition=2024 crates/casm-renderer/src/lib.rs --error-format=json --json=diagnostic-rendered-ansi,artifacts,future-incompat --crate-type lib --emit=dep-info,metadata,link -C embed-bitcode=no -C debuginfo=2 --warn=rust_2018_idioms '--warn=clippy::pedantic' '--warn=clippy::unwrap_used' --forbid=unsafe_code --warn=unreachable_pub '--warn=clippy::too_many_lines' '--allow=clippy::struct_field_names' '--warn=clippy::panic' '--allow=clippy::must_use_candidate' '--allow=clippy::module_name_repetitions' '--allow=clippy::missing_errors_doc' --warn=missing_docs '--warn=clippy::indexing_slicing' '--warn=clippy::expect_used' '--warn=clippy::cognitive_complexity' --check-cfg 'cfg(docsrs,test)' --check-cfg 'cfg(feature, values())' -C metadata=32131e43f6b87433 -C extra-filename=-ac502ef6e0f80926 --out-dir /tmp/cargo-mutants-casm-PaMmur.tmp/target/debug/deps -C incremental=/tmp/cargo-mutants-casm-PaMmur.tmp/target/debug/incremental -L dependency=/tmp/cargo-mutants-casm-PaMmur.tmp/target/debug/deps --extern casm_core=/tmp/cargo-mutants-casm-PaMmur.tmp/target/debug/deps/libcasm_core-436faef67019be0b.rmeta --verbose`
   Compiling tower-lsp-server v0.23.0
     Running `/home/srinivasan/.rustup/toolchains/nightly-x86_64-unknown-linux-gnu/bin/rustc --crate-name tower_lsp_server --edition=2024 /home/srinivasan/.cargo/registry/src/index.crates.io-1949cf8c6b5b557f/tower-lsp-server-0.23.0/src/lib.rs --error-format=json --json=diagnostic-rendered-ansi,artifacts,future-incompat --crate-type lib --emit=dep-info,metadata,link -C embed-bitcode=no -C debuginfo=2 '--warn=clippy::pedantic' '--warn=clippy::nursery' '--allow=clippy::wildcard_imports' '--warn=clippy::unwrap_used' --forbid=unsafe_code '--warn=clippy::todo' --warn=missing_docs --warn=missing_debug_implementations '--warn=clippy::dbg_macro' '--warn=rustdoc::all' --cfg 'feature="default"' --cfg 'feature="runtime-tokio"' --cfg 'feature="tokio"' --cfg 'feature="tokio-util"' --check-cfg 'cfg(docsrs,test)' --check-cfg 'cfg(feature, values("async-codec-lite", "default", "proposed", "runtime-agnostic", "runtime-tokio", "tokio", "tokio-util"))' -C metadata=be76e3d0b72705de -C extra-filename=-2fdfa097d8152abe --out-dir /tmp/cargo-mutants-casm-PaMmur.tmp/target/debug/deps -L dependency=/tmp/cargo-mutants-casm-PaMmur.tmp/target/debug/deps --extern bytes=/tmp/cargo-mutants-casm-PaMmur.tmp/target/debug/deps/libbytes-9b0aec4a43eb0886.rmeta --extern dashmap=/tmp/cargo-mutants-casm-PaMmur.tmp/target/debug/deps/libdashmap-6db0d8ce3f0c831f.rmeta --extern futures=/tmp/cargo-mutants-casm-PaMmur.tmp/target/debug/deps/libfutures-a3a7384ccbbf524f.rmeta --extern httparse=/tmp/cargo-mutants-casm-PaMmur.tmp/target/debug/deps/libhttparse-f1d0db4df5dcd31c.rmeta --extern ls_types=/tmp/cargo-mutants-casm-PaMmur.tmp/target/debug/deps/libls_types-6f6011150832f408.rmeta --extern memchr=/tmp/cargo-mutants-casm-PaMmur.tmp/target/debug/deps/libmemchr-433ccd1065983af8.rmeta --extern serde=/tmp/cargo-mutants-casm-PaMmur.tmp/target/debug/deps/libserde-87d69d13b54ddd78.rmeta --extern serde_json=/tmp/cargo-mutants-casm-PaMmur.tmp/target/debug/deps/libserde_json-c5598d48721c9847.rmeta --extern tokio=/tmp/cargo-mutants-casm-PaMmur.tmp/target/debug/deps/libtokio-28c68a70018de8ed.rmeta --extern tokio_util=/tmp/cargo-mutants-casm-PaMmur.tmp/target/debug/deps/libtokio_util-87d98629728911e2.rmeta --extern tower=/tmp/cargo-mutants-casm-PaMmur.tmp/target/debug/deps/libtower-d30bd7184b9fec7f.rmeta --extern tracing=/tmp/cargo-mutants-casm-PaMmur.tmp/target/debug/deps/libtracing-83dd88689ebb826b.rmeta --cap-lints allow`
   Compiling casm-lsp v0.3.0 (/tmp/cargo-mutants-casm-PaMmur.tmp/crates/casm-lsp)
     Running `/home/srinivasan/.rustup/toolchains/nightly-x86_64-unknown-linux-gnu/bin/rustc --crate-name casm_lsp --edition=2024 crates/casm-lsp/src/lib.rs --error-format=json --json=diagnostic-rendered-ansi,artifacts,future-incompat --crate-type lib --emit=dep-info,metadata,link -C embed-bitcode=no -C debuginfo=2 --warn=rust_2018_idioms '--warn=clippy::pedantic' '--warn=clippy::unwrap_used' --forbid=unsafe_code --warn=unreachable_pub '--warn=clippy::too_many_lines' '--allow=clippy::struct_field_names' '--warn=clippy::panic' '--allow=clippy::must_use_candidate' '--allow=clippy::module_name_repetitions' '--allow=clippy::missing_errors_doc' --warn=missing_docs '--warn=clippy::indexing_slicing' '--warn=clippy::expect_used' '--warn=clippy::cognitive_complexity' --cfg 'feature="default"' --cfg 'feature="server"' --check-cfg 'cfg(docsrs,test)' --check-cfg 'cfg(feature, values("default", "server"))' -C metadata=6a74160510f1ab21 -C extra-filename=-80fea0669f4842be --out-dir /tmp/cargo-mutants-casm-PaMmur.tmp/target/debug/deps -C incremental=/tmp/cargo-mutants-casm-PaMmur.tmp/target/debug/incremental -L dependency=/tmp/cargo-mutants-casm-PaMmur.tmp/target/debug/deps --extern casm_core=/tmp/cargo-mutants-casm-PaMmur.tmp/target/debug/deps/libcasm_core-436faef67019be0b.rmeta --extern casm_parser=/tmp/cargo-mutants-casm-PaMmur.tmp/target/debug/deps/libcasm_parser-73e0cf500af32db2.rmeta --extern casm_renderer=/tmp/cargo-mutants-casm-PaMmur.tmp/target/debug/deps/libcasm_renderer-ac502ef6e0f80926.rmeta --extern casm_validator=/tmp/cargo-mutants-casm-PaMmur.tmp/target/debug/deps/libcasm_validator-c290c5037270b99c.rmeta --extern serde_json=/tmp/cargo-mutants-casm-PaMmur.tmp/target/debug/deps/libserde_json-c5598d48721c9847.rmeta --extern tokio=/tmp/cargo-mutants-casm-PaMmur.tmp/target/debug/deps/libtokio-28c68a70018de8ed.rmeta --extern tower_lsp_server=/tmp/cargo-mutants-casm-PaMmur.tmp/target/debug/deps/libtower_lsp_server-2fdfa097d8152abe.rmeta --verbose`
error[E0277]: the trait bound `actions::CodeAction: Default` is not satisfied
  --> crates/casm-lsp/src/actions.rs:90:10
   |
90 |     vec![Default::default()] /* ~ changed by cargo-mutants ~ */
   |          ^^^^^^^^^^^^^^^^^^ unsatisfied trait bound
   |
help: the trait `Default` is not implemented for `actions::CodeAction`
  --> crates/casm-lsp/src/actions.rs:61:1
   |
61 | pub struct CodeAction {
   | ^^^^^^^^^^^^^^^^^^^^^

     Running `/home/srinivasan/.rustup/toolchains/nightly-x86_64-unknown-linux-gnu/bin/rustc --crate-name casm_lsp --edition=2024 crates/casm-lsp/src/lib.rs --error-format=json --json=diagnostic-rendered-ansi,artifacts,future-incompat --emit=dep-info,link -C embed-bitcode=no -C debuginfo=2 --warn=rust_2018_idioms '--warn=clippy::pedantic' '--warn=clippy::unwrap_used' --forbid=unsafe_code --warn=unreachable_pub '--warn=clippy::too_many_lines' '--allow=clippy::struct_field_names' '--warn=clippy::panic' '--allow=clippy::must_use_candidate' '--allow=clippy::module_name_repetitions' '--allow=clippy::missing_errors_doc' --warn=missing_docs '--warn=clippy::indexing_slicing' '--warn=clippy::expect_used' '--warn=clippy::cognitive_complexity' --test --cfg 'feature="default"' --cfg 'feature="server"' --check-cfg 'cfg(docsrs,test)' --check-cfg 'cfg(feature, values("default", "server"))' -C metadata=47ec288518f74ead -C extra-filename=-6ce771c58ddaf742 --out-dir /tmp/cargo-mutants-casm-PaMmur.tmp/target/debug/deps -C incremental=/tmp/cargo-mutants-casm-PaMmur.tmp/target/debug/incremental -L dependency=/tmp/cargo-mutants-casm-PaMmur.tmp/target/debug/deps --extern casm_core=/tmp/cargo-mutants-casm-PaMmur.tmp/target/debug/deps/libcasm_core-436faef67019be0b.rlib --extern casm_parser=/tmp/cargo-mutants-casm-PaMmur.tmp/target/debug/deps/libcasm_parser-73e0cf500af32db2.rlib --extern casm_renderer=/tmp/cargo-mutants-casm-PaMmur.tmp/target/debug/deps/libcasm_renderer-ac502ef6e0f80926.rlib --extern casm_validator=/tmp/cargo-mutants-casm-PaMmur.tmp/target/debug/deps/libcasm_validator-c290c5037270b99c.rlib --extern serde=/tmp/cargo-mutants-casm-PaMmur.tmp/target/debug/deps/libserde-87d69d13b54ddd78.rlib --extern serde_json=/tmp/cargo-mutants-casm-PaMmur.tmp/target/debug/deps/libserde_json-c5598d48721c9847.rlib --extern tokio=/tmp/cargo-mutants-casm-PaMmur.tmp/target/debug/deps/libtokio-28c68a70018de8ed.rlib --extern tower_lsp_server=/tmp/cargo-mutants-casm-PaMmur.tmp/target/debug/deps/libtower_lsp_server-2fdfa097d8152abe.rlib --verbose`
For more information about this error, try `rustc --explain E0277`.
error: could not compile `casm-lsp` (lib) due to 1 previous error

Caused by:
  process didn't exit successfully: `/home/srinivasan/.rustup/toolchains/nightly-x86_64-unknown-linux-gnu/bin/rustc --crate-name casm_lsp --edition=2024 crates/casm-lsp/src/lib.rs --error-format=json --json=diagnostic-rendered-ansi,artifacts,future-incompat --crate-type lib --emit=dep-info,metadata,link -C embed-bitcode=no -C debuginfo=2 --warn=rust_2018_idioms '--warn=clippy::pedantic' '--warn=clippy::unwrap_used' --forbid=unsafe_code --warn=unreachable_pub '--warn=clippy::too_many_lines' '--allow=clippy::struct_field_names' '--warn=clippy::panic' '--allow=clippy::must_use_candidate' '--allow=clippy::module_name_repetitions' '--allow=clippy::missing_errors_doc' --warn=missing_docs '--warn=clippy::indexing_slicing' '--warn=clippy::expect_used' '--warn=clippy::cognitive_complexity' --cfg 'feature="default"' --cfg 'feature="server"' --check-cfg 'cfg(docsrs,test)' --check-cfg 'cfg(feature, values("default", "server"))' -C metadata=6a74160510f1ab21 -C extra-filename=-80fea0669f4842be --out-dir /tmp/cargo-mutants-casm-PaMmur.tmp/target/debug/deps -C incremental=/tmp/cargo-mutants-casm-PaMmur.tmp/target/debug/incremental -L dependency=/tmp/cargo-mutants-casm-PaMmur.tmp/target/debug/deps --extern casm_core=/tmp/cargo-mutants-casm-PaMmur.tmp/target/debug/deps/libcasm_core-436faef67019be0b.rmeta --extern casm_parser=/tmp/cargo-mutants-casm-PaMmur.tmp/target/debug/deps/libcasm_parser-73e0cf500af32db2.rmeta --extern casm_renderer=/tmp/cargo-mutants-casm-PaMmur.tmp/target/debug/deps/libcasm_renderer-ac502ef6e0f80926.rmeta --extern casm_validator=/tmp/cargo-mutants-casm-PaMmur.tmp/target/debug/deps/libcasm_validator-c290c5037270b99c.rmeta --extern serde_json=/tmp/cargo-mutants-casm-PaMmur.tmp/target/debug/deps/libserde_json-c5598d48721c9847.rmeta --extern tokio=/tmp/cargo-mutants-casm-PaMmur.tmp/target/debug/deps/libtokio-28c68a70018de8ed.rmeta --extern tower_lsp_server=/tmp/cargo-mutants-casm-PaMmur.tmp/target/debug/deps/libtower_lsp_server-2fdfa097d8152abe.rmeta --verbose` (exit status: 1)
warning: build failed, waiting for other jobs to finish...
error: could not compile `casm-lsp` (lib test) due to 1 previous error

Caused by:
  process didn't exit successfully: `/home/srinivasan/.rustup/toolchains/nightly-x86_64-unknown-linux-gnu/bin/rustc --crate-name casm_lsp --edition=2024 crates/casm-lsp/src/lib.rs --error-format=json --json=diagnostic-rendered-ansi,artifacts,future-incompat --emit=dep-info,link -C embed-bitcode=no -C debuginfo=2 --warn=rust_2018_idioms '--warn=clippy::pedantic' '--warn=clippy::unwrap_used' --forbid=unsafe_code --warn=unreachable_pub '--warn=clippy::too_many_lines' '--allow=clippy::struct_field_names' '--warn=clippy::panic' '--allow=clippy::must_use_candidate' '--allow=clippy::module_name_repetitions' '--allow=clippy::missing_errors_doc' --warn=missing_docs '--warn=clippy::indexing_slicing' '--warn=clippy::expect_used' '--warn=clippy::cognitive_complexity' --test --cfg 'feature="default"' --cfg 'feature="server"' --check-cfg 'cfg(docsrs,test)' --check-cfg 'cfg(feature, values("default", "server"))' -C metadata=47ec288518f74ead -C extra-filename=-6ce771c58ddaf742 --out-dir /tmp/cargo-mutants-casm-PaMmur.tmp/target/debug/deps -C incremental=/tmp/cargo-mutants-casm-PaMmur.tmp/target/debug/incremental -L dependency=/tmp/cargo-mutants-casm-PaMmur.tmp/target/debug/deps --extern casm_core=/tmp/cargo-mutants-casm-PaMmur.tmp/target/debug/deps/libcasm_core-436faef67019be0b.rlib --extern casm_parser=/tmp/cargo-mutants-casm-PaMmur.tmp/target/debug/deps/libcasm_parser-73e0cf500af32db2.rlib --extern casm_renderer=/tmp/cargo-mutants-casm-PaMmur.tmp/target/debug/deps/libcasm_renderer-ac502ef6e0f80926.rlib --extern casm_validator=/tmp/cargo-mutants-casm-PaMmur.tmp/target/debug/deps/libcasm_validator-c290c5037270b99c.rlib --extern serde=/tmp/cargo-mutants-casm-PaMmur.tmp/target/debug/deps/libserde-87d69d13b54ddd78.rlib --extern serde_json=/tmp/cargo-mutants-casm-PaMmur.tmp/target/debug/deps/libserde_json-c5598d48721c9847.rlib --extern tokio=/tmp/cargo-mutants-casm-PaMmur.tmp/target/debug/deps/libtokio-28c68a70018de8ed.rlib --extern tower_lsp_server=/tmp/cargo-mutants-casm-PaMmur.tmp/target/debug/deps/libtower_lsp_server-2fdfa097d8152abe.rlib --verbose` (exit status: 1)

*** result: Failure(101)
