
*** crates/casm-formal/src/model.rs:82:9: replace FormalModel::of -> Self with Default::default()

*** mutation diff:
--- crates/casm-formal/src/model.rs
+++ replace FormalModel::of -> Self with Default::default()
@@ -74,53 +74,17 @@
     /// hand-rolled fixed point in TLA+ would be far harder to read and to trust.
     pub closure: Vec<(String, String)>,
 }
 
 impl FormalModel {
     /// Reduces an architecture to its failure-propagation model.
     #[must_use]
     pub fn of(architecture: &Architecture) -> Self {
-        let name_of = |id| {
-            architecture
-                .node(id)
-                .map_or_else(|| "?".to_owned(), |node| node.name().as_str().to_owned())
-        };
-
-        let mut nodes: Vec<ModelNode> = architecture.nodes().map(ModelNode::from_node).collect();
-        nodes.sort();
-
-        let (mut blocking, mut asynchronous) = (Vec::new(), Vec::new());
-        for edge in architecture.relationships() {
-            let entry = ModelEdge {
-                source: name_of(edge.source()),
-                target: name_of(edge.target()),
-                kind: edge.relationship_type().to_string(),
-                latency_budget_ms: edge.latency_budget_ms(),
-            };
-            if edge.relationship_type().is_blocking() {
-                blocking.push(entry);
-            } else {
-                asynchronous.push(entry);
-            }
-        }
-        blocking.sort();
-        asynchronous.sort();
-
-        let closure = transitive_closure(&blocking);
-
-        Self {
-            name: architecture.name().as_str().to_owned(),
-            version: architecture.version().to_string(),
-            fingerprint: merkle::fingerprint(architecture).abbreviated(16),
-            nodes,
-            blocking,
-            asynchronous,
-            closure,
-        }
+        Default::default() /* ~ changed by cargo-mutants ~ */
     }
 
     /// The names of every node, sorted.
     #[must_use]
     pub fn node_names(&self) -> Vec<&str> {
         self.nodes.iter().map(|node| node.name.as_str()).collect()
     }
 


*** /home/srinivasan/.rustup/toolchains/nightly-x86_64-unknown-linux-gnu/bin/cargo test --no-run --verbose --package=casm-formal@0.3.0
       Fresh serde_core v1.0.229
       Fresh unicode-ident v1.0.24
       Fresh proc-macro2 v1.0.107
       Fresh version_check v0.9.5
       Fresh quote v1.0.47
       Fresh syn v3.0.3
       Fresh typenum v1.20.1
       Fresh generic-array v0.14.7
       Fresh serde_derive v1.0.229
       Fresh crypto-common v0.1.7
       Fresh block-buffer v0.10.4
       Fresh libc v0.2.189
       Fresh equivalent v1.0.2
       Fresh hashbrown v0.17.1
       Fresh cfg-if v1.0.4
       Fresh indexmap v2.14.0
       Fresh getrandom v0.4.3
       Fresh digest v0.10.7
       Fresh serde v1.0.229
       Fresh thiserror-impl v2.0.19
       Fresh keccak v0.1.6
       Fresh uuid v1.24.0
       Fresh semver v1.0.28
       Fresh sha3 v0.10.9
       Fresh thiserror v2.0.19
       Fresh winnow v1.0.4
       Fresh itoa v1.0.18
       Fresh casm-core v0.3.0 (/tmp/cargo-mutants-casm-W5ytYW.tmp/crates/casm-core)
       Fresh zmij v1.0.23
       Fresh toml_parser v1.1.3+spec-1.1.0
       Fresh toml_datetime v0.7.5+spec-1.1.0
       Fresh serde_spanned v1.1.1
       Fresh winnow v0.7.15
       Fresh toml_writer v1.1.2+spec-1.1.0
       Fresh memchr v2.8.3
       Fresh unsafe-libyaml v0.2.11
       Fresh ryu v1.0.23
       Fresh serde_json v1.0.151
       Fresh toml v0.9.12+spec-1.1.0
       Dirty casm-formal v0.3.0 (/tmp/cargo-mutants-casm-W5ytYW.tmp/crates/casm-formal): the file `crates/casm-formal/src/alloy.rs` has changed (1785931693.139883356s, 2s after last build at 1785931691.560742029s)
   Compiling casm-formal v0.3.0 (/tmp/cargo-mutants-casm-W5ytYW.tmp/crates/casm-formal)
       Fresh serde_yaml_ng v0.10.0
       Fresh casm-parser v0.3.0 (/tmp/cargo-mutants-casm-W5ytYW.tmp/crates/casm-parser)
     Running `/home/srinivasan/.rustup/toolchains/nightly-x86_64-unknown-linux-gnu/bin/rustc --crate-name casm_formal --edition=2024 crates/casm-formal/src/lib.rs --error-format=json --json=diagnostic-rendered-ansi,artifacts,future-incompat --emit=dep-info,link -C embed-bitcode=no -C debuginfo=2 --warn=rust_2018_idioms '--warn=clippy::pedantic' '--warn=clippy::unwrap_used' --forbid=unsafe_code --warn=unreachable_pub '--warn=clippy::too_many_lines' '--allow=clippy::struct_field_names' '--warn=clippy::panic' '--allow=clippy::must_use_candidate' '--allow=clippy::module_name_repetitions' '--allow=clippy::missing_errors_doc' --warn=missing_docs '--warn=clippy::indexing_slicing' '--warn=clippy::expect_used' '--warn=clippy::cognitive_complexity' --test --check-cfg 'cfg(docsrs,test)' --check-cfg 'cfg(feature, values())' -C metadata=3bdee02190ccaeac -C extra-filename=-cc425937610d0a3f --out-dir /tmp/cargo-mutants-casm-W5ytYW.tmp/target/debug/deps -C incremental=/tmp/cargo-mutants-casm-W5ytYW.tmp/target/debug/incremental -L dependency=/tmp/cargo-mutants-casm-W5ytYW.tmp/target/debug/deps --extern casm_core=/tmp/cargo-mutants-casm-W5ytYW.tmp/target/debug/deps/libcasm_core-0e2727cdb6cb7ba3.rlib --extern casm_parser=/tmp/cargo-mutants-casm-W5ytYW.tmp/target/debug/deps/libcasm_parser-46b061afdef23cde.rlib --verbose`
     Running `/home/srinivasan/.rustup/toolchains/nightly-x86_64-unknown-linux-gnu/bin/rustc --crate-name casm_formal --edition=2024 crates/casm-formal/src/lib.rs --error-format=json --json=diagnostic-rendered-ansi,artifacts,future-incompat --crate-type lib --emit=dep-info,metadata,link -C embed-bitcode=no -C debuginfo=2 --warn=rust_2018_idioms '--warn=clippy::pedantic' '--warn=clippy::unwrap_used' --forbid=unsafe_code --warn=unreachable_pub '--warn=clippy::too_many_lines' '--allow=clippy::struct_field_names' '--warn=clippy::panic' '--allow=clippy::must_use_candidate' '--allow=clippy::module_name_repetitions' '--allow=clippy::missing_errors_doc' --warn=missing_docs '--warn=clippy::indexing_slicing' '--warn=clippy::expect_used' '--warn=clippy::cognitive_complexity' --check-cfg 'cfg(docsrs,test)' --check-cfg 'cfg(feature, values())' -C metadata=a718362359bd9abb -C extra-filename=-3d62c4049ed65674 --out-dir /tmp/cargo-mutants-casm-W5ytYW.tmp/target/debug/deps -C incremental=/tmp/cargo-mutants-casm-W5ytYW.tmp/target/debug/incremental -L dependency=/tmp/cargo-mutants-casm-W5ytYW.tmp/target/debug/deps --extern casm_core=/tmp/cargo-mutants-casm-W5ytYW.tmp/target/debug/deps/libcasm_core-0e2727cdb6cb7ba3.rmeta --verbose`
warning: unused import: `merkle`
  --> crates/casm-formal/src/model.rs:27:47
   |
27 | use casm_core::{Architecture, Node, NodeType, merkle};
   |                                               ^^^^^^
   |
   = note: `#[warn(unused_imports)]` (part of `#[warn(unused)]`) on by default

error[E0277]: the trait bound `FormalModel: Default` is not satisfied
  --> crates/casm-formal/src/model.rs:82:9
   |
82 |         Default::default() /* ~ changed by cargo-mutants ~ */
   |         ^^^^^^^^^^^^^^^^^^ the trait `Default` is not implemented for `FormalModel`
   |
help: consider annotating `FormalModel` with `#[derive(Default)]`
   |
58 + #[derive(Default)]
59 | pub struct FormalModel {
   |

For more information about this error, try `rustc --explain E0277`.
warning: `casm-formal` (lib) generated 1 warning
error: could not compile `casm-formal` (lib) due to 1 previous error; 1 warning emitted

Caused by:
  process didn't exit successfully: `/home/srinivasan/.rustup/toolchains/nightly-x86_64-unknown-linux-gnu/bin/rustc --crate-name casm_formal --edition=2024 crates/casm-formal/src/lib.rs --error-format=json --json=diagnostic-rendered-ansi,artifacts,future-incompat --crate-type lib --emit=dep-info,metadata,link -C embed-bitcode=no -C debuginfo=2 --warn=rust_2018_idioms '--warn=clippy::pedantic' '--warn=clippy::unwrap_used' --forbid=unsafe_code --warn=unreachable_pub '--warn=clippy::too_many_lines' '--allow=clippy::struct_field_names' '--warn=clippy::panic' '--allow=clippy::must_use_candidate' '--allow=clippy::module_name_repetitions' '--allow=clippy::missing_errors_doc' --warn=missing_docs '--warn=clippy::indexing_slicing' '--warn=clippy::expect_used' '--warn=clippy::cognitive_complexity' --check-cfg 'cfg(docsrs,test)' --check-cfg 'cfg(feature, values())' -C metadata=a718362359bd9abb -C extra-filename=-3d62c4049ed65674 --out-dir /tmp/cargo-mutants-casm-W5ytYW.tmp/target/debug/deps -C incremental=/tmp/cargo-mutants-casm-W5ytYW.tmp/target/debug/incremental -L dependency=/tmp/cargo-mutants-casm-W5ytYW.tmp/target/debug/deps --extern casm_core=/tmp/cargo-mutants-casm-W5ytYW.tmp/target/debug/deps/libcasm_core-0e2727cdb6cb7ba3.rmeta --verbose` (exit status: 1)
warning: build failed, waiting for other jobs to finish...
error[E0277]: the trait bound `model::FormalModel: Default` is not satisfied
  --> crates/casm-formal/src/model.rs:82:9
   |
82 |         Default::default() /* ~ changed by cargo-mutants ~ */
   |         ^^^^^^^^^^^^^^^^^^ the trait `Default` is not implemented for `model::FormalModel`
   |
help: consider annotating `model::FormalModel` with `#[derive(Default)]`
   |
58 + #[derive(Default)]
59 | pub struct FormalModel {
   |

warning: `casm-formal` (lib test) generated 1 warning (1 duplicate)
error: could not compile `casm-formal` (lib test) due to 1 previous error; 1 warning emitted

Caused by:
  process didn't exit successfully: `/home/srinivasan/.rustup/toolchains/nightly-x86_64-unknown-linux-gnu/bin/rustc --crate-name casm_formal --edition=2024 crates/casm-formal/src/lib.rs --error-format=json --json=diagnostic-rendered-ansi,artifacts,future-incompat --emit=dep-info,link -C embed-bitcode=no -C debuginfo=2 --warn=rust_2018_idioms '--warn=clippy::pedantic' '--warn=clippy::unwrap_used' --forbid=unsafe_code --warn=unreachable_pub '--warn=clippy::too_many_lines' '--allow=clippy::struct_field_names' '--warn=clippy::panic' '--allow=clippy::must_use_candidate' '--allow=clippy::module_name_repetitions' '--allow=clippy::missing_errors_doc' --warn=missing_docs '--warn=clippy::indexing_slicing' '--warn=clippy::expect_used' '--warn=clippy::cognitive_complexity' --test --check-cfg 'cfg(docsrs,test)' --check-cfg 'cfg(feature, values())' -C metadata=3bdee02190ccaeac -C extra-filename=-cc425937610d0a3f --out-dir /tmp/cargo-mutants-casm-W5ytYW.tmp/target/debug/deps -C incremental=/tmp/cargo-mutants-casm-W5ytYW.tmp/target/debug/incremental -L dependency=/tmp/cargo-mutants-casm-W5ytYW.tmp/target/debug/deps --extern casm_core=/tmp/cargo-mutants-casm-W5ytYW.tmp/target/debug/deps/libcasm_core-0e2727cdb6cb7ba3.rlib --extern casm_parser=/tmp/cargo-mutants-casm-W5ytYW.tmp/target/debug/deps/libcasm_parser-46b061afdef23cde.rlib --verbose` (exit status: 1)

*** result: Failure(101)
