
*** crates/casm-renderer/src/lib.rs:104:5: replace escape_label -> String with "xyzzy".into()

*** mutation diff:
--- crates/casm-renderer/src/lib.rs
+++ replace escape_label -> String with "xyzzy".into()
@@ -96,24 +96,17 @@
 }
 
 /// Escapes a free-form label for embedding in a quoted diagram string.
 ///
 /// Node *names* never need this — the CASIMIR name alphabet has no metacharacters — but
 /// descriptions are arbitrary text supplied by the author.
 #[must_use]
 pub fn escape_label(raw: &str) -> String {
-    raw.chars()
-        .map(|c| match c {
-            '"' => "'".to_owned(),
-            '\n' | '\r' => " ".to_owned(),
-            '\\' => "/".to_owned(),
-            other => other.to_string(),
-        })
-        .collect()
+    "xyzzy".into() /* ~ changed by cargo-mutants ~ */
 }
 
 /// The Mermaid backend: flowcharts that render natively in GitHub and most wikis.
 pub struct Mermaid;
 
 impl Mermaid {
     /// Maps a node type onto a Mermaid node shape, given a label.
     fn shape(node_type: NodeType, label: &str) -> String {


*** /home/srinivasan/.rustup/toolchains/nightly-x86_64-unknown-linux-gnu/bin/cargo test --no-run --verbose --package=casm-renderer@0.3.0
    Blocking waiting for file lock on package cache
    Blocking waiting for file lock on package cache
    Blocking waiting for file lock on package cache
       Fresh version_check v0.9.5
       Fresh unicode-ident v1.0.24
       Fresh proc-macro2 v1.0.107
       Fresh quote v1.0.47
       Fresh typenum v1.20.1
       Fresh generic-array v0.14.7
       Fresh syn v3.0.3
       Fresh serde_core v1.0.229
       Fresh libc v0.2.189
       Fresh crypto-common v0.1.7
       Fresh block-buffer v0.10.4
       Fresh cfg-if v1.0.4
       Fresh getrandom v0.4.3
       Fresh digest v0.10.7
       Fresh thiserror-impl v2.0.19
       Fresh serde_derive v1.0.229
       Fresh equivalent v1.0.2
       Fresh hashbrown v0.17.1
       Fresh keccak v0.1.6
       Fresh thiserror v2.0.19
       Fresh sha3 v0.10.9
       Fresh indexmap v2.14.0
       Fresh serde v1.0.229
       Fresh uuid v1.24.0
       Fresh semver v1.0.28
       Fresh casm-core v0.3.0 (/tmp/cargo-mutants-casm-Mdd4Ys.tmp/crates/casm-core)
       Dirty casm-renderer v0.3.0 (/tmp/cargo-mutants-casm-Mdd4Ys.tmp/crates/casm-renderer): the file `crates/casm-renderer/src/lib.rs` has changed (1785933200.502966281s, 1s after last build at 1785933199.188934832s)
   Compiling casm-renderer v0.3.0 (/tmp/cargo-mutants-casm-Mdd4Ys.tmp/crates/casm-renderer)
     Running `/home/srinivasan/.rustup/toolchains/nightly-x86_64-unknown-linux-gnu/bin/rustc --crate-name casm_renderer --edition=2024 crates/casm-renderer/src/lib.rs --error-format=json --json=diagnostic-rendered-ansi,artifacts,future-incompat --emit=dep-info,link -C embed-bitcode=no -C debuginfo=2 --warn=rust_2018_idioms '--warn=clippy::pedantic' '--warn=clippy::unwrap_used' --forbid=unsafe_code --warn=unreachable_pub '--warn=clippy::too_many_lines' '--allow=clippy::struct_field_names' '--warn=clippy::panic' '--allow=clippy::must_use_candidate' '--allow=clippy::module_name_repetitions' '--allow=clippy::missing_errors_doc' --warn=missing_docs '--warn=clippy::indexing_slicing' '--warn=clippy::expect_used' '--warn=clippy::cognitive_complexity' --test --check-cfg 'cfg(docsrs,test)' --check-cfg 'cfg(feature, values())' -C metadata=3d95ee09cfa5a46d -C extra-filename=-23f510611d261a86 --out-dir /tmp/cargo-mutants-casm-Mdd4Ys.tmp/target/debug/deps -C incremental=/tmp/cargo-mutants-casm-Mdd4Ys.tmp/target/debug/incremental -L dependency=/tmp/cargo-mutants-casm-Mdd4Ys.tmp/target/debug/deps --extern casm_core=/tmp/cargo-mutants-casm-Mdd4Ys.tmp/target/debug/deps/libcasm_core-e0f19a3016ddb7a5.rlib --verbose`
     Running `/home/srinivasan/.rustup/toolchains/nightly-x86_64-unknown-linux-gnu/bin/rustc --crate-name casm_renderer --edition=2024 crates/casm-renderer/src/lib.rs --error-format=json --json=diagnostic-rendered-ansi,artifacts,future-incompat --crate-type lib --emit=dep-info,metadata,link -C embed-bitcode=no -C debuginfo=2 --warn=rust_2018_idioms '--warn=clippy::pedantic' '--warn=clippy::unwrap_used' --forbid=unsafe_code --warn=unreachable_pub '--warn=clippy::too_many_lines' '--allow=clippy::struct_field_names' '--warn=clippy::panic' '--allow=clippy::must_use_candidate' '--allow=clippy::module_name_repetitions' '--allow=clippy::missing_errors_doc' --warn=missing_docs '--warn=clippy::indexing_slicing' '--warn=clippy::expect_used' '--warn=clippy::cognitive_complexity' --check-cfg 'cfg(docsrs,test)' --check-cfg 'cfg(feature, values())' -C metadata=9a17573fc0ebd8de -C extra-filename=-a274aae3a51b3045 --out-dir /tmp/cargo-mutants-casm-Mdd4Ys.tmp/target/debug/deps -C incremental=/tmp/cargo-mutants-casm-Mdd4Ys.tmp/target/debug/incremental -L dependency=/tmp/cargo-mutants-casm-Mdd4Ys.tmp/target/debug/deps --extern casm_core=/tmp/cargo-mutants-casm-Mdd4Ys.tmp/target/debug/deps/libcasm_core-e0f19a3016ddb7a5.rmeta --verbose`
warning: unused variable: `raw`
   --> crates/casm-renderer/src/lib.rs:103:21
    |
103 | pub fn escape_label(raw: &str) -> String {
    |                     ^^^ help: if this is intentional, prefix it with an underscore: `_raw`
    |
    = note: `#[warn(unused_variables)]` (part of `#[warn(unused)]`) on by default

warning: `casm-renderer` (lib) generated 1 warning (run `cargo fix --lib -p casm-renderer` to apply 1 suggestion)
warning: `casm-renderer` (lib test) generated 1 warning (1 duplicate)
    Finished `test` profile [unoptimized + debuginfo] target(s) in 1.04s
  Executable `/tmp/cargo-mutants-casm-Mdd4Ys.tmp/target/debug/deps/casm_renderer-23f510611d261a86`

*** result: Success

*** /home/srinivasan/.rustup/toolchains/nightly-x86_64-unknown-linux-gnu/bin/cargo test --verbose --package=casm-renderer@0.3.0
    Blocking waiting for file lock on package cache
    Blocking waiting for file lock on package cache
    Blocking waiting for file lock on package cache
       Fresh version_check v0.9.5
       Fresh unicode-ident v1.0.24
       Fresh typenum v1.20.1
       Fresh cfg-if v1.0.4
       Fresh proc-macro2 v1.0.107
       Fresh keccak v0.1.6
       Fresh quote v1.0.47
       Fresh serde_core v1.0.229
       Fresh generic-array v0.14.7
       Fresh libc v0.2.189
       Fresh hashbrown v0.17.1
       Fresh equivalent v1.0.2
       Fresh syn v3.0.3
       Fresh block-buffer v0.10.4
       Fresh crypto-common v0.1.7
       Fresh getrandom v0.4.3
       Fresh semver v1.0.28
       Fresh indexmap v2.14.0
       Fresh digest v0.10.7
       Fresh thiserror-impl v2.0.19
       Fresh serde_derive v1.0.229
       Fresh uuid v1.24.0
       Fresh thiserror v2.0.19
       Fresh sha3 v0.10.9
       Fresh serde v1.0.229
       Fresh casm-core v0.3.0 (/tmp/cargo-mutants-casm-Mdd4Ys.tmp/crates/casm-core)
warning: unused variable: `raw`
   --> crates/casm-renderer/src/lib.rs:103:21
    |
103 | pub fn escape_label(raw: &str) -> String {
    |                     ^^^ help: if this is intentional, prefix it with an underscore: `_raw`
    |
    = note: `#[warn(unused_variables)]` (part of `#[warn(unused)]`) on by default

warning: `casm-renderer` (lib) generated 1 warning (run `cargo fix --lib -p casm-renderer` to apply 1 suggestion)
warning: `casm-renderer` (lib test) generated 1 warning (1 duplicate)
       Fresh casm-renderer v0.3.0 (/tmp/cargo-mutants-casm-Mdd4Ys.tmp/crates/casm-renderer)
    Finished `test` profile [unoptimized + debuginfo] target(s) in 0.27s
     Running `/tmp/cargo-mutants-casm-Mdd4Ys.tmp/target/debug/deps/casm_renderer-23f510611d261a86`

running 19 tests
test tests::a_hostile_description_cannot_break_out_of_a_label ... ok
test tests::ascii_says_so_when_there_is_nothing_to_draw ... ok
test tests::backends_are_discoverable_by_id ... ok
test tests::dot_produces_a_balanced_digraph ... ok
test tests::escaping_neutralises_quotes_newlines_and_backslashes ... FAILED
test tests::every_backend_handles_an_empty_architecture ... ok
test tests::ascii_lists_nodes_interfaces_controls_and_edges ... ok
test tests::dot_shapes_distinguish_node_types ... ok
test tests::diagram_identifiers_are_positional_not_uuid_derived ... ok
test tests::mermaid_arrows_distinguish_blocking_from_async ... ok
test tests::backend_ids_are_unique ... ok
test tests::dot_styles_distinguish_relationship_types ... ok
test tests::every_backend_output_ends_with_a_newline ... ok
test tests::mermaid_declares_a_flowchart_and_the_architecture_version ... ok
test tests::mermaid_labels_edges_with_protocol_and_budget ... FAILED
test tests::mermaid_shapes_distinguish_node_types ... ok
test tests::rendering_covers_every_relationship_type ... ok
test tests::every_backend_is_deterministic ... ok
test tests::rendering_never_panics_on_an_architecture_with_every_node_type ... ok

failures:

---- tests::escaping_neutralises_quotes_newlines_and_backslashes stdout ----

thread 'tests::escaping_neutralises_quotes_newlines_and_backslashes' (1090471) panicked at crates/casm-renderer/src/lib.rs:598:9:
assertion `left == right` failed
  left: "xyzzy"
 right: "say 'hi'"
note: run with `RUST_BACKTRACE=1` environment variable to display a backtrace

---- tests::mermaid_labels_edges_with_protocol_and_budget stdout ----

thread 'tests::mermaid_labels_edges_with_protocol_and_budget' (1090477) panicked at crates/casm-renderer/src/lib.rs:516:9:
flowchart LR
  %% storefront v1.2.0
  n0{{"gateway"}}
  n1["orders"]
  n2[("orders-db")]
  n0 -->|"xyzzy"| n1
  n1 -->|"xyzzy"| n2



failures:
    tests::escaping_neutralises_quotes_newlines_and_backslashes
    tests::mermaid_labels_edges_with_protocol_and_budget

test result: FAILED. 17 passed; 2 failed; 0 ignored; 0 measured; 0 filtered out; finished in 0.00s

error: test failed, to rerun pass `-p casm-renderer --lib`

*** result: Failure(101)
