
*** crates/casm-formal/src/tla.rs:228:5: replace write_topology with ()

*** mutation diff:
--- crates/casm-formal/src/tla.rs
+++ replace write_topology with ()
@@ -220,70 +220,17 @@
 
 /// Writes the architecture's topology as constants.
 fn write_topology(
     out: &mut String,
     model: &FormalModel,
     blocking: &[(String, String)],
     asynchronous: &[(String, String)],
 ) {
-    let _ = writeln!(out, "(* Every participant in the architecture. *)");
-    let _ = writeln!(out, "Nodes == {}\n", string_set(&model.node_names()));
-
-    let _ = writeln!(
-        out,
-        "(* Nodes outside the control boundary. They may fail; they are"
-    );
-    let _ = writeln!(out, "   not ours to repair. *)");
-    let _ = writeln!(out, "External == {}\n", string_set(&model.external_names()));
-
-    let _ = writeln!(
-        out,
-        "(* <<a, b>> means a cannot serve while b is unavailable. *)"
-    );
-    for edge in &model.blocking {
-        let budget = edge
-            .latency_budget_ms
-            .map_or_else(String::new, |ms| format!(", {ms}ms"));
-        let _ = writeln!(
-            out,
-            "(*   {} -> {} ({}{}) *)",
-            edge.source, edge.target, edge.kind, budget
-        );
-    }
-    let _ = writeln!(out, "BlockingDeps == {}\n", pair_set(blocking));
-
-    let _ = writeln!(
-        out,
-        "(* The transitive closure of BlockingDeps, computed by CASIMIR"
-    );
-    let _ = writeln!(out, "   so this module needs no recursive operator. *)");
-    let _ = writeln!(out, "BlockingClosure == {}\n", pair_set(&model.closure));
-
-    let _ = writeln!(
-        out,
-        "(* Edges that carry no availability dependency. Recorded so a"
-    );
-    let _ = writeln!(
-        out,
-        "   reader can see them; absent from every property below. *)"
-    );
-    for edge in &model.asynchronous {
-        let _ = writeln!(
-            out,
-            "(*   {} ~> {} ({}) *)",
-            edge.source, edge.target, edge.kind
-        );
-    }
-    let _ = writeln!(out, "AsyncEdges == {}\n", pair_set(asynchronous));
-
-    let _ = writeln!(
-        out,
-        "-------------------------------------------------------------\n"
-    );
+    () /* ~ changed by cargo-mutants ~ */
 }
 
 /// Writes the state machine.
 fn write_behaviour(out: &mut String) {
     let _ = writeln!(out, "VARIABLE failed\n");
     let _ = writeln!(out, "TypeOK == failed \\subseteq Nodes\n");
     let _ = writeln!(out, "Init == failed = {{}}\n");
     let _ = writeln!(out, "Fail(n) == /\\ n \\in Nodes");


*** /home/srinivasan/.rustup/toolchains/nightly-x86_64-unknown-linux-gnu/bin/cargo test --no-run --verbose --package=casm-formal@0.3.0
       Fresh serde_core v1.0.229
       Fresh unicode-ident v1.0.24
       Fresh proc-macro2 v1.0.107
       Fresh version_check v0.9.5
       Fresh quote v1.0.47
       Fresh syn v3.0.3
       Fresh typenum v1.20.1
       Fresh generic-array v0.14.7
       Fresh libc v0.2.189
       Fresh crypto-common v0.1.7
       Fresh block-buffer v0.10.4
       Fresh serde_derive v1.0.229
       Fresh cfg-if v1.0.4
       Fresh equivalent v1.0.2
       Fresh hashbrown v0.17.1
       Fresh indexmap v2.14.0
       Fresh getrandom v0.4.3
       Fresh serde v1.0.229
       Fresh digest v0.10.7
       Fresh thiserror-impl v2.0.19
       Fresh keccak v0.1.6
       Fresh sha3 v0.10.9
       Fresh thiserror v2.0.19
       Fresh uuid v1.24.0
       Fresh semver v1.0.28
       Fresh winnow v1.0.4
       Fresh itoa v1.0.18
       Fresh toml_parser v1.1.3+spec-1.1.0
       Fresh casm-core v0.3.0 (/tmp/cargo-mutants-casm-PaMmur.tmp/crates/casm-core)
       Fresh zmij v1.0.23
       Fresh toml_datetime v0.7.5+spec-1.1.0
       Fresh serde_spanned v1.1.1
       Fresh ryu v1.0.23
       Fresh memchr v2.8.3
       Fresh toml_writer v1.1.2+spec-1.1.0
       Fresh unsafe-libyaml v0.2.11
       Fresh winnow v0.7.15
       Fresh toml v0.9.12+spec-1.1.0
       Fresh serde_yaml_ng v0.10.0
       Fresh serde_json v1.0.151
       Fresh casm-parser v0.3.0 (/tmp/cargo-mutants-casm-PaMmur.tmp/crates/casm-parser)
       Dirty casm-formal v0.3.0 (/tmp/cargo-mutants-casm-PaMmur.tmp/crates/casm-formal): couldn't read metadata for file `target/debug/deps/libcasm_formal-3d62c4049ed65674.rlib`
   Compiling casm-formal v0.3.0 (/tmp/cargo-mutants-casm-PaMmur.tmp/crates/casm-formal)
     Running `/home/srinivasan/.rustup/toolchains/nightly-x86_64-unknown-linux-gnu/bin/rustc --crate-name casm_formal --edition=2024 crates/casm-formal/src/lib.rs --error-format=json --json=diagnostic-rendered-ansi,artifacts,future-incompat --crate-type lib --emit=dep-info,metadata,link -C embed-bitcode=no -C debuginfo=2 --warn=rust_2018_idioms '--warn=clippy::pedantic' '--warn=clippy::unwrap_used' --forbid=unsafe_code --warn=unreachable_pub '--warn=clippy::too_many_lines' '--allow=clippy::struct_field_names' '--warn=clippy::panic' '--allow=clippy::must_use_candidate' '--allow=clippy::module_name_repetitions' '--allow=clippy::missing_errors_doc' --warn=missing_docs '--warn=clippy::indexing_slicing' '--warn=clippy::expect_used' '--warn=clippy::cognitive_complexity' --check-cfg 'cfg(docsrs,test)' --check-cfg 'cfg(feature, values())' -C metadata=a718362359bd9abb -C extra-filename=-3d62c4049ed65674 --out-dir /tmp/cargo-mutants-casm-PaMmur.tmp/target/debug/deps -C incremental=/tmp/cargo-mutants-casm-PaMmur.tmp/target/debug/incremental -L dependency=/tmp/cargo-mutants-casm-PaMmur.tmp/target/debug/deps --extern casm_core=/tmp/cargo-mutants-casm-PaMmur.tmp/target/debug/deps/libcasm_core-0e2727cdb6cb7ba3.rmeta --verbose`
     Running `/home/srinivasan/.rustup/toolchains/nightly-x86_64-unknown-linux-gnu/bin/rustc --crate-name casm_formal --edition=2024 crates/casm-formal/src/lib.rs --error-format=json --json=diagnostic-rendered-ansi,artifacts,future-incompat --emit=dep-info,link -C embed-bitcode=no -C debuginfo=2 --warn=rust_2018_idioms '--warn=clippy::pedantic' '--warn=clippy::unwrap_used' --forbid=unsafe_code --warn=unreachable_pub '--warn=clippy::too_many_lines' '--allow=clippy::struct_field_names' '--warn=clippy::panic' '--allow=clippy::must_use_candidate' '--allow=clippy::module_name_repetitions' '--allow=clippy::missing_errors_doc' --warn=missing_docs '--warn=clippy::indexing_slicing' '--warn=clippy::expect_used' '--warn=clippy::cognitive_complexity' --test --check-cfg 'cfg(docsrs,test)' --check-cfg 'cfg(feature, values())' -C metadata=3bdee02190ccaeac -C extra-filename=-cc425937610d0a3f --out-dir /tmp/cargo-mutants-casm-PaMmur.tmp/target/debug/deps -C incremental=/tmp/cargo-mutants-casm-PaMmur.tmp/target/debug/incremental -L dependency=/tmp/cargo-mutants-casm-PaMmur.tmp/target/debug/deps --extern casm_core=/tmp/cargo-mutants-casm-PaMmur.tmp/target/debug/deps/libcasm_core-0e2727cdb6cb7ba3.rlib --extern casm_parser=/tmp/cargo-mutants-casm-PaMmur.tmp/target/debug/deps/libcasm_parser-46b061afdef23cde.rlib --verbose`
warning: unused variable: `out`
   --> crates/casm-formal/src/tla.rs:223:5
    |
223 |     out: &mut String,
    |     ^^^ help: if this is intentional, prefix it with an underscore: `_out`
    |
    = note: `#[warn(unused_variables)]` (part of `#[warn(unused)]`) on by default

warning: unused variable: `model`
   --> crates/casm-formal/src/tla.rs:224:5
    |
224 |     model: &FormalModel,
    |     ^^^^^ help: if this is intentional, prefix it with an underscore: `_model`

warning: unused variable: `blocking`
   --> crates/casm-formal/src/tla.rs:225:5
    |
225 |     blocking: &[(String, String)],
    |     ^^^^^^^^ help: if this is intentional, prefix it with an underscore: `_blocking`

warning: unused variable: `asynchronous`
   --> crates/casm-formal/src/tla.rs:226:5
    |
226 |     asynchronous: &[(String, String)],
    |     ^^^^^^^^^^^^ help: if this is intentional, prefix it with an underscore: `_asynchronous`

warning: function `string_set` is never used
   --> crates/casm-formal/src/tla.rs:104:4
    |
104 | fn string_set(values: &[&str]) -> String {
    |    ^^^^^^^^^^
    |
    = note: `#[warn(dead_code)]` (part of `#[warn(unused)]`) on by default

warning: function `pair_set` is never used
   --> crates/casm-formal/src/tla.rs:113:4
    |
113 | fn pair_set(pairs: &[(String, String)]) -> String {
    |    ^^^^^^^^

warning: `casm-formal` (lib) generated 6 warnings (run `cargo fix --lib -p casm-formal` to apply 4 suggestions)
     Running `/home/srinivasan/.rustup/toolchains/nightly-x86_64-unknown-linux-gnu/bin/rustc --crate-name emit --edition=2024 crates/casm-formal/examples/emit.rs --error-format=json --json=diagnostic-rendered-ansi,artifacts,future-incompat --crate-type bin --emit=dep-info,link -C embed-bitcode=no -C debuginfo=2 --warn=rust_2018_idioms '--warn=clippy::pedantic' '--warn=clippy::unwrap_used' --forbid=unsafe_code --warn=unreachable_pub '--warn=clippy::too_many_lines' '--allow=clippy::struct_field_names' '--warn=clippy::panic' '--allow=clippy::must_use_candidate' '--allow=clippy::module_name_repetitions' '--allow=clippy::missing_errors_doc' --warn=missing_docs '--warn=clippy::indexing_slicing' '--warn=clippy::expect_used' '--warn=clippy::cognitive_complexity' --check-cfg 'cfg(docsrs,test)' --check-cfg 'cfg(feature, values())' -C metadata=dc239db49d5ebb7a -C extra-filename=-5beac0b530227bda --out-dir /tmp/cargo-mutants-casm-PaMmur.tmp/target/debug/examples -C incremental=/tmp/cargo-mutants-casm-PaMmur.tmp/target/debug/incremental -L dependency=/tmp/cargo-mutants-casm-PaMmur.tmp/target/debug/deps --extern casm_core=/tmp/cargo-mutants-casm-PaMmur.tmp/target/debug/deps/libcasm_core-0e2727cdb6cb7ba3.rlib --extern casm_formal=/tmp/cargo-mutants-casm-PaMmur.tmp/target/debug/deps/libcasm_formal-3d62c4049ed65674.rlib --extern casm_parser=/tmp/cargo-mutants-casm-PaMmur.tmp/target/debug/deps/libcasm_parser-46b061afdef23cde.rlib --verbose`
     Running `/home/srinivasan/.rustup/toolchains/nightly-x86_64-unknown-linux-gnu/bin/rustc --crate-name checked --edition=2024 crates/casm-formal/tests/checked.rs --error-format=json --json=diagnostic-rendered-ansi,artifacts,future-incompat --emit=dep-info,link -C embed-bitcode=no -C debuginfo=2 --warn=rust_2018_idioms '--warn=clippy::pedantic' '--warn=clippy::unwrap_used' --forbid=unsafe_code --warn=unreachable_pub '--warn=clippy::too_many_lines' '--allow=clippy::struct_field_names' '--warn=clippy::panic' '--allow=clippy::must_use_candidate' '--allow=clippy::module_name_repetitions' '--allow=clippy::missing_errors_doc' --warn=missing_docs '--warn=clippy::indexing_slicing' '--warn=clippy::expect_used' '--warn=clippy::cognitive_complexity' --test --check-cfg 'cfg(docsrs,test)' --check-cfg 'cfg(feature, values())' -C metadata=028a0ca3de7fc7b5 -C extra-filename=-33e472487a0284ee --out-dir /tmp/cargo-mutants-casm-PaMmur.tmp/target/debug/deps -C incremental=/tmp/cargo-mutants-casm-PaMmur.tmp/target/debug/incremental -L dependency=/tmp/cargo-mutants-casm-PaMmur.tmp/target/debug/deps --extern casm_core=/tmp/cargo-mutants-casm-PaMmur.tmp/target/debug/deps/libcasm_core-0e2727cdb6cb7ba3.rlib --extern casm_formal=/tmp/cargo-mutants-casm-PaMmur.tmp/target/debug/deps/libcasm_formal-3d62c4049ed65674.rlib --extern casm_parser=/tmp/cargo-mutants-casm-PaMmur.tmp/target/debug/deps/libcasm_parser-46b061afdef23cde.rlib --verbose`
warning: `casm-formal` (lib test) generated 4 warnings (4 duplicates)
    Finished `test` profile [unoptimized + debuginfo] target(s) in 2.10s
  Executable `/tmp/cargo-mutants-casm-PaMmur.tmp/target/debug/deps/casm_formal-cc425937610d0a3f`
  Executable `/tmp/cargo-mutants-casm-PaMmur.tmp/target/debug/deps/checked-33e472487a0284ee`

*** result: Success

*** /home/srinivasan/.rustup/toolchains/nightly-x86_64-unknown-linux-gnu/bin/cargo test --verbose --package=casm-formal@0.3.0
    Blocking waiting for file lock on package cache
    Blocking waiting for file lock on package cache
       Fresh serde_core v1.0.229
       Fresh unicode-ident v1.0.24
       Fresh proc-macro2 v1.0.107
       Fresh version_check v0.9.5
       Fresh quote v1.0.47
       Fresh syn v3.0.3
       Fresh typenum v1.20.1
       Fresh generic-array v0.14.7
       Fresh libc v0.2.189
       Fresh block-buffer v0.10.4
       Fresh crypto-common v0.1.7
       Fresh serde_derive v1.0.229
       Fresh cfg-if v1.0.4
       Fresh equivalent v1.0.2
       Fresh hashbrown v0.17.1
       Fresh indexmap v2.14.0
       Fresh getrandom v0.4.3
       Fresh serde v1.0.229
       Fresh digest v0.10.7
       Fresh thiserror-impl v2.0.19
       Fresh keccak v0.1.6
       Fresh sha3 v0.10.9
       Fresh thiserror v2.0.19
       Fresh uuid v1.24.0
       Fresh semver v1.0.28
       Fresh itoa v1.0.18
       Fresh winnow v1.0.4
       Fresh toml_parser v1.1.3+spec-1.1.0
       Fresh casm-core v0.3.0 (/tmp/cargo-mutants-casm-PaMmur.tmp/crates/casm-core)
       Fresh zmij v1.0.23
       Fresh toml_datetime v0.7.5+spec-1.1.0
       Fresh serde_spanned v1.1.1
       Fresh memchr v2.8.3
       Fresh winnow v0.7.15
       Fresh toml_writer v1.1.2+spec-1.1.0
       Fresh unsafe-libyaml v0.2.11
       Fresh ryu v1.0.23
       Fresh serde_yaml_ng v0.10.0
       Fresh toml v0.9.12+spec-1.1.0
       Fresh serde_json v1.0.151
       Fresh casm-parser v0.3.0 (/tmp/cargo-mutants-casm-PaMmur.tmp/crates/casm-parser)
warning: unused variable: `out`
   --> crates/casm-formal/src/tla.rs:223:5
    |
223 |     out: &mut String,
    |     ^^^ help: if this is intentional, prefix it with an underscore: `_out`
    |
    = note: `#[warn(unused_variables)]` (part of `#[warn(unused)]`) on by default

warning: unused variable: `model`
   --> crates/casm-formal/src/tla.rs:224:5
    |
224 |     model: &FormalModel,
    |     ^^^^^ help: if this is intentional, prefix it with an underscore: `_model`

warning: unused variable: `blocking`
   --> crates/casm-formal/src/tla.rs:225:5
    |
225 |     blocking: &[(String, String)],
    |     ^^^^^^^^ help: if this is intentional, prefix it with an underscore: `_blocking`

warning: unused variable: `asynchronous`
   --> crates/casm-formal/src/tla.rs:226:5
    |
226 |     asynchronous: &[(String, String)],
    |     ^^^^^^^^^^^^ help: if this is intentional, prefix it with an underscore: `_asynchronous`

warning: function `string_set` is never used
   --> crates/casm-formal/src/tla.rs:104:4
    |
104 | fn string_set(values: &[&str]) -> String {
    |    ^^^^^^^^^^
    |
    = note: `#[warn(dead_code)]` (part of `#[warn(unused)]`) on by default

warning: function `pair_set` is never used
   --> crates/casm-formal/src/tla.rs:113:4
    |
113 | fn pair_set(pairs: &[(String, String)]) -> String {
    |    ^^^^^^^^

warning: `casm-formal` (lib) generated 6 warnings (run `cargo fix --lib -p casm-formal` to apply 4 suggestions)
       Fresh casm-formal v0.3.0 (/tmp/cargo-mutants-casm-PaMmur.tmp/crates/casm-formal)
warning: `casm-formal` (lib test) generated 4 warnings (4 duplicates)
    Finished `test` profile [unoptimized + debuginfo] target(s) in 0.22s
     Running `/tmp/cargo-mutants-casm-PaMmur.tmp/target/debug/deps/casm_formal-cc425937610d0a3f`

running 47 tests
test alloy::tests::an_empty_architecture_produces_a_parseable_model ... ok
test alloy::tests::empty_groups_are_rendered_as_none_not_as_nothing ... ok
test alloy::tests::colliding_names_are_disambiguated_deterministically ... ok
test alloy::tests::a_node_with_no_edges_is_pinned_to_none ... ok
test alloy::tests::asynchronous_edges_land_in_notifies_not_blocks ... ok
test alloy::tests::braces_are_balanced ... ok
test alloy::tests::identifiers_are_prefixed_and_sanitised ... ok
test alloy::tests::every_node_gets_exactly_one_identifier ... ok
test alloy::tests::module_names_become_legal_identifiers ... ok
test alloy::tests::every_assertion_has_a_matching_check ... ok
test alloy::tests::the_external_and_stateful_groups_are_populated ... ok
test alloy::tests::the_prefix_makes_a_keyword_collision_impossible ... ok
test alloy::tests::the_isolated_nodes_assertion_is_omitted_for_a_single_node ... ok
test model::tests::a_cycle_is_detected_without_the_walk_hanging ... ok
test alloy::tests::generation_is_deterministic ... ok
test model::tests::an_empty_architecture_produces_an_empty_model ... ok
test alloy::tests::every_node_declares_both_relations ... ok
test alloy::tests::only_the_node_types_in_use_are_declared ... ok
test alloy::tests::the_check_scope_covers_every_node ... ok
test alloy::tests::the_filename_matches_the_module ... ok
test alloy::tests::the_identifier_mapping_is_emitted_only_where_it_differs ... ok
test model::tests::external_nodes_are_identified ... ok
test model::tests::an_acyclic_architecture_has_no_cycle ... ok
test model::tests::a_diamond_does_not_duplicate_closure_entries ... ok
test model::tests::the_blast_radius_counts_transitive_dependents ... ok
test model::tests::independent_nodes_are_those_nothing_blocks_on ... ok
test model::tests::latency_budgets_are_carried_but_only_for_documentation ... ok
test model::tests::the_closure_does_not_cross_an_asynchronous_edge ... ok
test tla::tests::a_single_node_architecture_bounds_failures_sensibly ... ok
test model::tests::the_closure_reaches_through_the_chain ... ok
test model::tests::blocking_and_asynchronous_edges_are_separated ... ok
test tla::tests::an_empty_architecture_still_produces_a_wellformed_module ... FAILED
test tla::tests::module_names_become_legal_identifiers ... ok
test tla::tests::latency_budgets_appear_only_as_comments ... FAILED
test model::tests::the_fingerprint_ties_a_spec_to_its_source ... ok
test model::tests::the_model_is_sorted_and_therefore_stable_under_reordering ... ok
test tla::tests::pair_sets_separate_every_element_but_the_last ... ok
test tla::tests::set_literals_use_tla_syntax ... ok
test tla::tests::asynchronous_edges_are_still_recorded_for_the_reader ... FAILED
test tla::tests::node_names_are_strings_so_hyphens_survive ... FAILED
test tla::tests::asynchronous_edges_are_absent_from_the_closure ... FAILED
test tla::tests::the_blast_radius_bound_is_seeded_so_it_holds ... ok
test tla::tests::the_config_declares_every_constant_the_module_takes ... ok
test tla::tests::generation_is_deterministic ... ok
test tla::tests::the_module_is_terminated ... ok
test tla::tests::the_filenames_agree_with_the_module_name ... ok
test tla::tests::the_config_names_only_operators_the_module_defines ... ok

failures:

---- tla::tests::an_empty_architecture_still_produces_a_wellformed_module stdout ----

thread 'tla::tests::an_empty_architecture_still_produces_a_wellformed_module' (585603) panicked at crates/casm-formal/src/tla.rs:625:9:
assertion failed: output.specification.contains("Nodes == {}")
note: run with `RUST_BACKTRACE=1` environment variable to display a backtrace

---- tla::tests::latency_budgets_appear_only_as_comments stdout ----

thread 'tla::tests::latency_budgets_appear_only_as_comments' (585607) panicked at crates/casm-formal/src/tla.rs:549:9:
assertion failed: output.specification.contains("(*   gateway -> orders (sync, 100ms) *)")

---- tla::tests::asynchronous_edges_are_still_recorded_for_the_reader stdout ----

thread 'tla::tests::asynchronous_edges_are_still_recorded_for_the_reader' (585605) panicked at crates/casm-formal/src/tla.rs:539:9:
assertion failed: output.specification.contains("AsyncEdges == {\n        <<\"orders\", \"events\">>")

---- tla::tests::node_names_are_strings_so_hyphens_survive stdout ----

thread 'tla::tests::node_names_are_strings_so_hyphens_survive' (585609) panicked at crates/casm-formal/src/tla.rs:514:9:
---- MODULE Checkout ----
(***************************************************************
 * Generated by CASIMIR from 'checkout' v1.0.0.
 * Source fingerprint: 55cf1800ec67ac9b
 *
 * This module models FAILURE PROPAGATION. A node is unavailable
 * if it has failed, or if anything it blocks on is unavailable.
 * Asynchronous and event-driven edges deliberately do NOT
 * propagate failure -- putting a queue between two services is
 * what makes them independent, and this model says so.
 *
 * Latency budgets are recorded in comments but are NOT modelled.
 * These properties prove WHETHER a node degrades, not how fast.
 *
 * Regenerate with:  casm formal --format tla
 * Check with:       tlc Checkout.tla
 ***************************************************************)
EXTENDS FiniteSets, Naturals

CONSTANTS MaxBlastRadius, MaxConcurrentFailures

VARIABLE failed

TypeOK == failed \subseteq Nodes

Init == failed = {}

Fail(n) == /\ n \in Nodes
           /\ n \notin failed
           /\ failed' = failed \cup {n}

Recover(n) == /\ n \in failed
              /\ failed' = failed \ {n}

Next == \E n \in Nodes : Fail(n) \/ Recover(n)

(* Weak fairness on recovery: a node that stays down while repair
   remains possible must eventually come back. Without this,
   'every failure is repaired' is trivially violable. *)
Fairness == \A n \in Nodes : WF_failed(Recover(n))

Spec == Init /\ [][Next]_failed /\ Fairness

-------------------------------------------------------------

(* A node is unavailable if it has failed, or if anything it
   blocks on has -- transitively. *)
Unavailable ==
    failed \cup
    { n \in Nodes : \E f \in failed : <<n, f>> \in BlockingClosure }

(* Everything that would be taken down by n failing. *)
Dependents(n) == { m \in Nodes : <<m, n>> \in BlockingClosure }

(* Nodes nothing blocks on. Failing one cannot affect anything else. *)
Independent == { n \in Nodes : Dependents(n) = {} }

(* --- Invariants ------------------------------------------- *)

(* No node depends on itself, however indirectly. Restates the
   'no-dependency-cycles' rule so a checker confirms it. *)
NoBlockingCycles == \A n \in Nodes : <<n, n>> \notin BlockingClosure

(* No single failure takes down more than the agreed number of
   nodes. Seeded from the architecture as it stands; lower it to
   turn this into a real constraint on future changes. *)
BlastRadiusWithinLimit ==
    \A n \in Nodes : Cardinality(Dependents(n)) <= MaxBlastRadius

(* A node behind an asynchronous boundary cannot take anything
   else down. This is the property a queue is FOR. *)
AsyncIsolation ==
    \A n \in Independent : (failed = {n}) => (Unavailable = {n})

(* --- Temporal properties ----------------------------------- *)

(* Every failure is eventually repaired. Holds under Fairness;
   if it ever fails, the model has a genuine liveness bug. *)
EveryFailureIsRepaired ==
    \A n \in Nodes : [](n \in failed => <>(n \notin failed))

(* --- State space bound ------------------------------------- *)

(* Without this the state space is 2^|Nodes|. Simultaneous
   failures beyond a couple are rarely the interesting case;
   raise MaxConcurrentFailures in the .cfg to explore further. *)
FailureBound == Cardinality(failed) <= MaxConcurrentFailures

=============================================================


---- tla::tests::asynchronous_edges_are_absent_from_the_closure stdout ----

thread 'tla::tests::asynchronous_edges_are_absent_from_the_closure' (585604) panicked at crates/casm-formal/src/tla.rs:531:14:
the closure is emitted


failures:
    tla::tests::an_empty_architecture_still_produces_a_wellformed_module
    tla::tests::asynchronous_edges_are_absent_from_the_closure
    tla::tests::asynchronous_edges_are_still_recorded_for_the_reader
    tla::tests::latency_budgets_appear_only_as_comments
    tla::tests::node_names_are_strings_so_hyphens_survive

test result: FAILED. 42 passed; 5 failed; 0 ignored; 0 measured; 0 filtered out; finished in 0.06s

error: test failed, to rerun pass `-p casm-formal --lib`

*** result: Failure(101)
