
*** crates/casm-cli/src/commands.rs:102:27: delete ! in init

*** mutation diff:
--- crates/casm-cli/src/commands.rs
+++ delete ! in init
@@ -94,17 +94,17 @@
     }
 }
 
 /// The result of running a subcommand.
 pub(crate) type CommandResult = Result<ExitCode, CommandError>;
 
 /// Scaffolds a new architecture file.
 pub(crate) fn init(name: &str, output: &Path, force: bool) -> CommandResult {
-    if output.exists() && !force {
+    if output.exists() &&  /* ~ changed by cargo-mutants ~ */force {
         return Err(CommandError(format!(
             "'{}' already exists; pass --force to overwrite it",
             output.display()
         )));
     }
 
     let contents = TEMPLATE.replace("{{NAME}}", name);
     std::fs::write(output, &contents)


*** /home/srinivasan/.rustup/toolchains/nightly-x86_64-unknown-linux-gnu/bin/cargo test --no-run --verbose --package=casm-cli@0.3.0
       Fresh unicode-ident v1.0.24
       Fresh proc-macro2 v1.0.107
       Fresh quote v1.0.47
       Fresh cfg-if v1.0.4
       Fresh syn v3.0.3
       Fresh libc v0.2.189
       Fresh memchr v2.8.3
       Fresh regex-syntax v0.8.11
       Fresh regex-automata v0.4.16
       Fresh bstr v1.13.0
       Fresh thiserror-impl v2.0.19
       Fresh thiserror v2.0.19
       Fresh getrandom v0.4.3
       Fresh version_check v0.9.5
       Fresh tinyvec_macros v0.1.1
       Fresh tinyvec v1.12.0
       Fresh gix-trace v0.1.21
       Fresh fastrand v2.5.0
       Fresh typenum v1.20.1
       Fresh generic-array v0.14.7
       Fresh unicode-normalization v0.1.25
       Fresh gix-validate v0.11.3
       Fresh scopeguard v1.2.0
       Fresh smallvec v1.15.2
       Fresh parking_lot_core v0.9.12
       Fresh lock_api v0.4.14
       Fresh gix-path v0.12.3
       Fresh gix-utils v0.3.5
       Fresh crossbeam-utils v0.8.22
       Fresh crypto-common v0.1.7
       Fresh block-buffer v0.10.4
       Fresh same-file v1.0.6
       Fresh equivalent v1.0.2
       Fresh allocator-api2 v0.2.21
       Fresh foldhash v0.2.0
       Fresh once_cell v1.21.4
       Fresh walkdir v2.5.0
       Fresh digest v0.10.7
       Fresh parking_lot v0.12.5
       Fresh prodash v31.0.0
       Fresh crc32fast v1.5.0
       Fresh crossbeam-channel v0.5.16
       Fresh bitflags v2.13.1
       Fresh gix-features v0.49.0
       Fresh hashbrown v0.17.1
       Fresh gix-error v0.2.5
       Fresh itoa v1.0.18
       Fresh byteorder v1.5.0
       Fresh hash32 v0.3.1
       Fresh stable_deref_trait v1.2.1
       Fresh heapless v0.8.0
       Fresh faster-hex v0.10.0
       Fresh cpufeatures v0.2.17
       Fresh sha1 v0.10.7
       Fresh sha1-checked v0.10.0
       Fresh serde_core v1.0.229
       Fresh gix-hash v0.26.0
       Fresh jiff-core v0.1.0
       Fresh jiff v0.2.35
       Fresh linux-raw-sys v0.12.1
       Fresh rustix v1.1.4
       Fresh gix-date v0.15.6
       Fresh gix-actor v0.41.2
       Fresh gix-hashtable v0.16.0
       Fresh gix-object v0.63.0
       Fresh memmap2 v0.9.11
       Fresh tempfile v3.27.0
       Fresh gix-fs v0.22.0
       Fresh serde_derive v1.0.229
       Fresh hashbrown v0.14.5
       Fresh dashmap v6.2.1
       Fresh serde v1.0.229
       Fresh gix-chunk v0.7.3
       Fresh nonempty v0.12.0
       Fresh gix-tempfile v24.0.0
       Fresh gix-quote v0.7.2
       Fresh gix-lock v24.0.0
       Fresh gix-glob v0.27.0
       Fresh gix-commitgraph v0.38.0
       Fresh indexmap v2.14.0
       Fresh unicode-bom v2.0.3
       Fresh gix-revwalk v0.34.0
       Fresh keccak v0.1.6
       Fresh sha3 v0.10.9
       Fresh zmij v1.0.23
       Fresh semver v1.0.28
       Fresh uuid v1.24.0
       Fresh casm-core v0.3.0 (/tmp/cargo-mutants-casm-W5ytYW.tmp/crates/casm-core)
       Fresh serde_json v1.0.151
       Fresh gix-attributes v0.34.0
       Fresh gix-sec v0.14.2
       Fresh shell-words v1.1.1
       Fresh gix-command v0.9.1
       Fresh gix-ref v0.66.0
       Fresh gix-packetline v0.22.0
       Fresh syn v2.0.119
       Fresh percent-encoding v2.3.2
       Fresh gix-url v0.37.0
       Fresh zerocopy-derive v0.8.55
       Fresh gix-traverse v0.60.0
       Fresh gix-bitmap v0.3.3
       Fresh gix-config-value v0.19.0
       Fresh hashbrown v0.16.1
       Fresh filetime v0.2.29
       Fresh arrayvec v0.7.8
       Fresh utf8parse v0.2.2
       Fresh fnv v1.0.7
       Fresh zlib-rs v0.6.6
       Fresh gix-zlib v0.1.0
       Fresh gix-index v0.54.0
       Fresh anstyle-parse v1.0.0
       Fresh uluru v3.1.0
       Fresh clru v0.6.3
       Fresh zerocopy v0.8.55
       Fresh rustversion v1.0.23
       Fresh gix-revision v0.48.0
       Fresh gix-ignore v0.22.0
       Fresh encoding_rs v0.8.35
       Fresh is_terminal_polyfill v1.70.2
       Fresh colorchoice v1.0.5
       Fresh winnow v1.0.4
       Fresh anstyle v1.0.14
       Fresh autocfg v1.5.1
       Fresh anstyle-query v1.1.5
       Fresh bisync_macros v0.2.3
       Fresh bisync v0.3.0
       Fresh anstream v1.0.0
       Fresh toml_parser v1.1.3+spec-1.1.0
       Fresh gix-filter v0.33.0
       Fresh gix-worktree v0.55.0
       Fresh gix-refspec v0.44.0
       Fresh arc-swap v1.9.2
       Fresh half v2.7.1
       Fresh gix-pack v0.73.0
       Fresh gix-config v0.59.0
       Fresh gix-pathspec v0.19.0
       Fresh gix-transport v0.58.0
       Fresh gix-shallow v0.13.0
       Fresh terminal_size v0.4.4
       Fresh serde_spanned v1.1.1
       Fresh toml_datetime v0.7.5+spec-1.1.0
       Fresh gix-imara-diff v0.2.4
       Fresh heck v0.5.0
       Fresh ciborium-io v0.2.2
       Fresh strsim v0.11.1
       Fresh toml_writer v1.1.2+spec-1.1.0
       Fresh winnow v0.7.15
       Fresh either v1.17.0
       Fresh ryu v1.0.23
       Fresh foldhash v0.1.5
       Fresh unsafe-libyaml v0.2.11
       Fresh clap_lex v1.1.0
       Fresh clap_builder v4.6.5
       Fresh serde_yaml_ng v0.10.0
       Fresh hashbrown v0.15.5
       Fresh itertools v0.13.0
       Fresh toml v0.9.12+spec-1.1.0
       Fresh ciborium-ll v0.2.2
       Fresh clap_derive v4.6.4
       Fresh gix-diff v0.66.0
       Fresh gix-protocol v0.64.0
       Fresh gix-submodule v0.33.0
       Fresh gix-odb v0.83.0
       Fresh gix-discover v0.54.0
       Fresh fixedbitset v0.5.7
       Fresh cast v0.3.0
       Fresh criterion-plot v0.6.0
       Fresh petgraph v0.8.3
       Fresh gix v0.86.0
       Fresh num-traits v0.2.19
       Fresh clap v4.6.5
       Fresh ciborium v0.2.2
       Fresh casm-parser v0.3.0 (/tmp/cargo-mutants-casm-W5ytYW.tmp/crates/casm-parser)
       Fresh tinytemplate v1.2.1
       Fresh regex v1.13.1
       Fresh oorandom v11.1.5
       Fresh anes v0.1.6
       Fresh criterion v0.7.0
       Fresh casm-git v0.3.0 (/tmp/cargo-mutants-casm-W5ytYW.tmp/crates/casm-git)
       Fresh casm-validator v0.3.0 (/tmp/cargo-mutants-casm-W5ytYW.tmp/crates/casm-validator)
       Fresh casm-telemetry v0.3.0 (/tmp/cargo-mutants-casm-W5ytYW.tmp/crates/casm-telemetry)
       Fresh casm-diff v0.3.0 (/tmp/cargo-mutants-casm-W5ytYW.tmp/crates/casm-diff)
       Fresh casm-renderer v0.3.0 (/tmp/cargo-mutants-casm-W5ytYW.tmp/crates/casm-renderer)
       Fresh casm-formal v0.3.0 (/tmp/cargo-mutants-casm-W5ytYW.tmp/crates/casm-formal)
       Fresh casm-evidence v0.3.0 (/tmp/cargo-mutants-casm-W5ytYW.tmp/crates/casm-evidence)
       Dirty casm-cli v0.3.0 (/tmp/cargo-mutants-casm-W5ytYW.tmp/crates/casm-cli): the file `crates/casm-cli/src/commands.rs` has changed (1785931245.057997006s, 12s after last build at 1785931233.763957617s)
   Compiling casm-cli v0.3.0 (/tmp/cargo-mutants-casm-W5ytYW.tmp/crates/casm-cli)
     Running `/home/srinivasan/.rustup/toolchains/nightly-x86_64-unknown-linux-gnu/bin/rustc --crate-name casm --edition=2024 crates/casm-cli/src/main.rs --error-format=json --json=diagnostic-rendered-ansi,artifacts,future-incompat --emit=dep-info,link -C embed-bitcode=no -C debuginfo=2 --warn=rust_2018_idioms '--warn=clippy::pedantic' '--warn=clippy::unwrap_used' --forbid=unsafe_code --warn=unreachable_pub '--warn=clippy::too_many_lines' '--allow=clippy::struct_field_names' '--warn=clippy::panic' '--allow=clippy::must_use_candidate' '--allow=clippy::module_name_repetitions' '--allow=clippy::missing_errors_doc' --warn=missing_docs '--warn=clippy::indexing_slicing' '--warn=clippy::expect_used' '--warn=clippy::cognitive_complexity' --test --check-cfg 'cfg(docsrs,test)' --check-cfg 'cfg(feature, values())' -C metadata=66d0ba88cf63e3f4 -C extra-filename=-6299204232b961c1 --out-dir /tmp/cargo-mutants-casm-W5ytYW.tmp/target/debug/deps -C incremental=/tmp/cargo-mutants-casm-W5ytYW.tmp/target/debug/incremental -L dependency=/tmp/cargo-mutants-casm-W5ytYW.tmp/target/debug/deps --extern casm_core=/tmp/cargo-mutants-casm-W5ytYW.tmp/target/debug/deps/libcasm_core-380d7e4cccb3f0da.rlib --extern casm_diff=/tmp/cargo-mutants-casm-W5ytYW.tmp/target/debug/deps/libcasm_diff-13f48a003853e06c.rlib --extern casm_evidence=/tmp/cargo-mutants-casm-W5ytYW.tmp/target/debug/deps/libcasm_evidence-97784ef1fc6afbaa.rlib --extern casm_formal=/tmp/cargo-mutants-casm-W5ytYW.tmp/target/debug/deps/libcasm_formal-1f0341ba66ec2a73.rlib --extern casm_git=/tmp/cargo-mutants-casm-W5ytYW.tmp/target/debug/deps/libcasm_git-eb6335557f558b96.rlib --extern casm_parser=/tmp/cargo-mutants-casm-W5ytYW.tmp/target/debug/deps/libcasm_parser-acbb7d95b5663e68.rlib --extern casm_renderer=/tmp/cargo-mutants-casm-W5ytYW.tmp/target/debug/deps/libcasm_renderer-80239ec94cfc97e3.rlib --extern casm_telemetry=/tmp/cargo-mutants-casm-W5ytYW.tmp/target/debug/deps/libcasm_telemetry-622d12e0c23cdb09.rlib --extern casm_validator=/tmp/cargo-mutants-casm-W5ytYW.tmp/target/debug/deps/libcasm_validator-bbc73dfd45eee22d.rlib --extern clap=/tmp/cargo-mutants-casm-W5ytYW.tmp/target/debug/deps/libclap-6563ccc96337acde.rlib --extern criterion=/tmp/cargo-mutants-casm-W5ytYW.tmp/target/debug/deps/libcriterion-a7edab15b2b2c363.rlib --extern serde_json=/tmp/cargo-mutants-casm-W5ytYW.tmp/target/debug/deps/libserde_json-8ada6c1221654e94.rlib --verbose`
    Finished `test` profile [unoptimized + debuginfo] target(s) in 5.93s
  Executable `/tmp/cargo-mutants-casm-W5ytYW.tmp/target/debug/deps/casm-6299204232b961c1`

*** result: Success

*** /home/srinivasan/.rustup/toolchains/nightly-x86_64-unknown-linux-gnu/bin/cargo test --verbose --package=casm-cli@0.3.0
       Fresh unicode-ident v1.0.24
       Fresh proc-macro2 v1.0.107
       Fresh quote v1.0.47
       Fresh cfg-if v1.0.4
       Fresh syn v3.0.3
       Fresh libc v0.2.189
       Fresh memchr v2.8.3
       Fresh regex-syntax v0.8.11
       Fresh regex-automata v0.4.16
       Fresh bstr v1.13.0
       Fresh thiserror-impl v2.0.19
       Fresh thiserror v2.0.19
       Fresh getrandom v0.4.3
       Fresh version_check v0.9.5
       Fresh tinyvec_macros v0.1.1
       Fresh tinyvec v1.12.0
       Fresh typenum v1.20.1
       Fresh gix-trace v0.1.21
       Fresh fastrand v2.5.0
       Fresh generic-array v0.14.7
       Fresh unicode-normalization v0.1.25
       Fresh gix-validate v0.11.3
       Fresh scopeguard v1.2.0
       Fresh smallvec v1.15.2
       Fresh parking_lot_core v0.9.12
       Fresh lock_api v0.4.14
       Fresh gix-path v0.12.3
       Fresh gix-utils v0.3.5
       Fresh crossbeam-utils v0.8.22
       Fresh block-buffer v0.10.4
       Fresh crypto-common v0.1.7
       Fresh foldhash v0.2.0
       Fresh equivalent v1.0.2
       Fresh allocator-api2 v0.2.21
       Fresh once_cell v1.21.4
       Fresh same-file v1.0.6
       Fresh walkdir v2.5.0
       Fresh digest v0.10.7
       Fresh parking_lot v0.12.5
       Fresh prodash v31.0.0
       Fresh crc32fast v1.5.0
       Fresh crossbeam-channel v0.5.16
       Fresh bitflags v2.13.1
       Fresh gix-features v0.49.0
       Fresh hashbrown v0.17.1
       Fresh gix-error v0.2.5
       Fresh itoa v1.0.18
       Fresh byteorder v1.5.0
       Fresh hash32 v0.3.1
       Fresh stable_deref_trait v1.2.1
       Fresh heapless v0.8.0
       Fresh faster-hex v0.10.0
       Fresh cpufeatures v0.2.17
       Fresh sha1 v0.10.7
       Fresh serde_core v1.0.229
       Fresh sha1-checked v0.10.0
       Fresh gix-hash v0.26.0
       Fresh jiff-core v0.1.0
       Fresh jiff v0.2.35
       Fresh linux-raw-sys v0.12.1
       Fresh rustix v1.1.4
       Fresh gix-date v0.15.6
       Fresh gix-actor v0.41.2
       Fresh gix-hashtable v0.16.0
       Fresh gix-object v0.63.0
       Fresh memmap2 v0.9.11
       Fresh tempfile v3.27.0
       Fresh gix-fs v0.22.0
       Fresh serde_derive v1.0.229
       Fresh hashbrown v0.14.5
       Fresh dashmap v6.2.1
       Fresh serde v1.0.229
       Fresh gix-chunk v0.7.3
       Fresh nonempty v0.12.0
       Fresh gix-tempfile v24.0.0
       Fresh gix-quote v0.7.2
       Fresh gix-lock v24.0.0
       Fresh gix-glob v0.27.0
       Fresh gix-commitgraph v0.38.0
       Fresh indexmap v2.14.0
       Fresh unicode-bom v2.0.3
       Fresh gix-revwalk v0.34.0
       Fresh keccak v0.1.6
       Fresh sha3 v0.10.9
       Fresh zmij v1.0.23
       Fresh semver v1.0.28
       Fresh uuid v1.24.0
       Fresh casm-core v0.3.0 (/tmp/cargo-mutants-casm-W5ytYW.tmp/crates/casm-core)
       Fresh serde_json v1.0.151
       Fresh gix-attributes v0.34.0
       Fresh gix-sec v0.14.2
       Fresh shell-words v1.1.1
       Fresh gix-command v0.9.1
       Fresh gix-ref v0.66.0
       Fresh gix-packetline v0.22.0
       Fresh syn v2.0.119
       Fresh percent-encoding v2.3.2
       Fresh gix-url v0.37.0
       Fresh zerocopy-derive v0.8.55
       Fresh gix-traverse v0.60.0
       Fresh gix-bitmap v0.3.3
       Fresh gix-config-value v0.19.0
       Fresh hashbrown v0.16.1
       Fresh filetime v0.2.29
       Fresh utf8parse v0.2.2
       Fresh zlib-rs v0.6.6
       Fresh fnv v1.0.7
       Fresh arrayvec v0.7.8
       Fresh uluru v3.1.0
       Fresh gix-index v0.54.0
       Fresh gix-zlib v0.1.0
       Fresh anstyle-parse v1.0.0
       Fresh clru v0.6.3
       Fresh zerocopy v0.8.55
       Fresh rustversion v1.0.23
       Fresh gix-revision v0.48.0
       Fresh gix-ignore v0.22.0
       Fresh encoding_rs v0.8.35
       Fresh anstyle-query v1.1.5
       Fresh autocfg v1.5.1
       Fresh anstyle v1.0.14
       Fresh winnow v1.0.4
       Fresh is_terminal_polyfill v1.70.2
       Fresh bisync_macros v0.2.3
       Fresh colorchoice v1.0.5
       Fresh anstream v1.0.0
       Fresh bisync v0.3.0
       Fresh toml_parser v1.1.3+spec-1.1.0
       Fresh gix-filter v0.33.0
       Fresh gix-worktree v0.55.0
       Fresh gix-refspec v0.44.0
       Fresh arc-swap v1.9.2
       Fresh half v2.7.1
       Fresh gix-pack v0.73.0
       Fresh gix-config v0.59.0
       Fresh gix-pathspec v0.19.0
       Fresh gix-transport v0.58.0
       Fresh gix-shallow v0.13.0
       Fresh terminal_size v0.4.4
       Fresh serde_spanned v1.1.1
       Fresh toml_datetime v0.7.5+spec-1.1.0
       Fresh gix-imara-diff v0.2.4
       Fresh strsim v0.11.1
       Fresh clap_lex v1.1.0
       Fresh toml_writer v1.1.2+spec-1.1.0
       Fresh heck v0.5.0
       Fresh foldhash v0.1.5
       Fresh ciborium-io v0.2.2
       Fresh ryu v1.0.23
       Fresh winnow v0.7.15
       Fresh unsafe-libyaml v0.2.11
       Fresh either v1.17.0
       Fresh itertools v0.13.0
       Fresh serde_yaml_ng v0.10.0
       Fresh toml v0.9.12+spec-1.1.0
       Fresh ciborium-ll v0.2.2
       Fresh hashbrown v0.15.5
       Fresh clap_derive v4.6.4
       Fresh clap_builder v4.6.5
       Fresh gix-diff v0.66.0
       Fresh gix-protocol v0.64.0
       Fresh gix-submodule v0.33.0
       Fresh gix-odb v0.83.0
       Fresh gix-discover v0.54.0
       Fresh cast v0.3.0
       Fresh fixedbitset v0.5.7
       Fresh petgraph v0.8.3
       Fresh criterion-plot v0.6.0
       Fresh gix v0.86.0
       Fresh num-traits v0.2.19
       Fresh clap v4.6.5
       Fresh ciborium v0.2.2
       Fresh casm-parser v0.3.0 (/tmp/cargo-mutants-casm-W5ytYW.tmp/crates/casm-parser)
       Fresh tinytemplate v1.2.1
       Fresh regex v1.13.1
       Fresh anes v0.1.6
       Fresh oorandom v11.1.5
       Fresh criterion v0.7.0
       Fresh casm-git v0.3.0 (/tmp/cargo-mutants-casm-W5ytYW.tmp/crates/casm-git)
       Fresh casm-validator v0.3.0 (/tmp/cargo-mutants-casm-W5ytYW.tmp/crates/casm-validator)
       Fresh casm-telemetry v0.3.0 (/tmp/cargo-mutants-casm-W5ytYW.tmp/crates/casm-telemetry)
       Fresh casm-diff v0.3.0 (/tmp/cargo-mutants-casm-W5ytYW.tmp/crates/casm-diff)
       Fresh casm-evidence v0.3.0 (/tmp/cargo-mutants-casm-W5ytYW.tmp/crates/casm-evidence)
       Fresh casm-renderer v0.3.0 (/tmp/cargo-mutants-casm-W5ytYW.tmp/crates/casm-renderer)
       Fresh casm-formal v0.3.0 (/tmp/cargo-mutants-casm-W5ytYW.tmp/crates/casm-formal)
       Fresh casm-cli v0.3.0 (/tmp/cargo-mutants-casm-W5ytYW.tmp/crates/casm-cli)
    Finished `test` profile [unoptimized + debuginfo] target(s) in 0.68s
     Running `/tmp/cargo-mutants-casm-W5ytYW.tmp/target/debug/deps/casm-6299204232b961c1`

running 75 tests
test cli::tests::an_unknown_subcommand_is_rejected ... ok
test cli::tests::diagram_formats_map_onto_renderer_ids ... ok
test cli::tests::an_unknown_output_format_is_rejected ... ok
test cli::tests::document_formats_map_onto_parser_formats ... ok
test cli::tests::every_subcommand_has_help_text ... ok
test cli::tests::init_defaults_to_a_named_scaffold_without_force ... ok
test cli::tests::validate_accepts_repeated_allow_flags ... ok
test cli::tests::every_diagram_format_resolves_to_a_real_backend ... ok
test cli::tests::check_defaults_to_the_current_directory ... ok
test cli::tests::validate_accepts_threshold_overrides ... ok
test cli::tests::diff_requires_both_operands ... ok
test commands::tests::a_file_that_does_not_parse_is_an_error_outcome_on_its_span ... ok
test cli::tests::validate_defaults_to_the_conventional_file_and_human_output ... ok
test commands::tests::a_missing_pattern_directory_is_an_error_rather_than_an_empty_library ... ok
test commands::tests::command_line_overrides_reach_the_validator_config ... ok
test commands::tests::an_unreadable_architecture_fails_rather_than_producing_an_empty_register ... ok
test commands::tests::check_returns_success_when_nothing_is_found ... ok
test cli::tests::the_command_definition_is_internally_consistent ... ok
test commands::tests::discovery_descends_into_subdirectories ... ok
test commands::tests::discovery_output_is_sorted_for_determinism ... ok
test commands::tests::discovery_reports_an_unreadable_directory ... ok
test commands::tests::discovery_finds_architecture_files_and_ignores_unrelated_yaml ... ok
test cli::tests::output_formats_parse_from_their_kebab_case_names ... ok
test commands::tests::discovery_skips_build_and_dot_directories ... ok
test commands::tests::check_reports_a_failure_for_an_unparseable_file ... ok
test commands::tests::an_architecture_outside_a_repository_still_produces_a_register ... ok
test commands::tests::evolve_checks_a_pattern_the_architecture_does_not_yet_claim ... ok
test commands::tests::evolve_reports_a_pattern_the_library_does_not_hold ... ok
test commands::tests::evolve_reports_conformance_for_a_claim_the_architecture_satisfies ... ok
test commands::tests::evolve_to_a_new_version_reuses_the_bindings_written_for_the_old_one ... ok
test commands::tests::fmt_target_path_follows_the_chosen_format ... ok
test commands::tests::evolve_fails_under_strict_when_a_requirement_is_unmet ... ok
test commands::tests::evolve_rejects_a_malformed_pattern_reference ... ok
test commands::tests::evolve_with_no_claims_and_no_target_succeeds_quietly ... ok
test commands::tests::generate_writes_a_diagram_to_disk ... ok
test commands::tests::no_history_skips_git_entirely ... ok
test commands::tests::omitted_overrides_leave_the_defaults_alone ... ok
test commands::tests::rules_listing_succeeds_in_both_formats ... ok
test commands::tests::strict_evidence_fails_when_a_claim_is_outstanding ... ok
test commands::tests::init_writes_a_file_and_refuses_to_clobber_it ... FAILED
test commands::tests::fmt_converts_between_formats_on_disk ... ok
test commands::tests::strict_mode_does_not_promote_a_clean_report ... ok
test commands::tests::strict_mode_promotes_warnings_to_a_failing_exit_code ... ok
test exit::tests::an_unexpected_report_code_is_treated_as_an_error ... ok
test cli::tests::every_subcommand_has_a_telemetry_name_matching_its_command_line_name ... ok
test commands::tests::validate_reports_a_missing_file_as_a_command_error ... ok
test exit::tests::report_codes_map_onto_exit_codes ... ok
test exit::tests::codes_match_the_documented_contract ... ok
test commands::tests::the_evidence_register_lists_claims_and_counts_what_is_outstanding ... ok
test commands::tests::strict_evidence_passes_when_nothing_is_flagged ... ok
test commands::tests::the_check_sweep_records_a_span_for_every_file ... ok
test commands::tests::the_scaffold_template_parses_and_validates ... ok
test exit::tests::tool_failure_is_distinguishable_from_validation_failure ... ok
test hook::tests::force_replaces_a_foreign_hook ... ok
test hook::tests::a_foreign_hook_is_never_clobbered_without_force ... ok
test hook::tests::the_script_carries_the_marker_that_identifies_it ... ok
test hook::tests::the_script_is_lenient_about_warnings_and_a_missing_binary ... ok
test hook::tests::a_fresh_repository_has_no_hook ... ok
test hook::tests::installing_creates_the_hook_and_reports_it ... ok
test hook::tests::the_installed_hook_is_executable ... ok
test commands::tests::validate_checks_conformance_when_patterns_are_supplied ... ok
test hook::tests::installing_twice_is_idempotent ... ok
test hook::tests::uninstalling_refuses_to_remove_a_foreign_hook ... ok
test hook::tests::the_script_matches_the_filenames_the_extension_recognises ... ok
test hook::tests::uninstalling_removes_only_our_own_hook ... ok
test hook::tests::uninstalling_when_absent_is_not_an_error ... ok
test tests::a_failing_command_is_an_error_outcome_but_findings_are_not ... ok
test tests::every_exit_code_survives_the_narrowing_conversion ... ok
test tests::clamping_is_total_for_out_of_range_input ... ok
test tests::event_severity_reports_findings_where_the_span_outcome_reports_health ... ok
test tests::every_run_records_one_event_correlated_with_its_span ... ok
test tests::every_run_is_instrumented_even_without_the_flag ... ok
test hook::tests::the_installed_script_is_accepted_by_the_shell ... ok
test tests::dispatch_routes_the_rules_command ... ok
test tests::the_telemetry_flag_is_accepted_before_or_after_the_subcommand ... ok

failures:

---- commands::tests::init_writes_a_file_and_refuses_to_clobber_it stdout ----
created '/tmp/casm-cli-init-019fd1cc-40b8-70e2-afce-535ee29dd4df/architecture.yaml' (3 nodes)
  next: casm validate /tmp/casm-cli-init-019fd1cc-40b8-70e2-afce-535ee29dd4df/architecture.yaml
created '/tmp/casm-cli-init-019fd1cc-40b8-70e2-afce-535ee29dd4df/architecture.yaml' (3 nodes)
  next: casm validate /tmp/casm-cli-init-019fd1cc-40b8-70e2-afce-535ee29dd4df/architecture.yaml

thread 'commands::tests::init_writes_a_file_and_refuses_to_clobber_it' (326532) panicked at crates/casm-cli/src/commands.rs:960:9:
init must not overwrite without --force
note: run with `RUST_BACKTRACE=1` environment variable to display a backtrace


failures:
    commands::tests::init_writes_a_file_and_refuses_to_clobber_it

test result: FAILED. 74 passed; 1 failed; 0 ignored; 0 measured; 0 filtered out; finished in 0.07s

error: test failed, to rerun pass `-p casm-cli --bin casm`

*** result: Failure(101)
