
*** crates/casm-wasm/src/lib.rs:173:5: replace drift -> String with "xyzzy".into()

*** mutation diff:
--- crates/casm-wasm/src/lib.rs
+++ replace drift -> String with "xyzzy".into()
@@ -165,17 +165,17 @@
 }
 
 /// Compares an architecture against an inventory of real infrastructure.
 ///
 /// `inventory_kind` is `native` or `terraform`.
 #[wasm_bindgen]
 #[must_use]
 pub fn drift(source: &str, inventory: &str, inventory_kind: &str) -> String {
-    api::drift(source, inventory, inventory_kind)
+    "xyzzy".into() /* ~ changed by cargo-mutants ~ */
 }
 
 /// Returns the built-in validation rules and their descriptions.
 #[wasm_bindgen]
 #[must_use]
 pub fn rules() -> String {
     api::rules()
 }


*** /home/srinivasan/.rustup/toolchains/nightly-x86_64-unknown-linux-gnu/bin/cargo test --no-run --verbose --package=casm-wasm@0.3.0
       Fresh unicode-ident v1.0.24
       Fresh version_check v0.9.5
       Fresh typenum v1.20.1
       Fresh cfg-if v1.0.4
       Fresh equivalent v1.0.2
       Fresh hashbrown v0.17.1
       Fresh proc-macro2 v1.0.107
       Fresh serde_core v1.0.229
       Fresh libc v0.2.189
       Fresh keccak v0.1.6
       Fresh quote v1.0.47
       Fresh generic-array v0.14.7
       Fresh indexmap v2.14.0
       Fresh getrandom v0.4.3
       Fresh semver v1.0.28
       Fresh itoa v1.0.18
       Fresh syn v3.0.3
       Fresh crypto-common v0.1.7
       Fresh block-buffer v0.10.4
       Fresh uuid v1.24.0
       Fresh zmij v1.0.23
       Fresh memchr v2.8.3
       Fresh wasm-bindgen-shared v0.2.126
       Fresh serde_derive v1.0.229
       Fresh digest v0.10.7
       Fresh thiserror-impl v2.0.19
       Fresh rustversion v1.0.23
       Fresh syn v2.0.119
       Fresh bumpalo v3.20.3
       Fresh foldhash v0.1.5
       Fresh winnow v1.0.4
       Fresh serde v1.0.229
       Fresh sha3 v0.10.9
       Fresh thiserror v2.0.19
       Fresh serde_json v1.0.151
       Fresh wasm-bindgen-macro-support v0.2.126
       Fresh hashbrown v0.15.5
       Fresh toml_parser v1.1.3+spec-1.1.0
       Fresh toml_datetime v0.7.5+spec-1.1.0
       Fresh casm-core v0.3.0 (/tmp/cargo-mutants-casm-PaMmur.tmp/crates/casm-core)
       Fresh serde_spanned v1.1.1
       Fresh winnow v0.7.15
       Fresh fixedbitset v0.5.7
       Fresh unsafe-libyaml v0.2.11
       Fresh toml_writer v1.1.2+spec-1.1.0
       Fresh ryu v1.0.23
       Fresh wasm-bindgen-macro v0.2.126
       Fresh serde_yaml_ng v0.10.0
       Fresh petgraph v0.8.3
       Fresh toml v0.9.12+spec-1.1.0
       Fresh once_cell v1.21.4
       Fresh casm-renderer v0.3.0 (/tmp/cargo-mutants-casm-PaMmur.tmp/crates/casm-renderer)
       Fresh casm-diff v0.3.0 (/tmp/cargo-mutants-casm-PaMmur.tmp/crates/casm-diff)
       Fresh casm-parser v0.3.0 (/tmp/cargo-mutants-casm-PaMmur.tmp/crates/casm-parser)
       Fresh casm-validator v0.3.0 (/tmp/cargo-mutants-casm-PaMmur.tmp/crates/casm-validator)
       Fresh wasm-bindgen v0.2.126
       Fresh casm-lsp v0.3.0 (/tmp/cargo-mutants-casm-PaMmur.tmp/crates/casm-lsp)
       Fresh console_error_panic_hook v0.1.7
       Dirty casm-wasm v0.3.0 (/tmp/cargo-mutants-casm-PaMmur.tmp/crates/casm-wasm): the file `crates/casm-wasm/src/lib.rs` has changed (1785933407.899680904s, 9s after last build at 1785933398.391578888s)
   Compiling casm-wasm v0.3.0 (/tmp/cargo-mutants-casm-PaMmur.tmp/crates/casm-wasm)
     Running `/home/srinivasan/.rustup/toolchains/nightly-x86_64-unknown-linux-gnu/bin/rustc --crate-name casm_wasm --edition=2024 crates/casm-wasm/src/lib.rs --error-format=json --json=diagnostic-rendered-ansi,artifacts,future-incompat --crate-type cdylib --crate-type rlib --emit=dep-info,link -C embed-bitcode=no -C debuginfo=2 --warn=rust_2018_idioms '--warn=clippy::pedantic' '--warn=clippy::unwrap_used' --forbid=unsafe_code --warn=unreachable_pub '--warn=clippy::too_many_lines' '--allow=clippy::struct_field_names' '--warn=clippy::panic' '--allow=clippy::must_use_candidate' '--allow=clippy::module_name_repetitions' '--allow=clippy::missing_errors_doc' --warn=missing_docs '--warn=clippy::indexing_slicing' '--warn=clippy::expect_used' '--warn=clippy::cognitive_complexity' --check-cfg 'cfg(docsrs,test)' --check-cfg 'cfg(feature, values())' -C metadata=f02c942c99b81ee1 --out-dir /tmp/cargo-mutants-casm-PaMmur.tmp/target/debug/deps -C incremental=/tmp/cargo-mutants-casm-PaMmur.tmp/target/debug/incremental -L dependency=/tmp/cargo-mutants-casm-PaMmur.tmp/target/debug/deps --extern casm_core=/tmp/cargo-mutants-casm-PaMmur.tmp/target/debug/deps/libcasm_core-38ab8f9cc5cbd294.rlib --extern casm_diff=/tmp/cargo-mutants-casm-PaMmur.tmp/target/debug/deps/libcasm_diff-56c79fc9dd0a1770.rlib --extern casm_lsp=/tmp/cargo-mutants-casm-PaMmur.tmp/target/debug/deps/libcasm_lsp-f7ce6eddbc2a330b.rlib --extern casm_parser=/tmp/cargo-mutants-casm-PaMmur.tmp/target/debug/deps/libcasm_parser-fd164bd7983e49b3.rlib --extern casm_renderer=/tmp/cargo-mutants-casm-PaMmur.tmp/target/debug/deps/libcasm_renderer-1fcb935038db35cd.rlib --extern casm_validator=/tmp/cargo-mutants-casm-PaMmur.tmp/target/debug/deps/libcasm_validator-63cf8602d2e097be.rlib --extern console_error_panic_hook=/tmp/cargo-mutants-casm-PaMmur.tmp/target/debug/deps/libconsole_error_panic_hook-2dec12b9e293d1bc.rlib --extern serde=/tmp/cargo-mutants-casm-PaMmur.tmp/target/debug/deps/libserde-6e908f11f9b7bd1f.rlib --extern serde_json=/tmp/cargo-mutants-casm-PaMmur.tmp/target/debug/deps/libserde_json-8ada6c1221654e94.rlib --extern wasm_bindgen=/tmp/cargo-mutants-casm-PaMmur.tmp/target/debug/deps/libwasm_bindgen-aa14faa7e38fb98e.rlib --verbose`
     Running `/home/srinivasan/.rustup/toolchains/nightly-x86_64-unknown-linux-gnu/bin/rustc --crate-name casm_wasm --edition=2024 crates/casm-wasm/src/lib.rs --error-format=json --json=diagnostic-rendered-ansi,artifacts,future-incompat --emit=dep-info,link -C embed-bitcode=no -C debuginfo=2 --warn=rust_2018_idioms '--warn=clippy::pedantic' '--warn=clippy::unwrap_used' --forbid=unsafe_code --warn=unreachable_pub '--warn=clippy::too_many_lines' '--allow=clippy::struct_field_names' '--warn=clippy::panic' '--allow=clippy::must_use_candidate' '--allow=clippy::module_name_repetitions' '--allow=clippy::missing_errors_doc' --warn=missing_docs '--warn=clippy::indexing_slicing' '--warn=clippy::expect_used' '--warn=clippy::cognitive_complexity' --test --check-cfg 'cfg(docsrs,test)' --check-cfg 'cfg(feature, values())' -C metadata=9e26f585e305cb89 -C extra-filename=-3c0908bfd81efa80 --out-dir /tmp/cargo-mutants-casm-PaMmur.tmp/target/debug/deps -C incremental=/tmp/cargo-mutants-casm-PaMmur.tmp/target/debug/incremental -L dependency=/tmp/cargo-mutants-casm-PaMmur.tmp/target/debug/deps --extern casm_core=/tmp/cargo-mutants-casm-PaMmur.tmp/target/debug/deps/libcasm_core-38ab8f9cc5cbd294.rlib --extern casm_diff=/tmp/cargo-mutants-casm-PaMmur.tmp/target/debug/deps/libcasm_diff-56c79fc9dd0a1770.rlib --extern casm_lsp=/tmp/cargo-mutants-casm-PaMmur.tmp/target/debug/deps/libcasm_lsp-f7ce6eddbc2a330b.rlib --extern casm_parser=/tmp/cargo-mutants-casm-PaMmur.tmp/target/debug/deps/libcasm_parser-fd164bd7983e49b3.rlib --extern casm_renderer=/tmp/cargo-mutants-casm-PaMmur.tmp/target/debug/deps/libcasm_renderer-1fcb935038db35cd.rlib --extern casm_validator=/tmp/cargo-mutants-casm-PaMmur.tmp/target/debug/deps/libcasm_validator-63cf8602d2e097be.rlib --extern console_error_panic_hook=/tmp/cargo-mutants-casm-PaMmur.tmp/target/debug/deps/libconsole_error_panic_hook-2dec12b9e293d1bc.rlib --extern serde=/tmp/cargo-mutants-casm-PaMmur.tmp/target/debug/deps/libserde-6e908f11f9b7bd1f.rlib --extern serde_json=/tmp/cargo-mutants-casm-PaMmur.tmp/target/debug/deps/libserde_json-8ada6c1221654e94.rlib --extern wasm_bindgen=/tmp/cargo-mutants-casm-PaMmur.tmp/target/debug/deps/libwasm_bindgen-aa14faa7e38fb98e.rlib --verbose`
warning: unused variable: `source`
   --> crates/casm-wasm/src/lib.rs:172:14
    |
172 | pub fn drift(source: &str, inventory: &str, inventory_kind: &str) -> String {
    |              ^^^^^^ help: if this is intentional, prefix it with an underscore: `_source`
    |
    = note: `#[warn(unused_variables)]` (part of `#[warn(unused)]`) on by default

warning: unused variable: `inventory`
   --> crates/casm-wasm/src/lib.rs:172:28
    |
172 | pub fn drift(source: &str, inventory: &str, inventory_kind: &str) -> String {
    |                            ^^^^^^^^^ help: if this is intentional, prefix it with an underscore: `_inventory`

warning: unused variable: `inventory_kind`
   --> crates/casm-wasm/src/lib.rs:172:45
    |
172 | pub fn drift(source: &str, inventory: &str, inventory_kind: &str) -> String {
    |                                             ^^^^^^^^^^^^^^ help: if this is intentional, prefix it with an underscore: `_inventory_kind`

warning: `casm-wasm` (lib test) generated 3 warnings (run `cargo fix --lib -p casm-wasm --tests` to apply 3 suggestions)
warning: `casm-wasm` (lib) generated 3 warnings (3 duplicates)
    Finished `test` profile [unoptimized + debuginfo] target(s) in 0.85s
  Executable `/tmp/cargo-mutants-casm-PaMmur.tmp/target/debug/deps/casm_wasm-3c0908bfd81efa80`

*** result: Success

*** /home/srinivasan/.rustup/toolchains/nightly-x86_64-unknown-linux-gnu/bin/cargo test --verbose --package=casm-wasm@0.3.0
    Blocking waiting for file lock on package cache
       Fresh unicode-ident v1.0.24
       Fresh version_check v0.9.5
       Fresh typenum v1.20.1
       Fresh cfg-if v1.0.4
       Fresh equivalent v1.0.2
       Fresh hashbrown v0.17.1
       Fresh proc-macro2 v1.0.107
       Fresh serde_core v1.0.229
       Fresh libc v0.2.189
       Fresh quote v1.0.47
       Fresh generic-array v0.14.7
       Fresh indexmap v2.14.0
       Fresh getrandom v0.4.3
       Fresh keccak v0.1.6
       Fresh semver v1.0.28
       Fresh syn v3.0.3
       Fresh block-buffer v0.10.4
       Fresh crypto-common v0.1.7
       Fresh uuid v1.24.0
       Fresh itoa v1.0.18
       Fresh serde_derive v1.0.229
       Fresh thiserror-impl v2.0.19
       Fresh digest v0.10.7
       Fresh zmij v1.0.23
       Fresh memchr v2.8.3
       Fresh wasm-bindgen-shared v0.2.126
       Fresh serde v1.0.229
       Fresh thiserror v2.0.19
       Fresh sha3 v0.10.9
       Fresh serde_json v1.0.151
       Fresh syn v2.0.119
       Fresh bumpalo v3.20.3
       Fresh foldhash v0.1.5
       Fresh casm-core v0.3.0 (/tmp/cargo-mutants-casm-PaMmur.tmp/crates/casm-core)
       Fresh rustversion v1.0.23
       Fresh winnow v1.0.4
       Fresh hashbrown v0.15.5
       Fresh wasm-bindgen-macro-support v0.2.126
       Fresh serde_spanned v1.1.1
       Fresh toml_datetime v0.7.5+spec-1.1.0
       Fresh ryu v1.0.23
       Fresh toml_parser v1.1.3+spec-1.1.0
       Fresh winnow v0.7.15
       Fresh toml_writer v1.1.2+spec-1.1.0
       Fresh unsafe-libyaml v0.2.11
       Fresh fixedbitset v0.5.7
       Fresh wasm-bindgen-macro v0.2.126
       Fresh once_cell v1.21.4
       Fresh toml v0.9.12+spec-1.1.0
       Fresh serde_yaml_ng v0.10.0
       Fresh petgraph v0.8.3
       Fresh casm-renderer v0.3.0 (/tmp/cargo-mutants-casm-PaMmur.tmp/crates/casm-renderer)
       Fresh casm-diff v0.3.0 (/tmp/cargo-mutants-casm-PaMmur.tmp/crates/casm-diff)
       Fresh wasm-bindgen v0.2.126
       Fresh casm-parser v0.3.0 (/tmp/cargo-mutants-casm-PaMmur.tmp/crates/casm-parser)
       Fresh casm-validator v0.3.0 (/tmp/cargo-mutants-casm-PaMmur.tmp/crates/casm-validator)
       Fresh casm-lsp v0.3.0 (/tmp/cargo-mutants-casm-PaMmur.tmp/crates/casm-lsp)
       Fresh console_error_panic_hook v0.1.7
warning: unused variable: `source`
   --> crates/casm-wasm/src/lib.rs:172:14
    |
172 | pub fn drift(source: &str, inventory: &str, inventory_kind: &str) -> String {
    |              ^^^^^^ help: if this is intentional, prefix it with an underscore: `_source`
    |
    = note: `#[warn(unused_variables)]` (part of `#[warn(unused)]`) on by default

warning: unused variable: `inventory`
   --> crates/casm-wasm/src/lib.rs:172:28
    |
172 | pub fn drift(source: &str, inventory: &str, inventory_kind: &str) -> String {
    |                            ^^^^^^^^^ help: if this is intentional, prefix it with an underscore: `_inventory`

warning: unused variable: `inventory_kind`
   --> crates/casm-wasm/src/lib.rs:172:45
    |
172 | pub fn drift(source: &str, inventory: &str, inventory_kind: &str) -> String {
    |                                             ^^^^^^^^^^^^^^ help: if this is intentional, prefix it with an underscore: `_inventory_kind`

warning: `casm-wasm` (lib) generated 3 warnings (run `cargo fix --lib -p casm-wasm` to apply 3 suggestions)
warning: `casm-wasm` (lib test) generated 3 warnings (3 duplicates)
       Fresh casm-wasm v0.3.0 (/tmp/cargo-mutants-casm-PaMmur.tmp/crates/casm-wasm)
    Finished `test` profile [unoptimized + debuginfo] target(s) in 0.16s
     Running `/tmp/cargo-mutants-casm-PaMmur.tmp/target/debug/deps/casm_wasm-3c0908bfd81efa80`

running 47 tests
test api::tests::a_claim_is_checked_once_a_library_is_supplied ... ok
test api::tests::a_claim_is_unchecked_without_a_library ... ok
test api::tests::a_converted_document_still_parses ... ok
test api::tests::a_broken_document_yields_a_result_rather_than_an_error ... ok
test api::tests::a_document_claiming_nothing_conforms_vacuously ... ok
test api::tests::an_unknown_backend_is_reported_with_the_ones_that_exist ... ok
test api::tests::an_unknown_format_is_rejected_as_a_value ... ok
test api::tests::completion_works_on_a_document_that_does_not_parse ... ok
test api::tests::an_unknown_inventory_kind_is_rejected_as_a_value ... ok
test api::tests::completion_offers_node_types_after_a_type_key ... ok
test api::tests::conformance_infers_a_binding_the_document_did_not_write ... ok
test api::tests::conformance_on_a_broken_document_is_a_value ... ok
test api::tests::a_malformed_library_is_reported_as_a_value_not_a_trap ... ok
test api::tests::an_unchecked_claim_does_not_count_as_conforming ... ok
test api::tests::conformance_separates_what_a_tool_can_fix_from_what_a_human_must_decide ... ok
test api::tests::conformance_reports_the_bindings_it_resolved ... ok
test api::tests::completion_offers_pattern_references_from_the_library ... ok
test api::tests::drift_compares_against_terraform_state ... ok
test api::tests::diffing_a_document_against_itself_is_empty ... ok
test api::tests::drift_compares_against_a_native_inventory ... ok
test api::tests::diffing_names_which_side_failed_to_parse ... ok
test api::tests::diffing_reports_a_breaking_removal ... ok
test api::tests::extreme_positions_do_not_panic ... ok
test api::tests::fingerprinting_exposes_per_node_digests ... ok
test api::tests::an_unmet_requirement_is_an_error_across_the_boundary ... ok
test api::tests::hover_explains_a_node ... ok
test api::tests::hover_explains_a_claimed_pattern_from_the_library ... ok
test api::tests::formatting_is_idempotent_once_identifiers_are_pinned ... ok
test api::tests::exit_codes_match_the_command_line ... ok
test api::tests::fingerprinting_is_stable_across_calls ... ok
test api::tests::rendering_a_broken_document_reports_the_parse_error ... ok
test api::tests::hover_over_empty_space_is_a_negative_result_not_an_error ... ok
test api::tests::an_empty_library_is_not_an_error ... ok
test api::tests::one_broken_pattern_does_not_discard_the_rest ... ok
test api::tests::formatting_converts_between_the_three_formats ... ok
test api::tests::every_entry_point_returns_parseable_json ... ok
test api::tests::the_rule_catalogue_matches_the_validator ... ok
test api::tests::validating_a_good_document_reports_its_shape_and_fingerprint ... ok
test api::tests::rendering_produces_a_diagram_for_each_backend ... ok
test api::tests::the_version_is_reported ... ok
test api::tests::supplying_no_library_matches_the_older_entry_points_exactly ... ok
test api::tests::validating_reports_findings_with_positions ... ok
test api::tests::validating_and_rendering_are_byte_deterministic ... ok
test tests::the_panic_hook_can_be_installed_more_than_once ... ok
test api::tests::the_pattern_aware_calls_are_deterministic ... ok
test tests::the_bindings_delegate_to_the_api_unchanged ... ok
test api::tests::nothing_panics_on_hostile_input ... ok

test result: ok. 47 passed; 0 failed; 0 ignored; 0 measured; 0 filtered out; finished in 8.84s

   Doc-tests casm_wasm
     Running `/home/srinivasan/.rustup/toolchains/nightly-x86_64-unknown-linux-gnu/bin/rustdoc --edition=2024 --crate-type cdylib --crate-type rlib --color auto --crate-name casm_wasm --test crates/casm-wasm/src/lib.rs --test-run-directory /tmp/cargo-mutants-casm-PaMmur.tmp/crates/casm-wasm --warn=rust_2018_idioms '--warn=clippy::pedantic' '--warn=clippy::unwrap_used' --forbid=unsafe_code --warn=unreachable_pub '--warn=clippy::too_many_lines' '--allow=clippy::struct_field_names' '--warn=clippy::panic' '--allow=clippy::must_use_candidate' '--allow=clippy::module_name_repetitions' '--allow=clippy::missing_errors_doc' --warn=missing_docs '--warn=clippy::indexing_slicing' '--warn=clippy::expect_used' '--warn=clippy::cognitive_complexity' --extern casm_core=/tmp/cargo-mutants-casm-PaMmur.tmp/target/debug/deps/libcasm_core-38ab8f9cc5cbd294.rlib --extern casm_diff=/tmp/cargo-mutants-casm-PaMmur.tmp/target/debug/deps/libcasm_diff-56c79fc9dd0a1770.rlib --extern casm_lsp=/tmp/cargo-mutants-casm-PaMmur.tmp/target/debug/deps/libcasm_lsp-f7ce6eddbc2a330b.rlib --extern casm_parser=/tmp/cargo-mutants-casm-PaMmur.tmp/target/debug/deps/libcasm_parser-fd164bd7983e49b3.rlib --extern casm_renderer=/tmp/cargo-mutants-casm-PaMmur.tmp/target/debug/deps/libcasm_renderer-1fcb935038db35cd.rlib --extern casm_validator=/tmp/cargo-mutants-casm-PaMmur.tmp/target/debug/deps/libcasm_validator-63cf8602d2e097be.rlib --extern casm_wasm=/tmp/cargo-mutants-casm-PaMmur.tmp/target/debug/deps/libcasm_wasm.rlib --extern console_error_panic_hook=/tmp/cargo-mutants-casm-PaMmur.tmp/target/debug/deps/libconsole_error_panic_hook-2dec12b9e293d1bc.rlib --extern serde=/tmp/cargo-mutants-casm-PaMmur.tmp/target/debug/deps/libserde-6e908f11f9b7bd1f.rlib --extern serde_json=/tmp/cargo-mutants-casm-PaMmur.tmp/target/debug/deps/libserde_json-8ada6c1221654e94.rlib --extern wasm_bindgen=/tmp/cargo-mutants-casm-PaMmur.tmp/target/debug/deps/libwasm_bindgen-aa14faa7e38fb98e.rlib -L dependency=/tmp/cargo-mutants-casm-PaMmur.tmp/target/debug/deps -C embed-bitcode=no --check-cfg 'cfg(docsrs,test)' --check-cfg 'cfg(feature, values())' --error-format human`

running 0 tests

test result: ok. 0 passed; 0 failed; 0 ignored; 0 measured; 0 filtered out; finished in 0.00s


*** result: Success
