
*** crates/casm-cli/src/commands.rs:664:5: replace evidence -> CommandResult with Default::default()

*** mutation diff:
--- crates/casm-cli/src/commands.rs
+++ replace evidence -> CommandResult with Default::default()
@@ -656,49 +656,17 @@
 /// would launder an assertion into evidence — see ADR-0013.
 pub(crate) fn evidence(
     file: &Path,
     format: EvidenceFormat,
     patterns: Option<&Path>,
     no_history: bool,
     strict: bool,
 ) -> CommandResult {
-    let architecture = parse_file(file)?;
-    let patterns = load_patterns(patterns)?;
-
-    let provenance = if no_history {
-        Provenance::unknown().from_source(file.display().to_string())
-    } else {
-        provenance_of(file)
-    };
-
-    let pack = Pack::assemble(&architecture, &patterns, provenance);
-
-    match format {
-        EvidenceFormat::Human => print!(
-            "{}",
-            casm_evidence::render::render(&pack, RenderFormat::Human)
-        ),
-        EvidenceFormat::Markdown => {
-            print!(
-                "{}",
-                casm_evidence::render::render(&pack, RenderFormat::Markdown)
-            );
-        }
-        EvidenceFormat::Json => {
-            let json = serde_json::to_string_pretty(&pack)
-                .map_err(|error| CommandError(format!("cannot serialise the register: {error}")))?;
-            println!("{json}");
-        }
-    }
-
-    if strict && pack.outstanding() > 0 {
-        return Ok(ExitCode::ValidationErrors);
-    }
-    Ok(ExitCode::Success)
+    Default::default() /* ~ changed by cargo-mutants ~ */
 }
 
 /// Reads whatever Git can tell us about where an architecture came from.
 ///
 /// A file outside a repository, or one Git cannot read, yields
 /// [`Provenance::unknown`] rather than an error: a register without attribution is still
 /// worth having, and refusing to produce one would be the wrong trade.
 fn provenance_of(file: &Path) -> Provenance {


*** /home/srinivasan/.rustup/toolchains/nightly-x86_64-unknown-linux-gnu/bin/cargo test --no-run --verbose --package=casm-cli@0.3.0
       Fresh unicode-ident v1.0.24
       Fresh cfg-if v1.0.4
       Fresh memchr v2.8.3
       Fresh regex-syntax v0.8.11
       Fresh proc-macro2 v1.0.107
       Fresh regex-automata v0.4.16
       Fresh version_check v0.9.5
       Fresh tinyvec_macros v0.1.1
       Fresh fastrand v2.5.0
       Fresh quote v1.0.47
       Fresh libc v0.2.189
       Fresh bstr v1.13.0
       Fresh tinyvec v1.12.0
       Fresh gix-trace v0.1.21
       Fresh typenum v1.20.1
       Fresh smallvec v1.15.2
       Fresh syn v3.0.3
       Fresh getrandom v0.4.3
       Fresh unicode-normalization v0.1.25
       Fresh gix-validate v0.11.3
       Fresh scopeguard v1.2.0
       Fresh same-file v1.0.6
       Fresh thiserror-impl v2.0.19
       Fresh generic-array v0.14.7
       Fresh lock_api v0.4.14
       Fresh gix-utils v0.3.5
       Fresh parking_lot_core v0.9.12
       Fresh once_cell v1.21.4
       Fresh equivalent v1.0.2
       Fresh thiserror v2.0.19
       Fresh crypto-common v0.1.7
       Fresh crossbeam-utils v0.8.22
       Fresh block-buffer v0.10.4
       Fresh allocator-api2 v0.2.21
       Fresh foldhash v0.2.0
       Fresh parking_lot v0.12.5
       Fresh walkdir v2.5.0
       Fresh gix-path v0.12.3
       Fresh digest v0.10.7
       Fresh prodash v31.0.0
       Fresh crc32fast v1.5.0
       Fresh crossbeam-channel v0.5.16
       Fresh bitflags v2.13.1
       Fresh hashbrown v0.17.1
       Fresh gix-error v0.2.5
       Fresh itoa v1.0.18
       Fresh gix-features v0.49.0
       Fresh byteorder v1.5.0
       Fresh stable_deref_trait v1.2.1
       Fresh cpufeatures v0.2.17
       Fresh jiff-core v0.1.0
       Fresh linux-raw-sys v0.12.1
       Fresh hash32 v0.3.1
       Fresh sha1 v0.10.7
       Fresh jiff v0.2.35
       Fresh memmap2 v0.9.11
       Fresh gix-fs v0.22.0
       Fresh heapless v0.8.0
       Fresh serde_core v1.0.229
       Fresh sha1-checked v0.10.0
       Fresh gix-date v0.15.6
       Fresh rustix v1.1.4
       Fresh serde_derive v1.0.229
       Fresh hashbrown v0.14.5
       Fresh gix-chunk v0.7.3
       Fresh faster-hex v0.10.0
       Fresh gix-actor v0.41.2
       Fresh tempfile v3.27.0
       Fresh serde v1.0.229
       Fresh dashmap v6.2.1
       Fresh nonempty v0.12.0
       Fresh gix-quote v0.7.2
       Fresh gix-glob v0.27.0
       Fresh indexmap v2.14.0
       Fresh gix-hash v0.26.0
       Fresh gix-tempfile v24.0.0
       Fresh unicode-bom v2.0.3
       Fresh keccak v0.1.6
       Fresh semver v1.0.28
       Fresh uuid v1.24.0
       Fresh gix-sec v0.14.2
       Fresh gix-hashtable v0.16.0
       Fresh gix-lock v24.0.0
       Fresh gix-commitgraph v0.38.0
       Fresh sha3 v0.10.9
       Fresh gix-attributes v0.34.0
       Fresh shell-words v1.1.1
       Fresh gix-packetline v0.22.0
       Fresh gix-object v0.63.0
       Fresh zmij v1.0.23
       Fresh casm-core v0.3.0 (/tmp/cargo-mutants-casm-ougte5.tmp/crates/casm-core)
       Fresh gix-command v0.9.1
       Fresh syn v2.0.119
       Fresh percent-encoding v2.3.2
       Fresh gix-config-value v0.19.0
       Fresh gix-revwalk v0.34.0
       Fresh serde_json v1.0.151
       Fresh gix-ref v0.66.0
       Fresh zerocopy-derive v0.8.55
       Fresh gix-url v0.37.0
       Fresh gix-bitmap v0.3.3
       Fresh hashbrown v0.16.1
       Fresh gix-traverse v0.60.0
       Fresh filetime v0.2.29
       Fresh arrayvec v0.7.8
       Fresh fnv v1.0.7
       Fresh utf8parse v0.2.2
       Fresh zlib-rs v0.6.6
       Fresh gix-revision v0.48.0
       Fresh zerocopy v0.8.55
       Fresh clru v0.6.3
       Fresh uluru v3.1.0
       Fresh anstyle-parse v1.0.0
       Fresh gix-zlib v0.1.0
       Fresh gix-index v0.54.0
       Fresh rustversion v1.0.23
       Fresh gix-ignore v0.22.0
       Fresh encoding_rs v0.8.35
       Fresh colorchoice v1.0.5
       Fresh autocfg v1.5.1
       Fresh anstyle-query v1.1.5
       Fresh bisync_macros v0.2.3
       Fresh winnow v1.0.4
       Fresh anstyle v1.0.14
       Fresh is_terminal_polyfill v1.70.2
       Fresh gix-filter v0.33.0
       Fresh gix-worktree v0.55.0
       Fresh gix-pack v0.73.0
       Fresh arc-swap v1.9.2
       Fresh toml_parser v1.1.3+spec-1.1.0
       Fresh bisync v0.3.0
       Fresh anstream v1.0.0
       Fresh half v2.7.1
       Fresh gix-refspec v0.44.0
       Fresh gix-transport v0.58.0
       Fresh gix-config v0.59.0
       Fresh gix-pathspec v0.19.0
       Fresh gix-shallow v0.13.0
       Fresh serde_spanned v1.1.1
       Fresh toml_datetime v0.7.5+spec-1.1.0
       Fresh terminal_size v0.4.4
       Fresh gix-imara-diff v0.2.4
       Fresh heck v0.5.0
       Fresh unsafe-libyaml v0.2.11
       Fresh foldhash v0.1.5
       Fresh ciborium-io v0.2.2
       Fresh strsim v0.11.1
       Fresh either v1.17.0
       Fresh clap_lex v1.1.0
       Fresh winnow v0.7.15
       Fresh toml_writer v1.1.2+spec-1.1.0
       Fresh ryu v1.0.23
       Fresh gix-diff v0.66.0
       Fresh hashbrown v0.15.5
       Fresh gix-protocol v0.64.0
       Fresh serde_yaml_ng v0.10.0
       Fresh clap_builder v4.6.5
       Fresh toml v0.9.12+spec-1.1.0
       Fresh itertools v0.13.0
       Fresh ciborium-ll v0.2.2
       Fresh clap_derive v4.6.4
       Fresh gix-submodule v0.33.0
       Fresh gix-odb v0.83.0
       Fresh gix-discover v0.54.0
       Fresh fixedbitset v0.5.7
       Fresh cast v0.3.0
       Fresh casm-parser v0.3.0 (/tmp/cargo-mutants-casm-ougte5.tmp/crates/casm-parser)
       Fresh ciborium v0.2.2
       Fresh num-traits v0.2.19
       Fresh clap v4.6.5
       Fresh tinytemplate v1.2.1
       Fresh regex v1.13.1
       Fresh gix v0.86.0
       Fresh petgraph v0.8.3
       Fresh criterion-plot v0.6.0
       Fresh anes v0.1.6
       Fresh oorandom v11.1.5
       Fresh casm-diff v0.3.0 (/tmp/cargo-mutants-casm-ougte5.tmp/crates/casm-diff)
       Fresh casm-telemetry v0.3.0 (/tmp/cargo-mutants-casm-ougte5.tmp/crates/casm-telemetry)
       Fresh casm-evidence v0.3.0 (/tmp/cargo-mutants-casm-ougte5.tmp/crates/casm-evidence)
       Fresh casm-renderer v0.3.0 (/tmp/cargo-mutants-casm-ougte5.tmp/crates/casm-renderer)
       Fresh casm-validator v0.3.0 (/tmp/cargo-mutants-casm-ougte5.tmp/crates/casm-validator)
       Fresh casm-git v0.3.0 (/tmp/cargo-mutants-casm-ougte5.tmp/crates/casm-git)
       Fresh criterion v0.7.0
       Fresh casm-formal v0.3.0 (/tmp/cargo-mutants-casm-ougte5.tmp/crates/casm-formal)
       Dirty casm-cli v0.3.0 (/tmp/cargo-mutants-casm-ougte5.tmp/crates/casm-cli): the file `crates/casm-cli/src/commands.rs` has changed (1785931288.428706751s, 2s after last build at 1785931286.308141863s)
   Compiling casm-cli v0.3.0 (/tmp/cargo-mutants-casm-ougte5.tmp/crates/casm-cli)
     Running `/home/srinivasan/.rustup/toolchains/nightly-x86_64-unknown-linux-gnu/bin/rustc --crate-name casm --edition=2024 crates/casm-cli/src/main.rs --error-format=json --json=diagnostic-rendered-ansi,artifacts,future-incompat --emit=dep-info,link -C embed-bitcode=no -C debuginfo=2 --warn=rust_2018_idioms '--warn=clippy::pedantic' '--warn=clippy::unwrap_used' --forbid=unsafe_code --warn=unreachable_pub '--warn=clippy::too_many_lines' '--allow=clippy::struct_field_names' '--warn=clippy::panic' '--allow=clippy::must_use_candidate' '--allow=clippy::module_name_repetitions' '--allow=clippy::missing_errors_doc' --warn=missing_docs '--warn=clippy::indexing_slicing' '--warn=clippy::expect_used' '--warn=clippy::cognitive_complexity' --test --check-cfg 'cfg(docsrs,test)' --check-cfg 'cfg(feature, values())' -C metadata=66d0ba88cf63e3f4 -C extra-filename=-6299204232b961c1 --out-dir /tmp/cargo-mutants-casm-ougte5.tmp/target/debug/deps -C incremental=/tmp/cargo-mutants-casm-ougte5.tmp/target/debug/incremental -L dependency=/tmp/cargo-mutants-casm-ougte5.tmp/target/debug/deps --extern casm_core=/tmp/cargo-mutants-casm-ougte5.tmp/target/debug/deps/libcasm_core-380d7e4cccb3f0da.rlib --extern casm_diff=/tmp/cargo-mutants-casm-ougte5.tmp/target/debug/deps/libcasm_diff-13f48a003853e06c.rlib --extern casm_evidence=/tmp/cargo-mutants-casm-ougte5.tmp/target/debug/deps/libcasm_evidence-97784ef1fc6afbaa.rlib --extern casm_formal=/tmp/cargo-mutants-casm-ougte5.tmp/target/debug/deps/libcasm_formal-1f0341ba66ec2a73.rlib --extern casm_git=/tmp/cargo-mutants-casm-ougte5.tmp/target/debug/deps/libcasm_git-eb6335557f558b96.rlib --extern casm_parser=/tmp/cargo-mutants-casm-ougte5.tmp/target/debug/deps/libcasm_parser-acbb7d95b5663e68.rlib --extern casm_renderer=/tmp/cargo-mutants-casm-ougte5.tmp/target/debug/deps/libcasm_renderer-80239ec94cfc97e3.rlib --extern casm_telemetry=/tmp/cargo-mutants-casm-ougte5.tmp/target/debug/deps/libcasm_telemetry-622d12e0c23cdb09.rlib --extern casm_validator=/tmp/cargo-mutants-casm-ougte5.tmp/target/debug/deps/libcasm_validator-bbc73dfd45eee22d.rlib --extern clap=/tmp/cargo-mutants-casm-ougte5.tmp/target/debug/deps/libclap-6563ccc96337acde.rlib --extern criterion=/tmp/cargo-mutants-casm-ougte5.tmp/target/debug/deps/libcriterion-a7edab15b2b2c363.rlib --extern serde_json=/tmp/cargo-mutants-casm-ougte5.tmp/target/debug/deps/libserde_json-8ada6c1221654e94.rlib --verbose`
warning: unused imports: `Pack` and `render::Format as RenderFormat`
  --> crates/casm-cli/src/commands.rs:14:34
   |
14 | use casm_evidence::{Attribution, Pack, Provenance, render::Format as RenderFormat};
   |                                  ^^^^              ^^^^^^^^^^^^^^^^^^^^^^^^^^^^^^
   |
   = note: `#[warn(unused_imports)]` (part of `#[warn(unused)]`) on by default

error[E0277]: the trait bound `Result<exit::ExitCode, CommandError>: Default` is not satisfied
   --> crates/casm-cli/src/commands.rs:664:5
    |
664 |     Default::default() /* ~ changed by cargo-mutants ~ */
    |     ^^^^^^^^^^^^^^^^^^ the trait `Default` is not implemented for `Result<exit::ExitCode, CommandError>`

For more information about this error, try `rustc --explain E0277`.
warning: `casm-cli` (bin "casm" test) generated 1 warning
error: could not compile `casm-cli` (bin "casm" test) due to 1 previous error; 1 warning emitted

Caused by:
  process didn't exit successfully: `/home/srinivasan/.rustup/toolchains/nightly-x86_64-unknown-linux-gnu/bin/rustc --crate-name casm --edition=2024 crates/casm-cli/src/main.rs --error-format=json --json=diagnostic-rendered-ansi,artifacts,future-incompat --emit=dep-info,link -C embed-bitcode=no -C debuginfo=2 --warn=rust_2018_idioms '--warn=clippy::pedantic' '--warn=clippy::unwrap_used' --forbid=unsafe_code --warn=unreachable_pub '--warn=clippy::too_many_lines' '--allow=clippy::struct_field_names' '--warn=clippy::panic' '--allow=clippy::must_use_candidate' '--allow=clippy::module_name_repetitions' '--allow=clippy::missing_errors_doc' --warn=missing_docs '--warn=clippy::indexing_slicing' '--warn=clippy::expect_used' '--warn=clippy::cognitive_complexity' --test --check-cfg 'cfg(docsrs,test)' --check-cfg 'cfg(feature, values())' -C metadata=66d0ba88cf63e3f4 -C extra-filename=-6299204232b961c1 --out-dir /tmp/cargo-mutants-casm-ougte5.tmp/target/debug/deps -C incremental=/tmp/cargo-mutants-casm-ougte5.tmp/target/debug/incremental -L dependency=/tmp/cargo-mutants-casm-ougte5.tmp/target/debug/deps --extern casm_core=/tmp/cargo-mutants-casm-ougte5.tmp/target/debug/deps/libcasm_core-380d7e4cccb3f0da.rlib --extern casm_diff=/tmp/cargo-mutants-casm-ougte5.tmp/target/debug/deps/libcasm_diff-13f48a003853e06c.rlib --extern casm_evidence=/tmp/cargo-mutants-casm-ougte5.tmp/target/debug/deps/libcasm_evidence-97784ef1fc6afbaa.rlib --extern casm_formal=/tmp/cargo-mutants-casm-ougte5.tmp/target/debug/deps/libcasm_formal-1f0341ba66ec2a73.rlib --extern casm_git=/tmp/cargo-mutants-casm-ougte5.tmp/target/debug/deps/libcasm_git-eb6335557f558b96.rlib --extern casm_parser=/tmp/cargo-mutants-casm-ougte5.tmp/target/debug/deps/libcasm_parser-acbb7d95b5663e68.rlib --extern casm_renderer=/tmp/cargo-mutants-casm-ougte5.tmp/target/debug/deps/libcasm_renderer-80239ec94cfc97e3.rlib --extern casm_telemetry=/tmp/cargo-mutants-casm-ougte5.tmp/target/debug/deps/libcasm_telemetry-622d12e0c23cdb09.rlib --extern casm_validator=/tmp/cargo-mutants-casm-ougte5.tmp/target/debug/deps/libcasm_validator-bbc73dfd45eee22d.rlib --extern clap=/tmp/cargo-mutants-casm-ougte5.tmp/target/debug/deps/libclap-6563ccc96337acde.rlib --extern criterion=/tmp/cargo-mutants-casm-ougte5.tmp/target/debug/deps/libcriterion-a7edab15b2b2c363.rlib --extern serde_json=/tmp/cargo-mutants-casm-ougte5.tmp/target/debug/deps/libserde_json-8ada6c1221654e94.rlib --verbose` (exit status: 1)

*** result: Failure(101)
