
*** crates/casm-diff/src/drift.rs:359:12: delete ! in detect

*** mutation diff:
--- crates/casm-diff/src/drift.rs
+++ delete ! in detect
@@ -351,17 +351,17 @@
                 node: node.name().as_str().to_owned(),
                 declared: node.node_type().to_string(),
                 observed: observed.to_string(),
             });
         }
     }
 
     for resource in &inventory.resources {
-        if !bound_ids.contains(&resource.id.as_str()) {
+        if  /* ~ changed by cargo-mutants ~ */bound_ids.contains(&resource.id.as_str()) {
             drifts.push(Drift::Unexpected {
                 resource: resource.id.clone(),
                 node_type: resource.node_type.map(|kind| kind.to_string()),
             });
         }
     }
 
     DriftReport {


*** /home/srinivasan/.rustup/toolchains/nightly-x86_64-unknown-linux-gnu/bin/cargo test --no-run --verbose --package=casm-diff@0.3.0
    Blocking waiting for file lock on package cache
    Blocking waiting for file lock on package cache
    Blocking waiting for file lock on package cache
       Fresh serde_core v1.0.229
       Fresh unicode-ident v1.0.24
       Fresh proc-macro2 v1.0.107
       Fresh version_check v0.9.5
       Fresh quote v1.0.47
       Fresh syn v3.0.3
       Fresh typenum v1.20.1
       Fresh generic-array v0.14.7
       Fresh libc v0.2.189
       Fresh block-buffer v0.10.4
       Fresh crypto-common v0.1.7
       Fresh serde_derive v1.0.229
       Fresh cfg-if v1.0.4
       Fresh equivalent v1.0.2
       Fresh hashbrown v0.17.1
       Fresh indexmap v2.14.0
       Fresh getrandom v0.4.3
       Fresh serde v1.0.229
       Fresh digest v0.10.7
       Fresh thiserror-impl v2.0.19
       Fresh keccak v0.1.6
       Fresh itoa v1.0.18
       Fresh uuid v1.24.0
       Fresh zmij v1.0.23
       Fresh sha3 v0.10.9
       Fresh thiserror v2.0.19
       Fresh semver v1.0.28
       Fresh winnow v1.0.4
       Fresh memchr v2.8.3
       Fresh serde_json v1.0.151
       Fresh toml_parser v1.1.3+spec-1.1.0
       Fresh casm-core v0.3.0 (/tmp/cargo-mutants-casm-ougte5.tmp/crates/casm-core)
       Fresh serde_spanned v1.1.1
       Fresh toml_datetime v0.7.5+spec-1.1.0
       Fresh ryu v1.0.23
       Fresh winnow v0.7.15
       Fresh unsafe-libyaml v0.2.11
       Fresh toml_writer v1.1.2+spec-1.1.0
       Dirty casm-diff v0.3.0 (/tmp/cargo-mutants-casm-ougte5.tmp/crates/casm-diff): the file `crates/casm-diff/src/drift.rs` has changed (1785931646.057813332s, 2s after last build at 1785931644.564377013s)
   Compiling casm-diff v0.3.0 (/tmp/cargo-mutants-casm-ougte5.tmp/crates/casm-diff)
       Fresh toml v0.9.12+spec-1.1.0
       Fresh serde_yaml_ng v0.10.0
       Fresh casm-parser v0.3.0 (/tmp/cargo-mutants-casm-ougte5.tmp/crates/casm-parser)
     Running `/home/srinivasan/.rustup/toolchains/nightly-x86_64-unknown-linux-gnu/bin/rustc --crate-name casm_diff --edition=2024 crates/casm-diff/src/lib.rs --error-format=json --json=diagnostic-rendered-ansi,artifacts,future-incompat --emit=dep-info,link -C embed-bitcode=no -C debuginfo=2 --warn=rust_2018_idioms '--warn=clippy::pedantic' '--warn=clippy::unwrap_used' --forbid=unsafe_code --warn=unreachable_pub '--warn=clippy::too_many_lines' '--allow=clippy::struct_field_names' '--warn=clippy::panic' '--allow=clippy::must_use_candidate' '--allow=clippy::module_name_repetitions' '--allow=clippy::missing_errors_doc' --warn=missing_docs '--warn=clippy::indexing_slicing' '--warn=clippy::expect_used' '--warn=clippy::cognitive_complexity' --test --check-cfg 'cfg(docsrs,test)' --check-cfg 'cfg(feature, values())' -C metadata=9dda23a21ebb89cc -C extra-filename=-4e10ba2b0fd94d1b --out-dir /tmp/cargo-mutants-casm-ougte5.tmp/target/debug/deps -C incremental=/tmp/cargo-mutants-casm-ougte5.tmp/target/debug/incremental -L dependency=/tmp/cargo-mutants-casm-ougte5.tmp/target/debug/deps --extern casm_core=/tmp/cargo-mutants-casm-ougte5.tmp/target/debug/deps/libcasm_core-0e2727cdb6cb7ba3.rlib --extern casm_parser=/tmp/cargo-mutants-casm-ougte5.tmp/target/debug/deps/libcasm_parser-46b061afdef23cde.rlib --extern serde=/tmp/cargo-mutants-casm-ougte5.tmp/target/debug/deps/libserde-2119863ca5860397.rlib --extern serde_json=/tmp/cargo-mutants-casm-ougte5.tmp/target/debug/deps/libserde_json-8ada6c1221654e94.rlib --verbose`
     Running `/home/srinivasan/.rustup/toolchains/nightly-x86_64-unknown-linux-gnu/bin/rustc --crate-name casm_diff --edition=2024 crates/casm-diff/src/lib.rs --error-format=json --json=diagnostic-rendered-ansi,artifacts,future-incompat --crate-type lib --emit=dep-info,metadata,link -C embed-bitcode=no -C debuginfo=2 --warn=rust_2018_idioms '--warn=clippy::pedantic' '--warn=clippy::unwrap_used' --forbid=unsafe_code --warn=unreachable_pub '--warn=clippy::too_many_lines' '--allow=clippy::struct_field_names' '--warn=clippy::panic' '--allow=clippy::must_use_candidate' '--allow=clippy::module_name_repetitions' '--allow=clippy::missing_errors_doc' --warn=missing_docs '--warn=clippy::indexing_slicing' '--warn=clippy::expect_used' '--warn=clippy::cognitive_complexity' --check-cfg 'cfg(docsrs,test)' --check-cfg 'cfg(feature, values())' -C metadata=9565f1dc2285fbe6 -C extra-filename=-1f5d8f651604cc16 --out-dir /tmp/cargo-mutants-casm-ougte5.tmp/target/debug/deps -C incremental=/tmp/cargo-mutants-casm-ougte5.tmp/target/debug/incremental -L dependency=/tmp/cargo-mutants-casm-ougte5.tmp/target/debug/deps --extern casm_core=/tmp/cargo-mutants-casm-ougte5.tmp/target/debug/deps/libcasm_core-0e2727cdb6cb7ba3.rmeta --extern serde=/tmp/cargo-mutants-casm-ougte5.tmp/target/debug/deps/libserde-2119863ca5860397.rmeta --extern serde_json=/tmp/cargo-mutants-casm-ougte5.tmp/target/debug/deps/libserde_json-8ada6c1221654e94.rmeta --verbose`
    Finished `test` profile [unoptimized + debuginfo] target(s) in 1.48s
  Executable `/tmp/cargo-mutants-casm-ougte5.tmp/target/debug/deps/casm_diff-4e10ba2b0fd94d1b`

*** result: Success

*** /home/srinivasan/.rustup/toolchains/nightly-x86_64-unknown-linux-gnu/bin/cargo test --verbose --package=casm-diff@0.3.0
       Fresh serde_core v1.0.229
       Fresh unicode-ident v1.0.24
       Fresh proc-macro2 v1.0.107
       Fresh version_check v0.9.5
       Fresh quote v1.0.47
       Fresh syn v3.0.3
       Fresh typenum v1.20.1
       Fresh generic-array v0.14.7
       Fresh libc v0.2.189
       Fresh crypto-common v0.1.7
       Fresh block-buffer v0.10.4
       Fresh serde_derive v1.0.229
       Fresh hashbrown v0.17.1
       Fresh equivalent v1.0.2
       Fresh cfg-if v1.0.4
       Fresh getrandom v0.4.3
       Fresh indexmap v2.14.0
       Fresh serde v1.0.229
       Fresh digest v0.10.7
       Fresh thiserror-impl v2.0.19
       Fresh itoa v1.0.18
       Fresh keccak v0.1.6
       Fresh sha3 v0.10.9
       Fresh thiserror v2.0.19
       Fresh zmij v1.0.23
       Fresh uuid v1.24.0
       Fresh semver v1.0.28
       Fresh memchr v2.8.3
       Fresh winnow v1.0.4
       Fresh serde_json v1.0.151
       Fresh toml_parser v1.1.3+spec-1.1.0
       Fresh casm-core v0.3.0 (/tmp/cargo-mutants-casm-ougte5.tmp/crates/casm-core)
       Fresh toml_datetime v0.7.5+spec-1.1.0
       Fresh serde_spanned v1.1.1
       Fresh unsafe-libyaml v0.2.11
       Fresh winnow v0.7.15
       Fresh ryu v1.0.23
       Fresh toml_writer v1.1.2+spec-1.1.0
       Fresh serde_yaml_ng v0.10.0
       Fresh toml v0.9.12+spec-1.1.0
       Fresh casm-parser v0.3.0 (/tmp/cargo-mutants-casm-ougte5.tmp/crates/casm-parser)
       Fresh casm-diff v0.3.0 (/tmp/cargo-mutants-casm-ougte5.tmp/crates/casm-diff)
    Finished `test` profile [unoptimized + debuginfo] target(s) in 0.18s
     Running `/tmp/cargo-mutants-casm-ougte5.tmp/target/debug/deps/casm_diff-4e10ba2b0fd94d1b`

running 41 tests
test drift::tests::a_native_inventory_parses_from_json ... ok
test drift::tests::a_bound_resource_of_the_wrong_type_is_a_mismatch ... FAILED
test drift::tests::a_declared_node_with_no_resource_is_missing ... FAILED
test drift::tests::an_empty_architecture_reports_every_resource_as_unexpected ... FAILED
test drift::tests::a_report_round_trips_through_json ... ok
test drift::tests::a_report_summarises_itself_in_both_states ... FAILED
test drift::tests::a_matching_inventory_reports_no_drift ... FAILED
test drift::tests::a_malformed_inventory_is_rejected_with_a_message ... ok
test drift::tests::an_explicit_binding_that_matches_nothing_is_missing_despite_a_name_collision ... ok
test drift::tests::an_unrecognised_resource_type_asserts_nothing_about_the_node ... FAILED
test drift::tests::an_empty_inventory_reports_every_node_as_missing ... ok
test drift::tests::an_explicit_binding_overrides_name_matching ... FAILED
test drift::tests::an_undeclared_resource_is_unexpected ... FAILED
test drift::tests::detection_is_deterministic ... ok
test drift::tests::external_nodes_are_exempt ... FAILED
test drift::tests::terraform_state_with_no_resources_is_an_empty_inventory ... ok
test drift::tests::terraform_state_projects_into_an_inventory ... ok
test drift::tests::malformed_terraform_state_is_rejected ... ok
test drift::tests::the_terraform_type_map_covers_each_node_type_it_claims_to ... ok
test semantic::tests::a_removed_node_is_breaking ... ok
test semantic::tests::a_latency_budget_change_is_reported_but_not_breaking ... ok
test semantic::tests::a_changed_node_type_is_breaking ... ok
test semantic::tests::a_rendered_diff_is_marker_prefixed_and_newline_terminated ... ok
test semantic::tests::a_removed_relationship_is_breaking ... ok
test semantic::tests::a_renamed_node_shows_as_a_removal_and_an_addition ... ok
test semantic::tests::a_version_bump_is_reported ... ok
test semantic::tests::a_version_bump_of_a_pattern_is_a_drop_and_a_claim ... ok
test semantic::tests::an_added_relationship_is_reported ... ok
test semantic::tests::claiming_a_pattern_is_a_change ... ok
test semantic::tests::markers_distinguish_additions_removals_and_modifications ... ok
test semantic::tests::interface_and_control_changes_are_reported ... ok
test semantic::tests::an_architecture_does_not_differ_from_itself ... ok
test semantic::tests::an_unchanged_claim_produces_nothing ... ok
test semantic::tests::an_empty_diff_renders_a_plain_statement ... ok
test semantic::tests::an_added_node_is_reported_and_is_not_breaking ... ok
test semantic::tests::reordering_nodes_produces_no_diff ... ok
test semantic::tests::rebinding_a_role_is_reported_without_being_breaking ... ok
test semantic::tests::regenerated_identifiers_produce_no_diff ... ok
test semantic::tests::dropping_a_claim_is_breaking ... ok
test semantic::tests::reparsing_a_file_does_not_look_like_a_rebinding ... ok
test semantic::tests::the_difference_helper_partitions_correctly ... ok

failures:

---- drift::tests::a_bound_resource_of_the_wrong_type_is_a_mismatch stdout ----

thread 'drift::tests::a_bound_resource_of_the_wrong_type_is_a_mismatch' (546056) panicked at crates/casm-diff/src/drift.rs:474:9:
assertion `left == right` failed: ~ node 'orders-db' is declared as database but the infrastructure says storage
~ resource 'api' (service) exists but is not declared
~ resource 'orders-db' (storage) exists but is not declared

  left: 3
 right: 1
note: run with `RUST_BACKTRACE=1` environment variable to display a backtrace

---- drift::tests::a_declared_node_with_no_resource_is_missing stdout ----

thread 'drift::tests::a_declared_node_with_no_resource_is_missing' (546057) panicked at crates/casm-diff/src/drift.rs:435:9:
assertion `left == right` failed
  left: 2
 right: 1

---- drift::tests::an_empty_architecture_reports_every_resource_as_unexpected stdout ----

thread 'drift::tests::an_empty_architecture_reports_every_resource_as_unexpected' (546063) panicked at crates/casm-diff/src/drift.rs:586:9:
assertion `left == right` failed
  left: 0
 right: 1

---- drift::tests::a_report_summarises_itself_in_both_states stdout ----

thread 'drift::tests::a_report_summarises_itself_in_both_states' (546062) panicked at crates/casm-diff/src/drift.rs:680:9:
2 drift(s) against test: 2 node(s) matched

---- drift::tests::a_matching_inventory_reports_no_drift stdout ----

thread 'drift::tests::a_matching_inventory_reports_no_drift' (546059) panicked at crates/casm-diff/src/drift.rs:424:9:
~ resource 'api' (service) exists but is not declared
~ resource 'orders-db' (database) exists but is not declared


---- drift::tests::an_unrecognised_resource_type_asserts_nothing_about_the_node stdout ----

thread 'drift::tests::an_unrecognised_resource_type_asserts_nothing_about_the_node' (546068) panicked at crates/casm-diff/src/drift.rs:490:9:
~ resource 'api' (unrecognised type) exists but is not declared
~ resource 'orders-db' (unrecognised type) exists but is not declared


---- drift::tests::an_explicit_binding_overrides_name_matching stdout ----

thread 'drift::tests::an_explicit_binding_overrides_name_matching' (546065) panicked at crates/casm-diff/src/drift.rs:515:9:
~ resource 'aws_db_instance.primary' (database) exists but is not declared


---- drift::tests::an_undeclared_resource_is_unexpected stdout ----

thread 'drift::tests::an_undeclared_resource_is_unexpected' (546067) panicked at crates/casm-diff/src/drift.rs:455:9:
assertion `left == right` failed
  left: 2
 right: 1

---- drift::tests::external_nodes_are_exempt stdout ----

thread 'drift::tests::external_nodes_are_exempt' (546070) panicked at crates/casm-diff/src/drift.rs:569:9:
~ resource 'api' (service) exists but is not declared



failures:
    drift::tests::a_bound_resource_of_the_wrong_type_is_a_mismatch
    drift::tests::a_declared_node_with_no_resource_is_missing
    drift::tests::a_matching_inventory_reports_no_drift
    drift::tests::a_report_summarises_itself_in_both_states
    drift::tests::an_empty_architecture_reports_every_resource_as_unexpected
    drift::tests::an_explicit_binding_overrides_name_matching
    drift::tests::an_undeclared_resource_is_unexpected
    drift::tests::an_unrecognised_resource_type_asserts_nothing_about_the_node
    drift::tests::external_nodes_are_exempt

test result: FAILED. 32 passed; 9 failed; 0 ignored; 0 measured; 0 filtered out; finished in 0.01s

error: test failed, to rerun pass `-p casm-diff --lib`

*** result: Failure(101)
