
*** crates/casm-wasm/src/api.rs:202:9: replace Library::read -> Self with Default::default()

*** mutation diff:
--- crates/casm-wasm/src/api.rs
+++ replace Library::read -> Self with Default::default()
@@ -194,46 +194,17 @@
 }
 
 impl Library {
     /// Reads a JSON array of pattern documents.
     ///
     /// An empty or blank string is an empty library, not an error: it is what a caller
     /// with no patterns passes, and what [`validate`] passes on their behalf.
     fn read(supplied: &str) -> Self {
-        if supplied.trim().is_empty() {
-            return Self {
-                patterns: Vec::new(),
-                errors: Vec::new(),
-            };
-        }
-
-        let sources: Vec<String> = match serde_json::from_str(supplied) {
-            Ok(sources) => sources,
-            Err(error) => {
-                return Self {
-                    patterns: Vec::new(),
-                    errors: vec![format!(
-                        "the pattern library must be a JSON array of pattern documents: {error}"
-                    )],
-                };
-            }
-        };
-
-        let mut patterns = Vec::new();
-        let mut errors = Vec::new();
-        for (position, source) in sources.iter().enumerate() {
-            let path = format!("<pattern {position}>");
-            match casm_parser::library::parse_pattern_str(source, Path::new(&path)) {
-                Ok(pattern) => patterns.push(pattern),
-                Err(error) => errors.push(format!("pattern {position}: {}", error.render())),
-            }
-        }
-
-        Self { patterns, errors }
+        Default::default() /* ~ changed by cargo-mutants ~ */
     }
 }
 
 /// A rendered diagram, or the reason there is none.
 #[derive(Debug, Serialize)]
 #[serde(rename_all = "camelCase")]
 pub struct RenderResult {
     /// `true` if a diagram was produced.


*** /home/srinivasan/.rustup/toolchains/nightly-x86_64-unknown-linux-gnu/bin/cargo test --no-run --verbose --package=casm-wasm@0.3.0
       Fresh unicode-ident v1.0.24
       Fresh version_check v0.9.5
       Fresh typenum v1.20.1
       Fresh cfg-if v1.0.4
       Fresh equivalent v1.0.2
       Fresh proc-macro2 v1.0.107
       Fresh hashbrown v0.17.1
       Fresh quote v1.0.47
       Fresh serde_core v1.0.229
       Fresh libc v0.2.189
       Fresh syn v3.0.3
       Fresh generic-array v0.14.7
       Fresh indexmap v2.14.0
       Fresh getrandom v0.4.3
       Fresh keccak v0.1.6
       Fresh semver v1.0.28
       Fresh serde_derive v1.0.229
       Fresh crypto-common v0.1.7
       Fresh block-buffer v0.10.4
       Fresh thiserror-impl v2.0.19
       Fresh uuid v1.24.0
       Fresh itoa v1.0.18
       Fresh zmij v1.0.23
       Fresh digest v0.10.7
       Fresh serde v1.0.229
       Fresh thiserror v2.0.19
       Fresh memchr v2.8.3
       Fresh rustversion v1.0.23
       Fresh wasm-bindgen-shared v0.2.126
       Fresh syn v2.0.119
       Fresh bumpalo v3.20.3
       Fresh sha3 v0.10.9
       Fresh serde_json v1.0.151
       Fresh foldhash v0.1.5
       Fresh winnow v1.0.4
       Fresh wasm-bindgen-macro-support v0.2.126
       Fresh toml_datetime v0.7.5+spec-1.1.0
       Fresh serde_spanned v1.1.1
       Fresh ryu v1.0.23
       Fresh casm-core v0.3.0 (/tmp/cargo-mutants-casm-Mdd4Ys.tmp/crates/casm-core)
       Fresh hashbrown v0.15.5
       Fresh toml_parser v1.1.3+spec-1.1.0
       Fresh fixedbitset v0.5.7
       Fresh toml_writer v1.1.2+spec-1.1.0
       Fresh winnow v0.7.15
       Fresh unsafe-libyaml v0.2.11
       Fresh wasm-bindgen-macro v0.2.126
       Fresh toml v0.9.12+spec-1.1.0
       Fresh serde_yaml_ng v0.10.0
       Fresh petgraph v0.8.3
       Fresh once_cell v1.21.4
       Fresh casm-renderer v0.3.0 (/tmp/cargo-mutants-casm-Mdd4Ys.tmp/crates/casm-renderer)
       Fresh casm-diff v0.3.0 (/tmp/cargo-mutants-casm-Mdd4Ys.tmp/crates/casm-diff)
       Fresh casm-validator v0.3.0 (/tmp/cargo-mutants-casm-Mdd4Ys.tmp/crates/casm-validator)
       Fresh wasm-bindgen v0.2.126
       Fresh casm-parser v0.3.0 (/tmp/cargo-mutants-casm-Mdd4Ys.tmp/crates/casm-parser)
       Fresh casm-lsp v0.3.0 (/tmp/cargo-mutants-casm-Mdd4Ys.tmp/crates/casm-lsp)
       Fresh console_error_panic_hook v0.1.7
       Dirty casm-wasm v0.3.0 (/tmp/cargo-mutants-casm-Mdd4Ys.tmp/crates/casm-wasm): the file `crates/casm-wasm/src/api.rs` has changed (1785933451.237775420s, 11s after last build at 1785933440.579535116s)
   Compiling casm-wasm v0.3.0 (/tmp/cargo-mutants-casm-Mdd4Ys.tmp/crates/casm-wasm)
     Running `/home/srinivasan/.rustup/toolchains/nightly-x86_64-unknown-linux-gnu/bin/rustc --crate-name casm_wasm --edition=2024 crates/casm-wasm/src/lib.rs --error-format=json --json=diagnostic-rendered-ansi,artifacts,future-incompat --crate-type cdylib --crate-type rlib --emit=dep-info,link -C embed-bitcode=no -C debuginfo=2 --warn=rust_2018_idioms '--warn=clippy::pedantic' '--warn=clippy::unwrap_used' --forbid=unsafe_code --warn=unreachable_pub '--warn=clippy::too_many_lines' '--allow=clippy::struct_field_names' '--warn=clippy::panic' '--allow=clippy::must_use_candidate' '--allow=clippy::module_name_repetitions' '--allow=clippy::missing_errors_doc' --warn=missing_docs '--warn=clippy::indexing_slicing' '--warn=clippy::expect_used' '--warn=clippy::cognitive_complexity' --check-cfg 'cfg(docsrs,test)' --check-cfg 'cfg(feature, values())' -C metadata=f02c942c99b81ee1 --out-dir /tmp/cargo-mutants-casm-Mdd4Ys.tmp/target/debug/deps -C incremental=/tmp/cargo-mutants-casm-Mdd4Ys.tmp/target/debug/incremental -L dependency=/tmp/cargo-mutants-casm-Mdd4Ys.tmp/target/debug/deps --extern casm_core=/tmp/cargo-mutants-casm-Mdd4Ys.tmp/target/debug/deps/libcasm_core-38ab8f9cc5cbd294.rlib --extern casm_diff=/tmp/cargo-mutants-casm-Mdd4Ys.tmp/target/debug/deps/libcasm_diff-56c79fc9dd0a1770.rlib --extern casm_lsp=/tmp/cargo-mutants-casm-Mdd4Ys.tmp/target/debug/deps/libcasm_lsp-f7ce6eddbc2a330b.rlib --extern casm_parser=/tmp/cargo-mutants-casm-Mdd4Ys.tmp/target/debug/deps/libcasm_parser-fd164bd7983e49b3.rlib --extern casm_renderer=/tmp/cargo-mutants-casm-Mdd4Ys.tmp/target/debug/deps/libcasm_renderer-1fcb935038db35cd.rlib --extern casm_validator=/tmp/cargo-mutants-casm-Mdd4Ys.tmp/target/debug/deps/libcasm_validator-63cf8602d2e097be.rlib --extern console_error_panic_hook=/tmp/cargo-mutants-casm-Mdd4Ys.tmp/target/debug/deps/libconsole_error_panic_hook-2dec12b9e293d1bc.rlib --extern serde=/tmp/cargo-mutants-casm-Mdd4Ys.tmp/target/debug/deps/libserde-6e908f11f9b7bd1f.rlib --extern serde_json=/tmp/cargo-mutants-casm-Mdd4Ys.tmp/target/debug/deps/libserde_json-8ada6c1221654e94.rlib --extern wasm_bindgen=/tmp/cargo-mutants-casm-Mdd4Ys.tmp/target/debug/deps/libwasm_bindgen-aa14faa7e38fb98e.rlib --verbose`
     Running `/home/srinivasan/.rustup/toolchains/nightly-x86_64-unknown-linux-gnu/bin/rustc --crate-name casm_wasm --edition=2024 crates/casm-wasm/src/lib.rs --error-format=json --json=diagnostic-rendered-ansi,artifacts,future-incompat --emit=dep-info,link -C embed-bitcode=no -C debuginfo=2 --warn=rust_2018_idioms '--warn=clippy::pedantic' '--warn=clippy::unwrap_used' --forbid=unsafe_code --warn=unreachable_pub '--warn=clippy::too_many_lines' '--allow=clippy::struct_field_names' '--warn=clippy::panic' '--allow=clippy::must_use_candidate' '--allow=clippy::module_name_repetitions' '--allow=clippy::missing_errors_doc' --warn=missing_docs '--warn=clippy::indexing_slicing' '--warn=clippy::expect_used' '--warn=clippy::cognitive_complexity' --test --check-cfg 'cfg(docsrs,test)' --check-cfg 'cfg(feature, values())' -C metadata=9e26f585e305cb89 -C extra-filename=-3c0908bfd81efa80 --out-dir /tmp/cargo-mutants-casm-Mdd4Ys.tmp/target/debug/deps -C incremental=/tmp/cargo-mutants-casm-Mdd4Ys.tmp/target/debug/incremental -L dependency=/tmp/cargo-mutants-casm-Mdd4Ys.tmp/target/debug/deps --extern casm_core=/tmp/cargo-mutants-casm-Mdd4Ys.tmp/target/debug/deps/libcasm_core-38ab8f9cc5cbd294.rlib --extern casm_diff=/tmp/cargo-mutants-casm-Mdd4Ys.tmp/target/debug/deps/libcasm_diff-56c79fc9dd0a1770.rlib --extern casm_lsp=/tmp/cargo-mutants-casm-Mdd4Ys.tmp/target/debug/deps/libcasm_lsp-f7ce6eddbc2a330b.rlib --extern casm_parser=/tmp/cargo-mutants-casm-Mdd4Ys.tmp/target/debug/deps/libcasm_parser-fd164bd7983e49b3.rlib --extern casm_renderer=/tmp/cargo-mutants-casm-Mdd4Ys.tmp/target/debug/deps/libcasm_renderer-1fcb935038db35cd.rlib --extern casm_validator=/tmp/cargo-mutants-casm-Mdd4Ys.tmp/target/debug/deps/libcasm_validator-63cf8602d2e097be.rlib --extern console_error_panic_hook=/tmp/cargo-mutants-casm-Mdd4Ys.tmp/target/debug/deps/libconsole_error_panic_hook-2dec12b9e293d1bc.rlib --extern serde=/tmp/cargo-mutants-casm-Mdd4Ys.tmp/target/debug/deps/libserde-6e908f11f9b7bd1f.rlib --extern serde_json=/tmp/cargo-mutants-casm-Mdd4Ys.tmp/target/debug/deps/libserde_json-8ada6c1221654e94.rlib --extern wasm_bindgen=/tmp/cargo-mutants-casm-Mdd4Ys.tmp/target/debug/deps/libwasm_bindgen-aa14faa7e38fb98e.rlib --verbose`
error[E0277]: the trait bound `api::Library: Default` is not satisfied
   --> crates/casm-wasm/src/api.rs:202:9
    |
202 |         Default::default() /* ~ changed by cargo-mutants ~ */
    |         ^^^^^^^^^^^^^^^^^^ the trait `Default` is not implemented for `api::Library`
    |
help: consider annotating `api::Library` with `#[derive(Default)]`
    |
191 + #[derive(Default)]
192 | struct Library {
    |

For more information about this error, try `rustc --explain E0277`.
error: could not compile `casm-wasm` (lib) due to 1 previous error

Caused by:
  process didn't exit successfully: `/home/srinivasan/.rustup/toolchains/nightly-x86_64-unknown-linux-gnu/bin/rustc --crate-name casm_wasm --edition=2024 crates/casm-wasm/src/lib.rs --error-format=json --json=diagnostic-rendered-ansi,artifacts,future-incompat --crate-type cdylib --crate-type rlib --emit=dep-info,link -C embed-bitcode=no -C debuginfo=2 --warn=rust_2018_idioms '--warn=clippy::pedantic' '--warn=clippy::unwrap_used' --forbid=unsafe_code --warn=unreachable_pub '--warn=clippy::too_many_lines' '--allow=clippy::struct_field_names' '--warn=clippy::panic' '--allow=clippy::must_use_candidate' '--allow=clippy::module_name_repetitions' '--allow=clippy::missing_errors_doc' --warn=missing_docs '--warn=clippy::indexing_slicing' '--warn=clippy::expect_used' '--warn=clippy::cognitive_complexity' --check-cfg 'cfg(docsrs,test)' --check-cfg 'cfg(feature, values())' -C metadata=f02c942c99b81ee1 --out-dir /tmp/cargo-mutants-casm-Mdd4Ys.tmp/target/debug/deps -C incremental=/tmp/cargo-mutants-casm-Mdd4Ys.tmp/target/debug/incremental -L dependency=/tmp/cargo-mutants-casm-Mdd4Ys.tmp/target/debug/deps --extern casm_core=/tmp/cargo-mutants-casm-Mdd4Ys.tmp/target/debug/deps/libcasm_core-38ab8f9cc5cbd294.rlib --extern casm_diff=/tmp/cargo-mutants-casm-Mdd4Ys.tmp/target/debug/deps/libcasm_diff-56c79fc9dd0a1770.rlib --extern casm_lsp=/tmp/cargo-mutants-casm-Mdd4Ys.tmp/target/debug/deps/libcasm_lsp-f7ce6eddbc2a330b.rlib --extern casm_parser=/tmp/cargo-mutants-casm-Mdd4Ys.tmp/target/debug/deps/libcasm_parser-fd164bd7983e49b3.rlib --extern casm_renderer=/tmp/cargo-mutants-casm-Mdd4Ys.tmp/target/debug/deps/libcasm_renderer-1fcb935038db35cd.rlib --extern casm_validator=/tmp/cargo-mutants-casm-Mdd4Ys.tmp/target/debug/deps/libcasm_validator-63cf8602d2e097be.rlib --extern console_error_panic_hook=/tmp/cargo-mutants-casm-Mdd4Ys.tmp/target/debug/deps/libconsole_error_panic_hook-2dec12b9e293d1bc.rlib --extern serde=/tmp/cargo-mutants-casm-Mdd4Ys.tmp/target/debug/deps/libserde-6e908f11f9b7bd1f.rlib --extern serde_json=/tmp/cargo-mutants-casm-Mdd4Ys.tmp/target/debug/deps/libserde_json-8ada6c1221654e94.rlib --extern wasm_bindgen=/tmp/cargo-mutants-casm-Mdd4Ys.tmp/target/debug/deps/libwasm_bindgen-aa14faa7e38fb98e.rlib --verbose` (exit status: 1)
warning: build failed, waiting for other jobs to finish...
error: could not compile `casm-wasm` (lib test) due to 1 previous error

Caused by:
  process didn't exit successfully: `/home/srinivasan/.rustup/toolchains/nightly-x86_64-unknown-linux-gnu/bin/rustc --crate-name casm_wasm --edition=2024 crates/casm-wasm/src/lib.rs --error-format=json --json=diagnostic-rendered-ansi,artifacts,future-incompat --emit=dep-info,link -C embed-bitcode=no -C debuginfo=2 --warn=rust_2018_idioms '--warn=clippy::pedantic' '--warn=clippy::unwrap_used' --forbid=unsafe_code --warn=unreachable_pub '--warn=clippy::too_many_lines' '--allow=clippy::struct_field_names' '--warn=clippy::panic' '--allow=clippy::must_use_candidate' '--allow=clippy::module_name_repetitions' '--allow=clippy::missing_errors_doc' --warn=missing_docs '--warn=clippy::indexing_slicing' '--warn=clippy::expect_used' '--warn=clippy::cognitive_complexity' --test --check-cfg 'cfg(docsrs,test)' --check-cfg 'cfg(feature, values())' -C metadata=9e26f585e305cb89 -C extra-filename=-3c0908bfd81efa80 --out-dir /tmp/cargo-mutants-casm-Mdd4Ys.tmp/target/debug/deps -C incremental=/tmp/cargo-mutants-casm-Mdd4Ys.tmp/target/debug/incremental -L dependency=/tmp/cargo-mutants-casm-Mdd4Ys.tmp/target/debug/deps --extern casm_core=/tmp/cargo-mutants-casm-Mdd4Ys.tmp/target/debug/deps/libcasm_core-38ab8f9cc5cbd294.rlib --extern casm_diff=/tmp/cargo-mutants-casm-Mdd4Ys.tmp/target/debug/deps/libcasm_diff-56c79fc9dd0a1770.rlib --extern casm_lsp=/tmp/cargo-mutants-casm-Mdd4Ys.tmp/target/debug/deps/libcasm_lsp-f7ce6eddbc2a330b.rlib --extern casm_parser=/tmp/cargo-mutants-casm-Mdd4Ys.tmp/target/debug/deps/libcasm_parser-fd164bd7983e49b3.rlib --extern casm_renderer=/tmp/cargo-mutants-casm-Mdd4Ys.tmp/target/debug/deps/libcasm_renderer-1fcb935038db35cd.rlib --extern casm_validator=/tmp/cargo-mutants-casm-Mdd4Ys.tmp/target/debug/deps/libcasm_validator-63cf8602d2e097be.rlib --extern console_error_panic_hook=/tmp/cargo-mutants-casm-Mdd4Ys.tmp/target/debug/deps/libconsole_error_panic_hook-2dec12b9e293d1bc.rlib --extern serde=/tmp/cargo-mutants-casm-Mdd4Ys.tmp/target/debug/deps/libserde-6e908f11f9b7bd1f.rlib --extern serde_json=/tmp/cargo-mutants-casm-Mdd4Ys.tmp/target/debug/deps/libserde_json-8ada6c1221654e94.rlib --extern wasm_bindgen=/tmp/cargo-mutants-casm-Mdd4Ys.tmp/target/debug/deps/libwasm_bindgen-aa14faa7e38fb98e.rlib --verbose` (exit status: 1)

*** result: Failure(101)
