
*** crates/casm-parser/src/document.rs:329:9: replace RelationshipDoc::resolve -> Result<Relationship, ParseError> with Ok(Default::default())

*** mutation diff:
--- crates/casm-parser/src/document.rs
+++ replace RelationshipDoc::resolve -> Result<Relationship, ParseError> with Ok(Default::default())
@@ -321,43 +321,17 @@
     /// Controls governing this edge.
     #[serde(default, skip_serializing_if = "Vec::is_empty")]
     pub controls: Vec<ControlDoc>,
 }
 
 impl RelationshipDoc {
     /// Resolves this document fragment into a validated [`Relationship`].
     fn resolve(&self, path: &Path, index: &NodeIndex<'_>) -> Result<Relationship, ParseError> {
-        let source = index.resolve(&self.source, "source", path)?;
-        let target = index.resolve(&self.target, "target", path)?;
-
-        let mut config = RelationshipConfig::new()
-            .source(source)
-            .target(target)
-            .relationship_type(self.relationship_type);
-
-        if let Some(protocol) = &self.protocol {
-            config = config.protocol(protocol.clone());
-        }
-        if let Some(description) = &self.description {
-            config = config.description(description.clone());
-        }
-        if let Some(budget) = self.latency_budget_ms {
-            config = config.latency_budget_ms(budget);
-        }
-        let owner = format!("relationship '{}' -> '{}'", self.source, self.target);
-        for control in &self.controls {
-            config = config.control(control.resolve(path, &owner)?);
-        }
-
-        config.build().map_err(|error| ParseError::Semantic {
-            path: path.to_path_buf(),
-            message: format!("{owner}: {error}"),
-            suggestion: None,
-        })
+        Ok(Default::default()) /* ~ changed by cargo-mutants ~ */
     }
 
     /// Renders a validated [`Relationship`] back into authoring form.
     ///
     /// Endpoints are emitted as **names** rather than ids, because that is what a human
     /// would have written and what keeps a round-tripped file reviewable in a diff.
     fn from_relationship(relationship: &Relationship, architecture: &Architecture) -> Self {
         let name_of = |id: NodeId| {


*** /home/srinivasan/.rustup/toolchains/nightly-x86_64-unknown-linux-gnu/bin/cargo test --no-run --verbose --package=casm-parser@0.3.0
    Blocking waiting for file lock on package cache
    Blocking waiting for file lock on package cache
       Fresh cfg-if v1.0.4
       Fresh unicode-ident v1.0.24
       Fresh version_check v0.9.5
       Fresh typenum v1.20.1
       Fresh libc v0.2.189
       Fresh serde_core v1.0.229
       Fresh proc-macro2 v1.0.107
       Fresh getrandom v0.4.3
       Fresh equivalent v1.0.2
       Fresh quote v1.0.47
       Fresh generic-array v0.14.7
       Fresh getrandom v0.3.4
       Fresh hashbrown v0.17.1
       Fresh autocfg v1.5.1
       Fresh linux-raw-sys v0.12.1
       Fresh syn v3.0.3
       Fresh block-buffer v0.10.4
       Fresh crypto-common v0.1.7
       Fresh rand_core v0.9.5
       Fresh bitflags v2.13.1
       Fresh indexmap v2.14.0
       Fresh serde_derive v1.0.229
       Fresh digest v0.10.7
       Fresh rustix v1.1.4
       Fresh thiserror-impl v2.0.19
       Fresh zerocopy v0.8.55
       Fresh itoa v1.0.18
       Fresh winnow v1.0.4
       Fresh fastrand v2.5.0
       Fresh serde v1.0.229
       Fresh once_cell v1.21.4
       Fresh keccak v0.1.6
       Fresh ppv-lite86 v0.2.21
       Fresh toml_parser v1.1.3+spec-1.1.0
       Fresh thiserror v2.0.19
       Fresh zmij v1.0.23
       Fresh tempfile v3.27.0
       Fresh sha3 v0.10.9
       Fresh uuid v1.24.0
       Fresh toml_datetime v0.7.5+spec-1.1.0
       Fresh semver v1.0.28
       Fresh serde_spanned v1.1.1
       Fresh wait-timeout v0.2.1
       Fresh toml_writer v1.1.2+spec-1.1.0
       Fresh memchr v2.8.3
       Fresh ryu v1.0.23
       Fresh unsafe-libyaml v0.2.11
       Fresh fnv v1.0.7
       Fresh winnow v0.7.15
       Fresh bit-vec v0.8.0
       Fresh quick-error v1.2.3
       Fresh serde_json v1.0.151
       Fresh casm-core v0.3.0 (/tmp/cargo-mutants-casm-Pqa4EZ.tmp/crates/casm-core)
       Fresh num-traits v0.2.19
       Fresh serde_yaml_ng v0.10.0
       Fresh rusty-fork v0.3.1
       Fresh toml v0.9.12+spec-1.1.0
       Fresh bit-set v0.8.0
       Fresh rand_chacha v0.9.0
       Fresh rand_xorshift v0.4.0
       Fresh rand v0.9.5
       Fresh unarray v0.1.4
       Fresh regex-syntax v0.8.11
       Fresh proptest v1.11.0
       Dirty casm-parser v0.3.0 (/tmp/cargo-mutants-casm-Pqa4EZ.tmp/crates/casm-parser): couldn't read metadata for file `target/debug/deps/libcasm_parser-327bf4b87971bca8.rlib`
   Compiling casm-parser v0.3.0 (/tmp/cargo-mutants-casm-Pqa4EZ.tmp/crates/casm-parser)
     Running `/home/srinivasan/.rustup/toolchains/nightly-x86_64-unknown-linux-gnu/bin/rustc --crate-name casm_parser --edition=2024 crates/casm-parser/src/lib.rs --error-format=json --json=diagnostic-rendered-ansi,artifacts,future-incompat --crate-type lib --emit=dep-info,metadata,link -C embed-bitcode=no -C debuginfo=2 --warn=rust_2018_idioms '--warn=clippy::pedantic' '--warn=clippy::unwrap_used' --forbid=unsafe_code --warn=unreachable_pub '--warn=clippy::too_many_lines' '--allow=clippy::struct_field_names' '--warn=clippy::panic' '--allow=clippy::must_use_candidate' '--allow=clippy::module_name_repetitions' '--allow=clippy::missing_errors_doc' --warn=missing_docs '--warn=clippy::indexing_slicing' '--warn=clippy::expect_used' '--warn=clippy::cognitive_complexity' --check-cfg 'cfg(docsrs,test)' --check-cfg 'cfg(feature, values())' -C metadata=446d2155f71a3e56 -C extra-filename=-327bf4b87971bca8 --out-dir /tmp/cargo-mutants-casm-Pqa4EZ.tmp/target/debug/deps -C incremental=/tmp/cargo-mutants-casm-Pqa4EZ.tmp/target/debug/incremental -L dependency=/tmp/cargo-mutants-casm-Pqa4EZ.tmp/target/debug/deps --extern casm_core=/tmp/cargo-mutants-casm-Pqa4EZ.tmp/target/debug/deps/libcasm_core-be5421d115bf4420.rmeta --extern serde=/tmp/cargo-mutants-casm-Pqa4EZ.tmp/target/debug/deps/libserde-2119863ca5860397.rmeta --extern serde_json=/tmp/cargo-mutants-casm-Pqa4EZ.tmp/target/debug/deps/libserde_json-8ada6c1221654e94.rmeta --extern serde_yaml_ng=/tmp/cargo-mutants-casm-Pqa4EZ.tmp/target/debug/deps/libserde_yaml_ng-716dab26a9d53256.rmeta --extern thiserror=/tmp/cargo-mutants-casm-Pqa4EZ.tmp/target/debug/deps/libthiserror-6c739655cb578a90.rmeta --extern toml=/tmp/cargo-mutants-casm-Pqa4EZ.tmp/target/debug/deps/libtoml-c5208f55489b08fa.rmeta --verbose`
     Running `/home/srinivasan/.rustup/toolchains/nightly-x86_64-unknown-linux-gnu/bin/rustc --crate-name casm_parser --edition=2024 crates/casm-parser/src/lib.rs --error-format=json --json=diagnostic-rendered-ansi,artifacts,future-incompat --emit=dep-info,link -C embed-bitcode=no -C debuginfo=2 --warn=rust_2018_idioms '--warn=clippy::pedantic' '--warn=clippy::unwrap_used' --forbid=unsafe_code --warn=unreachable_pub '--warn=clippy::too_many_lines' '--allow=clippy::struct_field_names' '--warn=clippy::panic' '--allow=clippy::must_use_candidate' '--allow=clippy::module_name_repetitions' '--allow=clippy::missing_errors_doc' --warn=missing_docs '--warn=clippy::indexing_slicing' '--warn=clippy::expect_used' '--warn=clippy::cognitive_complexity' --test --check-cfg 'cfg(docsrs,test)' --check-cfg 'cfg(feature, values())' -C metadata=655edf18454c8fb3 -C extra-filename=-0b4829f50063ece5 --out-dir /tmp/cargo-mutants-casm-Pqa4EZ.tmp/target/debug/deps -C incremental=/tmp/cargo-mutants-casm-Pqa4EZ.tmp/target/debug/incremental -L dependency=/tmp/cargo-mutants-casm-Pqa4EZ.tmp/target/debug/deps --extern casm_core=/tmp/cargo-mutants-casm-Pqa4EZ.tmp/target/debug/deps/libcasm_core-be5421d115bf4420.rlib --extern proptest=/tmp/cargo-mutants-casm-Pqa4EZ.tmp/target/debug/deps/libproptest-9bb8168c60fe8945.rlib --extern serde=/tmp/cargo-mutants-casm-Pqa4EZ.tmp/target/debug/deps/libserde-2119863ca5860397.rlib --extern serde_json=/tmp/cargo-mutants-casm-Pqa4EZ.tmp/target/debug/deps/libserde_json-8ada6c1221654e94.rlib --extern serde_yaml_ng=/tmp/cargo-mutants-casm-Pqa4EZ.tmp/target/debug/deps/libserde_yaml_ng-716dab26a9d53256.rlib --extern thiserror=/tmp/cargo-mutants-casm-Pqa4EZ.tmp/target/debug/deps/libthiserror-6c739655cb578a90.rlib --extern toml=/tmp/cargo-mutants-casm-Pqa4EZ.tmp/target/debug/deps/libtoml-c5208f55489b08fa.rlib --verbose`
warning: unused import: `RelationshipConfig`
  --> crates/casm-parser/src/document.rs:47:71
   |
47 |     NodeConfig, NodeId, NodeType, PatternRef, Protocol, Relationship, RelationshipConfig,
   |                                                                       ^^^^^^^^^^^^^^^^^^
   |
   = note: `#[warn(unused_imports)]` (part of `#[warn(unused)]`) on by default

error[E0277]: the trait bound `casm_core::Relationship: Default` is not satisfied
   --> crates/casm-parser/src/document.rs:329:12
    |
329 |         Ok(Default::default()) /* ~ changed by cargo-mutants ~ */
    |            ^^^^^^^^^^^^^^^^^^ the trait `Default` is not implemented for `casm_core::Relationship`

For more information about this error, try `rustc --explain E0277`.
warning: `casm-parser` (lib) generated 1 warning
error: could not compile `casm-parser` (lib) due to 1 previous error; 1 warning emitted

Caused by:
  process didn't exit successfully: `/home/srinivasan/.rustup/toolchains/nightly-x86_64-unknown-linux-gnu/bin/rustc --crate-name casm_parser --edition=2024 crates/casm-parser/src/lib.rs --error-format=json --json=diagnostic-rendered-ansi,artifacts,future-incompat --crate-type lib --emit=dep-info,metadata,link -C embed-bitcode=no -C debuginfo=2 --warn=rust_2018_idioms '--warn=clippy::pedantic' '--warn=clippy::unwrap_used' --forbid=unsafe_code --warn=unreachable_pub '--warn=clippy::too_many_lines' '--allow=clippy::struct_field_names' '--warn=clippy::panic' '--allow=clippy::must_use_candidate' '--allow=clippy::module_name_repetitions' '--allow=clippy::missing_errors_doc' --warn=missing_docs '--warn=clippy::indexing_slicing' '--warn=clippy::expect_used' '--warn=clippy::cognitive_complexity' --check-cfg 'cfg(docsrs,test)' --check-cfg 'cfg(feature, values())' -C metadata=446d2155f71a3e56 -C extra-filename=-327bf4b87971bca8 --out-dir /tmp/cargo-mutants-casm-Pqa4EZ.tmp/target/debug/deps -C incremental=/tmp/cargo-mutants-casm-Pqa4EZ.tmp/target/debug/incremental -L dependency=/tmp/cargo-mutants-casm-Pqa4EZ.tmp/target/debug/deps --extern casm_core=/tmp/cargo-mutants-casm-Pqa4EZ.tmp/target/debug/deps/libcasm_core-be5421d115bf4420.rmeta --extern serde=/tmp/cargo-mutants-casm-Pqa4EZ.tmp/target/debug/deps/libserde-2119863ca5860397.rmeta --extern serde_json=/tmp/cargo-mutants-casm-Pqa4EZ.tmp/target/debug/deps/libserde_json-8ada6c1221654e94.rmeta --extern serde_yaml_ng=/tmp/cargo-mutants-casm-Pqa4EZ.tmp/target/debug/deps/libserde_yaml_ng-716dab26a9d53256.rmeta --extern thiserror=/tmp/cargo-mutants-casm-Pqa4EZ.tmp/target/debug/deps/libthiserror-6c739655cb578a90.rmeta --extern toml=/tmp/cargo-mutants-casm-Pqa4EZ.tmp/target/debug/deps/libtoml-c5208f55489b08fa.rmeta --verbose` (exit status: 1)
warning: build failed, waiting for other jobs to finish...
warning: `casm-parser` (lib test) generated 1 warning (1 duplicate)
error: could not compile `casm-parser` (lib test) due to 1 previous error; 1 warning emitted

Caused by:
  process didn't exit successfully: `/home/srinivasan/.rustup/toolchains/nightly-x86_64-unknown-linux-gnu/bin/rustc --crate-name casm_parser --edition=2024 crates/casm-parser/src/lib.rs --error-format=json --json=diagnostic-rendered-ansi,artifacts,future-incompat --emit=dep-info,link -C embed-bitcode=no -C debuginfo=2 --warn=rust_2018_idioms '--warn=clippy::pedantic' '--warn=clippy::unwrap_used' --forbid=unsafe_code --warn=unreachable_pub '--warn=clippy::too_many_lines' '--allow=clippy::struct_field_names' '--warn=clippy::panic' '--allow=clippy::must_use_candidate' '--allow=clippy::module_name_repetitions' '--allow=clippy::missing_errors_doc' --warn=missing_docs '--warn=clippy::indexing_slicing' '--warn=clippy::expect_used' '--warn=clippy::cognitive_complexity' --test --check-cfg 'cfg(docsrs,test)' --check-cfg 'cfg(feature, values())' -C metadata=655edf18454c8fb3 -C extra-filename=-0b4829f50063ece5 --out-dir /tmp/cargo-mutants-casm-Pqa4EZ.tmp/target/debug/deps -C incremental=/tmp/cargo-mutants-casm-Pqa4EZ.tmp/target/debug/incremental -L dependency=/tmp/cargo-mutants-casm-Pqa4EZ.tmp/target/debug/deps --extern casm_core=/tmp/cargo-mutants-casm-Pqa4EZ.tmp/target/debug/deps/libcasm_core-be5421d115bf4420.rlib --extern proptest=/tmp/cargo-mutants-casm-Pqa4EZ.tmp/target/debug/deps/libproptest-9bb8168c60fe8945.rlib --extern serde=/tmp/cargo-mutants-casm-Pqa4EZ.tmp/target/debug/deps/libserde-2119863ca5860397.rlib --extern serde_json=/tmp/cargo-mutants-casm-Pqa4EZ.tmp/target/debug/deps/libserde_json-8ada6c1221654e94.rlib --extern serde_yaml_ng=/tmp/cargo-mutants-casm-Pqa4EZ.tmp/target/debug/deps/libserde_yaml_ng-716dab26a9d53256.rlib --extern thiserror=/tmp/cargo-mutants-casm-Pqa4EZ.tmp/target/debug/deps/libthiserror-6c739655cb578a90.rlib --extern toml=/tmp/cargo-mutants-casm-Pqa4EZ.tmp/target/debug/deps/libtoml-c5208f55489b08fa.rlib --verbose` (exit status: 1)

*** result: Failure(101)
