
*** crates/casm-diff/src/drift.rs:154:5: replace terraform_type -> Option<NodeType> with Some(Default::default())

*** mutation diff:
--- crates/casm-diff/src/drift.rs
+++ replace terraform_type -> Option<NodeType> with Some(Default::default())
@@ -146,60 +146,17 @@
 
 /// Maps a Terraform resource type onto a CASIMIR node type.
 ///
 /// Deliberately incomplete. An unmapped type yields `None`, which suppresses type-mismatch
 /// reporting for that resource — CASIMIR would rather say nothing than invent a
 /// disagreement from a type it does not understand.
 #[must_use]
 pub fn terraform_type(provider_type: &str) -> Option<NodeType> {
-    match provider_type {
-        "aws_db_instance"
-        | "aws_rds_cluster"
-        | "aws_dynamodb_table"
-        | "google_sql_database_instance"
-        | "google_spanner_database"
-        | "azurerm_postgresql_server"
-        | "azurerm_cosmosdb_account" => Some(NodeType::Database),
-
-        "aws_s3_bucket"
-        | "aws_efs_file_system"
-        | "google_storage_bucket"
-        | "azurerm_storage_account" => Some(NodeType::Storage),
-
-        "aws_sqs_queue"
-        | "aws_sns_topic"
-        | "aws_msk_cluster"
-        | "google_pubsub_topic"
-        | "google_pubsub_subscription"
-        | "azurerm_servicebus_queue" => Some(NodeType::Queue),
-
-        "aws_elasticache_cluster"
-        | "aws_elasticache_replication_group"
-        | "google_redis_instance"
-        | "azurerm_redis_cache" => Some(NodeType::Cache),
-
-        "aws_lb"
-        | "aws_alb"
-        | "aws_api_gateway_rest_api"
-        | "aws_apigatewayv2_api"
-        | "aws_cloudfront_distribution"
-        | "google_compute_global_forwarding_rule"
-        | "azurerm_application_gateway" => Some(NodeType::Gateway),
-
-        "aws_ecs_service"
-        | "aws_lambda_function"
-        | "aws_instance"
-        | "google_cloud_run_service"
-        | "google_cloudfunctions_function"
-        | "kubernetes_deployment"
-        | "azurerm_linux_web_app" => Some(NodeType::Service),
-
-        _ => None,
-    }
+    Some(Default::default()) /* ~ changed by cargo-mutants ~ */
 }
 
 /// One way the declared architecture and reality disagree.
 #[derive(Clone, Debug, PartialEq, Eq, Serialize, Deserialize)]
 #[serde(rename_all = "kebab-case", tag = "drift")]
 // Not `#[non_exhaustive]`, per ADR-0005.
 pub enum Drift {
     /// The architecture declares a node that the inventory does not contain.


*** /home/srinivasan/.rustup/toolchains/nightly-x86_64-unknown-linux-gnu/bin/cargo test --no-run --verbose --package=casm-diff@0.3.0
    Blocking waiting for file lock on package cache
    Blocking waiting for file lock on package cache
       Fresh serde_core v1.0.229
       Fresh unicode-ident v1.0.24
       Fresh proc-macro2 v1.0.107
       Fresh version_check v0.9.5
       Fresh quote v1.0.47
       Fresh syn v3.0.3
       Fresh typenum v1.20.1
       Fresh generic-array v0.14.7
       Fresh libc v0.2.189
       Fresh crypto-common v0.1.7
       Fresh block-buffer v0.10.4
       Fresh serde_derive v1.0.229
       Fresh equivalent v1.0.2
       Fresh hashbrown v0.17.1
       Fresh cfg-if v1.0.4
       Fresh getrandom v0.4.3
       Fresh indexmap v2.14.0
       Fresh serde v1.0.229
       Fresh digest v0.10.7
       Fresh thiserror-impl v2.0.19
       Fresh keccak v0.1.6
       Fresh itoa v1.0.18
       Fresh sha3 v0.10.9
       Fresh thiserror v2.0.19
       Fresh zmij v1.0.23
       Fresh uuid v1.24.0
       Fresh semver v1.0.28
       Fresh memchr v2.8.3
       Fresh winnow v1.0.4
       Fresh toml_parser v1.1.3+spec-1.1.0
       Fresh serde_json v1.0.151
       Fresh casm-core v0.3.0 (/tmp/cargo-mutants-casm-Mdd4Ys.tmp/crates/casm-core)
       Fresh serde_spanned v1.1.1
       Fresh toml_datetime v0.7.5+spec-1.1.0
       Fresh winnow v0.7.15
       Fresh toml_writer v1.1.2+spec-1.1.0
       Fresh unsafe-libyaml v0.2.11
       Fresh ryu v1.0.23
       Fresh toml v0.9.12+spec-1.1.0
       Dirty casm-diff v0.3.0 (/tmp/cargo-mutants-casm-Mdd4Ys.tmp/crates/casm-diff): couldn't read metadata for file `target/debug/deps/libcasm_diff-1f5d8f651604cc16.rlib`
   Compiling casm-diff v0.3.0 (/tmp/cargo-mutants-casm-Mdd4Ys.tmp/crates/casm-diff)
       Fresh serde_yaml_ng v0.10.0
       Fresh casm-parser v0.3.0 (/tmp/cargo-mutants-casm-Mdd4Ys.tmp/crates/casm-parser)
     Running `/home/srinivasan/.rustup/toolchains/nightly-x86_64-unknown-linux-gnu/bin/rustc --crate-name casm_diff --edition=2024 crates/casm-diff/src/lib.rs --error-format=json --json=diagnostic-rendered-ansi,artifacts,future-incompat --crate-type lib --emit=dep-info,metadata,link -C embed-bitcode=no -C debuginfo=2 --warn=rust_2018_idioms '--warn=clippy::pedantic' '--warn=clippy::unwrap_used' --forbid=unsafe_code --warn=unreachable_pub '--warn=clippy::too_many_lines' '--allow=clippy::struct_field_names' '--warn=clippy::panic' '--allow=clippy::must_use_candidate' '--allow=clippy::module_name_repetitions' '--allow=clippy::missing_errors_doc' --warn=missing_docs '--warn=clippy::indexing_slicing' '--warn=clippy::expect_used' '--warn=clippy::cognitive_complexity' --check-cfg 'cfg(docsrs,test)' --check-cfg 'cfg(feature, values())' -C metadata=9565f1dc2285fbe6 -C extra-filename=-1f5d8f651604cc16 --out-dir /tmp/cargo-mutants-casm-Mdd4Ys.tmp/target/debug/deps -C incremental=/tmp/cargo-mutants-casm-Mdd4Ys.tmp/target/debug/incremental -L dependency=/tmp/cargo-mutants-casm-Mdd4Ys.tmp/target/debug/deps --extern casm_core=/tmp/cargo-mutants-casm-Mdd4Ys.tmp/target/debug/deps/libcasm_core-0e2727cdb6cb7ba3.rmeta --extern serde=/tmp/cargo-mutants-casm-Mdd4Ys.tmp/target/debug/deps/libserde-2119863ca5860397.rmeta --extern serde_json=/tmp/cargo-mutants-casm-Mdd4Ys.tmp/target/debug/deps/libserde_json-8ada6c1221654e94.rmeta --verbose`
     Running `/home/srinivasan/.rustup/toolchains/nightly-x86_64-unknown-linux-gnu/bin/rustc --crate-name casm_diff --edition=2024 crates/casm-diff/src/lib.rs --error-format=json --json=diagnostic-rendered-ansi,artifacts,future-incompat --emit=dep-info,link -C embed-bitcode=no -C debuginfo=2 --warn=rust_2018_idioms '--warn=clippy::pedantic' '--warn=clippy::unwrap_used' --forbid=unsafe_code --warn=unreachable_pub '--warn=clippy::too_many_lines' '--allow=clippy::struct_field_names' '--warn=clippy::panic' '--allow=clippy::must_use_candidate' '--allow=clippy::module_name_repetitions' '--allow=clippy::missing_errors_doc' --warn=missing_docs '--warn=clippy::indexing_slicing' '--warn=clippy::expect_used' '--warn=clippy::cognitive_complexity' --test --check-cfg 'cfg(docsrs,test)' --check-cfg 'cfg(feature, values())' -C metadata=9dda23a21ebb89cc -C extra-filename=-4e10ba2b0fd94d1b --out-dir /tmp/cargo-mutants-casm-Mdd4Ys.tmp/target/debug/deps -C incremental=/tmp/cargo-mutants-casm-Mdd4Ys.tmp/target/debug/incremental -L dependency=/tmp/cargo-mutants-casm-Mdd4Ys.tmp/target/debug/deps --extern casm_core=/tmp/cargo-mutants-casm-Mdd4Ys.tmp/target/debug/deps/libcasm_core-0e2727cdb6cb7ba3.rlib --extern casm_parser=/tmp/cargo-mutants-casm-Mdd4Ys.tmp/target/debug/deps/libcasm_parser-46b061afdef23cde.rlib --extern serde=/tmp/cargo-mutants-casm-Mdd4Ys.tmp/target/debug/deps/libserde-2119863ca5860397.rlib --extern serde_json=/tmp/cargo-mutants-casm-Mdd4Ys.tmp/target/debug/deps/libserde_json-8ada6c1221654e94.rlib --verbose`
error[E0277]: the trait bound `NodeType: Default` is not satisfied
   --> crates/casm-diff/src/drift.rs:154:10
    |
154 |     Some(Default::default()) /* ~ changed by cargo-mutants ~ */
    |          ^^^^^^^^^^^^^^^^^^ the trait `Default` is not implemented for `NodeType`

error[E0277]: the trait bound `casm_core::NodeType: Default` is not satisfied
   --> crates/casm-diff/src/drift.rs:154:10
    |
154 |     Some(Default::default()) /* ~ changed by cargo-mutants ~ */
    |          ^^^^^^^^^^^^^^^^^^ the trait `Default` is not implemented for `casm_core::NodeType`

For more information about this error, try `rustc --explain E0277`.
error: could not compile `casm-diff` (lib) due to 1 previous error

Caused by:
  process didn't exit successfully: `/home/srinivasan/.rustup/toolchains/nightly-x86_64-unknown-linux-gnu/bin/rustc --crate-name casm_diff --edition=2024 crates/casm-diff/src/lib.rs --error-format=json --json=diagnostic-rendered-ansi,artifacts,future-incompat --crate-type lib --emit=dep-info,metadata,link -C embed-bitcode=no -C debuginfo=2 --warn=rust_2018_idioms '--warn=clippy::pedantic' '--warn=clippy::unwrap_used' --forbid=unsafe_code --warn=unreachable_pub '--warn=clippy::too_many_lines' '--allow=clippy::struct_field_names' '--warn=clippy::panic' '--allow=clippy::must_use_candidate' '--allow=clippy::module_name_repetitions' '--allow=clippy::missing_errors_doc' --warn=missing_docs '--warn=clippy::indexing_slicing' '--warn=clippy::expect_used' '--warn=clippy::cognitive_complexity' --check-cfg 'cfg(docsrs,test)' --check-cfg 'cfg(feature, values())' -C metadata=9565f1dc2285fbe6 -C extra-filename=-1f5d8f651604cc16 --out-dir /tmp/cargo-mutants-casm-Mdd4Ys.tmp/target/debug/deps -C incremental=/tmp/cargo-mutants-casm-Mdd4Ys.tmp/target/debug/incremental -L dependency=/tmp/cargo-mutants-casm-Mdd4Ys.tmp/target/debug/deps --extern casm_core=/tmp/cargo-mutants-casm-Mdd4Ys.tmp/target/debug/deps/libcasm_core-0e2727cdb6cb7ba3.rmeta --extern serde=/tmp/cargo-mutants-casm-Mdd4Ys.tmp/target/debug/deps/libserde-2119863ca5860397.rmeta --extern serde_json=/tmp/cargo-mutants-casm-Mdd4Ys.tmp/target/debug/deps/libserde_json-8ada6c1221654e94.rmeta --verbose` (exit status: 1)
warning: build failed, waiting for other jobs to finish...
error: could not compile `casm-diff` (lib test) due to 1 previous error

Caused by:
  process didn't exit successfully: `/home/srinivasan/.rustup/toolchains/nightly-x86_64-unknown-linux-gnu/bin/rustc --crate-name casm_diff --edition=2024 crates/casm-diff/src/lib.rs --error-format=json --json=diagnostic-rendered-ansi,artifacts,future-incompat --emit=dep-info,link -C embed-bitcode=no -C debuginfo=2 --warn=rust_2018_idioms '--warn=clippy::pedantic' '--warn=clippy::unwrap_used' --forbid=unsafe_code --warn=unreachable_pub '--warn=clippy::too_many_lines' '--allow=clippy::struct_field_names' '--warn=clippy::panic' '--allow=clippy::must_use_candidate' '--allow=clippy::module_name_repetitions' '--allow=clippy::missing_errors_doc' --warn=missing_docs '--warn=clippy::indexing_slicing' '--warn=clippy::expect_used' '--warn=clippy::cognitive_complexity' --test --check-cfg 'cfg(docsrs,test)' --check-cfg 'cfg(feature, values())' -C metadata=9dda23a21ebb89cc -C extra-filename=-4e10ba2b0fd94d1b --out-dir /tmp/cargo-mutants-casm-Mdd4Ys.tmp/target/debug/deps -C incremental=/tmp/cargo-mutants-casm-Mdd4Ys.tmp/target/debug/incremental -L dependency=/tmp/cargo-mutants-casm-Mdd4Ys.tmp/target/debug/deps --extern casm_core=/tmp/cargo-mutants-casm-Mdd4Ys.tmp/target/debug/deps/libcasm_core-0e2727cdb6cb7ba3.rlib --extern casm_parser=/tmp/cargo-mutants-casm-Mdd4Ys.tmp/target/debug/deps/libcasm_parser-46b061afdef23cde.rlib --extern serde=/tmp/cargo-mutants-casm-Mdd4Ys.tmp/target/debug/deps/libserde-2119863ca5860397.rlib --extern serde_json=/tmp/cargo-mutants-casm-Mdd4Ys.tmp/target/debug/deps/libserde_json-8ada6c1221654e94.rlib --verbose` (exit status: 1)

*** result: Failure(101)
