
*** crates/casm-parser/src/suggest.rs:89:5: replace closest -> Option<&'a str> with Some("xyzzy")

*** mutation diff:
--- crates/casm-parser/src/suggest.rs
+++ replace closest -> Option<&'a str> with Some("xyzzy")
@@ -81,43 +81,17 @@
 /// [`MAX_PLAUSIBLE_DISTANCE`], or when two candidates tie — an ambiguous suggestion
 /// misleads more than it helps.
 #[must_use]
 pub fn closest<'a, I>(input: &str, candidates: I) -> Option<&'a str>
 where
     I: IntoIterator<Item = &'a str>,
 {
     // Rule 4: bound the work regardless of what the document contains.
-    if input.len() > MAX_NAME_LEN {
-        return None;
-    }
-
-    let mut best: Option<(&'a str, usize)> = None;
-    let mut tied = false;
-
-    for candidate in candidates {
-        let distance = edit_distance(input, candidate);
-
-        match best {
-            Some((_, best_distance)) if distance < best_distance => {
-                best = Some((candidate, distance));
-                tied = false;
-            }
-            Some((_, best_distance)) if distance == best_distance => tied = true,
-            Some(_) => {}
-            None => best = Some((candidate, distance)),
-        }
-    }
-
-    match best {
-        Some((candidate, distance)) if distance <= MAX_PLAUSIBLE_DISTANCE && !tied => {
-            Some(candidate)
-        }
-        _ => None,
-    }
+    Some("xyzzy") /* ~ changed by cargo-mutants ~ */
 }
 
 /// Formats a "did you mean" hint for a misspelled reference.
 #[must_use]
 pub fn did_you_mean(candidate: &str) -> String {
     format!("did you mean `{candidate}`?")
 }
 


*** /home/srinivasan/.rustup/toolchains/nightly-x86_64-unknown-linux-gnu/bin/cargo test --no-run --verbose --package=casm-parser@0.3.0
       Fresh libc v0.2.189
       Fresh cfg-if v1.0.4
       Fresh serde_core v1.0.229
       Fresh unicode-ident v1.0.24
       Fresh proc-macro2 v1.0.107
       Fresh version_check v0.9.5
       Fresh quote v1.0.47
       Fresh syn v3.0.3
       Fresh typenum v1.20.1
       Fresh generic-array v0.14.7
       Fresh getrandom v0.4.3
       Fresh crypto-common v0.1.7
       Fresh getrandom v0.3.4
       Fresh block-buffer v0.10.4
       Fresh rand_core v0.9.5
       Fresh serde_derive v1.0.229
       Fresh autocfg v1.5.1
       Fresh linux-raw-sys v0.12.1
       Fresh hashbrown v0.17.1
       Fresh bitflags v2.13.1
       Fresh equivalent v1.0.2
       Fresh rustix v1.1.4
       Fresh indexmap v2.14.0
       Fresh zerocopy v0.8.55
       Fresh serde v1.0.229
       Fresh digest v0.10.7
       Fresh thiserror-impl v2.0.19
       Fresh winnow v1.0.4
       Fresh fastrand v2.5.0
       Fresh itoa v1.0.18
       Fresh keccak v0.1.6
       Fresh once_cell v1.21.4
       Fresh sha3 v0.10.9
       Fresh toml_parser v1.1.3+spec-1.1.0
       Fresh tempfile v3.27.0
       Fresh thiserror v2.0.19
       Fresh ppv-lite86 v0.2.21
       Fresh zmij v1.0.23
       Fresh uuid v1.24.0
       Fresh toml_datetime v0.7.5+spec-1.1.0
       Fresh serde_spanned v1.1.1
       Fresh semver v1.0.28
       Fresh wait-timeout v0.2.1
       Fresh quick-error v1.2.3
       Fresh bit-vec v0.8.0
       Fresh ryu v1.0.23
       Fresh unsafe-libyaml v0.2.11
       Fresh fnv v1.0.7
       Fresh memchr v2.8.3
       Fresh winnow v0.7.15
       Fresh toml_writer v1.1.2+spec-1.1.0
       Fresh serde_json v1.0.151
       Fresh rusty-fork v0.3.1
       Fresh toml v0.9.12+spec-1.1.0
       Fresh serde_yaml_ng v0.10.0
       Fresh casm-core v0.3.0 (/tmp/cargo-mutants-casm-W5ytYW.tmp/crates/casm-core)
       Fresh bit-set v0.8.0
       Fresh rand_chacha v0.9.0
       Fresh num-traits v0.2.19
       Fresh rand_xorshift v0.4.0
       Fresh rand v0.9.5
       Fresh regex-syntax v0.8.11
       Fresh unarray v0.1.4
       Dirty casm-parser v0.3.0 (/tmp/cargo-mutants-casm-W5ytYW.tmp/crates/casm-parser): the file `crates/casm-parser/src/suggest.rs` has changed (1785933176.704394780s, 1s after last build at 1785933175.115356473s)
   Compiling casm-parser v0.3.0 (/tmp/cargo-mutants-casm-W5ytYW.tmp/crates/casm-parser)
       Fresh proptest v1.11.0
     Running `/home/srinivasan/.rustup/toolchains/nightly-x86_64-unknown-linux-gnu/bin/rustc --crate-name casm_parser --edition=2024 crates/casm-parser/src/lib.rs --error-format=json --json=diagnostic-rendered-ansi,artifacts,future-incompat --emit=dep-info,link -C embed-bitcode=no -C debuginfo=2 --warn=rust_2018_idioms '--warn=clippy::pedantic' '--warn=clippy::unwrap_used' --forbid=unsafe_code --warn=unreachable_pub '--warn=clippy::too_many_lines' '--allow=clippy::struct_field_names' '--warn=clippy::panic' '--allow=clippy::must_use_candidate' '--allow=clippy::module_name_repetitions' '--allow=clippy::missing_errors_doc' --warn=missing_docs '--warn=clippy::indexing_slicing' '--warn=clippy::expect_used' '--warn=clippy::cognitive_complexity' --test --check-cfg 'cfg(docsrs,test)' --check-cfg 'cfg(feature, values())' -C metadata=655edf18454c8fb3 -C extra-filename=-0b4829f50063ece5 --out-dir /tmp/cargo-mutants-casm-W5ytYW.tmp/target/debug/deps -C incremental=/tmp/cargo-mutants-casm-W5ytYW.tmp/target/debug/incremental -L dependency=/tmp/cargo-mutants-casm-W5ytYW.tmp/target/debug/deps --extern casm_core=/tmp/cargo-mutants-casm-W5ytYW.tmp/target/debug/deps/libcasm_core-be5421d115bf4420.rlib --extern proptest=/tmp/cargo-mutants-casm-W5ytYW.tmp/target/debug/deps/libproptest-9bb8168c60fe8945.rlib --extern serde=/tmp/cargo-mutants-casm-W5ytYW.tmp/target/debug/deps/libserde-2119863ca5860397.rlib --extern serde_json=/tmp/cargo-mutants-casm-W5ytYW.tmp/target/debug/deps/libserde_json-8ada6c1221654e94.rlib --extern serde_yaml_ng=/tmp/cargo-mutants-casm-W5ytYW.tmp/target/debug/deps/libserde_yaml_ng-716dab26a9d53256.rlib --extern thiserror=/tmp/cargo-mutants-casm-W5ytYW.tmp/target/debug/deps/libthiserror-6c739655cb578a90.rlib --extern toml=/tmp/cargo-mutants-casm-W5ytYW.tmp/target/debug/deps/libtoml-c5208f55489b08fa.rlib --verbose`
     Running `/home/srinivasan/.rustup/toolchains/nightly-x86_64-unknown-linux-gnu/bin/rustc --crate-name casm_parser --edition=2024 crates/casm-parser/src/lib.rs --error-format=json --json=diagnostic-rendered-ansi,artifacts,future-incompat --crate-type lib --emit=dep-info,metadata,link -C embed-bitcode=no -C debuginfo=2 --warn=rust_2018_idioms '--warn=clippy::pedantic' '--warn=clippy::unwrap_used' --forbid=unsafe_code --warn=unreachable_pub '--warn=clippy::too_many_lines' '--allow=clippy::struct_field_names' '--warn=clippy::panic' '--allow=clippy::must_use_candidate' '--allow=clippy::module_name_repetitions' '--allow=clippy::missing_errors_doc' --warn=missing_docs '--warn=clippy::indexing_slicing' '--warn=clippy::expect_used' '--warn=clippy::cognitive_complexity' --check-cfg 'cfg(docsrs,test)' --check-cfg 'cfg(feature, values())' -C metadata=446d2155f71a3e56 -C extra-filename=-327bf4b87971bca8 --out-dir /tmp/cargo-mutants-casm-W5ytYW.tmp/target/debug/deps -C incremental=/tmp/cargo-mutants-casm-W5ytYW.tmp/target/debug/incremental -L dependency=/tmp/cargo-mutants-casm-W5ytYW.tmp/target/debug/deps --extern casm_core=/tmp/cargo-mutants-casm-W5ytYW.tmp/target/debug/deps/libcasm_core-be5421d115bf4420.rmeta --extern serde=/tmp/cargo-mutants-casm-W5ytYW.tmp/target/debug/deps/libserde-2119863ca5860397.rmeta --extern serde_json=/tmp/cargo-mutants-casm-W5ytYW.tmp/target/debug/deps/libserde_json-8ada6c1221654e94.rmeta --extern serde_yaml_ng=/tmp/cargo-mutants-casm-W5ytYW.tmp/target/debug/deps/libserde_yaml_ng-716dab26a9d53256.rmeta --extern thiserror=/tmp/cargo-mutants-casm-W5ytYW.tmp/target/debug/deps/libthiserror-6c739655cb578a90.rmeta --extern toml=/tmp/cargo-mutants-casm-W5ytYW.tmp/target/debug/deps/libtoml-c5208f55489b08fa.rmeta --verbose`
warning: unused import: `casm_core::MAX_NAME_LEN`
  --> crates/casm-parser/src/suggest.rs:16:5
   |
16 | use casm_core::MAX_NAME_LEN;
   |     ^^^^^^^^^^^^^^^^^^^^^^^
   |
   = note: `#[warn(unused_imports)]` (part of `#[warn(unused)]`) on by default

warning: unused variable: `input`
  --> crates/casm-parser/src/suggest.rs:84:23
   |
84 | pub fn closest<'a, I>(input: &str, candidates: I) -> Option<&'a str>
   |                       ^^^^^ help: if this is intentional, prefix it with an underscore: `_input`
   |
   = note: `#[warn(unused_variables)]` (part of `#[warn(unused)]`) on by default

warning: unused variable: `candidates`
  --> crates/casm-parser/src/suggest.rs:84:36
   |
84 | pub fn closest<'a, I>(input: &str, candidates: I) -> Option<&'a str>
   |                                    ^^^^^^^^^^ help: if this is intentional, prefix it with an underscore: `_candidates`

warning: `casm-parser` (lib) generated 3 warnings (run `cargo fix --lib -p casm-parser` to apply 3 suggestions)
warning: `casm-parser` (lib test) generated 2 warnings (2 duplicates)
    Finished `test` profile [unoptimized + debuginfo] target(s) in 4.05s
  Executable `/tmp/cargo-mutants-casm-W5ytYW.tmp/target/debug/deps/casm_parser-0b4829f50063ece5`

*** result: Success

*** /home/srinivasan/.rustup/toolchains/nightly-x86_64-unknown-linux-gnu/bin/cargo test --verbose --package=casm-parser@0.3.0
       Fresh libc v0.2.189
       Fresh cfg-if v1.0.4
       Fresh serde_core v1.0.229
       Fresh unicode-ident v1.0.24
       Fresh version_check v0.9.5
       Fresh typenum v1.20.1
       Fresh proc-macro2 v1.0.107
       Fresh quote v1.0.47
       Fresh getrandom v0.4.3
       Fresh getrandom v0.3.4
       Fresh bitflags v2.13.1
       Fresh syn v3.0.3
       Fresh generic-array v0.14.7
       Fresh rand_core v0.9.5
       Fresh autocfg v1.5.1
       Fresh equivalent v1.0.2
       Fresh block-buffer v0.10.4
       Fresh crypto-common v0.1.7
       Fresh serde_derive v1.0.229
       Fresh linux-raw-sys v0.12.1
       Fresh hashbrown v0.17.1
       Fresh indexmap v2.14.0
       Fresh serde v1.0.229
       Fresh rustix v1.1.4
       Fresh digest v0.10.7
       Fresh thiserror-impl v2.0.19
       Fresh zerocopy v0.8.55
       Fresh itoa v1.0.18
       Fresh winnow v1.0.4
       Fresh once_cell v1.21.4
       Fresh keccak v0.1.6
       Fresh fastrand v2.5.0
       Fresh toml_parser v1.1.3+spec-1.1.0
       Fresh tempfile v3.27.0
       Fresh sha3 v0.10.9
       Fresh ppv-lite86 v0.2.21
       Fresh thiserror v2.0.19
       Fresh zmij v1.0.23
       Fresh uuid v1.24.0
       Fresh semver v1.0.28
       Fresh toml_datetime v0.7.5+spec-1.1.0
       Fresh serde_spanned v1.1.1
       Fresh wait-timeout v0.2.1
       Fresh unsafe-libyaml v0.2.11
       Fresh toml_writer v1.1.2+spec-1.1.0
       Fresh fnv v1.0.7
       Fresh ryu v1.0.23
       Fresh quick-error v1.2.3
       Fresh memchr v2.8.3
       Fresh bit-vec v0.8.0
       Fresh winnow v0.7.15
       Fresh casm-core v0.3.0 (/tmp/cargo-mutants-casm-W5ytYW.tmp/crates/casm-core)
       Fresh toml v0.9.12+spec-1.1.0
       Fresh serde_yaml_ng v0.10.0
       Fresh bit-set v0.8.0
       Fresh serde_json v1.0.151
       Fresh rusty-fork v0.3.1
       Fresh rand_chacha v0.9.0
       Fresh num-traits v0.2.19
       Fresh rand v0.9.5
       Fresh rand_xorshift v0.4.0
       Fresh unarray v0.1.4
       Fresh regex-syntax v0.8.11
warning: unused import: `casm_core::MAX_NAME_LEN`
  --> crates/casm-parser/src/suggest.rs:16:5
   |
16 | use casm_core::MAX_NAME_LEN;
   |     ^^^^^^^^^^^^^^^^^^^^^^^
   |
   = note: `#[warn(unused_imports)]` (part of `#[warn(unused)]`) on by default

warning: unused variable: `input`
  --> crates/casm-parser/src/suggest.rs:84:23
   |
84 | pub fn closest<'a, I>(input: &str, candidates: I) -> Option<&'a str>
   |                       ^^^^^ help: if this is intentional, prefix it with an underscore: `_input`
   |
   = note: `#[warn(unused_variables)]` (part of `#[warn(unused)]`) on by default

warning: unused variable: `candidates`
  --> crates/casm-parser/src/suggest.rs:84:36
   |
84 | pub fn closest<'a, I>(input: &str, candidates: I) -> Option<&'a str>
   |                                    ^^^^^^^^^^ help: if this is intentional, prefix it with an underscore: `_candidates`

warning: `casm-parser` (lib) generated 3 warnings (run `cargo fix --lib -p casm-parser` to apply 3 suggestions)
       Fresh proptest v1.11.0
       Fresh casm-parser v0.3.0 (/tmp/cargo-mutants-casm-W5ytYW.tmp/crates/casm-parser)
warning: `casm-parser` (lib test) generated 2 warnings (2 duplicates)
    Finished `test` profile [unoptimized + debuginfo] target(s) in 0.22s
     Running `/tmp/cargo-mutants-casm-W5ytYW.tmp/target/debug/deps/casm_parser-0b4829f50063ece5`

running 83 tests
test document::tests::a_malformed_schema_hash_is_refused_with_the_expected_shape ... ok
test document::tests::an_inline_schema_is_hashed_at_parse_time ... ok
test document::tests::an_unresolvable_endpoint_reports_which_end_failed ... FAILED
test document::tests::an_unresolvable_endpoint_omits_a_hint_when_nothing_is_close ... FAILED
test document::tests::emitted_relationships_reference_nodes_by_name ... ok
test document::tests::resolves_endpoints_written_as_names ... ok
test document::tests::duplicate_node_names_surface_as_a_semantic_error ... ok
test document::tests::resolves_endpoints_written_as_ids ... ok
test document::tests::an_explicit_non_v7_id_is_rejected_with_a_hint ... ok
test document::tests::round_trip_preserves_interfaces_and_controls ... ok
test document::tests::round_trip_preserves_the_architecture ... ok
test document::tests::round_trip_preserves_node_ids ... ok
test document::tests::declaring_both_schema_and_schema_hash_is_refused ... ok
test error::tests::render_appends_the_help_line ... ok
test error::tests::location_clamps_zero_to_one ... ok
test error::tests::syntax_errors_lead_with_path_and_position ... ok
test error::tests::location_preserves_real_positions ... ok
test format::tests::extension_matching_is_case_insensitive ... ok
test format::tests::extensions_are_recognised ... ok
test document::tests::resolves_relationships_declared_before_their_nodes ... ok
test format::tests::resolve_prefers_the_extension_over_the_contents ... ok
test error::tests::accessors_agree_with_the_variant ... ok
test format::tests::sniff_detects_json_by_its_opening_brace ... ok
test format::tests::sniff_detects_toml_by_bare_assignment ... ok
test format::tests::sniff_defaults_to_yaml_on_an_empty_document ... ok
test format::tests::sniff_is_not_fooled_by_a_yaml_value_containing_equals ... ok
test format::tests::sniff_detects_toml_by_a_table_header ... ok
test format::tests::resolve_falls_back_to_sniffing_without_an_extension ... ok
test format::tests::sniff_skips_comments_blank_lines_and_document_markers ... ok
test error::tests::render_omits_the_help_line_when_there_is_no_hint ... ok
test format::tests::sniff_treats_yaml_mappings_as_yaml ... ok
test format::tests::unknown_and_absent_extensions_are_unclassified ... ok
test library::tests::a_non_semver_version_is_rejected ... ok
test library::tests::a_pattern_file_may_omit_its_version ... ok
test library::tests::a_missing_directory_reports_the_path_it_tried ... ok
test library::tests::a_wrong_version_is_answered_with_the_versions_that_exist ... ok
test library::tests::a_library_skips_files_that_are_not_architecture_formats ... ok
test library::tests::a_misspelt_name_is_answered_with_the_nearest_one ... FAILED
test library::tests::a_library_refuses_two_definitions_of_the_same_reference ... ok
test library::tests::a_library_loads_every_pattern_file_in_a_directory ... ok
test library::tests::a_pattern_file_parses_into_the_shape_it_describes ... ok
test library::tests::a_relationship_naming_an_undeclared_role_is_rejected_with_a_hint ... FAILED
test library::tests::an_unknown_field_is_rejected_rather_than_silently_ignored ... ok
test suggest::tests::closest_accepts_an_exact_match ... FAILED
test library::tests::an_empty_library_suggests_nothing ... FAILED
test library::tests::two_versions_of_one_pattern_coexist ... ok
test suggest::tests::closest_declines_on_a_tie ... FAILED
test suggest::tests::closest_declines_when_nothing_is_near ... FAILED
test suggest::tests::closest_handles_an_empty_candidate_set ... FAILED
test suggest::tests::closest_refuses_pathologically_long_input ... FAILED
test suggest::tests::distance_handles_multibyte_characters_without_panicking ... ok
test suggest::tests::distance_is_case_insensitive ... ok
test suggest::tests::distance_counts_single_edits ... ok
test suggest::tests::hint_is_formatted_for_a_terminal ... ok
test suggest::tests::closest_finds_an_obvious_typo ... FAILED
test suggest::tests::distance_is_symmetric ... ok
test library::tests::a_pattern_round_trips_through_every_format ... ok
test suggest::tests::distance_is_zero_for_identical_strings ... ok
test tests::a_dangling_endpoint_is_reported_even_with_valid_syntax ... ok
test suggest::tests::distance_handles_empty_strings ... ok
test tests::a_domain_violation_is_semantic_not_syntactic ... ok
test tests::an_unknown_field_suggests_the_nearest_valid_one ... FAILED
test tests::json_syntax_errors_carry_a_position ... ok
test tests::a_self_edge_is_rejected_by_the_core_through_the_parser ... ok
test tests::an_unknown_node_type_suggests_the_nearest_valid_one ... FAILED
test tests::emitted_json_ends_with_a_newline ... ok
test tests::a_typo_in_a_relationship_endpoint_suggests_the_nearest_node ... FAILED
test tests::an_empty_architecture_is_valid ... ok
test tests::emitted_yaml_reparses_to_an_equal_architecture ... ok
test tests::malformed_yaml_reports_a_line_and_column ... ok
test tests::offset_conversion_matches_hand_counted_positions ... ok
test tests::parse_file_reports_a_missing_file_as_io ... ok
test tests::offset_conversion_tolerates_an_out_of_range_offset ... ok
test tests::parses_a_complete_yaml_architecture ... ok
test tests::snake_case_field_aliases_are_accepted ... ok
test tests::suggestion_inference_ignores_unrelated_messages ... ok
test tests::toml_syntax_errors_carry_a_position ... ok
test tests::version_defaults_when_omitted ... ok
test tests::parse_file_reads_a_real_document ... ok
test tests::round_trip_is_byte_stable_across_repeated_emission ... ok
test tests::parses_the_equivalent_json_document ... ok
test tests::parses_the_equivalent_toml_document ... ok
test tests::suggestion_inference_declines_when_nothing_is_near ... FAILED

failures:

---- document::tests::an_unresolvable_endpoint_reports_which_end_failed stdout ----

thread 'document::tests::an_unresolvable_endpoint_reports_which_end_failed' (1079277) panicked at crates/casm-parser/src/document.rs:744:17:
assertion `left == right` failed
  left: Some("did you mean `xyzzy`?")
 right: Some("did you mean `orders-db`?")
note: run with `RUST_BACKTRACE=1` environment variable to display a backtrace

---- document::tests::an_unresolvable_endpoint_omits_a_hint_when_nothing_is_close stdout ----

thread 'document::tests::an_unresolvable_endpoint_omits_a_hint_when_nothing_is_close' (1079276) panicked at crates/casm-parser/src/document.rs:756:67:
assertion `left == right` failed
  left: Some("did you mean `xyzzy`?")
 right: None

---- library::tests::a_misspelt_name_is_answered_with_the_nearest_one stdout ----

thread 'library::tests::a_misspelt_name_is_answered_with_the_nearest_one' (1079309) panicked at crates/casm-parser/src/library.rs:710:9:
assertion `left == right` failed
  left: "did you mean `xyzzy`?"
 right: "did you mean `secure-web-tier`?"

---- library::tests::a_relationship_naming_an_undeclared_role_is_rejected_with_a_hint stdout ----

thread 'library::tests::a_relationship_naming_an_undeclared_role_is_rejected_with_a_hint' (1079314) panicked at crates/casm-parser/src/library.rs:569:17:
assertion `left == right` failed
  left: Some("did you mean `xyzzy`?")
 right: Some("did you mean `application`?")

---- suggest::tests::closest_accepts_an_exact_match stdout ----

thread 'suggest::tests::closest_accepts_an_exact_match' (1079320) panicked at crates/casm-parser/src/suggest.rs:191:9:
assertion `left == right` failed
  left: Some("xyzzy")
 right: Some("api")

---- library::tests::an_empty_library_suggests_nothing stdout ----

thread 'library::tests::an_empty_library_suggests_nothing' (1079316) panicked at crates/casm-parser/src/library.rs:717:9:
assertion failed: library.closest(&PatternRef::parse("p@1.0.0").unwrap()).is_none()

---- suggest::tests::closest_declines_on_a_tie stdout ----

thread 'suggest::tests::closest_declines_on_a_tie' (1079321) panicked at crates/casm-parser/src/suggest.rs:171:9:
assertion `left == right` failed
  left: Some("xyzzy")
 right: None

---- suggest::tests::closest_declines_when_nothing_is_near stdout ----

thread 'suggest::tests::closest_declines_when_nothing_is_near' (1079322) panicked at crates/casm-parser/src/suggest.rs:161:9:
assertion `left == right` failed: a wrong hint is worse than none
  left: Some("xyzzy")
 right: None

---- suggest::tests::closest_handles_an_empty_candidate_set stdout ----

thread 'suggest::tests::closest_handles_an_empty_candidate_set' (1079324) panicked at crates/casm-parser/src/suggest.rs:176:9:
assertion `left == right` failed
  left: Some("xyzzy")
 right: None

---- suggest::tests::closest_refuses_pathologically_long_input stdout ----

thread 'suggest::tests::closest_refuses_pathologically_long_input' (1079325) panicked at crates/casm-parser/src/suggest.rs:182:9:
assertion `left == right` failed: bounded work, per NASA Rule 4
  left: Some("xyzzy")
 right: None

---- suggest::tests::closest_finds_an_obvious_typo stdout ----

thread 'suggest::tests::closest_finds_an_obvious_typo' (1079323) panicked at crates/casm-parser/src/suggest.rs:155:9:
assertion `left == right` failed
  left: Some("xyzzy")
 right: Some("orders-db")

---- tests::an_unknown_field_suggests_the_nearest_valid_one stdout ----

thread 'tests::an_unknown_field_suggests_the_nearest_valid_one' (1079338) panicked at crates/casm-parser/src/lib.rs:403:9:
assertion `left == right` failed: rendered: architecture.yaml:3:5: nodes[0]: unknown field `nmae`, expected one of `name`, `type`, `id`, `description`, `interfaces`, `controls`, `metadata` at line 3 column 5
  help: did you mean `xyzzy`?
  left: Some("did you mean `xyzzy`?")
 right: Some("did you mean `name`?")

---- tests::an_unknown_node_type_suggests_the_nearest_valid_one stdout ----

thread 'tests::an_unknown_node_type_suggests_the_nearest_valid_one' (1079339) panicked at crates/casm-parser/src/lib.rs:391:9:
assertion `left == right` failed: rendered: architecture.yaml:4:11: nodes[0].type: unknown variant `srvice`, expected one of `service`, `database`, `queue`, `cache`, `gateway`, `storage`, `external-system`, `legacy`, `human`, `boundary` at line 4 column 11
  help: did you mean `xyzzy`?
  left: Some("did you mean `xyzzy`?")
 right: Some("did you mean `service`?")

---- tests::a_typo_in_a_relationship_endpoint_suggests_the_nearest_node stdout ----

thread 'tests::a_typo_in_a_relationship_endpoint_suggests_the_nearest_node' (1079336) panicked at crates/casm-parser/src/lib.rs:426:9:
assertion `left == right` failed: rendered: architecture.yaml: relationship target 'orders-bd' does not match any declared node
  help: did you mean `xyzzy`?
  left: Some("did you mean `xyzzy`?")
 right: Some("did you mean `orders-db`?")

---- tests::suggestion_inference_declines_when_nothing_is_near stdout ----

thread 'tests::suggestion_inference_declines_when_nothing_is_near' (1079353) panicked at crates/casm-parser/src/lib.rs:525:9:
assertion `left == right` failed
  left: Some("did you mean `xyzzy`?")
 right: None


failures:
    document::tests::an_unresolvable_endpoint_omits_a_hint_when_nothing_is_close
    document::tests::an_unresolvable_endpoint_reports_which_end_failed
    library::tests::a_misspelt_name_is_answered_with_the_nearest_one
    library::tests::a_relationship_naming_an_undeclared_role_is_rejected_with_a_hint
    library::tests::an_empty_library_suggests_nothing
    suggest::tests::closest_accepts_an_exact_match
    suggest::tests::closest_declines_on_a_tie
    suggest::tests::closest_declines_when_nothing_is_near
    suggest::tests::closest_finds_an_obvious_typo
    suggest::tests::closest_handles_an_empty_candidate_set
    suggest::tests::closest_refuses_pathologically_long_input
    tests::a_typo_in_a_relationship_endpoint_suggests_the_nearest_node
    tests::an_unknown_field_suggests_the_nearest_valid_one
    tests::an_unknown_node_type_suggests_the_nearest_valid_one
    tests::suggestion_inference_declines_when_nothing_is_near

test result: FAILED. 68 passed; 15 failed; 0 ignored; 0 measured; 0 filtered out; finished in 0.03s

error: test failed, to rerun pass `-p casm-parser --lib`

*** result: Failure(101)
