
*** crates/casm-formal/src/tla.rs:443:5: replace emit_config -> String with String::new()

*** mutation diff:
--- crates/casm-formal/src/tla.rs
+++ replace emit_config -> String with String::new()
@@ -435,37 +435,17 @@
     let _ = writeln!(
         out,
         "FailureBound == Cardinality(failed) <= MaxConcurrentFailures"
     );
 }
 
 /// Emits the safety configuration: invariants over a bounded state space.
 fn emit_config(blast_radius: usize, max_failures: usize) -> String {
-    let mut config = String::new();
-    let _ = writeln!(config, "\\* Generated by CASIMIR -- safety properties.");
-    let _ = writeln!(config, "\\* Run with: tlc <Module>.tla");
-    let _ = writeln!(config, "SPECIFICATION Spec\n");
-    let _ = writeln!(config, "CONSTANT MaxBlastRadius = {blast_radius}");
-    let _ = writeln!(config, "CONSTANT MaxConcurrentFailures = {max_failures}\n");
-    let _ = writeln!(config, "INVARIANT TypeOK");
-    let _ = writeln!(config, "INVARIANT NoBlockingCycles");
-    let _ = writeln!(config, "INVARIANT BlastRadiusWithinLimit");
-    let _ = writeln!(config, "INVARIANT AsyncIsolation\n");
-    let _ = writeln!(
-        config,
-        "\\* Bounds the state space to a realistic number of"
-    );
-    let _ = writeln!(
-        config,
-        "\\* simultaneous failures. Sound for invariants; see the"
-    );
-    let _ = writeln!(config, "\\* liveness config for why it is not used there.");
-    let _ = writeln!(config, "CONSTRAINT FailureBound");
-    config
+    String::new() /* ~ changed by cargo-mutants ~ */
 }
 
 /// Emits the liveness configuration: the temporal property, unconstrained.
 ///
 /// No `CONSTRAINT`. TLC warns that a state constraint during liveness checking is
 /// dangerous, and it is right: pruning states can hide the very counterexample the
 /// property exists to find. The cost is a state space of `2^|Nodes|`, which is why this
 /// is a separate run rather than the default one.


*** /home/srinivasan/.rustup/toolchains/nightly-x86_64-unknown-linux-gnu/bin/cargo test --no-run --verbose --package=casm-formal@0.3.0
       Fresh serde_core v1.0.229
       Fresh unicode-ident v1.0.24
       Fresh proc-macro2 v1.0.107
       Fresh version_check v0.9.5
       Fresh quote v1.0.47
       Fresh syn v3.0.3
       Fresh typenum v1.20.1
       Fresh generic-array v0.14.7
       Fresh libc v0.2.189
       Fresh block-buffer v0.10.4
       Fresh crypto-common v0.1.7
       Fresh serde_derive v1.0.229
       Fresh hashbrown v0.17.1
       Fresh cfg-if v1.0.4
       Fresh equivalent v1.0.2
       Fresh indexmap v2.14.0
       Fresh getrandom v0.4.3
       Fresh serde v1.0.229
       Fresh digest v0.10.7
       Fresh thiserror-impl v2.0.19
       Fresh keccak v0.1.6
       Fresh thiserror v2.0.19
       Fresh sha3 v0.10.9
       Fresh uuid v1.24.0
       Fresh semver v1.0.28
       Fresh itoa v1.0.18
       Fresh winnow v1.0.4
       Fresh toml_parser v1.1.3+spec-1.1.0
       Fresh casm-core v0.3.0 (/tmp/cargo-mutants-casm-PaMmur.tmp/crates/casm-core)
       Fresh zmij v1.0.23
       Fresh serde_spanned v1.1.1
       Fresh toml_datetime v0.7.5+spec-1.1.0
       Fresh memchr v2.8.3
       Fresh toml_writer v1.1.2+spec-1.1.0
       Fresh unsafe-libyaml v0.2.11
       Fresh winnow v0.7.15
       Fresh ryu v1.0.23
       Fresh serde_json v1.0.151
       Fresh toml v0.9.12+spec-1.1.0
       Fresh serde_yaml_ng v0.10.0
       Dirty casm-formal v0.3.0 (/tmp/cargo-mutants-casm-PaMmur.tmp/crates/casm-formal): the file `crates/casm-formal/src/tla.rs` has changed (1785931720.324926230s, 2s after last build at 1785931718.067070150s)
   Compiling casm-formal v0.3.0 (/tmp/cargo-mutants-casm-PaMmur.tmp/crates/casm-formal)
       Fresh casm-parser v0.3.0 (/tmp/cargo-mutants-casm-PaMmur.tmp/crates/casm-parser)
     Running `/home/srinivasan/.rustup/toolchains/nightly-x86_64-unknown-linux-gnu/bin/rustc --crate-name casm_formal --edition=2024 crates/casm-formal/src/lib.rs --error-format=json --json=diagnostic-rendered-ansi,artifacts,future-incompat --emit=dep-info,link -C embed-bitcode=no -C debuginfo=2 --warn=rust_2018_idioms '--warn=clippy::pedantic' '--warn=clippy::unwrap_used' --forbid=unsafe_code --warn=unreachable_pub '--warn=clippy::too_many_lines' '--allow=clippy::struct_field_names' '--warn=clippy::panic' '--allow=clippy::must_use_candidate' '--allow=clippy::module_name_repetitions' '--allow=clippy::missing_errors_doc' --warn=missing_docs '--warn=clippy::indexing_slicing' '--warn=clippy::expect_used' '--warn=clippy::cognitive_complexity' --test --check-cfg 'cfg(docsrs,test)' --check-cfg 'cfg(feature, values())' -C metadata=3bdee02190ccaeac -C extra-filename=-cc425937610d0a3f --out-dir /tmp/cargo-mutants-casm-PaMmur.tmp/target/debug/deps -C incremental=/tmp/cargo-mutants-casm-PaMmur.tmp/target/debug/incremental -L dependency=/tmp/cargo-mutants-casm-PaMmur.tmp/target/debug/deps --extern casm_core=/tmp/cargo-mutants-casm-PaMmur.tmp/target/debug/deps/libcasm_core-0e2727cdb6cb7ba3.rlib --extern casm_parser=/tmp/cargo-mutants-casm-PaMmur.tmp/target/debug/deps/libcasm_parser-46b061afdef23cde.rlib --verbose`
     Running `/home/srinivasan/.rustup/toolchains/nightly-x86_64-unknown-linux-gnu/bin/rustc --crate-name casm_formal --edition=2024 crates/casm-formal/src/lib.rs --error-format=json --json=diagnostic-rendered-ansi,artifacts,future-incompat --crate-type lib --emit=dep-info,metadata,link -C embed-bitcode=no -C debuginfo=2 --warn=rust_2018_idioms '--warn=clippy::pedantic' '--warn=clippy::unwrap_used' --forbid=unsafe_code --warn=unreachable_pub '--warn=clippy::too_many_lines' '--allow=clippy::struct_field_names' '--warn=clippy::panic' '--allow=clippy::must_use_candidate' '--allow=clippy::module_name_repetitions' '--allow=clippy::missing_errors_doc' --warn=missing_docs '--warn=clippy::indexing_slicing' '--warn=clippy::expect_used' '--warn=clippy::cognitive_complexity' --check-cfg 'cfg(docsrs,test)' --check-cfg 'cfg(feature, values())' -C metadata=a718362359bd9abb -C extra-filename=-3d62c4049ed65674 --out-dir /tmp/cargo-mutants-casm-PaMmur.tmp/target/debug/deps -C incremental=/tmp/cargo-mutants-casm-PaMmur.tmp/target/debug/incremental -L dependency=/tmp/cargo-mutants-casm-PaMmur.tmp/target/debug/deps --extern casm_core=/tmp/cargo-mutants-casm-PaMmur.tmp/target/debug/deps/libcasm_core-0e2727cdb6cb7ba3.rmeta --verbose`
warning: unused variable: `blast_radius`
   --> crates/casm-formal/src/tla.rs:442:16
    |
442 | fn emit_config(blast_radius: usize, max_failures: usize) -> String {
    |                ^^^^^^^^^^^^ help: if this is intentional, prefix it with an underscore: `_blast_radius`
    |
    = note: `#[warn(unused_variables)]` (part of `#[warn(unused)]`) on by default

warning: unused variable: `max_failures`
   --> crates/casm-formal/src/tla.rs:442:37
    |
442 | fn emit_config(blast_radius: usize, max_failures: usize) -> String {
    |                                     ^^^^^^^^^^^^ help: if this is intentional, prefix it with an underscore: `_max_failures`

warning: `casm-formal` (lib) generated 2 warnings (run `cargo fix --lib -p casm-formal` to apply 2 suggestions)
     Running `/home/srinivasan/.rustup/toolchains/nightly-x86_64-unknown-linux-gnu/bin/rustc --crate-name checked --edition=2024 crates/casm-formal/tests/checked.rs --error-format=json --json=diagnostic-rendered-ansi,artifacts,future-incompat --emit=dep-info,link -C embed-bitcode=no -C debuginfo=2 --warn=rust_2018_idioms '--warn=clippy::pedantic' '--warn=clippy::unwrap_used' --forbid=unsafe_code --warn=unreachable_pub '--warn=clippy::too_many_lines' '--allow=clippy::struct_field_names' '--warn=clippy::panic' '--allow=clippy::must_use_candidate' '--allow=clippy::module_name_repetitions' '--allow=clippy::missing_errors_doc' --warn=missing_docs '--warn=clippy::indexing_slicing' '--warn=clippy::expect_used' '--warn=clippy::cognitive_complexity' --test --check-cfg 'cfg(docsrs,test)' --check-cfg 'cfg(feature, values())' -C metadata=028a0ca3de7fc7b5 -C extra-filename=-33e472487a0284ee --out-dir /tmp/cargo-mutants-casm-PaMmur.tmp/target/debug/deps -C incremental=/tmp/cargo-mutants-casm-PaMmur.tmp/target/debug/incremental -L dependency=/tmp/cargo-mutants-casm-PaMmur.tmp/target/debug/deps --extern casm_core=/tmp/cargo-mutants-casm-PaMmur.tmp/target/debug/deps/libcasm_core-0e2727cdb6cb7ba3.rlib --extern casm_formal=/tmp/cargo-mutants-casm-PaMmur.tmp/target/debug/deps/libcasm_formal-3d62c4049ed65674.rlib --extern casm_parser=/tmp/cargo-mutants-casm-PaMmur.tmp/target/debug/deps/libcasm_parser-46b061afdef23cde.rlib --verbose`
     Running `/home/srinivasan/.rustup/toolchains/nightly-x86_64-unknown-linux-gnu/bin/rustc --crate-name emit --edition=2024 crates/casm-formal/examples/emit.rs --error-format=json --json=diagnostic-rendered-ansi,artifacts,future-incompat --crate-type bin --emit=dep-info,link -C embed-bitcode=no -C debuginfo=2 --warn=rust_2018_idioms '--warn=clippy::pedantic' '--warn=clippy::unwrap_used' --forbid=unsafe_code --warn=unreachable_pub '--warn=clippy::too_many_lines' '--allow=clippy::struct_field_names' '--warn=clippy::panic' '--allow=clippy::must_use_candidate' '--allow=clippy::module_name_repetitions' '--allow=clippy::missing_errors_doc' --warn=missing_docs '--warn=clippy::indexing_slicing' '--warn=clippy::expect_used' '--warn=clippy::cognitive_complexity' --check-cfg 'cfg(docsrs,test)' --check-cfg 'cfg(feature, values())' -C metadata=dc239db49d5ebb7a -C extra-filename=-5beac0b530227bda --out-dir /tmp/cargo-mutants-casm-PaMmur.tmp/target/debug/examples -C incremental=/tmp/cargo-mutants-casm-PaMmur.tmp/target/debug/incremental -L dependency=/tmp/cargo-mutants-casm-PaMmur.tmp/target/debug/deps --extern casm_core=/tmp/cargo-mutants-casm-PaMmur.tmp/target/debug/deps/libcasm_core-0e2727cdb6cb7ba3.rlib --extern casm_formal=/tmp/cargo-mutants-casm-PaMmur.tmp/target/debug/deps/libcasm_formal-3d62c4049ed65674.rlib --extern casm_parser=/tmp/cargo-mutants-casm-PaMmur.tmp/target/debug/deps/libcasm_parser-46b061afdef23cde.rlib --verbose`
warning: `casm-formal` (lib test) generated 2 warnings (2 duplicates)
    Finished `test` profile [unoptimized + debuginfo] target(s) in 1.87s
  Executable `/tmp/cargo-mutants-casm-PaMmur.tmp/target/debug/deps/casm_formal-cc425937610d0a3f`
  Executable `/tmp/cargo-mutants-casm-PaMmur.tmp/target/debug/deps/checked-33e472487a0284ee`

*** result: Success

*** /home/srinivasan/.rustup/toolchains/nightly-x86_64-unknown-linux-gnu/bin/cargo test --verbose --package=casm-formal@0.3.0
       Fresh serde_core v1.0.229
       Fresh unicode-ident v1.0.24
       Fresh proc-macro2 v1.0.107
       Fresh version_check v0.9.5
       Fresh quote v1.0.47
       Fresh typenum v1.20.1
       Fresh syn v3.0.3
       Fresh generic-array v0.14.7
       Fresh equivalent v1.0.2
       Fresh libc v0.2.189
       Fresh serde_derive v1.0.229
       Fresh block-buffer v0.10.4
       Fresh crypto-common v0.1.7
       Fresh hashbrown v0.17.1
       Fresh cfg-if v1.0.4
       Fresh getrandom v0.4.3
       Fresh serde v1.0.229
       Fresh indexmap v2.14.0
       Fresh digest v0.10.7
       Fresh thiserror-impl v2.0.19
       Fresh keccak v0.1.6
       Fresh uuid v1.24.0
       Fresh semver v1.0.28
       Fresh sha3 v0.10.9
       Fresh thiserror v2.0.19
       Fresh winnow v1.0.4
       Fresh itoa v1.0.18
       Fresh toml_parser v1.1.3+spec-1.1.0
       Fresh zmij v1.0.23
       Fresh casm-core v0.3.0 (/tmp/cargo-mutants-casm-PaMmur.tmp/crates/casm-core)
       Fresh toml_datetime v0.7.5+spec-1.1.0
       Fresh serde_spanned v1.1.1
       Fresh winnow v0.7.15
       Fresh toml_writer v1.1.2+spec-1.1.0
       Fresh unsafe-libyaml v0.2.11
       Fresh memchr v2.8.3
       Fresh ryu v1.0.23
warning: unused variable: `blast_radius`
   --> crates/casm-formal/src/tla.rs:442:16
    |
442 | fn emit_config(blast_radius: usize, max_failures: usize) -> String {
    |                ^^^^^^^^^^^^ help: if this is intentional, prefix it with an underscore: `_blast_radius`
    |
    = note: `#[warn(unused_variables)]` (part of `#[warn(unused)]`) on by default

warning: unused variable: `max_failures`
   --> crates/casm-formal/src/tla.rs:442:37
    |
442 | fn emit_config(blast_radius: usize, max_failures: usize) -> String {
    |                                     ^^^^^^^^^^^^ help: if this is intentional, prefix it with an underscore: `_max_failures`

warning: `casm-formal` (lib) generated 2 warnings (run `cargo fix --lib -p casm-formal` to apply 2 suggestions)
       Fresh toml v0.9.12+spec-1.1.0
       Fresh serde_json v1.0.151
       Fresh serde_yaml_ng v0.10.0
       Fresh casm-parser v0.3.0 (/tmp/cargo-mutants-casm-PaMmur.tmp/crates/casm-parser)
       Fresh casm-formal v0.3.0 (/tmp/cargo-mutants-casm-PaMmur.tmp/crates/casm-formal)
warning: `casm-formal` (lib test) generated 2 warnings (2 duplicates)
    Finished `test` profile [unoptimized + debuginfo] target(s) in 0.20s
     Running `/tmp/cargo-mutants-casm-PaMmur.tmp/target/debug/deps/casm_formal-cc425937610d0a3f`

running 47 tests
test alloy::tests::colliding_names_are_disambiguated_deterministically ... ok
test alloy::tests::empty_groups_are_rendered_as_none_not_as_nothing ... ok
test alloy::tests::every_node_gets_exactly_one_identifier ... ok
test alloy::tests::braces_are_balanced ... ok
test alloy::tests::module_names_become_legal_identifiers ... ok
test alloy::tests::identifiers_are_prefixed_and_sanitised ... ok
test alloy::tests::an_empty_architecture_produces_a_parseable_model ... ok
test alloy::tests::a_node_with_no_edges_is_pinned_to_none ... ok
test alloy::tests::only_the_node_types_in_use_are_declared ... ok
test alloy::tests::asynchronous_edges_land_in_notifies_not_blocks ... ok
test alloy::tests::every_node_declares_both_relations ... ok
test alloy::tests::the_isolated_nodes_assertion_is_omitted_for_a_single_node ... ok
test alloy::tests::every_assertion_has_a_matching_check ... ok
test alloy::tests::the_prefix_makes_a_keyword_collision_impossible ... ok
test alloy::tests::the_check_scope_covers_every_node ... ok
test alloy::tests::generation_is_deterministic ... ok
test model::tests::an_empty_architecture_produces_an_empty_model ... ok
test model::tests::a_cycle_is_detected_without_the_walk_hanging ... ok
test alloy::tests::the_identifier_mapping_is_emitted_only_where_it_differs ... ok
test alloy::tests::the_external_and_stateful_groups_are_populated ... ok
test model::tests::blocking_and_asynchronous_edges_are_separated ... ok
test alloy::tests::the_filename_matches_the_module ... ok
test model::tests::a_diamond_does_not_duplicate_closure_entries ... ok
test model::tests::latency_budgets_are_carried_but_only_for_documentation ... ok
test model::tests::an_acyclic_architecture_has_no_cycle ... ok
test model::tests::external_nodes_are_identified ... ok
test model::tests::the_closure_does_not_cross_an_asynchronous_edge ... ok
test tla::tests::an_empty_architecture_still_produces_a_wellformed_module ... ok
test model::tests::independent_nodes_are_those_nothing_blocks_on ... ok
test model::tests::the_closure_reaches_through_the_chain ... ok
test tla::tests::a_single_node_architecture_bounds_failures_sensibly ... FAILED
test model::tests::the_fingerprint_ties_a_spec_to_its_source ... ok
test tla::tests::module_names_become_legal_identifiers ... ok
test model::tests::the_blast_radius_counts_transitive_dependents ... ok
test tla::tests::pair_sets_separate_every_element_but_the_last ... ok
test tla::tests::set_literals_use_tla_syntax ... ok
test tla::tests::asynchronous_edges_are_absent_from_the_closure ... ok
test tla::tests::latency_budgets_appear_only_as_comments ... ok
test tla::tests::the_filenames_agree_with_the_module_name ... ok
test tla::tests::asynchronous_edges_are_still_recorded_for_the_reader ... ok
test tla::tests::the_module_is_terminated ... ok
test tla::tests::node_names_are_strings_so_hyphens_survive ... ok
test tla::tests::generation_is_deterministic ... ok
test model::tests::the_model_is_sorted_and_therefore_stable_under_reordering ... ok
test tla::tests::the_config_declares_every_constant_the_module_takes ... FAILED
test tla::tests::the_config_names_only_operators_the_module_defines ... ok
test tla::tests::the_blast_radius_bound_is_seeded_so_it_holds ... FAILED

failures:

---- tla::tests::a_single_node_architecture_bounds_failures_sensibly stdout ----

thread 'tla::tests::a_single_node_architecture_bounds_failures_sensibly' (587091) panicked at crates/casm-formal/src/tla.rs:668:9:

note: run with `RUST_BACKTRACE=1` environment variable to display a backtrace

---- tla::tests::the_config_declares_every_constant_the_module_takes stdout ----

thread 'tla::tests::the_config_declares_every_constant_the_module_takes' (587102) panicked at crates/casm-formal/src/tla.rs:632:13:
the config never assigns MaxBlastRadius

---- tla::tests::the_blast_radius_bound_is_seeded_so_it_holds stdout ----

thread 'tla::tests::the_blast_radius_bound_is_seeded_so_it_holds' (587101) panicked at crates/casm-formal/src/tla.rs:599:9:



failures:
    tla::tests::a_single_node_architecture_bounds_failures_sensibly
    tla::tests::the_blast_radius_bound_is_seeded_so_it_holds
    tla::tests::the_config_declares_every_constant_the_module_takes

test result: FAILED. 44 passed; 3 failed; 0 ignored; 0 measured; 0 filtered out; finished in 0.04s

error: test failed, to rerun pass `-p casm-formal --lib`

*** result: Failure(101)
