
*** crates/casm-diff/src/semantic.rs:517:5: replace difference -> (Vec<String>, Vec<String>) with (vec![], vec![String::new()])

*** mutation diff:
--- crates/casm-diff/src/semantic.rs
+++ replace difference -> (Vec<String>, Vec<String>) with (vec![], vec![String::new()])
@@ -509,27 +509,17 @@
 ) -> Option<&'a Relationship> {
     architecture
         .relationships()
         .find(|edge| &edge_key(architecture, edge) == key)
 }
 
 /// Returns the items added to and removed from `old` to reach `new`.
 fn difference(old: &[String], new: &[String]) -> (Vec<String>, Vec<String>) {
-    let added = new
-        .iter()
-        .filter(|item| !old.contains(item))
-        .cloned()
-        .collect();
-    let removed = old
-        .iter()
-        .filter(|item| !new.contains(item))
-        .cloned()
-        .collect();
-    (added, removed)
+    (vec![], vec![String::new()]) /* ~ changed by cargo-mutants ~ */
 }
 
 #[cfg(test)]
 #[allow(
     clippy::unwrap_used,
     clippy::expect_used,
     clippy::panic,
     clippy::indexing_slicing


*** /home/srinivasan/.rustup/toolchains/nightly-x86_64-unknown-linux-gnu/bin/cargo test --no-run --verbose --package=casm-diff@0.3.0
       Fresh unicode-ident v1.0.24
       Fresh version_check v0.9.5
       Fresh typenum v1.20.1
       Fresh serde_core v1.0.229
       Fresh proc-macro2 v1.0.107
       Fresh libc v0.2.189
       Fresh equivalent v1.0.2
       Fresh cfg-if v1.0.4
       Fresh hashbrown v0.17.1
       Fresh quote v1.0.47
       Fresh generic-array v0.14.7
       Fresh getrandom v0.4.3
       Fresh indexmap v2.14.0
       Fresh keccak v0.1.6
       Fresh syn v3.0.3
       Fresh block-buffer v0.10.4
       Fresh crypto-common v0.1.7
       Fresh itoa v1.0.18
       Fresh uuid v1.24.0
       Fresh zmij v1.0.23
       Fresh semver v1.0.28
       Fresh serde_derive v1.0.229
       Fresh thiserror-impl v2.0.19
       Fresh digest v0.10.7
       Fresh winnow v1.0.4
       Fresh memchr v2.8.3
       Fresh toml_datetime v0.7.5+spec-1.1.0
       Fresh serde_spanned v1.1.1
       Fresh winnow v0.7.15
       Fresh serde v1.0.229
       Fresh thiserror v2.0.19
       Fresh sha3 v0.10.9
       Fresh serde_json v1.0.151
       Fresh toml_parser v1.1.3+spec-1.1.0
       Fresh toml_writer v1.1.2+spec-1.1.0
       Fresh unsafe-libyaml v0.2.11
       Fresh ryu v1.0.23
       Fresh casm-core v0.3.0 (/tmp/cargo-mutants-casm-W5ytYW.tmp/crates/casm-core)
       Fresh toml v0.9.12+spec-1.1.0
       Fresh serde_yaml_ng v0.10.0
       Fresh casm-parser v0.3.0 (/tmp/cargo-mutants-casm-W5ytYW.tmp/crates/casm-parser)
       Dirty casm-diff v0.3.0 (/tmp/cargo-mutants-casm-W5ytYW.tmp/crates/casm-diff): the file `crates/casm-diff/src/semantic.rs` has changed (1785931668.112603343s, 2s after last build at 1785931666.900637869s)
   Compiling casm-diff v0.3.0 (/tmp/cargo-mutants-casm-W5ytYW.tmp/crates/casm-diff)
     Running `/home/srinivasan/.rustup/toolchains/nightly-x86_64-unknown-linux-gnu/bin/rustc --crate-name casm_diff --edition=2024 crates/casm-diff/src/lib.rs --error-format=json --json=diagnostic-rendered-ansi,artifacts,future-incompat --emit=dep-info,link -C embed-bitcode=no -C debuginfo=2 --warn=rust_2018_idioms '--warn=clippy::pedantic' '--warn=clippy::unwrap_used' --forbid=unsafe_code --warn=unreachable_pub '--warn=clippy::too_many_lines' '--allow=clippy::struct_field_names' '--warn=clippy::panic' '--allow=clippy::must_use_candidate' '--allow=clippy::module_name_repetitions' '--allow=clippy::missing_errors_doc' --warn=missing_docs '--warn=clippy::indexing_slicing' '--warn=clippy::expect_used' '--warn=clippy::cognitive_complexity' --test --check-cfg 'cfg(docsrs,test)' --check-cfg 'cfg(feature, values())' -C metadata=9dda23a21ebb89cc -C extra-filename=-4e10ba2b0fd94d1b --out-dir /tmp/cargo-mutants-casm-W5ytYW.tmp/target/debug/deps -C incremental=/tmp/cargo-mutants-casm-W5ytYW.tmp/target/debug/incremental -L dependency=/tmp/cargo-mutants-casm-W5ytYW.tmp/target/debug/deps --extern casm_core=/tmp/cargo-mutants-casm-W5ytYW.tmp/target/debug/deps/libcasm_core-0e2727cdb6cb7ba3.rlib --extern casm_parser=/tmp/cargo-mutants-casm-W5ytYW.tmp/target/debug/deps/libcasm_parser-46b061afdef23cde.rlib --extern serde=/tmp/cargo-mutants-casm-W5ytYW.tmp/target/debug/deps/libserde-2119863ca5860397.rlib --extern serde_json=/tmp/cargo-mutants-casm-W5ytYW.tmp/target/debug/deps/libserde_json-8ada6c1221654e94.rlib --verbose`
     Running `/home/srinivasan/.rustup/toolchains/nightly-x86_64-unknown-linux-gnu/bin/rustc --crate-name casm_diff --edition=2024 crates/casm-diff/src/lib.rs --error-format=json --json=diagnostic-rendered-ansi,artifacts,future-incompat --crate-type lib --emit=dep-info,metadata,link -C embed-bitcode=no -C debuginfo=2 --warn=rust_2018_idioms '--warn=clippy::pedantic' '--warn=clippy::unwrap_used' --forbid=unsafe_code --warn=unreachable_pub '--warn=clippy::too_many_lines' '--allow=clippy::struct_field_names' '--warn=clippy::panic' '--allow=clippy::must_use_candidate' '--allow=clippy::module_name_repetitions' '--allow=clippy::missing_errors_doc' --warn=missing_docs '--warn=clippy::indexing_slicing' '--warn=clippy::expect_used' '--warn=clippy::cognitive_complexity' --check-cfg 'cfg(docsrs,test)' --check-cfg 'cfg(feature, values())' -C metadata=9565f1dc2285fbe6 -C extra-filename=-1f5d8f651604cc16 --out-dir /tmp/cargo-mutants-casm-W5ytYW.tmp/target/debug/deps -C incremental=/tmp/cargo-mutants-casm-W5ytYW.tmp/target/debug/incremental -L dependency=/tmp/cargo-mutants-casm-W5ytYW.tmp/target/debug/deps --extern casm_core=/tmp/cargo-mutants-casm-W5ytYW.tmp/target/debug/deps/libcasm_core-0e2727cdb6cb7ba3.rmeta --extern serde=/tmp/cargo-mutants-casm-W5ytYW.tmp/target/debug/deps/libserde-2119863ca5860397.rmeta --extern serde_json=/tmp/cargo-mutants-casm-W5ytYW.tmp/target/debug/deps/libserde_json-8ada6c1221654e94.rmeta --verbose`
warning: unused variable: `old`
   --> crates/casm-diff/src/semantic.rs:516:15
    |
516 | fn difference(old: &[String], new: &[String]) -> (Vec<String>, Vec<String>) {
    |               ^^^ help: if this is intentional, prefix it with an underscore: `_old`
    |
    = note: `#[warn(unused_variables)]` (part of `#[warn(unused)]`) on by default

warning: unused variable: `new`
   --> crates/casm-diff/src/semantic.rs:516:31
    |
516 | fn difference(old: &[String], new: &[String]) -> (Vec<String>, Vec<String>) {
    |                               ^^^ help: if this is intentional, prefix it with an underscore: `_new`

warning: `casm-diff` (lib) generated 2 warnings (run `cargo fix --lib -p casm-diff` to apply 2 suggestions)
warning: `casm-diff` (lib test) generated 2 warnings (2 duplicates)
    Finished `test` profile [unoptimized + debuginfo] target(s) in 1.58s
  Executable `/tmp/cargo-mutants-casm-W5ytYW.tmp/target/debug/deps/casm_diff-4e10ba2b0fd94d1b`

*** result: Success

*** /home/srinivasan/.rustup/toolchains/nightly-x86_64-unknown-linux-gnu/bin/cargo test --verbose --package=casm-diff@0.3.0
       Fresh unicode-ident v1.0.24
       Fresh version_check v0.9.5
       Fresh typenum v1.20.1
       Fresh serde_core v1.0.229
       Fresh cfg-if v1.0.4
       Fresh proc-macro2 v1.0.107
       Fresh libc v0.2.189
       Fresh hashbrown v0.17.1
       Fresh equivalent v1.0.2
       Fresh quote v1.0.47
       Fresh generic-array v0.14.7
       Fresh getrandom v0.4.3
       Fresh indexmap v2.14.0
       Fresh keccak v0.1.6
       Fresh syn v3.0.3
       Fresh block-buffer v0.10.4
       Fresh crypto-common v0.1.7
       Fresh itoa v1.0.18
       Fresh zmij v1.0.23
       Fresh uuid v1.24.0
       Fresh semver v1.0.28
       Fresh serde_derive v1.0.229
       Fresh digest v0.10.7
       Fresh thiserror-impl v2.0.19
       Fresh winnow v1.0.4
       Fresh memchr v2.8.3
       Fresh toml_datetime v0.7.5+spec-1.1.0
       Fresh serde_spanned v1.1.1
       Fresh winnow v0.7.15
       Fresh serde v1.0.229
       Fresh thiserror v2.0.19
       Fresh sha3 v0.10.9
       Fresh toml_parser v1.1.3+spec-1.1.0
       Fresh serde_json v1.0.151
       Fresh ryu v1.0.23
       Fresh toml_writer v1.1.2+spec-1.1.0
       Fresh unsafe-libyaml v0.2.11
       Fresh casm-core v0.3.0 (/tmp/cargo-mutants-casm-W5ytYW.tmp/crates/casm-core)
       Fresh serde_yaml_ng v0.10.0
       Fresh toml v0.9.12+spec-1.1.0
       Fresh casm-parser v0.3.0 (/tmp/cargo-mutants-casm-W5ytYW.tmp/crates/casm-parser)
warning: unused variable: `old`
   --> crates/casm-diff/src/semantic.rs:516:15
    |
516 | fn difference(old: &[String], new: &[String]) -> (Vec<String>, Vec<String>) {
    |               ^^^ help: if this is intentional, prefix it with an underscore: `_old`
    |
    = note: `#[warn(unused_variables)]` (part of `#[warn(unused)]`) on by default

warning: unused variable: `new`
   --> crates/casm-diff/src/semantic.rs:516:31
    |
516 | fn difference(old: &[String], new: &[String]) -> (Vec<String>, Vec<String>) {
    |                               ^^^ help: if this is intentional, prefix it with an underscore: `_new`

warning: `casm-diff` (lib) generated 2 warnings (run `cargo fix --lib -p casm-diff` to apply 2 suggestions)
       Fresh casm-diff v0.3.0 (/tmp/cargo-mutants-casm-W5ytYW.tmp/crates/casm-diff)
warning: `casm-diff` (lib test) generated 2 warnings (2 duplicates)
    Finished `test` profile [unoptimized + debuginfo] target(s) in 0.16s
     Running `/tmp/cargo-mutants-casm-W5ytYW.tmp/target/debug/deps/casm_diff-4e10ba2b0fd94d1b`

running 41 tests
test drift::tests::a_native_inventory_parses_from_json ... ok
test drift::tests::an_empty_architecture_reports_every_resource_as_unexpected ... ok
test drift::tests::a_matching_inventory_reports_no_drift ... ok
test drift::tests::a_report_round_trips_through_json ... ok
test drift::tests::a_malformed_inventory_is_rejected_with_a_message ... ok
test drift::tests::a_report_summarises_itself_in_both_states ... ok
test drift::tests::a_declared_node_with_no_resource_is_missing ... ok
test drift::tests::a_bound_resource_of_the_wrong_type_is_a_mismatch ... ok
test drift::tests::an_unrecognised_resource_type_asserts_nothing_about_the_node ... ok
test drift::tests::detection_is_deterministic ... ok
test drift::tests::an_explicit_binding_that_matches_nothing_is_missing_despite_a_name_collision ... ok
test drift::tests::an_explicit_binding_overrides_name_matching ... ok
test drift::tests::an_empty_inventory_reports_every_node_as_missing ... ok
test drift::tests::an_undeclared_resource_is_unexpected ... ok
test drift::tests::external_nodes_are_exempt ... ok
test drift::tests::malformed_terraform_state_is_rejected ... ok
test drift::tests::terraform_state_with_no_resources_is_an_empty_inventory ... ok
test drift::tests::terraform_state_projects_into_an_inventory ... ok
test semantic::tests::a_changed_node_type_is_breaking ... ok
test semantic::tests::a_removed_relationship_is_breaking ... ok
test semantic::tests::a_renamed_node_shows_as_a_removal_and_an_addition ... ok
test drift::tests::the_terraform_type_map_covers_each_node_type_it_claims_to ... ok
test semantic::tests::a_version_bump_is_reported ... ok
test semantic::tests::a_latency_budget_change_is_reported_but_not_breaking ... ok
test semantic::tests::a_rendered_diff_is_marker_prefixed_and_newline_terminated ... ok
test semantic::tests::an_empty_diff_renders_a_plain_statement ... FAILED
test semantic::tests::an_architecture_does_not_differ_from_itself ... FAILED
test semantic::tests::a_version_bump_of_a_pattern_is_a_drop_and_a_claim ... FAILED
test semantic::tests::an_added_node_is_reported_and_is_not_breaking ... ok
test semantic::tests::a_removed_node_is_breaking ... ok
test semantic::tests::dropping_a_claim_is_breaking ... FAILED
test semantic::tests::an_added_relationship_is_reported ... ok
test semantic::tests::interface_and_control_changes_are_reported ... FAILED
test semantic::tests::an_unchanged_claim_produces_nothing ... FAILED
test semantic::tests::markers_distinguish_additions_removals_and_modifications ... ok
test semantic::tests::the_difference_helper_partitions_correctly ... FAILED
test semantic::tests::claiming_a_pattern_is_a_change ... FAILED
test semantic::tests::regenerated_identifiers_produce_no_diff ... FAILED
test semantic::tests::reordering_nodes_produces_no_diff ... FAILED
test semantic::tests::reparsing_a_file_does_not_look_like_a_rebinding ... FAILED
test semantic::tests::rebinding_a_role_is_reported_without_being_breaking ... FAILED

failures:

---- semantic::tests::an_empty_diff_renders_a_plain_statement stdout ----

thread 'semantic::tests::an_empty_diff_renders_a_plain_statement' (557279) panicked at crates/casm-diff/src/semantic.rs:798:9:
assertion `left == right` failed
  left: "~ node 'api' interfaces: -[]\n~ node 'api' controls: -[]\n~ node 'orders-db' interfaces: -[]\n~ node 'orders-db' controls: -[]\n"
 right: "no semantic changes\n"

---- semantic::tests::an_architecture_does_not_differ_from_itself stdout ----

thread 'semantic::tests::an_architecture_does_not_differ_from_itself' (557278) panicked at crates/casm-diff/src/semantic.rs:555:9:
assertion failed: Diff::compute(&architecture, &architecture).is_empty()
note: run with `RUST_BACKTRACE=1` environment variable to display a backtrace

---- semantic::tests::a_version_bump_of_a_pattern_is_a_drop_and_a_claim stdout ----

thread 'semantic::tests::a_version_bump_of_a_pattern_is_a_drop_and_a_claim' (557275) panicked at crates/casm-diff/src/semantic.rs:905:9:
assertion `left == right` failed: [NodeInterfacesChanged { name: "api", added: [], removed: [""] }, NodeControlsChanged { name: "api", added: [], removed: [""] }, NodeInterfacesChanged { name: "orders-db", added: [], removed: [""] }, NodeControlsChanged { name: "orders-db", added: [], removed: [""] }, PatternClaimed { reference: "p@2.0.0" }, PatternDropped { reference: "p@1.0.0" }]
  left: 6
 right: 2

---- semantic::tests::dropping_a_claim_is_breaking stdout ----

thread 'semantic::tests::dropping_a_claim_is_breaking' (557282) panicked at crates/casm-diff/src/semantic.rs:856:9:
assertion `left == right` failed
  left: 5
 right: 1

---- semantic::tests::interface_and_control_changes_are_reported stdout ----

thread 'semantic::tests::interface_and_control_changes_are_reported' (557283) panicked at crates/casm-diff/src/semantic.rs:749:9:
[NodeInterfacesChanged { name: "api", added: [], removed: [""] }, NodeControlsChanged { name: "api", added: [], removed: [""] }, NodeInterfacesChanged { name: "orders-db", added: [], removed: [""] }, NodeControlsChanged { name: "orders-db", added: [], removed: [""] }]

---- semantic::tests::an_unchanged_claim_produces_nothing stdout ----

thread 'semantic::tests::an_unchanged_claim_produces_nothing' (557280) panicked at crates/casm-diff/src/semantic.rs:887:9:
assertion failed: Diff::compute(&architecture, &architecture).is_empty()

---- semantic::tests::the_difference_helper_partitions_correctly stdout ----

thread 'semantic::tests::the_difference_helper_partitions_correctly' (557289) panicked at crates/casm-diff/src/semantic.rs:820:9:
assertion `left == right` failed
  left: []
 right: ["c"]

---- semantic::tests::claiming_a_pattern_is_a_change stdout ----

thread 'semantic::tests::claiming_a_pattern_is_a_change' (557281) panicked at crates/casm-diff/src/semantic.rs:840:9:
assertion `left == right` failed
  left: 5
 right: 1

---- semantic::tests::regenerated_identifiers_produce_no_diff stdout ----

thread 'semantic::tests::regenerated_identifiers_produce_no_diff' (557286) panicked at crates/casm-diff/src/semantic.rs:569:9:
assertion failed: Diff::compute(&old, &new).is_empty()

---- semantic::tests::reordering_nodes_produces_no_diff stdout ----

thread 'semantic::tests::reordering_nodes_produces_no_diff' (557287) panicked at crates/casm-diff/src/semantic.rs:588:9:
assertion failed: Diff::compute(&parse(BASE), &parse(reordered)).is_empty()

---- semantic::tests::reparsing_a_file_does_not_look_like_a_rebinding stdout ----

thread 'semantic::tests::reparsing_a_file_does_not_look_like_a_rebinding' (557288) panicked at crates/casm-diff/src/semantic.rs:896:9:
assertion failed: Diff::compute(&first, &second).is_empty()

---- semantic::tests::rebinding_a_role_is_reported_without_being_breaking stdout ----

thread 'semantic::tests::rebinding_a_role_is_reported_without_being_breaking' (557285) panicked at crates/casm-diff/src/semantic.rs:873:9:
assertion `left == right` failed
  left: 5
 right: 1


failures:
    semantic::tests::a_version_bump_of_a_pattern_is_a_drop_and_a_claim
    semantic::tests::an_architecture_does_not_differ_from_itself
    semantic::tests::an_empty_diff_renders_a_plain_statement
    semantic::tests::an_unchanged_claim_produces_nothing
    semantic::tests::claiming_a_pattern_is_a_change
    semantic::tests::dropping_a_claim_is_breaking
    semantic::tests::interface_and_control_changes_are_reported
    semantic::tests::rebinding_a_role_is_reported_without_being_breaking
    semantic::tests::regenerated_identifiers_produce_no_diff
    semantic::tests::reordering_nodes_produces_no_diff
    semantic::tests::reparsing_a_file_does_not_look_like_a_rebinding
    semantic::tests::the_difference_helper_partitions_correctly

test result: FAILED. 29 passed; 12 failed; 0 ignored; 0 measured; 0 filtered out; finished in 0.03s

error: test failed, to rerun pass `-p casm-diff --lib`

*** result: Failure(101)
