
*** crates/casm-parser/src/document.rs:471:75: replace == with != in NodeIndex<'a>::lookup

*** mutation diff:
--- crates/casm-parser/src/document.rs
+++ replace == with != in NodeIndex<'a>::lookup
@@ -463,17 +463,17 @@
         }
     }
 
     /// Looks up a reference written as either a node name or a `NodeId`.
     fn lookup(&self, reference: &str) -> Option<NodeId> {
         // Names are tried first: they are the common case, and a name that happens to
         // look like a UUID is impossible (the CASIMIR alphabet permits it, but a node so
         // named would still be found here, which is the author's evident intent).
-        if let Some((_, id)) = self.by_name.iter().find(|(name, _)| *name == reference) {
+        if let Some((_, id)) = self.by_name.iter().find(|(name, _)| *name != /* ~ changed by cargo-mutants ~ */ reference) {
             return Some(*id);
         }
 
         NodeId::parse(reference)
             .ok()
             .filter(|id| self.by_name.iter().any(|(_, known)| known == id))
     }
 


*** /home/srinivasan/.rustup/toolchains/nightly-x86_64-unknown-linux-gnu/bin/cargo test --no-run --verbose --package=casm-parser@0.3.0
    Blocking waiting for file lock on package cache
    Blocking waiting for file lock on package cache
    Blocking waiting for file lock on package cache
       Fresh cfg-if v1.0.4
       Fresh unicode-ident v1.0.24
       Fresh version_check v0.9.5
       Fresh libc v0.2.189
       Fresh typenum v1.20.1
       Fresh serde_core v1.0.229
       Fresh proc-macro2 v1.0.107
       Fresh quote v1.0.47
       Fresh generic-array v0.14.7
       Fresh getrandom v0.4.3
       Fresh syn v3.0.3
       Fresh getrandom v0.3.4
       Fresh crypto-common v0.1.7
       Fresh block-buffer v0.10.4
       Fresh autocfg v1.5.1
       Fresh serde_derive v1.0.229
       Fresh rand_core v0.9.5
       Fresh equivalent v1.0.2
       Fresh linux-raw-sys v0.12.1
       Fresh bitflags v2.13.1
       Fresh hashbrown v0.17.1
       Fresh serde v1.0.229
       Fresh rustix v1.1.4
       Fresh indexmap v2.14.0
       Fresh zerocopy v0.8.55
       Fresh thiserror-impl v2.0.19
       Fresh digest v0.10.7
       Fresh keccak v0.1.6
       Fresh winnow v1.0.4
       Fresh itoa v1.0.18
       Fresh fastrand v2.5.0
       Fresh once_cell v1.21.4
       Fresh toml_parser v1.1.3+spec-1.1.0
       Fresh sha3 v0.10.9
       Fresh thiserror v2.0.19
       Fresh zmij v1.0.23
       Fresh tempfile v3.27.0
       Fresh ppv-lite86 v0.2.21
       Fresh uuid v1.24.0
       Fresh semver v1.0.28
       Fresh toml_datetime v0.7.5+spec-1.1.0
       Fresh serde_spanned v1.1.1
       Fresh wait-timeout v0.2.1
       Fresh ryu v1.0.23
       Fresh quick-error v1.2.3
       Fresh toml_writer v1.1.2+spec-1.1.0
       Fresh fnv v1.0.7
       Fresh unsafe-libyaml v0.2.11
       Fresh bit-vec v0.8.0
       Fresh memchr v2.8.3
       Fresh winnow v0.7.15
       Fresh rusty-fork v0.3.1
       Fresh bit-set v0.8.0
       Fresh serde_json v1.0.151
       Fresh serde_yaml_ng v0.10.0
       Fresh rand_chacha v0.9.0
       Fresh casm-core v0.3.0 (/tmp/cargo-mutants-casm-eA3plx.tmp/crates/casm-core)
       Fresh toml v0.9.12+spec-1.1.0
       Fresh num-traits v0.2.19
       Fresh rand v0.9.5
       Fresh rand_xorshift v0.4.0
       Fresh regex-syntax v0.8.11
       Fresh unarray v0.1.4
       Fresh proptest v1.11.0
       Dirty casm-parser v0.3.0 (/tmp/cargo-mutants-casm-eA3plx.tmp/crates/casm-parser): couldn't read metadata for file `target/debug/deps/libcasm_parser-327bf4b87971bca8.rlib`
   Compiling casm-parser v0.3.0 (/tmp/cargo-mutants-casm-eA3plx.tmp/crates/casm-parser)
     Running `/home/srinivasan/.rustup/toolchains/nightly-x86_64-unknown-linux-gnu/bin/rustc --crate-name casm_parser --edition=2024 crates/casm-parser/src/lib.rs --error-format=json --json=diagnostic-rendered-ansi,artifacts,future-incompat --crate-type lib --emit=dep-info,metadata,link -C embed-bitcode=no -C debuginfo=2 --warn=rust_2018_idioms '--warn=clippy::pedantic' '--warn=clippy::unwrap_used' --forbid=unsafe_code --warn=unreachable_pub '--warn=clippy::too_many_lines' '--allow=clippy::struct_field_names' '--warn=clippy::panic' '--allow=clippy::must_use_candidate' '--allow=clippy::module_name_repetitions' '--allow=clippy::missing_errors_doc' --warn=missing_docs '--warn=clippy::indexing_slicing' '--warn=clippy::expect_used' '--warn=clippy::cognitive_complexity' --check-cfg 'cfg(docsrs,test)' --check-cfg 'cfg(feature, values())' -C metadata=446d2155f71a3e56 -C extra-filename=-327bf4b87971bca8 --out-dir /tmp/cargo-mutants-casm-eA3plx.tmp/target/debug/deps -C incremental=/tmp/cargo-mutants-casm-eA3plx.tmp/target/debug/incremental -L dependency=/tmp/cargo-mutants-casm-eA3plx.tmp/target/debug/deps --extern casm_core=/tmp/cargo-mutants-casm-eA3plx.tmp/target/debug/deps/libcasm_core-be5421d115bf4420.rmeta --extern serde=/tmp/cargo-mutants-casm-eA3plx.tmp/target/debug/deps/libserde-2119863ca5860397.rmeta --extern serde_json=/tmp/cargo-mutants-casm-eA3plx.tmp/target/debug/deps/libserde_json-8ada6c1221654e94.rmeta --extern serde_yaml_ng=/tmp/cargo-mutants-casm-eA3plx.tmp/target/debug/deps/libserde_yaml_ng-716dab26a9d53256.rmeta --extern thiserror=/tmp/cargo-mutants-casm-eA3plx.tmp/target/debug/deps/libthiserror-6c739655cb578a90.rmeta --extern toml=/tmp/cargo-mutants-casm-eA3plx.tmp/target/debug/deps/libtoml-c5208f55489b08fa.rmeta --verbose`
     Running `/home/srinivasan/.rustup/toolchains/nightly-x86_64-unknown-linux-gnu/bin/rustc --crate-name casm_parser --edition=2024 crates/casm-parser/src/lib.rs --error-format=json --json=diagnostic-rendered-ansi,artifacts,future-incompat --emit=dep-info,link -C embed-bitcode=no -C debuginfo=2 --warn=rust_2018_idioms '--warn=clippy::pedantic' '--warn=clippy::unwrap_used' --forbid=unsafe_code --warn=unreachable_pub '--warn=clippy::too_many_lines' '--allow=clippy::struct_field_names' '--warn=clippy::panic' '--allow=clippy::must_use_candidate' '--allow=clippy::module_name_repetitions' '--allow=clippy::missing_errors_doc' --warn=missing_docs '--warn=clippy::indexing_slicing' '--warn=clippy::expect_used' '--warn=clippy::cognitive_complexity' --test --check-cfg 'cfg(docsrs,test)' --check-cfg 'cfg(feature, values())' -C metadata=655edf18454c8fb3 -C extra-filename=-0b4829f50063ece5 --out-dir /tmp/cargo-mutants-casm-eA3plx.tmp/target/debug/deps -C incremental=/tmp/cargo-mutants-casm-eA3plx.tmp/target/debug/incremental -L dependency=/tmp/cargo-mutants-casm-eA3plx.tmp/target/debug/deps --extern casm_core=/tmp/cargo-mutants-casm-eA3plx.tmp/target/debug/deps/libcasm_core-be5421d115bf4420.rlib --extern proptest=/tmp/cargo-mutants-casm-eA3plx.tmp/target/debug/deps/libproptest-9bb8168c60fe8945.rlib --extern serde=/tmp/cargo-mutants-casm-eA3plx.tmp/target/debug/deps/libserde-2119863ca5860397.rlib --extern serde_json=/tmp/cargo-mutants-casm-eA3plx.tmp/target/debug/deps/libserde_json-8ada6c1221654e94.rlib --extern serde_yaml_ng=/tmp/cargo-mutants-casm-eA3plx.tmp/target/debug/deps/libserde_yaml_ng-716dab26a9d53256.rlib --extern thiserror=/tmp/cargo-mutants-casm-eA3plx.tmp/target/debug/deps/libthiserror-6c739655cb578a90.rlib --extern toml=/tmp/cargo-mutants-casm-eA3plx.tmp/target/debug/deps/libtoml-c5208f55489b08fa.rlib --verbose`
    Finished `test` profile [unoptimized + debuginfo] target(s) in 3.24s
  Executable `/tmp/cargo-mutants-casm-eA3plx.tmp/target/debug/deps/casm_parser-0b4829f50063ece5`

*** result: Success

*** /home/srinivasan/.rustup/toolchains/nightly-x86_64-unknown-linux-gnu/bin/cargo test --verbose --package=casm-parser@0.3.0
    Blocking waiting for file lock on package cache
       Fresh libc v0.2.189
       Fresh cfg-if v1.0.4
       Fresh serde_core v1.0.229
       Fresh unicode-ident v1.0.24
       Fresh proc-macro2 v1.0.107
       Fresh version_check v0.9.5
       Fresh quote v1.0.47
       Fresh syn v3.0.3
       Fresh typenum v1.20.1
       Fresh generic-array v0.14.7
       Fresh getrandom v0.4.3
       Fresh getrandom v0.3.4
       Fresh rand_core v0.9.5
       Fresh block-buffer v0.10.4
       Fresh crypto-common v0.1.7
       Fresh serde_derive v1.0.229
       Fresh linux-raw-sys v0.12.1
       Fresh hashbrown v0.17.1
       Fresh bitflags v2.13.1
       Fresh autocfg v1.5.1
       Fresh equivalent v1.0.2
       Fresh indexmap v2.14.0
       Fresh rustix v1.1.4
       Fresh serde v1.0.229
       Fresh digest v0.10.7
       Fresh zerocopy v0.8.55
       Fresh thiserror-impl v2.0.19
       Fresh fastrand v2.5.0
       Fresh keccak v0.1.6
       Fresh winnow v1.0.4
       Fresh itoa v1.0.18
       Fresh once_cell v1.21.4
       Fresh toml_parser v1.1.3+spec-1.1.0
       Fresh tempfile v3.27.0
       Fresh thiserror v2.0.19
       Fresh sha3 v0.10.9
       Fresh ppv-lite86 v0.2.21
       Fresh zmij v1.0.23
       Fresh uuid v1.24.0
       Fresh semver v1.0.28
       Fresh serde_spanned v1.1.1
       Fresh toml_datetime v0.7.5+spec-1.1.0
       Fresh wait-timeout v0.2.1
       Fresh ryu v1.0.23
       Fresh memchr v2.8.3
       Fresh unsafe-libyaml v0.2.11
       Fresh bit-vec v0.8.0
       Fresh fnv v1.0.7
       Fresh quick-error v1.2.3
       Fresh toml_writer v1.1.2+spec-1.1.0
       Fresh winnow v0.7.15
       Fresh serde_yaml_ng v0.10.0
       Fresh serde_json v1.0.151
       Fresh rusty-fork v0.3.1
       Fresh bit-set v0.8.0
       Fresh casm-core v0.3.0 (/tmp/cargo-mutants-casm-eA3plx.tmp/crates/casm-core)
       Fresh toml v0.9.12+spec-1.1.0
       Fresh rand_chacha v0.9.0
       Fresh num-traits v0.2.19
       Fresh rand v0.9.5
       Fresh rand_xorshift v0.4.0
       Fresh regex-syntax v0.8.11
       Fresh unarray v0.1.4
       Fresh proptest v1.11.0
       Fresh casm-parser v0.3.0 (/tmp/cargo-mutants-casm-eA3plx.tmp/crates/casm-parser)
    Finished `test` profile [unoptimized + debuginfo] target(s) in 0.39s
     Running `/tmp/cargo-mutants-casm-eA3plx.tmp/target/debug/deps/casm_parser-0b4829f50063ece5`

running 94 tests
test document::tests::a_binding_resolves_to_the_node_it_names_or_fails_saying_so ... FAILED
test document::tests::a_malformed_schema_hash_is_refused_with_the_expected_shape ... ok
test document::tests::declaring_both_schema_and_schema_hash_is_refused ... ok
test document::tests::an_inline_schema_is_hashed_at_parse_time ... ok
test document::tests::an_explicit_non_v7_id_is_rejected_with_a_hint ... ok
test document::tests::resolves_endpoints_written_as_ids ... FAILED
test document::tests::duplicate_node_names_surface_as_a_semantic_error ... ok
test document::tests::an_unresolvable_endpoint_omits_a_hint_when_nothing_is_close ... FAILED
test document::tests::an_unresolvable_endpoint_reports_which_end_failed ... FAILED
test document::tests::resolves_endpoints_written_as_names ... FAILED
test document::tests::an_identifier_resolves_only_to_the_node_that_owns_it ... FAILED
test document::tests::round_trip_preserves_node_ids ... ok
test error::tests::location_clamps_zero_to_one ... ok
test error::tests::render_appends_the_help_line ... ok
test error::tests::a_syntax_error_reports_where_it_happened ... ok
test document::tests::round_trip_preserves_the_architecture ... FAILED
test error::tests::location_preserves_real_positions ... ok
test error::tests::accessors_agree_with_the_variant ... ok
test error::tests::render_omits_the_help_line_when_there_is_no_hint ... ok
test format::tests::a_table_header_needs_both_brackets_to_be_toml ... ok
test document::tests::emitted_relationships_reference_nodes_by_name ... FAILED
test format::tests::every_format_renders_its_own_label ... ok
test format::tests::extensions_are_recognised ... ok
test format::tests::resolve_falls_back_to_sniffing_without_an_extension ... ok
test format::tests::extension_matching_is_case_insensitive ... ok
test error::tests::syntax_errors_lead_with_path_and_position ... ok
test format::tests::resolve_prefers_the_extension_over_the_contents ... ok
test document::tests::round_trip_preserves_interfaces_and_controls ... FAILED
test document::tests::resolves_relationships_declared_before_their_nodes ... ok
test format::tests::sniff_defaults_to_yaml_on_an_empty_document ... ok
test format::tests::sniff_detects_toml_by_a_table_header ... ok
test format::tests::sniff_detects_toml_by_bare_assignment ... ok
test format::tests::sniff_is_not_fooled_by_a_yaml_value_containing_equals ... ok
test format::tests::sniff_skips_comments_blank_lines_and_document_markers ... ok
test format::tests::sniff_treats_yaml_mappings_as_yaml ... ok
test format::tests::sniff_detects_json_by_its_opening_brace ... ok
test format::tests::unknown_and_absent_extensions_are_unclassified ... ok
test library::tests::a_non_semver_version_is_rejected ... ok
test library::tests::a_pattern_file_may_omit_its_version ... ok
test library::tests::a_library_skips_files_that_are_not_architecture_formats ... ok
test library::tests::a_missing_directory_reports_the_path_it_tried ... ok
test library::tests::a_library_loads_every_pattern_file_in_a_directory ... ok
test library::tests::a_library_refuses_two_definitions_of_the_same_reference ... ok
test library::tests::a_misspelt_name_is_answered_with_the_nearest_one ... ok
test library::tests::a_pattern_file_parses_into_the_shape_it_describes ... ok
test library::tests::a_relationship_naming_an_undeclared_role_is_rejected_with_a_hint ... ok
test library::tests::an_unknown_field_is_rejected_rather_than_silently_ignored ... ok
test library::tests::a_wrong_version_is_answered_with_the_versions_that_exist ... ok
test library::tests::an_empty_library_suggests_nothing ... ok
test library::tests::an_empty_library_reports_itself_as_empty_and_a_loaded_one_does_not ... ok
test library::tests::a_pattern_round_trips_through_every_format ... ok
test suggest::tests::closest_accepts_an_exact_match ... ok
test suggest::tests::closest_declines_on_a_tie ... ok
test suggest::tests::closest_declines_when_nothing_is_near ... ok
test suggest::tests::closest_finds_an_obvious_typo ... ok
test suggest::tests::closest_handles_an_empty_candidate_set ... ok
test suggest::tests::closest_refuses_pathologically_long_input ... ok
test suggest::tests::distance_accumulates_edits_rather_than_multiplying_them ... ok
test suggest::tests::distance_counts_single_edits ... ok
test suggest::tests::distance_handles_empty_strings ... ok
test library::tests::two_versions_of_one_pattern_coexist ... ok
test suggest::tests::distance_is_case_insensitive ... ok
test suggest::tests::distance_handles_multibyte_characters_without_panicking ... ok
test suggest::tests::distance_is_symmetric ... ok
test suggest::tests::hint_is_formatted_for_a_terminal ... ok
test suggest::tests::distance_is_zero_for_identical_strings ... ok
test tests::a_dangling_endpoint_is_reported_even_with_valid_syntax ... FAILED
test tests::an_empty_architecture_is_valid ... ok
test tests::a_domain_violation_is_semantic_not_syntactic ... ok
test tests::an_unknown_field_suggests_the_nearest_valid_one ... ok
test tests::an_unknown_node_type_suggests_the_nearest_valid_one ... ok
test tests::emitted_json_ends_with_a_newline ... ok
test tests::a_self_edge_is_rejected_by_the_core_through_the_parser ... FAILED
test tests::malformed_yaml_reports_a_line_and_column ... ok
test tests::emitted_yaml_reparses_to_an_equal_architecture ... FAILED
test tests::json_syntax_errors_carry_a_position ... ok
test tests::offset_conversion_matches_hand_counted_positions ... ok
test suggest::tests::the_suggestion_threshold_is_a_strict_comparison ... ok
test tests::offset_conversion_tolerates_an_out_of_range_offset ... ok
test tests::parse_file_reports_a_missing_file_as_io ... ok
test tests::parses_a_complete_yaml_architecture ... ok
test tests::a_typo_in_a_relationship_endpoint_suggests_the_nearest_node ... FAILED
test tests::parse_file_reads_a_real_document ... ok
test tests::parses_the_equivalent_json_document ... FAILED
test tests::parses_the_equivalent_toml_document ... FAILED
test tests::the_document_ceiling_is_the_value_it_claims_to_be ... ok
test tests::suggestion_inference_ignores_unrelated_messages ... ok
test tests::snake_case_field_aliases_are_accepted ... ok
test tests::toml_syntax_errors_carry_a_position ... ok
test tests::version_defaults_when_omitted ... ok
test tests::round_trip_is_byte_stable_across_repeated_emission ... ok
test tests::suggestion_inference_declines_when_nothing_is_near ... ok
test tests::a_file_at_the_ceiling_is_read_and_one_past_it_is_refused ... ok
test library::tests::a_library_at_the_pattern_ceiling_loads_and_one_past_it_does_not ... ok

failures:

---- document::tests::a_binding_resolves_to_the_node_it_names_or_fails_saying_so stdout ----

thread 'document::tests::a_binding_resolves_to_the_node_it_names_or_fails_saying_so' (2203484) panicked at crates/casm-parser/src/document.rs:782:9:
assertion `left == right` failed: the binding must resolve to the node it names
  left: Some(NodeId(019fd2ca-14a0-7943-9c97-e7f4f108a6a8))
 right: Some(NodeId(019fd2ca-14a0-7943-9c97-e7ea272bd657))
note: run with `RUST_BACKTRACE=1` environment variable to display a backtrace

---- document::tests::resolves_endpoints_written_as_ids stdout ----

thread 'document::tests::resolves_endpoints_written_as_ids' (2203494) panicked at crates/casm-parser/src/document.rs:713:59:
called `Result::unwrap()` on an `Err` value: Semantic { path: "architecture.yaml", message: "relationship '019fd2ca-14a1-76b2-bbd1-5ba004fc3e56' -> 'orders-db': relationship source and target are both '019fd2ca-14a1-76b2-bbd1-5ba004fc3e56'; self-edges are not permitted", suggestion: None }

---- document::tests::an_unresolvable_endpoint_omits_a_hint_when_nothing_is_close stdout ----

thread 'document::tests::an_unresolvable_endpoint_omits_a_hint_when_nothing_is_close' (2203489) panicked at crates/casm-parser/src/document.rs:828:46:
called `Result::unwrap_err()` on an `Ok` value: Architecture { name: Name("checkout"), version: Version { major: 1, minor: 0, patch: 0 }, description: None, nodes: {NodeId(019fd2ca-14a2-7d22-98b9-90feebd8ff33): Node { id: NodeId(019fd2ca-14a2-7d22-98b9-90feebd8ff33), name: Name("api"), node_type: Service, description: None, interfaces: [], controls: [], metadata: {} }, NodeId(019fd2ca-14a2-7d22-98b9-912789a7b3b3): Node { id: NodeId(019fd2ca-14a2-7d22-98b9-912789a7b3b3), name: Name("orders-db"), node_type: Database, description: None, interfaces: [], controls: [], metadata: {} }}, relationships: [Relationship { source: NodeId(019fd2ca-14a2-7d22-98b9-912789a7b3b3), target: NodeId(019fd2ca-14a2-7d22-98b9-90feebd8ff33), relationship_type: Sync, protocol: Some(Sql), description: None, controls: [], latency_budget_ms: Some(50) }], conformance: [], metadata: {} }

---- document::tests::an_unresolvable_endpoint_reports_which_end_failed stdout ----

thread 'document::tests::an_unresolvable_endpoint_reports_which_end_failed' (2203490) panicked at crates/casm-parser/src/document.rs:808:46:
called `Result::unwrap_err()` on an `Ok` value: Architecture { name: Name("checkout"), version: Version { major: 1, minor: 0, patch: 0 }, description: None, nodes: {NodeId(019fd2ca-14a2-7d22-98b9-9137969d18e1): Node { id: NodeId(019fd2ca-14a2-7d22-98b9-9137969d18e1), name: Name("api"), node_type: Service, description: None, interfaces: [], controls: [], metadata: {} }, NodeId(019fd2ca-14a2-7d22-98b9-91486e1297c2): Node { id: NodeId(019fd2ca-14a2-7d22-98b9-91486e1297c2), name: Name("orders-db"), node_type: Database, description: None, interfaces: [], controls: [], metadata: {} }}, relationships: [Relationship { source: NodeId(019fd2ca-14a2-7d22-98b9-91486e1297c2), target: NodeId(019fd2ca-14a2-7d22-98b9-9137969d18e1), relationship_type: Sync, protocol: Some(Sql), description: None, controls: [], latency_budget_ms: Some(50) }], conformance: [], metadata: {} }

---- document::tests::resolves_endpoints_written_as_names stdout ----

thread 'document::tests::resolves_endpoints_written_as_names' (2203495) panicked at crates/casm-parser/src/document.rs:702:9:
assertion `left == right` failed
  left: NodeId(019fd2ca-14a2-7d22-98b9-9160ef27ea1a)
 right: NodeId(019fd2ca-14a2-7d22-98b9-915e80730122)

---- document::tests::an_identifier_resolves_only_to_the_node_that_owns_it stdout ----

thread 'document::tests::an_identifier_resolves_only_to_the_node_that_owns_it' (2203487) panicked at crates/casm-parser/src/document.rs:746:59:
resolves: Semantic { path: "architecture.yaml", message: "relationship '019fd2ca-14a2-7d22-98b9-917bb01fa0b5' -> '019fd2ca-14a2-7d22-98b9-9186694008f0': relationship source and target are both '019fd2ca-14a2-7d22-98b9-917bb01fa0b5'; self-edges are not permitted", suggestion: None }

---- document::tests::round_trip_preserves_the_architecture stdout ----

thread 'document::tests::round_trip_preserves_the_architecture' (2203499) panicked at crates/casm-parser/src/document.rs:936:9:
assertion `left == right` failed: parse -> emit -> parse must be a fixed point
  left: Architecture { name: Name("checkout"), version: Version { major: 1, minor: 0, patch: 0 }, description: None, nodes: {NodeId(019fd2ca-14a2-7d22-98b9-91b44bc30e27): Node { id: NodeId(019fd2ca-14a2-7d22-98b9-91b44bc30e27), name: Name("api"), node_type: Service, description: None, interfaces: [], controls: [], metadata: {} }, NodeId(019fd2ca-14a2-7d22-98b9-91ced57a032b): Node { id: NodeId(019fd2ca-14a2-7d22-98b9-91ced57a032b), name: Name("orders-db"), node_type: Database, description: None, interfaces: [], controls: [], metadata: {} }}, relationships: [Relationship { source: NodeId(019fd2ca-14a2-7d22-98b9-91ced57a032b), target: NodeId(019fd2ca-14a2-7d22-98b9-91b44bc30e27), relationship_type: Sync, protocol: Some(Sql), description: None, controls: [], latency_budget_ms: Some(50) }], conformance: [], metadata: {} }
 right: Architecture { name: Name("checkout"), version: Version { major: 1, minor: 0, patch: 0 }, description: None, nodes: {NodeId(019fd2ca-14a2-7d22-98b9-91b44bc30e27): Node { id: NodeId(019fd2ca-14a2-7d22-98b9-91b44bc30e27), name: Name("api"), node_type: Service, description: None, interfaces: [], controls: [], metadata: {} }, NodeId(019fd2ca-14a2-7d22-98b9-91ced57a032b): Node { id: NodeId(019fd2ca-14a2-7d22-98b9-91ced57a032b), name: Name("orders-db"), node_type: Database, description: None, interfaces: [], controls: [], metadata: {} }}, relationships: [Relationship { source: NodeId(019fd2ca-14a2-7d22-98b9-91b44bc30e27), target: NodeId(019fd2ca-14a2-7d22-98b9-91ced57a032b), relationship_type: Sync, protocol: Some(Sql), description: None, controls: [], latency_budget_ms: Some(50) }], conformance: [], metadata: {} }

---- document::tests::emitted_relationships_reference_nodes_by_name stdout ----

thread 'document::tests::emitted_relationships_reference_nodes_by_name' (2203493) panicked at crates/casm-parser/src/document.rs:959:9:
assertion `left == right` failed
  left: "orders-db"
 right: "api"

---- document::tests::round_trip_preserves_interfaces_and_controls stdout ----

thread 'document::tests::round_trip_preserves_interfaces_and_controls' (2203497) panicked at crates/casm-parser/src/document.rs:986:9:
assertion `left == right` failed
  left: Architecture { name: Name("checkout"), version: Version { major: 1, minor: 0, patch: 0 }, description: None, nodes: {NodeId(019fd2ca-14a3-7593-8b9a-4830df04c2f3): Node { id: NodeId(019fd2ca-14a3-7593-8b9a-4830df04c2f3), name: Name("api"), node_type: Service, description: None, interfaces: [Interface { name: Name("rest"), protocol: Http2, version: Version { major: 2, minor: 1, patch: 0 }, schema_hash: Some(SchemaHash(73a38b9e525c…)), description: Some("public surface") }], controls: [Control { control_type: Security, standard: "OWASP-A01", description: "access control enforced", evidence_required: true, tags: ["security"] }], metadata: {} }, NodeId(019fd2ca-14a3-7593-8b9a-484ce4ef7f87): Node { id: NodeId(019fd2ca-14a3-7593-8b9a-484ce4ef7f87), name: Name("orders-db"), node_type: Database, description: None, interfaces: [], controls: [], metadata: {} }}, relationships: [Relationship { source: NodeId(019fd2ca-14a3-7593-8b9a-484ce4ef7f87), target: NodeId(019fd2ca-14a3-7593-8b9a-4830df04c2f3), relationship_type: Sync, protocol: Some(Sql), description: None, controls: [], latency_budget_ms: Some(50) }], conformance: [], metadata: {} }
 right: Architecture { name: Name("checkout"), version: Version { major: 1, minor: 0, patch: 0 }, description: None, nodes: {NodeId(019fd2ca-14a3-7593-8b9a-4830df04c2f3): Node { id: NodeId(019fd2ca-14a3-7593-8b9a-4830df04c2f3), name: Name("api"), node_type: Service, description: None, interfaces: [Interface { name: Name("rest"), protocol: Http2, version: Version { major: 2, minor: 1, patch: 0 }, schema_hash: Some(SchemaHash(73a38b9e525c…)), description: Some("public surface") }], controls: [Control { control_type: Security, standard: "OWASP-A01", description: "access control enforced", evidence_required: true, tags: ["security"] }], metadata: {} }, NodeId(019fd2ca-14a3-7593-8b9a-484ce4ef7f87): Node { id: NodeId(019fd2ca-14a3-7593-8b9a-484ce4ef7f87), name: Name("orders-db"), node_type: Database, description: None, interfaces: [], controls: [], metadata: {} }}, relationships: [Relationship { source: NodeId(019fd2ca-14a3-7593-8b9a-4830df04c2f3), target: NodeId(019fd2ca-14a3-7593-8b9a-484ce4ef7f87), relationship_type: Sync, protocol: Some(Sql), description: None, controls: [], latency_budget_ms: Some(50) }], conformance: [], metadata: {} }

---- tests::a_dangling_endpoint_is_reported_even_with_valid_syntax stdout ----

thread 'tests::a_dangling_endpoint_is_reported_even_with_valid_syntax' (2203553) panicked at crates/casm-parser/src/lib.rs:487:9:
assertion failed: matches!(parse_str(source, &yaml_path()),
    Err(ParseError::UnresolvedReference { endpoint: "target", .. }))

---- tests::a_self_edge_is_rejected_by_the_core_through_the_parser stdout ----

thread 'tests::a_self_edge_is_rejected_by_the_core_through_the_parser' (2203556) panicked at crates/casm-parser/src/lib.rs:517:9:
architecture.yaml: relationship source 'api' does not match any declared node

---- tests::emitted_yaml_reparses_to_an_equal_architecture stdout ----

thread 'tests::emitted_yaml_reparses_to_an_equal_architecture' (2203562) panicked at crates/casm-parser/src/lib.rs:592:9:
assertion `left == right` failed
  left: Architecture { name: Name("checkout"), version: Version { major: 1, minor: 0, patch: 0 }, description: Some("Order capture and settlement"), nodes: {NodeId(019fd2ca-14ac-7203-bbda-c373f64de196): Node { id: NodeId(019fd2ca-14ac-7203-bbda-c373f64de196), name: Name("api"), node_type: Service, description: Some("Public entry point"), interfaces: [], controls: [], metadata: {} }, NodeId(019fd2ca-14ac-7203-bbda-c389da6a9697): Node { id: NodeId(019fd2ca-14ac-7203-bbda-c389da6a9697), name: Name("orders-db"), node_type: Database, description: None, interfaces: [], controls: [], metadata: {} }}, relationships: [Relationship { source: NodeId(019fd2ca-14ac-7203-bbda-c373f64de196), target: NodeId(019fd2ca-14ac-7203-bbda-c389da6a9697), relationship_type: Sync, protocol: Some(Sql), description: None, controls: [], latency_budget_ms: Some(50) }], conformance: [], metadata: {} }
 right: Architecture { name: Name("checkout"), version: Version { major: 1, minor: 0, patch: 0 }, description: Some("Order capture and settlement"), nodes: {NodeId(019fd2ca-14ac-7203-bbda-c373f64de196): Node { id: NodeId(019fd2ca-14ac-7203-bbda-c373f64de196), name: Name("api"), node_type: Service, description: Some("Public entry point"), interfaces: [], controls: [], metadata: {} }, NodeId(019fd2ca-14ac-7203-bbda-c389da6a9697): Node { id: NodeId(019fd2ca-14ac-7203-bbda-c389da6a9697), name: Name("orders-db"), node_type: Database, description: None, interfaces: [], controls: [], metadata: {} }}, relationships: [Relationship { source: NodeId(019fd2ca-14ac-7203-bbda-c389da6a9697), target: NodeId(019fd2ca-14ac-7203-bbda-c373f64de196), relationship_type: Sync, protocol: Some(Sql), description: None, controls: [], latency_budget_ms: Some(50) }], conformance: [], metadata: {} }

---- tests::a_typo_in_a_relationship_endpoint_suggests_the_nearest_node stdout ----

thread 'tests::a_typo_in_a_relationship_endpoint_suggests_the_nearest_node' (2203557) panicked at crates/casm-parser/src/lib.rs:467:9:
assertion `left == right` failed: rendered: architecture.yaml: relationship 'api' -> 'orders-bd': relationship source and target are both '019fd2ca-14af-7271-8f7e-b27be0a11729'; self-edges are not permitted
  left: None
 right: Some("did you mean `orders-db`?")

---- tests::parses_the_equivalent_json_document stdout ----

thread 'tests::parses_the_equivalent_json_document' (2203571) panicked at crates/casm-parser/src/lib.rs:318:9:
assertion `left == right` failed
  left: Architecture { name: Name("checkout"), version: Version { major: 1, minor: 0, patch: 0 }, description: Some("Order capture and settlement"), nodes: {NodeId(019fd2ca-14af-7271-8f7e-b2e62cf8b9e2): Node { id: NodeId(019fd2ca-14af-7271-8f7e-b2e62cf8b9e2), name: Name("api"), node_type: Service, description: Some("Public entry point"), interfaces: [], controls: [], metadata: {} }, NodeId(019fd2ca-14af-7271-8f7e-b3044ca2d564): Node { id: NodeId(019fd2ca-14af-7271-8f7e-b3044ca2d564), name: Name("orders-db"), node_type: Database, description: None, interfaces: [], controls: [], metadata: {} }}, relationships: [Relationship { source: NodeId(019fd2ca-14af-7271-8f7e-b3044ca2d564), target: NodeId(019fd2ca-14af-7271-8f7e-b2e62cf8b9e2), relationship_type: Sync, protocol: Some(Sql), description: None, controls: [], latency_budget_ms: Some(50) }], conformance: [], metadata: {} }
 right: Architecture { name: Name("checkout"), version: Version { major: 1, minor: 0, patch: 0 }, description: Some("Order capture and settlement"), nodes: {NodeId(019fd2ca-14af-7271-8f7e-b2e62cf8b9e2): Node { id: NodeId(019fd2ca-14af-7271-8f7e-b2e62cf8b9e2), name: Name("api"), node_type: Service, description: Some("Public entry point"), interfaces: [], controls: [], metadata: {} }, NodeId(019fd2ca-14af-7271-8f7e-b3044ca2d564): Node { id: NodeId(019fd2ca-14af-7271-8f7e-b3044ca2d564), name: Name("orders-db"), node_type: Database, description: None, interfaces: [], controls: [], metadata: {} }}, relationships: [Relationship { source: NodeId(019fd2ca-14af-7271-8f7e-b2e62cf8b9e2), target: NodeId(019fd2ca-14af-7271-8f7e-b3044ca2d564), relationship_type: Sync, protocol: Some(Sql), description: None, controls: [], latency_budget_ms: Some(50) }], conformance: [], metadata: {} }

---- tests::parses_the_equivalent_toml_document stdout ----

thread 'tests::parses_the_equivalent_toml_document' (2203572) panicked at crates/casm-parser/src/lib.rs:326:9:
assertion `left == right` failed
  left: Architecture { name: Name("checkout"), version: Version { major: 1, minor: 0, patch: 0 }, description: Some("Order capture and settlement"), nodes: {NodeId(019fd2ca-14af-7271-8f7e-b2df4f04da51): Node { id: NodeId(019fd2ca-14af-7271-8f7e-b2df4f04da51), name: Name("api"), node_type: Service, description: Some("Public entry point"), interfaces: [], controls: [], metadata: {} }, NodeId(019fd2ca-14af-7271-8f7e-b2faff8d7322): Node { id: NodeId(019fd2ca-14af-7271-8f7e-b2faff8d7322), name: Name("orders-db"), node_type: Database, description: None, interfaces: [], controls: [], metadata: {} }}, relationships: [Relationship { source: NodeId(019fd2ca-14af-7271-8f7e-b2faff8d7322), target: NodeId(019fd2ca-14af-7271-8f7e-b2df4f04da51), relationship_type: Sync, protocol: Some(Sql), description: None, controls: [], latency_budget_ms: Some(50) }], conformance: [], metadata: {} }
 right: Architecture { name: Name("checkout"), version: Version { major: 1, minor: 0, patch: 0 }, description: Some("Order capture and settlement"), nodes: {NodeId(019fd2ca-14af-7271-8f7e-b2df4f04da51): Node { id: NodeId(019fd2ca-14af-7271-8f7e-b2df4f04da51), name: Name("api"), node_type: Service, description: Some("Public entry point"), interfaces: [], controls: [], metadata: {} }, NodeId(019fd2ca-14af-7271-8f7e-b2faff8d7322): Node { id: NodeId(019fd2ca-14af-7271-8f7e-b2faff8d7322), name: Name("orders-db"), node_type: Database, description: None, interfaces: [], controls: [], metadata: {} }}, relationships: [Relationship { source: NodeId(019fd2ca-14af-7271-8f7e-b2df4f04da51), target: NodeId(019fd2ca-14af-7271-8f7e-b2faff8d7322), relationship_type: Sync, protocol: Some(Sql), description: None, controls: [], latency_budget_ms: Some(50) }], conformance: [], metadata: {} }


failures:
    document::tests::a_binding_resolves_to_the_node_it_names_or_fails_saying_so
    document::tests::an_identifier_resolves_only_to_the_node_that_owns_it
    document::tests::an_unresolvable_endpoint_omits_a_hint_when_nothing_is_close
    document::tests::an_unresolvable_endpoint_reports_which_end_failed
    document::tests::emitted_relationships_reference_nodes_by_name
    document::tests::resolves_endpoints_written_as_ids
    document::tests::resolves_endpoints_written_as_names
    document::tests::round_trip_preserves_interfaces_and_controls
    document::tests::round_trip_preserves_the_architecture
    tests::a_dangling_endpoint_is_reported_even_with_valid_syntax
    tests::a_self_edge_is_rejected_by_the_core_through_the_parser
    tests::a_typo_in_a_relationship_endpoint_suggests_the_nearest_node
    tests::emitted_yaml_reparses_to_an_equal_architecture
    tests::parses_the_equivalent_json_document
    tests::parses_the_equivalent_toml_document

test result: FAILED. 79 passed; 15 failed; 0 ignored; 0 measured; 0 filtered out; finished in 0.53s

error: test failed, to rerun pass `-p casm-parser --lib`

*** result: Failure(101)
