
*** crates/casm-formal/src/alloy.rs:156:5: replace emit -> AlloyOutput with Default::default()

*** mutation diff:
--- crates/casm-formal/src/alloy.rs
+++ replace emit -> AlloyOutput with Default::default()
@@ -148,32 +148,17 @@
     } else {
         members.join(" + ")
     }
 }
 
 /// Emits the Alloy model.
 #[must_use]
 pub fn emit(model: &FormalModel) -> AlloyOutput {
-    let module = module_name(&model.name);
-    let identifiers = identifiers(&model.node_names());
-    let scope = model.nodes.len().max(1);
-
-    let mut out = String::new();
-    write_header(&mut out, &module, model, &identifiers);
-    write_signatures(&mut out, model, &identifiers);
-    write_topology(&mut out, model, &identifiers);
-    write_groups(&mut out, model, &identifiers);
-    write_assertions(&mut out, model, scope);
-
-    AlloyOutput {
-        module,
-        model: out,
-        identifiers,
-    }
+    Default::default() /* ~ changed by cargo-mutants ~ */
 }
 
 /// Writes the module header and the identifier mapping.
 fn write_header(
     out: &mut String,
     module: &str,
     model: &FormalModel,
     identifiers: &BTreeMap<String, String>,


*** /home/srinivasan/.rustup/toolchains/nightly-x86_64-unknown-linux-gnu/bin/cargo test --no-run --verbose --package=casm-formal@0.3.0
    Blocking waiting for file lock on package cache
    Blocking waiting for file lock on package cache
    Blocking waiting for file lock on package cache
    Blocking waiting for file lock on package cache
       Fresh serde_core v1.0.229
       Fresh unicode-ident v1.0.24
       Fresh proc-macro2 v1.0.107
       Fresh version_check v0.9.5
       Fresh quote v1.0.47
       Fresh syn v3.0.3
       Fresh typenum v1.20.1
       Fresh generic-array v0.14.7
       Fresh libc v0.2.189
       Fresh crypto-common v0.1.7
       Fresh block-buffer v0.10.4
       Fresh serde_derive v1.0.229
       Fresh cfg-if v1.0.4
       Fresh hashbrown v0.17.1
       Fresh equivalent v1.0.2
       Fresh indexmap v2.14.0
       Fresh getrandom v0.4.3
       Fresh serde v1.0.229
       Fresh digest v0.10.7
       Fresh thiserror-impl v2.0.19
       Fresh keccak v0.1.6
       Fresh sha3 v0.10.9
       Fresh thiserror v2.0.19
       Fresh uuid v1.24.0
       Fresh semver v1.0.28
       Fresh itoa v1.0.18
       Fresh winnow v1.0.4
       Fresh toml_parser v1.1.3+spec-1.1.0
       Fresh casm-core v0.3.0 (/tmp/cargo-mutants-casm-Mdd4Ys.tmp/crates/casm-core)
       Fresh zmij v1.0.23
       Fresh serde_spanned v1.1.1
       Fresh toml_datetime v0.7.5+spec-1.1.0
       Fresh toml_writer v1.1.2+spec-1.1.0
       Fresh unsafe-libyaml v0.2.11
       Fresh memchr v2.8.3
       Fresh winnow v0.7.15
       Fresh ryu v1.0.23
       Fresh serde_json v1.0.151
       Fresh toml v0.9.12+spec-1.1.0
       Dirty casm-formal v0.3.0 (/tmp/cargo-mutants-casm-Mdd4Ys.tmp/crates/casm-formal): the file `crates/casm-formal/src/alloy.rs` has changed (1785931686.165256639s, 2s after last build at 1785931684.141073512s)
   Compiling casm-formal v0.3.0 (/tmp/cargo-mutants-casm-Mdd4Ys.tmp/crates/casm-formal)
       Fresh serde_yaml_ng v0.10.0
       Fresh casm-parser v0.3.0 (/tmp/cargo-mutants-casm-Mdd4Ys.tmp/crates/casm-parser)
     Running `/home/srinivasan/.rustup/toolchains/nightly-x86_64-unknown-linux-gnu/bin/rustc --crate-name casm_formal --edition=2024 crates/casm-formal/src/lib.rs --error-format=json --json=diagnostic-rendered-ansi,artifacts,future-incompat --crate-type lib --emit=dep-info,metadata,link -C embed-bitcode=no -C debuginfo=2 --warn=rust_2018_idioms '--warn=clippy::pedantic' '--warn=clippy::unwrap_used' --forbid=unsafe_code --warn=unreachable_pub '--warn=clippy::too_many_lines' '--allow=clippy::struct_field_names' '--warn=clippy::panic' '--allow=clippy::must_use_candidate' '--allow=clippy::module_name_repetitions' '--allow=clippy::missing_errors_doc' --warn=missing_docs '--warn=clippy::indexing_slicing' '--warn=clippy::expect_used' '--warn=clippy::cognitive_complexity' --check-cfg 'cfg(docsrs,test)' --check-cfg 'cfg(feature, values())' -C metadata=a718362359bd9abb -C extra-filename=-3d62c4049ed65674 --out-dir /tmp/cargo-mutants-casm-Mdd4Ys.tmp/target/debug/deps -C incremental=/tmp/cargo-mutants-casm-Mdd4Ys.tmp/target/debug/incremental -L dependency=/tmp/cargo-mutants-casm-Mdd4Ys.tmp/target/debug/deps --extern casm_core=/tmp/cargo-mutants-casm-Mdd4Ys.tmp/target/debug/deps/libcasm_core-0e2727cdb6cb7ba3.rmeta --verbose`
     Running `/home/srinivasan/.rustup/toolchains/nightly-x86_64-unknown-linux-gnu/bin/rustc --crate-name casm_formal --edition=2024 crates/casm-formal/src/lib.rs --error-format=json --json=diagnostic-rendered-ansi,artifacts,future-incompat --emit=dep-info,link -C embed-bitcode=no -C debuginfo=2 --warn=rust_2018_idioms '--warn=clippy::pedantic' '--warn=clippy::unwrap_used' --forbid=unsafe_code --warn=unreachable_pub '--warn=clippy::too_many_lines' '--allow=clippy::struct_field_names' '--warn=clippy::panic' '--allow=clippy::must_use_candidate' '--allow=clippy::module_name_repetitions' '--allow=clippy::missing_errors_doc' --warn=missing_docs '--warn=clippy::indexing_slicing' '--warn=clippy::expect_used' '--warn=clippy::cognitive_complexity' --test --check-cfg 'cfg(docsrs,test)' --check-cfg 'cfg(feature, values())' -C metadata=3bdee02190ccaeac -C extra-filename=-cc425937610d0a3f --out-dir /tmp/cargo-mutants-casm-Mdd4Ys.tmp/target/debug/deps -C incremental=/tmp/cargo-mutants-casm-Mdd4Ys.tmp/target/debug/incremental -L dependency=/tmp/cargo-mutants-casm-Mdd4Ys.tmp/target/debug/deps --extern casm_core=/tmp/cargo-mutants-casm-Mdd4Ys.tmp/target/debug/deps/libcasm_core-0e2727cdb6cb7ba3.rlib --extern casm_parser=/tmp/cargo-mutants-casm-Mdd4Ys.tmp/target/debug/deps/libcasm_parser-46b061afdef23cde.rlib --verbose`
error[E0277]: the trait bound `AlloyOutput: Default` is not satisfied
   --> crates/casm-formal/src/alloy.rs:156:5
    |
156 |     Default::default() /* ~ changed by cargo-mutants ~ */
    |     ^^^^^^^^^^^^^^^^^^ the trait `Default` is not implemented for `AlloyOutput`
    |
help: consider annotating `AlloyOutput` with `#[derive(Default)]`
    |
 39 + #[derive(Default)]
 40 | pub struct AlloyOutput {
    |

For more information about this error, try `rustc --explain E0277`.
error: could not compile `casm-formal` (lib) due to 1 previous error

Caused by:
  process didn't exit successfully: `/home/srinivasan/.rustup/toolchains/nightly-x86_64-unknown-linux-gnu/bin/rustc --crate-name casm_formal --edition=2024 crates/casm-formal/src/lib.rs --error-format=json --json=diagnostic-rendered-ansi,artifacts,future-incompat --crate-type lib --emit=dep-info,metadata,link -C embed-bitcode=no -C debuginfo=2 --warn=rust_2018_idioms '--warn=clippy::pedantic' '--warn=clippy::unwrap_used' --forbid=unsafe_code --warn=unreachable_pub '--warn=clippy::too_many_lines' '--allow=clippy::struct_field_names' '--warn=clippy::panic' '--allow=clippy::must_use_candidate' '--allow=clippy::module_name_repetitions' '--allow=clippy::missing_errors_doc' --warn=missing_docs '--warn=clippy::indexing_slicing' '--warn=clippy::expect_used' '--warn=clippy::cognitive_complexity' --check-cfg 'cfg(docsrs,test)' --check-cfg 'cfg(feature, values())' -C metadata=a718362359bd9abb -C extra-filename=-3d62c4049ed65674 --out-dir /tmp/cargo-mutants-casm-Mdd4Ys.tmp/target/debug/deps -C incremental=/tmp/cargo-mutants-casm-Mdd4Ys.tmp/target/debug/incremental -L dependency=/tmp/cargo-mutants-casm-Mdd4Ys.tmp/target/debug/deps --extern casm_core=/tmp/cargo-mutants-casm-Mdd4Ys.tmp/target/debug/deps/libcasm_core-0e2727cdb6cb7ba3.rmeta --verbose` (exit status: 1)
warning: build failed, waiting for other jobs to finish...
error: could not compile `casm-formal` (lib test) due to 1 previous error

Caused by:
  process didn't exit successfully: `/home/srinivasan/.rustup/toolchains/nightly-x86_64-unknown-linux-gnu/bin/rustc --crate-name casm_formal --edition=2024 crates/casm-formal/src/lib.rs --error-format=json --json=diagnostic-rendered-ansi,artifacts,future-incompat --emit=dep-info,link -C embed-bitcode=no -C debuginfo=2 --warn=rust_2018_idioms '--warn=clippy::pedantic' '--warn=clippy::unwrap_used' --forbid=unsafe_code --warn=unreachable_pub '--warn=clippy::too_many_lines' '--allow=clippy::struct_field_names' '--warn=clippy::panic' '--allow=clippy::must_use_candidate' '--allow=clippy::module_name_repetitions' '--allow=clippy::missing_errors_doc' --warn=missing_docs '--warn=clippy::indexing_slicing' '--warn=clippy::expect_used' '--warn=clippy::cognitive_complexity' --test --check-cfg 'cfg(docsrs,test)' --check-cfg 'cfg(feature, values())' -C metadata=3bdee02190ccaeac -C extra-filename=-cc425937610d0a3f --out-dir /tmp/cargo-mutants-casm-Mdd4Ys.tmp/target/debug/deps -C incremental=/tmp/cargo-mutants-casm-Mdd4Ys.tmp/target/debug/incremental -L dependency=/tmp/cargo-mutants-casm-Mdd4Ys.tmp/target/debug/deps --extern casm_core=/tmp/cargo-mutants-casm-Mdd4Ys.tmp/target/debug/deps/libcasm_core-0e2727cdb6cb7ba3.rlib --extern casm_parser=/tmp/cargo-mutants-casm-Mdd4Ys.tmp/target/debug/deps/libcasm_parser-46b061afdef23cde.rlib --verbose` (exit status: 1)

*** result: Failure(101)
