
*** crates/casm-parser/src/document.rs:493:9: replace NodeIndex<'a>::resolve -> Result<NodeId, ParseError> with Ok(Default::default())

*** mutation diff:
--- crates/casm-parser/src/document.rs
+++ replace NodeIndex<'a>::resolve -> Result<NodeId, ParseError> with Ok(Default::default())
@@ -485,23 +485,17 @@
 
     /// Resolves a relationship endpoint.
     fn resolve(
         &self,
         reference: &str,
         endpoint: &'static str,
         path: &Path,
     ) -> Result<NodeId, ParseError> {
-        self.lookup(reference)
-            .ok_or_else(|| ParseError::UnresolvedReference {
-                path: path.to_path_buf(),
-                endpoint,
-                reference: reference.to_owned(),
-                suggestion: self.hint(reference),
-            })
+        Ok(Default::default()) /* ~ changed by cargo-mutants ~ */
     }
 
     /// Resolves a pattern-conformance binding.
     ///
     /// A distinct error from [`NodeIndex::resolve`] because the fix is distinct: a
     /// dangling endpoint means the topology is wrong, while a dangling binding means the
     /// claim points at a node that is not there.
     fn resolve_binding(


*** /home/srinivasan/.rustup/toolchains/nightly-x86_64-unknown-linux-gnu/bin/cargo test --no-run --verbose --package=casm-parser@0.3.0
    Blocking waiting for file lock on package cache
    Blocking waiting for file lock on package cache
    Blocking waiting for file lock on package cache
       Fresh libc v0.2.189
       Fresh cfg-if v1.0.4
       Fresh serde_core v1.0.229
       Fresh unicode-ident v1.0.24
       Fresh proc-macro2 v1.0.107
       Fresh version_check v0.9.5
       Fresh quote v1.0.47
       Fresh syn v3.0.3
       Fresh typenum v1.20.1
       Fresh generic-array v0.14.7
       Fresh getrandom v0.4.3
       Fresh getrandom v0.3.4
       Fresh rand_core v0.9.5
       Fresh block-buffer v0.10.4
       Fresh crypto-common v0.1.7
       Fresh serde_derive v1.0.229
       Fresh bitflags v2.13.1
       Fresh autocfg v1.5.1
       Fresh linux-raw-sys v0.12.1
       Fresh hashbrown v0.17.1
       Fresh equivalent v1.0.2
       Fresh indexmap v2.14.0
       Fresh rustix v1.1.4
       Fresh serde v1.0.229
       Fresh digest v0.10.7
       Fresh zerocopy v0.8.55
       Fresh thiserror-impl v2.0.19
       Fresh fastrand v2.5.0
       Fresh itoa v1.0.18
       Fresh winnow v1.0.4
       Fresh keccak v0.1.6
       Fresh once_cell v1.21.4
       Fresh tempfile v3.27.0
       Fresh sha3 v0.10.9
       Fresh toml_parser v1.1.3+spec-1.1.0
       Fresh thiserror v2.0.19
       Fresh ppv-lite86 v0.2.21
       Fresh zmij v1.0.23
       Fresh uuid v1.24.0
       Fresh toml_datetime v0.7.5+spec-1.1.0
       Fresh serde_spanned v1.1.1
       Fresh semver v1.0.28
       Fresh wait-timeout v0.2.1
       Fresh unsafe-libyaml v0.2.11
       Fresh bit-vec v0.8.0
       Fresh winnow v0.7.15
       Fresh toml_writer v1.1.2+spec-1.1.0
       Fresh ryu v1.0.23
       Fresh fnv v1.0.7
       Fresh quick-error v1.2.3
       Fresh memchr v2.8.3
       Fresh serde_json v1.0.151
       Fresh rusty-fork v0.3.1
       Fresh serde_yaml_ng v0.10.0
       Fresh toml v0.9.12+spec-1.1.0
       Fresh bit-set v0.8.0
       Fresh casm-core v0.3.0 (/tmp/cargo-mutants-casm-W5ytYW.tmp/crates/casm-core)
       Fresh num-traits v0.2.19
       Fresh rand_chacha v0.9.0
       Fresh rand_xorshift v0.4.0
       Fresh rand v0.9.5
       Fresh unarray v0.1.4
       Fresh regex-syntax v0.8.11
       Fresh proptest v1.11.0
       Dirty casm-parser v0.3.0 (/tmp/cargo-mutants-casm-W5ytYW.tmp/crates/casm-parser): the file `crates/casm-parser/src/document.rs` has changed (1785933101.639563643s, 6s after last build at 1785933095.604414407s)
   Compiling casm-parser v0.3.0 (/tmp/cargo-mutants-casm-W5ytYW.tmp/crates/casm-parser)
     Running `/home/srinivasan/.rustup/toolchains/nightly-x86_64-unknown-linux-gnu/bin/rustc --crate-name casm_parser --edition=2024 crates/casm-parser/src/lib.rs --error-format=json --json=diagnostic-rendered-ansi,artifacts,future-incompat --crate-type lib --emit=dep-info,metadata,link -C embed-bitcode=no -C debuginfo=2 --warn=rust_2018_idioms '--warn=clippy::pedantic' '--warn=clippy::unwrap_used' --forbid=unsafe_code --warn=unreachable_pub '--warn=clippy::too_many_lines' '--allow=clippy::struct_field_names' '--warn=clippy::panic' '--allow=clippy::must_use_candidate' '--allow=clippy::module_name_repetitions' '--allow=clippy::missing_errors_doc' --warn=missing_docs '--warn=clippy::indexing_slicing' '--warn=clippy::expect_used' '--warn=clippy::cognitive_complexity' --check-cfg 'cfg(docsrs,test)' --check-cfg 'cfg(feature, values())' -C metadata=446d2155f71a3e56 -C extra-filename=-327bf4b87971bca8 --out-dir /tmp/cargo-mutants-casm-W5ytYW.tmp/target/debug/deps -C incremental=/tmp/cargo-mutants-casm-W5ytYW.tmp/target/debug/incremental -L dependency=/tmp/cargo-mutants-casm-W5ytYW.tmp/target/debug/deps --extern casm_core=/tmp/cargo-mutants-casm-W5ytYW.tmp/target/debug/deps/libcasm_core-be5421d115bf4420.rmeta --extern serde=/tmp/cargo-mutants-casm-W5ytYW.tmp/target/debug/deps/libserde-2119863ca5860397.rmeta --extern serde_json=/tmp/cargo-mutants-casm-W5ytYW.tmp/target/debug/deps/libserde_json-8ada6c1221654e94.rmeta --extern serde_yaml_ng=/tmp/cargo-mutants-casm-W5ytYW.tmp/target/debug/deps/libserde_yaml_ng-716dab26a9d53256.rmeta --extern thiserror=/tmp/cargo-mutants-casm-W5ytYW.tmp/target/debug/deps/libthiserror-6c739655cb578a90.rmeta --extern toml=/tmp/cargo-mutants-casm-W5ytYW.tmp/target/debug/deps/libtoml-c5208f55489b08fa.rmeta --verbose`
     Running `/home/srinivasan/.rustup/toolchains/nightly-x86_64-unknown-linux-gnu/bin/rustc --crate-name casm_parser --edition=2024 crates/casm-parser/src/lib.rs --error-format=json --json=diagnostic-rendered-ansi,artifacts,future-incompat --emit=dep-info,link -C embed-bitcode=no -C debuginfo=2 --warn=rust_2018_idioms '--warn=clippy::pedantic' '--warn=clippy::unwrap_used' --forbid=unsafe_code --warn=unreachable_pub '--warn=clippy::too_many_lines' '--allow=clippy::struct_field_names' '--warn=clippy::panic' '--allow=clippy::must_use_candidate' '--allow=clippy::module_name_repetitions' '--allow=clippy::missing_errors_doc' --warn=missing_docs '--warn=clippy::indexing_slicing' '--warn=clippy::expect_used' '--warn=clippy::cognitive_complexity' --test --check-cfg 'cfg(docsrs,test)' --check-cfg 'cfg(feature, values())' -C metadata=655edf18454c8fb3 -C extra-filename=-0b4829f50063ece5 --out-dir /tmp/cargo-mutants-casm-W5ytYW.tmp/target/debug/deps -C incremental=/tmp/cargo-mutants-casm-W5ytYW.tmp/target/debug/incremental -L dependency=/tmp/cargo-mutants-casm-W5ytYW.tmp/target/debug/deps --extern casm_core=/tmp/cargo-mutants-casm-W5ytYW.tmp/target/debug/deps/libcasm_core-be5421d115bf4420.rlib --extern proptest=/tmp/cargo-mutants-casm-W5ytYW.tmp/target/debug/deps/libproptest-9bb8168c60fe8945.rlib --extern serde=/tmp/cargo-mutants-casm-W5ytYW.tmp/target/debug/deps/libserde-2119863ca5860397.rlib --extern serde_json=/tmp/cargo-mutants-casm-W5ytYW.tmp/target/debug/deps/libserde_json-8ada6c1221654e94.rlib --extern serde_yaml_ng=/tmp/cargo-mutants-casm-W5ytYW.tmp/target/debug/deps/libserde_yaml_ng-716dab26a9d53256.rlib --extern thiserror=/tmp/cargo-mutants-casm-W5ytYW.tmp/target/debug/deps/libthiserror-6c739655cb578a90.rlib --extern toml=/tmp/cargo-mutants-casm-W5ytYW.tmp/target/debug/deps/libtoml-c5208f55489b08fa.rlib --verbose`
warning: unused variable: `reference`
   --> crates/casm-parser/src/document.rs:489:9
    |
489 |         reference: &str,
    |         ^^^^^^^^^ help: if this is intentional, prefix it with an underscore: `_reference`
    |
    = note: `#[warn(unused_variables)]` (part of `#[warn(unused)]`) on by default

warning: unused variable: `endpoint`
   --> crates/casm-parser/src/document.rs:490:9
    |
490 |         endpoint: &'static str,
    |         ^^^^^^^^ help: if this is intentional, prefix it with an underscore: `_endpoint`

warning: unused variable: `path`
   --> crates/casm-parser/src/document.rs:491:9
    |
491 |         path: &Path,
    |         ^^^^ help: if this is intentional, prefix it with an underscore: `_path`

warning: `casm-parser` (lib) generated 3 warnings (run `cargo fix --lib -p casm-parser` to apply 3 suggestions)
warning: `casm-parser` (lib test) generated 3 warnings (3 duplicates)
    Finished `test` profile [unoptimized + debuginfo] target(s) in 6.75s
  Executable `/tmp/cargo-mutants-casm-W5ytYW.tmp/target/debug/deps/casm_parser-0b4829f50063ece5`

*** result: Success

*** /home/srinivasan/.rustup/toolchains/nightly-x86_64-unknown-linux-gnu/bin/cargo test --verbose --package=casm-parser@0.3.0
    Blocking waiting for file lock on package cache
    Blocking waiting for file lock on package cache
    Blocking waiting for file lock on package cache
       Fresh libc v0.2.189
       Fresh cfg-if v1.0.4
       Fresh serde_core v1.0.229
       Fresh unicode-ident v1.0.24
       Fresh proc-macro2 v1.0.107
       Fresh version_check v0.9.5
       Fresh quote v1.0.47
       Fresh syn v3.0.3
       Fresh typenum v1.20.1
       Fresh generic-array v0.14.7
       Fresh getrandom v0.4.3
       Fresh getrandom v0.3.4
       Fresh rand_core v0.9.5
       Fresh block-buffer v0.10.4
       Fresh crypto-common v0.1.7
       Fresh serde_derive v1.0.229
       Fresh autocfg v1.5.1
       Fresh linux-raw-sys v0.12.1
       Fresh equivalent v1.0.2
       Fresh hashbrown v0.17.1
       Fresh bitflags v2.13.1
       Fresh rustix v1.1.4
       Fresh indexmap v2.14.0
       Fresh serde v1.0.229
       Fresh digest v0.10.7
       Fresh zerocopy v0.8.55
       Fresh thiserror-impl v2.0.19
       Fresh once_cell v1.21.4
       Fresh itoa v1.0.18
       Fresh winnow v1.0.4
       Fresh fastrand v2.5.0
       Fresh keccak v0.1.6
       Fresh sha3 v0.10.9
       Fresh tempfile v3.27.0
       Fresh toml_parser v1.1.3+spec-1.1.0
       Fresh thiserror v2.0.19
       Fresh ppv-lite86 v0.2.21
       Fresh zmij v1.0.23
       Fresh uuid v1.24.0
       Fresh semver v1.0.28
       Fresh serde_spanned v1.1.1
       Fresh toml_datetime v0.7.5+spec-1.1.0
       Fresh wait-timeout v0.2.1
       Fresh toml_writer v1.1.2+spec-1.1.0
       Fresh winnow v0.7.15
       Fresh unsafe-libyaml v0.2.11
       Fresh bit-vec v0.8.0
       Fresh quick-error v1.2.3
       Fresh fnv v1.0.7
       Fresh ryu v1.0.23
       Fresh memchr v2.8.3
       Fresh rusty-fork v0.3.1
       Fresh serde_json v1.0.151
       Fresh serde_yaml_ng v0.10.0
       Fresh bit-set v0.8.0
       Fresh toml v0.9.12+spec-1.1.0
       Fresh casm-core v0.3.0 (/tmp/cargo-mutants-casm-W5ytYW.tmp/crates/casm-core)
       Fresh num-traits v0.2.19
       Fresh rand_chacha v0.9.0
       Fresh rand v0.9.5
       Fresh rand_xorshift v0.4.0
       Fresh regex-syntax v0.8.11
       Fresh unarray v0.1.4
warning: unused variable: `reference`
   --> crates/casm-parser/src/document.rs:489:9
    |
489 |         reference: &str,
    |         ^^^^^^^^^ help: if this is intentional, prefix it with an underscore: `_reference`
    |
    = note: `#[warn(unused_variables)]` (part of `#[warn(unused)]`) on by default

warning: unused variable: `endpoint`
   --> crates/casm-parser/src/document.rs:490:9
    |
490 |         endpoint: &'static str,
    |         ^^^^^^^^ help: if this is intentional, prefix it with an underscore: `_endpoint`

warning: unused variable: `path`
   --> crates/casm-parser/src/document.rs:491:9
    |
491 |         path: &Path,
    |         ^^^^ help: if this is intentional, prefix it with an underscore: `_path`

warning: `casm-parser` (lib) generated 3 warnings (run `cargo fix --lib -p casm-parser` to apply 3 suggestions)
       Fresh proptest v1.11.0
       Fresh casm-parser v0.3.0 (/tmp/cargo-mutants-casm-W5ytYW.tmp/crates/casm-parser)
warning: `casm-parser` (lib test) generated 3 warnings (3 duplicates)
    Finished `test` profile [unoptimized + debuginfo] target(s) in 0.51s
     Running `/tmp/cargo-mutants-casm-W5ytYW.tmp/target/debug/deps/casm_parser-0b4829f50063ece5`

running 83 tests
test document::tests::a_malformed_schema_hash_is_refused_with_the_expected_shape ... ok
test document::tests::declaring_both_schema_and_schema_hash_is_refused ... ok
test document::tests::an_explicit_non_v7_id_is_rejected_with_a_hint ... ok
test document::tests::duplicate_node_names_surface_as_a_semantic_error ... ok
test document::tests::emitted_relationships_reference_nodes_by_name ... FAILED
test document::tests::an_inline_schema_is_hashed_at_parse_time ... FAILED
test document::tests::resolves_relationships_declared_before_their_nodes ... FAILED
test document::tests::round_trip_preserves_the_architecture ... FAILED
test document::tests::an_unresolvable_endpoint_omits_a_hint_when_nothing_is_close ... FAILED
test document::tests::round_trip_preserves_interfaces_and_controls ... FAILED
test document::tests::round_trip_preserves_node_ids ... FAILED
test document::tests::resolves_endpoints_written_as_names ... FAILED
test error::tests::accessors_agree_with_the_variant ... ok
test error::tests::location_clamps_zero_to_one ... ok
test error::tests::location_preserves_real_positions ... ok
test document::tests::resolves_endpoints_written_as_ids ... FAILED
test document::tests::an_unresolvable_endpoint_reports_which_end_failed ... FAILED
test format::tests::extension_matching_is_case_insensitive ... ok
test format::tests::extensions_are_recognised ... ok
test format::tests::resolve_falls_back_to_sniffing_without_an_extension ... ok
test format::tests::sniff_detects_json_by_its_opening_brace ... ok
test format::tests::sniff_detects_toml_by_a_table_header ... ok
test format::tests::sniff_detects_toml_by_bare_assignment ... ok
test error::tests::render_appends_the_help_line ... ok
test error::tests::render_omits_the_help_line_when_there_is_no_hint ... ok
test format::tests::sniff_is_not_fooled_by_a_yaml_value_containing_equals ... ok
test format::tests::sniff_skips_comments_blank_lines_and_document_markers ... ok
test error::tests::syntax_errors_lead_with_path_and_position ... ok
test format::tests::resolve_prefers_the_extension_over_the_contents ... ok
test format::tests::sniff_treats_yaml_mappings_as_yaml ... ok
test format::tests::sniff_defaults_to_yaml_on_an_empty_document ... ok
test library::tests::a_pattern_file_may_omit_its_version ... ok
test library::tests::a_library_refuses_two_definitions_of_the_same_reference ... ok
test format::tests::unknown_and_absent_extensions_are_unclassified ... ok
test library::tests::a_library_skips_files_that_are_not_architecture_formats ... ok
test library::tests::a_missing_directory_reports_the_path_it_tried ... ok
test library::tests::a_misspelt_name_is_answered_with_the_nearest_one ... ok
test library::tests::a_non_semver_version_is_rejected ... ok
test library::tests::a_library_loads_every_pattern_file_in_a_directory ... ok
test suggest::tests::closest_accepts_an_exact_match ... ok
test library::tests::an_empty_library_suggests_nothing ... ok
test library::tests::a_pattern_file_parses_into_the_shape_it_describes ... ok
test library::tests::a_wrong_version_is_answered_with_the_versions_that_exist ... ok
test suggest::tests::closest_declines_on_a_tie ... ok
test library::tests::two_versions_of_one_pattern_coexist ... ok
test suggest::tests::closest_declines_when_nothing_is_near ... ok
test library::tests::an_unknown_field_is_rejected_rather_than_silently_ignored ... ok
test library::tests::a_relationship_naming_an_undeclared_role_is_rejected_with_a_hint ... ok
test suggest::tests::closest_finds_an_obvious_typo ... ok
test suggest::tests::closest_refuses_pathologically_long_input ... ok
test suggest::tests::distance_is_case_insensitive ... ok
test suggest::tests::distance_counts_single_edits ... ok
test suggest::tests::distance_handles_empty_strings ... ok
test suggest::tests::distance_handles_multibyte_characters_without_panicking ... ok
test suggest::tests::closest_handles_an_empty_candidate_set ... ok
test suggest::tests::distance_is_symmetric ... ok
test suggest::tests::hint_is_formatted_for_a_terminal ... ok
test tests::a_dangling_endpoint_is_reported_even_with_valid_syntax ... FAILED
test tests::a_domain_violation_is_semantic_not_syntactic ... ok
test suggest::tests::distance_is_zero_for_identical_strings ... ok
test library::tests::a_pattern_round_trips_through_every_format ... ok
test tests::a_typo_in_a_relationship_endpoint_suggests_the_nearest_node ... FAILED
test tests::emitted_json_ends_with_a_newline ... FAILED
test tests::an_empty_architecture_is_valid ... ok
test tests::a_self_edge_is_rejected_by_the_core_through_the_parser ... FAILED
test tests::an_unknown_field_suggests_the_nearest_valid_one ... ok
test tests::emitted_yaml_reparses_to_an_equal_architecture ... FAILED
test tests::an_unknown_node_type_suggests_the_nearest_valid_one ... ok
test tests::offset_conversion_tolerates_an_out_of_range_offset ... ok
test tests::parse_file_reads_a_real_document ... FAILED
test tests::parse_file_reports_a_missing_file_as_io ... ok
test tests::json_syntax_errors_carry_a_position ... ok
test tests::malformed_yaml_reports_a_line_and_column ... ok
test tests::suggestion_inference_ignores_unrelated_messages ... ok
test tests::suggestion_inference_declines_when_nothing_is_near ... ok
test tests::parses_the_equivalent_json_document ... FAILED
test tests::snake_case_field_aliases_are_accepted ... FAILED
test tests::parses_the_equivalent_toml_document ... FAILED
test tests::round_trip_is_byte_stable_across_repeated_emission ... FAILED
test tests::offset_conversion_matches_hand_counted_positions ... ok
test tests::parses_a_complete_yaml_architecture ... FAILED
test tests::toml_syntax_errors_carry_a_position ... ok
test tests::version_defaults_when_omitted ... ok

failures:

---- document::tests::emitted_relationships_reference_nodes_by_name stdout ----

thread 'document::tests::emitted_relationships_reference_nodes_by_name' (1044283) panicked at crates/casm-parser/src/document.rs:878:69:
called `Result::unwrap()` on an `Err` value: Semantic { path: "architecture.yaml", message: "relationship references source node '019fd1e8-9741-79e0-9791-f274e5439749', which does not exist in architecture 'checkout'", suggestion: None }

---- document::tests::an_inline_schema_is_hashed_at_parse_time stdout ----

thread 'document::tests::an_inline_schema_is_hashed_at_parse_time' (1044278) panicked at crates/casm-parser/src/document.rs:826:59:
called `Result::unwrap()` on an `Err` value: Semantic { path: "architecture.yaml", message: "relationship references source node '019fd1e8-9741-79e0-9791-f247a45cfbaa', which does not exist in architecture 'checkout'", suggestion: None }
note: run with `RUST_BACKTRACE=1` environment variable to display a backtrace

---- document::tests::resolves_relationships_declared_before_their_nodes stdout ----

thread 'document::tests::resolves_relationships_declared_before_their_nodes' (1044286) panicked at crates/casm-parser/src/document.rs:718:9:
declaration order must not matter

---- document::tests::round_trip_preserves_the_architecture stdout ----

thread 'document::tests::round_trip_preserves_the_architecture' (1044289) panicked at crates/casm-parser/src/document.rs:854:65:
called `Result::unwrap()` on an `Err` value: Semantic { path: "architecture.yaml", message: "relationship references source node '019fd1e8-9743-7be3-8c03-5192d67ca9da', which does not exist in architecture 'checkout'", suggestion: None }

---- document::tests::an_unresolvable_endpoint_omits_a_hint_when_nothing_is_close stdout ----

thread 'document::tests::an_unresolvable_endpoint_omits_a_hint_when_nothing_is_close' (1044279) panicked at crates/casm-parser/src/document.rs:751:22:
expected UnresolvedReference, got Semantic { path: "architecture.yaml", message: "relationship references source node '019fd1e8-9743-7be3-8c03-51dc691baad0', which does not exist in architecture 'checkout'", suggestion: None }

---- document::tests::round_trip_preserves_interfaces_and_controls stdout ----

thread 'document::tests::round_trip_preserves_interfaces_and_controls' (1044287) panicked at crates/casm-parser/src/document.rs:903:55:
called `Result::unwrap()` on an `Err` value: Semantic { path: "architecture.yaml", message: "relationship references source node '019fd1e8-9743-7be3-8c03-5215fe5a1457', which does not exist in architecture 'checkout'", suggestion: None }

---- document::tests::round_trip_preserves_node_ids stdout ----

thread 'document::tests::round_trip_preserves_node_ids' (1044288) panicked at crates/casm-parser/src/document.rs:865:65:
called `Result::unwrap()` on an `Err` value: Semantic { path: "architecture.yaml", message: "relationship references source node '019fd1e8-9744-7ff0-bd78-db7a0372aa59', which does not exist in architecture 'checkout'", suggestion: None }

---- document::tests::resolves_endpoints_written_as_names stdout ----

thread 'document::tests::resolves_endpoints_written_as_names' (1044285) panicked at crates/casm-parser/src/document.rs:689:69:
called `Result::unwrap()` on an `Err` value: Semantic { path: "architecture.yaml", message: "relationship references source node '019fd1e8-9744-7ff0-bd78-dbbe854491f5', which does not exist in architecture 'checkout'", suggestion: None }

---- document::tests::resolves_endpoints_written_as_ids stdout ----

thread 'document::tests::resolves_endpoints_written_as_ids' (1044284) panicked at crates/casm-parser/src/document.rs:707:59:
called `Result::unwrap()` on an `Err` value: Semantic { path: "architecture.yaml", message: "relationship references source node '019fd1e8-9745-7bb1-8f74-c54cf19c675f', which does not exist in architecture 'checkout'", suggestion: None }

---- document::tests::an_unresolvable_endpoint_reports_which_end_failed stdout ----

thread 'document::tests::an_unresolvable_endpoint_reports_which_end_failed' (1044280) panicked at crates/casm-parser/src/document.rs:740:22:
expected UnresolvedReference, got Semantic { path: "architecture.yaml", message: "relationship references source node '019fd1e8-9745-7bb1-8f74-c5899c5f5cc1', which does not exist in architecture 'checkout'", suggestion: None }

---- tests::a_dangling_endpoint_is_reported_even_with_valid_syntax stdout ----

thread 'tests::a_dangling_endpoint_is_reported_even_with_valid_syntax' (1044345) panicked at crates/casm-parser/src/lib.rs:446:9:
assertion failed: matches!(parse_str(source, &yaml_path()),
    Err(ParseError::UnresolvedReference { endpoint: "target", .. }))

---- tests::a_typo_in_a_relationship_endpoint_suggests_the_nearest_node stdout ----

thread 'tests::a_typo_in_a_relationship_endpoint_suggests_the_nearest_node' (1044348) panicked at crates/casm-parser/src/lib.rs:426:9:
assertion `left == right` failed: rendered: architecture.yaml: relationship references source node '019fd1e8-9765-7631-b141-b6b22c23af11', which does not exist in architecture 'x'
  left: None
 right: Some("did you mean `orders-db`?")

---- tests::emitted_json_ends_with_a_newline stdout ----

thread 'tests::emitted_json_ends_with_a_newline' (1044352) panicked at crates/casm-parser/src/lib.rs:556:58:
called `Result::unwrap()` on an `Err` value: Semantic { path: "architecture.yaml", message: "relationship references source node '019fd1e8-9765-7631-b141-b6f47e29a7d8', which does not exist in architecture 'checkout'", suggestion: None }

---- tests::a_self_edge_is_rejected_by_the_core_through_the_parser stdout ----

thread 'tests::a_self_edge_is_rejected_by_the_core_through_the_parser' (1044347) panicked at crates/casm-parser/src/lib.rs:476:9:
architecture.yaml: relationship references source node '019fd1e8-9768-79b2-8957-77147798aad1', which does not exist in architecture 'x'

---- tests::emitted_yaml_reparses_to_an_equal_architecture stdout ----

thread 'tests::emitted_yaml_reparses_to_an_equal_architecture' (1044353) panicked at crates/casm-parser/src/lib.rs:549:58:
called `Result::unwrap()` on an `Err` value: Semantic { path: "architecture.yaml", message: "relationship references source node '019fd1e8-976d-7603-a9cf-f5dd6c913199', which does not exist in architecture 'checkout'", suggestion: None }

---- tests::parse_file_reads_a_real_document stdout ----

thread 'tests::parse_file_reads_a_real_document' (1044358) panicked at crates/casm-parser/src/lib.rs:541:46:
called `Result::unwrap()` on an `Err` value: Semantic { path: "/tmp/casm-parser-test/architecture.yaml", message: "relationship references source node '019fd1e8-976f-74b2-a5b7-8f5641bbbe28', which does not exist in architecture 'checkout'", suggestion: None }

---- tests::parses_the_equivalent_json_document stdout ----

thread 'tests::parses_the_equivalent_json_document' (1044361) panicked at crates/casm-parser/src/lib.rs:315:58:
called `Result::unwrap()` on an `Err` value: Semantic { path: "architecture.yaml", message: "relationship references source node '019fd1e8-9775-70e2-9894-0f40a5b35c56', which does not exist in architecture 'checkout'", suggestion: None }

---- tests::snake_case_field_aliases_are_accepted stdout ----

thread 'tests::snake_case_field_aliases_are_accepted' (1044364) panicked at crates/casm-parser/src/lib.rs:367:60:
called `Result::unwrap()` on an `Err` value: Semantic { path: "architecture.yaml", message: "relationship references source node '019fd1e8-9775-70e2-9894-0f856b01a6ff', which does not exist in architecture 'x'", suggestion: None }

---- tests::parses_the_equivalent_toml_document stdout ----

thread 'tests::parses_the_equivalent_toml_document' (1044362) panicked at crates/casm-parser/src/lib.rs:323:58:
called `Result::unwrap()` on an `Err` value: Semantic { path: "architecture.yaml", message: "relationship references source node '019fd1e8-9775-70e2-9894-0fc9abbf7035', which does not exist in architecture 'checkout'", suggestion: None }

---- tests::round_trip_is_byte_stable_across_repeated_emission stdout ----

thread 'tests::round_trip_is_byte_stable_across_repeated_emission' (1044363) panicked at crates/casm-parser/src/lib.rs:332:58:
called `Result::unwrap()` on an `Err` value: Semantic { path: "architecture.yaml", message: "relationship references source node '019fd1e8-9776-7e40-a585-b465a54aa4ed', which does not exist in architecture 'checkout'", suggestion: None }

---- tests::parses_a_complete_yaml_architecture stdout ----

thread 'tests::parses_a_complete_yaml_architecture' (1044360) panicked at crates/casm-parser/src/lib.rs:302:58:
called `Result::unwrap()` on an `Err` value: Semantic { path: "architecture.yaml", message: "relationship references source node '019fd1e8-9778-7791-88d7-3a985b02e3de', which does not exist in architecture 'checkout'", suggestion: None }


failures:
    document::tests::an_inline_schema_is_hashed_at_parse_time
    document::tests::an_unresolvable_endpoint_omits_a_hint_when_nothing_is_close
    document::tests::an_unresolvable_endpoint_reports_which_end_failed
    document::tests::emitted_relationships_reference_nodes_by_name
    document::tests::resolves_endpoints_written_as_ids
    document::tests::resolves_endpoints_written_as_names
    document::tests::resolves_relationships_declared_before_their_nodes
    document::tests::round_trip_preserves_interfaces_and_controls
    document::tests::round_trip_preserves_node_ids
    document::tests::round_trip_preserves_the_architecture
    tests::a_dangling_endpoint_is_reported_even_with_valid_syntax
    tests::a_self_edge_is_rejected_by_the_core_through_the_parser
    tests::a_typo_in_a_relationship_endpoint_suggests_the_nearest_node
    tests::emitted_json_ends_with_a_newline
    tests::emitted_yaml_reparses_to_an_equal_architecture
    tests::parse_file_reads_a_real_document
    tests::parses_a_complete_yaml_architecture
    tests::parses_the_equivalent_json_document
    tests::parses_the_equivalent_toml_document
    tests::round_trip_is_byte_stable_across_repeated_emission
    tests::snake_case_field_aliases_are_accepted

test result: FAILED. 62 passed; 21 failed; 0 ignored; 0 measured; 0 filtered out; finished in 0.06s

error: test failed, to rerun pass `-p casm-parser --lib`

*** result: Failure(101)
