
*** crates/casm-formal/src/model.rs:177:9: replace FormalModel::is_empty -> bool with true

*** mutation diff:
--- crates/casm-formal/src/model.rs
+++ replace FormalModel::is_empty -> bool with true
@@ -169,17 +169,17 @@
     #[must_use]
     pub fn has_cycle(&self) -> bool {
         self.closure.iter().any(|(source, target)| source == target)
     }
 
     /// Returns `true` if the model has nothing to check.
     #[must_use]
     pub fn is_empty(&self) -> bool {
-        self.nodes.is_empty()
+        true /* ~ changed by cargo-mutants ~ */
     }
 }
 
 impl ModelNode {
     /// Reduces one node.
     fn from_node(node: &Node) -> Self {
         Self {
             name: node.name().as_str().to_owned(),


*** /home/srinivasan/.rustup/toolchains/nightly-x86_64-unknown-linux-gnu/bin/cargo test --no-run --verbose --package=casm-formal@0.3.0
    Blocking waiting for file lock on package cache
    Blocking waiting for file lock on package cache
    Blocking waiting for file lock on package cache
    Blocking waiting for file lock on package cache
       Fresh unicode-ident v1.0.24
       Fresh version_check v0.9.5
       Fresh typenum v1.20.1
       Fresh serde_core v1.0.229
       Fresh cfg-if v1.0.4
       Fresh proc-macro2 v1.0.107
       Fresh libc v0.2.189
       Fresh hashbrown v0.17.1
       Fresh equivalent v1.0.2
       Fresh keccak v0.1.6
       Fresh semver v1.0.28
       Fresh quote v1.0.47
       Fresh generic-array v0.14.7
       Fresh getrandom v0.4.3
       Fresh indexmap v2.14.0
       Fresh itoa v1.0.18
       Fresh winnow v1.0.4
       Fresh serde_spanned v1.1.1
       Fresh syn v3.0.3
       Fresh crypto-common v0.1.7
       Fresh block-buffer v0.10.4
       Fresh uuid v1.24.0
       Fresh toml_parser v1.1.3+spec-1.1.0
       Fresh zmij v1.0.23
       Fresh toml_datetime v0.7.5+spec-1.1.0
       Fresh ryu v1.0.23
       Fresh serde_derive v1.0.229
       Fresh digest v0.10.7
       Fresh thiserror-impl v2.0.19
       Fresh toml_writer v1.1.2+spec-1.1.0
       Fresh unsafe-libyaml v0.2.11
       Fresh memchr v2.8.3
       Fresh winnow v0.7.15
       Fresh serde v1.0.229
       Fresh sha3 v0.10.9
       Fresh thiserror v2.0.19
       Fresh serde_json v1.0.151
       Fresh toml v0.9.12+spec-1.1.0
       Fresh casm-core v0.3.0 (/tmp/cargo-mutants-casm-PaMmur.tmp/crates/casm-core)
       Fresh serde_yaml_ng v0.10.0
       Fresh casm-parser v0.3.0 (/tmp/cargo-mutants-casm-PaMmur.tmp/crates/casm-parser)
       Dirty casm-formal v0.3.0 (/tmp/cargo-mutants-casm-PaMmur.tmp/crates/casm-formal): the file `crates/casm-formal/src/model.rs` has changed (1785931704.290871727s, 2s after last build at 1785931702.576720867s)
   Compiling casm-formal v0.3.0 (/tmp/cargo-mutants-casm-PaMmur.tmp/crates/casm-formal)
     Running `/home/srinivasan/.rustup/toolchains/nightly-x86_64-unknown-linux-gnu/bin/rustc --crate-name casm_formal --edition=2024 crates/casm-formal/src/lib.rs --error-format=json --json=diagnostic-rendered-ansi,artifacts,future-incompat --emit=dep-info,link -C embed-bitcode=no -C debuginfo=2 --warn=rust_2018_idioms '--warn=clippy::pedantic' '--warn=clippy::unwrap_used' --forbid=unsafe_code --warn=unreachable_pub '--warn=clippy::too_many_lines' '--allow=clippy::struct_field_names' '--warn=clippy::panic' '--allow=clippy::must_use_candidate' '--allow=clippy::module_name_repetitions' '--allow=clippy::missing_errors_doc' --warn=missing_docs '--warn=clippy::indexing_slicing' '--warn=clippy::expect_used' '--warn=clippy::cognitive_complexity' --test --check-cfg 'cfg(docsrs,test)' --check-cfg 'cfg(feature, values())' -C metadata=3bdee02190ccaeac -C extra-filename=-cc425937610d0a3f --out-dir /tmp/cargo-mutants-casm-PaMmur.tmp/target/debug/deps -C incremental=/tmp/cargo-mutants-casm-PaMmur.tmp/target/debug/incremental -L dependency=/tmp/cargo-mutants-casm-PaMmur.tmp/target/debug/deps --extern casm_core=/tmp/cargo-mutants-casm-PaMmur.tmp/target/debug/deps/libcasm_core-0e2727cdb6cb7ba3.rlib --extern casm_parser=/tmp/cargo-mutants-casm-PaMmur.tmp/target/debug/deps/libcasm_parser-46b061afdef23cde.rlib --verbose`
     Running `/home/srinivasan/.rustup/toolchains/nightly-x86_64-unknown-linux-gnu/bin/rustc --crate-name casm_formal --edition=2024 crates/casm-formal/src/lib.rs --error-format=json --json=diagnostic-rendered-ansi,artifacts,future-incompat --crate-type lib --emit=dep-info,metadata,link -C embed-bitcode=no -C debuginfo=2 --warn=rust_2018_idioms '--warn=clippy::pedantic' '--warn=clippy::unwrap_used' --forbid=unsafe_code --warn=unreachable_pub '--warn=clippy::too_many_lines' '--allow=clippy::struct_field_names' '--warn=clippy::panic' '--allow=clippy::must_use_candidate' '--allow=clippy::module_name_repetitions' '--allow=clippy::missing_errors_doc' --warn=missing_docs '--warn=clippy::indexing_slicing' '--warn=clippy::expect_used' '--warn=clippy::cognitive_complexity' --check-cfg 'cfg(docsrs,test)' --check-cfg 'cfg(feature, values())' -C metadata=a718362359bd9abb -C extra-filename=-3d62c4049ed65674 --out-dir /tmp/cargo-mutants-casm-PaMmur.tmp/target/debug/deps -C incremental=/tmp/cargo-mutants-casm-PaMmur.tmp/target/debug/incremental -L dependency=/tmp/cargo-mutants-casm-PaMmur.tmp/target/debug/deps --extern casm_core=/tmp/cargo-mutants-casm-PaMmur.tmp/target/debug/deps/libcasm_core-0e2727cdb6cb7ba3.rmeta --verbose`
     Running `/home/srinivasan/.rustup/toolchains/nightly-x86_64-unknown-linux-gnu/bin/rustc --crate-name checked --edition=2024 crates/casm-formal/tests/checked.rs --error-format=json --json=diagnostic-rendered-ansi,artifacts,future-incompat --emit=dep-info,link -C embed-bitcode=no -C debuginfo=2 --warn=rust_2018_idioms '--warn=clippy::pedantic' '--warn=clippy::unwrap_used' --forbid=unsafe_code --warn=unreachable_pub '--warn=clippy::too_many_lines' '--allow=clippy::struct_field_names' '--warn=clippy::panic' '--allow=clippy::must_use_candidate' '--allow=clippy::module_name_repetitions' '--allow=clippy::missing_errors_doc' --warn=missing_docs '--warn=clippy::indexing_slicing' '--warn=clippy::expect_used' '--warn=clippy::cognitive_complexity' --test --check-cfg 'cfg(docsrs,test)' --check-cfg 'cfg(feature, values())' -C metadata=028a0ca3de7fc7b5 -C extra-filename=-33e472487a0284ee --out-dir /tmp/cargo-mutants-casm-PaMmur.tmp/target/debug/deps -C incremental=/tmp/cargo-mutants-casm-PaMmur.tmp/target/debug/incremental -L dependency=/tmp/cargo-mutants-casm-PaMmur.tmp/target/debug/deps --extern casm_core=/tmp/cargo-mutants-casm-PaMmur.tmp/target/debug/deps/libcasm_core-0e2727cdb6cb7ba3.rlib --extern casm_formal=/tmp/cargo-mutants-casm-PaMmur.tmp/target/debug/deps/libcasm_formal-3d62c4049ed65674.rlib --extern casm_parser=/tmp/cargo-mutants-casm-PaMmur.tmp/target/debug/deps/libcasm_parser-46b061afdef23cde.rlib --verbose`
     Running `/home/srinivasan/.rustup/toolchains/nightly-x86_64-unknown-linux-gnu/bin/rustc --crate-name emit --edition=2024 crates/casm-formal/examples/emit.rs --error-format=json --json=diagnostic-rendered-ansi,artifacts,future-incompat --crate-type bin --emit=dep-info,link -C embed-bitcode=no -C debuginfo=2 --warn=rust_2018_idioms '--warn=clippy::pedantic' '--warn=clippy::unwrap_used' --forbid=unsafe_code --warn=unreachable_pub '--warn=clippy::too_many_lines' '--allow=clippy::struct_field_names' '--warn=clippy::panic' '--allow=clippy::must_use_candidate' '--allow=clippy::module_name_repetitions' '--allow=clippy::missing_errors_doc' --warn=missing_docs '--warn=clippy::indexing_slicing' '--warn=clippy::expect_used' '--warn=clippy::cognitive_complexity' --check-cfg 'cfg(docsrs,test)' --check-cfg 'cfg(feature, values())' -C metadata=dc239db49d5ebb7a -C extra-filename=-5beac0b530227bda --out-dir /tmp/cargo-mutants-casm-PaMmur.tmp/target/debug/examples -C incremental=/tmp/cargo-mutants-casm-PaMmur.tmp/target/debug/incremental -L dependency=/tmp/cargo-mutants-casm-PaMmur.tmp/target/debug/deps --extern casm_core=/tmp/cargo-mutants-casm-PaMmur.tmp/target/debug/deps/libcasm_core-0e2727cdb6cb7ba3.rlib --extern casm_formal=/tmp/cargo-mutants-casm-PaMmur.tmp/target/debug/deps/libcasm_formal-3d62c4049ed65674.rlib --extern casm_parser=/tmp/cargo-mutants-casm-PaMmur.tmp/target/debug/deps/libcasm_parser-46b061afdef23cde.rlib --verbose`
    Finished `test` profile [unoptimized + debuginfo] target(s) in 1.61s
  Executable `/tmp/cargo-mutants-casm-PaMmur.tmp/target/debug/deps/casm_formal-cc425937610d0a3f`
  Executable `/tmp/cargo-mutants-casm-PaMmur.tmp/target/debug/deps/checked-33e472487a0284ee`

*** result: Success

*** /home/srinivasan/.rustup/toolchains/nightly-x86_64-unknown-linux-gnu/bin/cargo test --verbose --package=casm-formal@0.3.0
    Blocking waiting for file lock on package cache
    Blocking waiting for file lock on package cache
       Fresh serde_core v1.0.229
       Fresh unicode-ident v1.0.24
       Fresh proc-macro2 v1.0.107
       Fresh version_check v0.9.5
       Fresh quote v1.0.47
       Fresh syn v3.0.3
       Fresh typenum v1.20.1
       Fresh generic-array v0.14.7
       Fresh libc v0.2.189
       Fresh block-buffer v0.10.4
       Fresh crypto-common v0.1.7
       Fresh serde_derive v1.0.229
       Fresh cfg-if v1.0.4
       Fresh hashbrown v0.17.1
       Fresh equivalent v1.0.2
       Fresh indexmap v2.14.0
       Fresh getrandom v0.4.3
       Fresh serde v1.0.229
       Fresh digest v0.10.7
       Fresh thiserror-impl v2.0.19
       Fresh keccak v0.1.6
       Fresh thiserror v2.0.19
       Fresh sha3 v0.10.9
       Fresh uuid v1.24.0
       Fresh semver v1.0.28
       Fresh winnow v1.0.4
       Fresh itoa v1.0.18
       Fresh toml_parser v1.1.3+spec-1.1.0
       Fresh casm-core v0.3.0 (/tmp/cargo-mutants-casm-PaMmur.tmp/crates/casm-core)
       Fresh zmij v1.0.23
       Fresh toml_datetime v0.7.5+spec-1.1.0
       Fresh serde_spanned v1.1.1
       Fresh memchr v2.8.3
       Fresh unsafe-libyaml v0.2.11
       Fresh ryu v1.0.23
       Fresh toml_writer v1.1.2+spec-1.1.0
       Fresh winnow v0.7.15
       Fresh serde_yaml_ng v0.10.0
       Fresh serde_json v1.0.151
       Fresh toml v0.9.12+spec-1.1.0
       Fresh casm-parser v0.3.0 (/tmp/cargo-mutants-casm-PaMmur.tmp/crates/casm-parser)
       Fresh casm-formal v0.3.0 (/tmp/cargo-mutants-casm-PaMmur.tmp/crates/casm-formal)
    Finished `test` profile [unoptimized + debuginfo] target(s) in 0.42s
     Running `/tmp/cargo-mutants-casm-PaMmur.tmp/target/debug/deps/casm_formal-cc425937610d0a3f`

running 47 tests
test alloy::tests::colliding_names_are_disambiguated_deterministically ... ok
test alloy::tests::a_node_with_no_edges_is_pinned_to_none ... ok
test alloy::tests::an_empty_architecture_produces_a_parseable_model ... ok
test alloy::tests::empty_groups_are_rendered_as_none_not_as_nothing ... ok
test alloy::tests::every_node_gets_exactly_one_identifier ... ok
test alloy::tests::module_names_become_legal_identifiers ... ok
test alloy::tests::braces_are_balanced ... ok
test alloy::tests::asynchronous_edges_land_in_notifies_not_blocks ... ok
test alloy::tests::identifiers_are_prefixed_and_sanitised ... ok
test alloy::tests::only_the_node_types_in_use_are_declared ... ok
test alloy::tests::generation_is_deterministic ... ok
test alloy::tests::the_prefix_makes_a_keyword_collision_impossible ... ok
test alloy::tests::the_isolated_nodes_assertion_is_omitted_for_a_single_node ... ok
test alloy::tests::the_filename_matches_the_module ... ok
test alloy::tests::the_check_scope_covers_every_node ... ok
test model::tests::an_empty_architecture_produces_an_empty_model ... ok
test model::tests::a_cycle_is_detected_without_the_walk_hanging ... ok
test model::tests::an_acyclic_architecture_has_no_cycle ... ok
test alloy::tests::every_assertion_has_a_matching_check ... ok
test model::tests::external_nodes_are_identified ... ok
test model::tests::blocking_and_asynchronous_edges_are_separated ... ok
test model::tests::a_diamond_does_not_duplicate_closure_entries ... ok
test alloy::tests::every_node_declares_both_relations ... ok
test alloy::tests::the_external_and_stateful_groups_are_populated ... ok
test alloy::tests::the_identifier_mapping_is_emitted_only_where_it_differs ... ok
test model::tests::independent_nodes_are_those_nothing_blocks_on ... ok
test model::tests::the_blast_radius_counts_transitive_dependents ... ok
test model::tests::latency_budgets_are_carried_but_only_for_documentation ... ok
test model::tests::the_closure_does_not_cross_an_asynchronous_edge ... ok
test tla::tests::an_empty_architecture_still_produces_a_wellformed_module ... ok
test model::tests::the_closure_reaches_through_the_chain ... ok
test tla::tests::a_single_node_architecture_bounds_failures_sensibly ... ok
test tla::tests::module_names_become_legal_identifiers ... ok
test tla::tests::asynchronous_edges_are_still_recorded_for_the_reader ... ok
test tla::tests::set_literals_use_tla_syntax ... ok
test tla::tests::pair_sets_separate_every_element_but_the_last ... ok
test tla::tests::latency_budgets_appear_only_as_comments ... ok
test tla::tests::node_names_are_strings_so_hyphens_survive ... ok
test tla::tests::the_blast_radius_bound_is_seeded_so_it_holds ... ok
test model::tests::the_model_is_sorted_and_therefore_stable_under_reordering ... ok
test tla::tests::asynchronous_edges_are_absent_from_the_closure ... ok
test model::tests::the_fingerprint_ties_a_spec_to_its_source ... ok
test tla::tests::generation_is_deterministic ... ok
test tla::tests::the_config_declares_every_constant_the_module_takes ... ok
test tla::tests::the_config_names_only_operators_the_module_defines ... ok
test tla::tests::the_module_is_terminated ... ok
test tla::tests::the_filenames_agree_with_the_module_name ... ok

test result: ok. 47 passed; 0 failed; 0 ignored; 0 measured; 0 filtered out; finished in 0.04s

     Running `/tmp/cargo-mutants-casm-PaMmur.tmp/target/debug/deps/checked-33e472487a0284ee`

running 8 tests
test the_liveness_config_does_not_provoke_the_unsound_constraint_warning ... ok
test the_liveness_property_holds_without_a_state_constraint ... ok
test alloy_catches_a_datastore_exposed_to_an_external_system ... ok
test alloy_catches_a_dependency_cycle ... ok
test tlc_accepts_a_generated_specification_and_its_invariants_hold ... ok
test alloy_accepts_a_generated_model_and_every_assertion_holds ... ok
test alloy_produces_no_warnings_for_a_generated_model ... ok
test tlc_catches_a_dependency_cycle ... ok

test result: ok. 8 passed; 0 failed; 0 ignored; 0 measured; 0 filtered out; finished in 0.00s

   Doc-tests casm_formal
     Running `/home/srinivasan/.rustup/toolchains/nightly-x86_64-unknown-linux-gnu/bin/rustdoc --edition=2024 --crate-type lib --color auto --crate-name casm_formal --test crates/casm-formal/src/lib.rs --test-run-directory /tmp/cargo-mutants-casm-PaMmur.tmp/crates/casm-formal --warn=rust_2018_idioms '--warn=clippy::pedantic' '--warn=clippy::unwrap_used' --forbid=unsafe_code --warn=unreachable_pub '--warn=clippy::too_many_lines' '--allow=clippy::struct_field_names' '--warn=clippy::panic' '--allow=clippy::must_use_candidate' '--allow=clippy::module_name_repetitions' '--allow=clippy::missing_errors_doc' --warn=missing_docs '--warn=clippy::indexing_slicing' '--warn=clippy::expect_used' '--warn=clippy::cognitive_complexity' --extern casm_core=/tmp/cargo-mutants-casm-PaMmur.tmp/target/debug/deps/libcasm_core-0e2727cdb6cb7ba3.rlib --extern casm_formal=/tmp/cargo-mutants-casm-PaMmur.tmp/target/debug/deps/libcasm_formal-3d62c4049ed65674.rlib --extern casm_parser=/tmp/cargo-mutants-casm-PaMmur.tmp/target/debug/deps/libcasm_parser-46b061afdef23cde.rlib -L dependency=/tmp/cargo-mutants-casm-PaMmur.tmp/target/debug/deps -C embed-bitcode=no --check-cfg 'cfg(docsrs,test)' --check-cfg 'cfg(feature, values())' --error-format human`

running 0 tests

test result: ok. 0 passed; 0 failed; 0 ignored; 0 measured; 0 filtered out; finished in 0.00s


*** result: Success
