
*** crates/casm-cli/src/hook.rs:125:5: replace install -> Result<Status, String> with Ok(Default::default())

*** mutation diff:
--- crates/casm-cli/src/hook.rs
+++ replace install -> Result<Status, String> with Ok(Default::default())
@@ -117,37 +117,17 @@
 
 /// Writes the hook, refusing to clobber a foreign one unless `force` is set.
 ///
 /// # Errors
 ///
 /// Returns a human-readable message if a foreign hook is present without `force`, or if
 /// the file cannot be written.
 pub(crate) fn install(git_dir: &Path, force: bool) -> Result<Status, String> {
-    let existing = status(git_dir);
-
-    if existing == Status::Foreign && !force {
-        return Err(format!(
-            "'{}' already exists and was not written by CASIMIR.\n\
-             Inspect it first, then pass --force to replace it.",
-            hook_path(git_dir).display()
-        ));
-    }
-
-    let directory = hooks_directory(git_dir);
-    std::fs::create_dir_all(&directory)
-        .map_err(|error| format!("cannot create '{}': {error}", directory.display()))?;
-
-    let path = hook_path(git_dir);
-    std::fs::write(&path, SCRIPT)
-        .map_err(|error| format!("cannot write '{}': {error}", path.display()))?;
-    make_executable(&path)
-        .map_err(|error| format!("cannot make '{}' executable: {error}", path.display()))?;
-
-    Ok(existing)
+    Ok(Default::default()) /* ~ changed by cargo-mutants ~ */
 }
 
 /// Removes CASIMIR's hook, leaving a foreign one alone.
 ///
 /// # Errors
 ///
 /// Returns a human-readable message if a foreign hook is present, or if removal fails.
 pub(crate) fn uninstall(git_dir: &Path) -> Result<Status, String> {


*** /home/srinivasan/.rustup/toolchains/nightly-x86_64-unknown-linux-gnu/bin/cargo test --no-run --verbose --package=casm-cli@0.3.0
    Blocking waiting for file lock on package cache
    Blocking waiting for file lock on package cache
    Blocking waiting for file lock on package cache
       Fresh unicode-ident v1.0.24
       Fresh proc-macro2 v1.0.107
       Fresh quote v1.0.47
       Fresh cfg-if v1.0.4
       Fresh syn v3.0.3
       Fresh libc v0.2.189
       Fresh memchr v2.8.3
       Fresh regex-syntax v0.8.11
       Fresh thiserror-impl v2.0.19
       Fresh version_check v0.9.5
       Fresh tinyvec_macros v0.1.1
       Fresh fastrand v2.5.0
       Fresh typenum v1.20.1
       Fresh gix-trace v0.1.21
       Fresh regex-automata v0.4.16
       Fresh tinyvec v1.12.0
       Fresh smallvec v1.15.2
       Fresh scopeguard v1.2.0
       Fresh bstr v1.13.0
       Fresh thiserror v2.0.19
       Fresh getrandom v0.4.3
       Fresh unicode-normalization v0.1.25
       Fresh lock_api v0.4.14
       Fresh allocator-api2 v0.2.21
       Fresh gix-validate v0.11.3
       Fresh generic-array v0.14.7
       Fresh gix-utils v0.3.5
       Fresh parking_lot_core v0.9.12
       Fresh crossbeam-utils v0.8.22
       Fresh foldhash v0.2.0
       Fresh same-file v1.0.6
       Fresh once_cell v1.21.4
       Fresh equivalent v1.0.2
       Fresh gix-path v0.12.3
       Fresh block-buffer v0.10.4
       Fresh crypto-common v0.1.7
       Fresh parking_lot v0.12.5
       Fresh walkdir v2.5.0
       Fresh crossbeam-channel v0.5.16
       Fresh bitflags v2.13.1
       Fresh hashbrown v0.17.1
       Fresh digest v0.10.7
       Fresh prodash v31.0.0
       Fresh gix-error v0.2.5
       Fresh itoa v1.0.18
       Fresh byteorder v1.5.0
       Fresh stable_deref_trait v1.2.1
       Fresh cpufeatures v0.2.17
       Fresh crc32fast v1.5.0
       Fresh hash32 v0.3.1
       Fresh sha1 v0.10.7
       Fresh jiff-core v0.1.0
       Fresh linux-raw-sys v0.12.1
       Fresh memmap2 v0.9.11
       Fresh gix-features v0.49.0
       Fresh heapless v0.8.0
       Fresh sha1-checked v0.10.0
       Fresh jiff v0.2.35
       Fresh serde_derive v1.0.229
       Fresh hashbrown v0.14.5
       Fresh faster-hex v0.10.0
       Fresh serde_core v1.0.229
       Fresh gix-date v0.15.6
       Fresh rustix v1.1.4
       Fresh gix-fs v0.22.0
       Fresh dashmap v6.2.1
       Fresh gix-chunk v0.7.3
       Fresh nonempty v0.12.0
       Fresh gix-hash v0.26.0
       Fresh gix-actor v0.41.2
       Fresh tempfile v3.27.0
       Fresh serde v1.0.229
       Fresh gix-quote v0.7.2
       Fresh gix-glob v0.27.0
       Fresh indexmap v2.14.0
       Fresh unicode-bom v2.0.3
       Fresh gix-hashtable v0.16.0
       Fresh gix-tempfile v24.0.0
       Fresh gix-commitgraph v0.38.0
       Fresh keccak v0.1.6
       Fresh uuid v1.24.0
       Fresh semver v1.0.28
       Fresh gix-attributes v0.34.0
       Fresh gix-object v0.63.0
       Fresh gix-lock v24.0.0
       Fresh zmij v1.0.23
       Fresh sha3 v0.10.9
       Fresh gix-sec v0.14.2
       Fresh shell-words v1.1.1
       Fresh gix-packetline v0.22.0
       Fresh syn v2.0.119
       Fresh gix-revwalk v0.34.0
       Fresh casm-core v0.3.0 (/tmp/cargo-mutants-casm-ougte5.tmp/crates/casm-core)
       Fresh serde_json v1.0.151
       Fresh gix-command v0.9.1
       Fresh gix-ref v0.66.0
       Fresh percent-encoding v2.3.2
       Fresh zerocopy-derive v0.8.55
       Fresh gix-url v0.37.0
       Fresh gix-traverse v0.60.0
       Fresh gix-bitmap v0.3.3
       Fresh gix-config-value v0.19.0
       Fresh hashbrown v0.16.1
       Fresh filetime v0.2.29
       Fresh fnv v1.0.7
       Fresh utf8parse v0.2.2
       Fresh arrayvec v0.7.8
       Fresh zlib-rs v0.6.6
       Fresh gix-index v0.54.0
       Fresh clru v0.6.3
       Fresh rustversion v1.0.23
       Fresh zerocopy v0.8.55
       Fresh gix-revision v0.48.0
       Fresh gix-ignore v0.22.0
       Fresh uluru v3.1.0
       Fresh gix-zlib v0.1.0
       Fresh anstyle-parse v1.0.0
       Fresh encoding_rs v0.8.35
       Fresh anstyle v1.0.14
       Fresh colorchoice v1.0.5
       Fresh winnow v1.0.4
       Fresh anstyle-query v1.1.5
       Fresh autocfg v1.5.1
       Fresh bisync_macros v0.2.3
       Fresh is_terminal_polyfill v1.70.2
       Fresh gix-pack v0.73.0
       Fresh toml_parser v1.1.3+spec-1.1.0
       Fresh gix-filter v0.33.0
       Fresh half v2.7.1
       Fresh arc-swap v1.9.2
       Fresh gix-worktree v0.55.0
       Fresh bisync v0.3.0
       Fresh anstream v1.0.0
       Fresh gix-refspec v0.44.0
       Fresh gix-pathspec v0.19.0
       Fresh gix-config v0.59.0
       Fresh gix-transport v0.58.0
       Fresh gix-shallow v0.13.0
       Fresh toml_datetime v0.7.5+spec-1.1.0
       Fresh terminal_size v0.4.4
       Fresh serde_spanned v1.1.1
       Fresh gix-imara-diff v0.2.4
       Fresh foldhash v0.1.5
       Fresh unsafe-libyaml v0.2.11
       Fresh winnow v0.7.15
       Fresh ryu v1.0.23
       Fresh strsim v0.11.1
       Fresh ciborium-io v0.2.2
       Fresh either v1.17.0
       Fresh toml_writer v1.1.2+spec-1.1.0
       Fresh heck v0.5.0
       Fresh clap_lex v1.1.0
       Fresh gix-diff v0.66.0
       Fresh ciborium-ll v0.2.2
       Fresh itertools v0.13.0
       Fresh serde_yaml_ng v0.10.0
       Fresh hashbrown v0.15.5
       Fresh gix-submodule v0.33.0
       Fresh clap_builder v4.6.5
       Fresh toml v0.9.12+spec-1.1.0
       Fresh clap_derive v4.6.4
       Fresh gix-protocol v0.64.0
       Fresh gix-odb v0.83.0
       Fresh gix-discover v0.54.0
       Fresh cast v0.3.0
       Fresh fixedbitset v0.5.7
       Fresh criterion-plot v0.6.0
       Fresh casm-parser v0.3.0 (/tmp/cargo-mutants-casm-ougte5.tmp/crates/casm-parser)
       Fresh clap v4.6.5
       Fresh gix v0.86.0
       Fresh num-traits v0.2.19
       Fresh petgraph v0.8.3
       Fresh ciborium v0.2.2
       Fresh tinytemplate v1.2.1
       Fresh regex v1.13.1
       Fresh anes v0.1.6
       Fresh oorandom v11.1.5
       Fresh casm-git v0.3.0 (/tmp/cargo-mutants-casm-ougte5.tmp/crates/casm-git)
       Fresh casm-validator v0.3.0 (/tmp/cargo-mutants-casm-ougte5.tmp/crates/casm-validator)
       Fresh casm-formal v0.3.0 (/tmp/cargo-mutants-casm-ougte5.tmp/crates/casm-formal)
       Fresh casm-diff v0.3.0 (/tmp/cargo-mutants-casm-ougte5.tmp/crates/casm-diff)
       Fresh casm-evidence v0.3.0 (/tmp/cargo-mutants-casm-ougte5.tmp/crates/casm-evidence)
       Fresh casm-telemetry v0.3.0 (/tmp/cargo-mutants-casm-ougte5.tmp/crates/casm-telemetry)
       Fresh casm-renderer v0.3.0 (/tmp/cargo-mutants-casm-ougte5.tmp/crates/casm-renderer)
       Fresh criterion v0.7.0
       Dirty casm-cli v0.3.0 (/tmp/cargo-mutants-casm-ougte5.tmp/crates/casm-cli): the file `crates/casm-cli/src/hook.rs` has changed (1785931314.705242440s, 2s after last build at 1785931312.938236162s)
   Compiling casm-cli v0.3.0 (/tmp/cargo-mutants-casm-ougte5.tmp/crates/casm-cli)
     Running `/home/srinivasan/.rustup/toolchains/nightly-x86_64-unknown-linux-gnu/bin/rustc --crate-name casm --edition=2024 crates/casm-cli/src/main.rs --error-format=json --json=diagnostic-rendered-ansi,artifacts,future-incompat --emit=dep-info,link -C embed-bitcode=no -C debuginfo=2 --warn=rust_2018_idioms '--warn=clippy::pedantic' '--warn=clippy::unwrap_used' --forbid=unsafe_code --warn=unreachable_pub '--warn=clippy::too_many_lines' '--allow=clippy::struct_field_names' '--warn=clippy::panic' '--allow=clippy::must_use_candidate' '--allow=clippy::module_name_repetitions' '--allow=clippy::missing_errors_doc' --warn=missing_docs '--warn=clippy::indexing_slicing' '--warn=clippy::expect_used' '--warn=clippy::cognitive_complexity' --test --check-cfg 'cfg(docsrs,test)' --check-cfg 'cfg(feature, values())' -C metadata=66d0ba88cf63e3f4 -C extra-filename=-6299204232b961c1 --out-dir /tmp/cargo-mutants-casm-ougte5.tmp/target/debug/deps -C incremental=/tmp/cargo-mutants-casm-ougte5.tmp/target/debug/incremental -L dependency=/tmp/cargo-mutants-casm-ougte5.tmp/target/debug/deps --extern casm_core=/tmp/cargo-mutants-casm-ougte5.tmp/target/debug/deps/libcasm_core-380d7e4cccb3f0da.rlib --extern casm_diff=/tmp/cargo-mutants-casm-ougte5.tmp/target/debug/deps/libcasm_diff-13f48a003853e06c.rlib --extern casm_evidence=/tmp/cargo-mutants-casm-ougte5.tmp/target/debug/deps/libcasm_evidence-97784ef1fc6afbaa.rlib --extern casm_formal=/tmp/cargo-mutants-casm-ougte5.tmp/target/debug/deps/libcasm_formal-1f0341ba66ec2a73.rlib --extern casm_git=/tmp/cargo-mutants-casm-ougte5.tmp/target/debug/deps/libcasm_git-eb6335557f558b96.rlib --extern casm_parser=/tmp/cargo-mutants-casm-ougte5.tmp/target/debug/deps/libcasm_parser-acbb7d95b5663e68.rlib --extern casm_renderer=/tmp/cargo-mutants-casm-ougte5.tmp/target/debug/deps/libcasm_renderer-80239ec94cfc97e3.rlib --extern casm_telemetry=/tmp/cargo-mutants-casm-ougte5.tmp/target/debug/deps/libcasm_telemetry-622d12e0c23cdb09.rlib --extern casm_validator=/tmp/cargo-mutants-casm-ougte5.tmp/target/debug/deps/libcasm_validator-bbc73dfd45eee22d.rlib --extern clap=/tmp/cargo-mutants-casm-ougte5.tmp/target/debug/deps/libclap-6563ccc96337acde.rlib --extern criterion=/tmp/cargo-mutants-casm-ougte5.tmp/target/debug/deps/libcriterion-a7edab15b2b2c363.rlib --extern serde_json=/tmp/cargo-mutants-casm-ougte5.tmp/target/debug/deps/libserde_json-8ada6c1221654e94.rlib --verbose`
error[E0277]: the trait bound `hook::Status: Default` is not satisfied
   --> crates/casm-cli/src/hook.rs:125:8
    |
125 |     Ok(Default::default()) /* ~ changed by cargo-mutants ~ */
    |        ^^^^^^^^^^^^^^^^^^ the trait `Default` is not implemented for `hook::Status`
    |
help: consider annotating `hook::Status` with `#[derive(Default)]`
    |
 82 + #[derive(Default)]
 83 | pub(crate) enum Status {
    |

For more information about this error, try `rustc --explain E0277`.
error: could not compile `casm-cli` (bin "casm" test) due to 1 previous error

Caused by:
  process didn't exit successfully: `/home/srinivasan/.rustup/toolchains/nightly-x86_64-unknown-linux-gnu/bin/rustc --crate-name casm --edition=2024 crates/casm-cli/src/main.rs --error-format=json --json=diagnostic-rendered-ansi,artifacts,future-incompat --emit=dep-info,link -C embed-bitcode=no -C debuginfo=2 --warn=rust_2018_idioms '--warn=clippy::pedantic' '--warn=clippy::unwrap_used' --forbid=unsafe_code --warn=unreachable_pub '--warn=clippy::too_many_lines' '--allow=clippy::struct_field_names' '--warn=clippy::panic' '--allow=clippy::must_use_candidate' '--allow=clippy::module_name_repetitions' '--allow=clippy::missing_errors_doc' --warn=missing_docs '--warn=clippy::indexing_slicing' '--warn=clippy::expect_used' '--warn=clippy::cognitive_complexity' --test --check-cfg 'cfg(docsrs,test)' --check-cfg 'cfg(feature, values())' -C metadata=66d0ba88cf63e3f4 -C extra-filename=-6299204232b961c1 --out-dir /tmp/cargo-mutants-casm-ougte5.tmp/target/debug/deps -C incremental=/tmp/cargo-mutants-casm-ougte5.tmp/target/debug/incremental -L dependency=/tmp/cargo-mutants-casm-ougte5.tmp/target/debug/deps --extern casm_core=/tmp/cargo-mutants-casm-ougte5.tmp/target/debug/deps/libcasm_core-380d7e4cccb3f0da.rlib --extern casm_diff=/tmp/cargo-mutants-casm-ougte5.tmp/target/debug/deps/libcasm_diff-13f48a003853e06c.rlib --extern casm_evidence=/tmp/cargo-mutants-casm-ougte5.tmp/target/debug/deps/libcasm_evidence-97784ef1fc6afbaa.rlib --extern casm_formal=/tmp/cargo-mutants-casm-ougte5.tmp/target/debug/deps/libcasm_formal-1f0341ba66ec2a73.rlib --extern casm_git=/tmp/cargo-mutants-casm-ougte5.tmp/target/debug/deps/libcasm_git-eb6335557f558b96.rlib --extern casm_parser=/tmp/cargo-mutants-casm-ougte5.tmp/target/debug/deps/libcasm_parser-acbb7d95b5663e68.rlib --extern casm_renderer=/tmp/cargo-mutants-casm-ougte5.tmp/target/debug/deps/libcasm_renderer-80239ec94cfc97e3.rlib --extern casm_telemetry=/tmp/cargo-mutants-casm-ougte5.tmp/target/debug/deps/libcasm_telemetry-622d12e0c23cdb09.rlib --extern casm_validator=/tmp/cargo-mutants-casm-ougte5.tmp/target/debug/deps/libcasm_validator-bbc73dfd45eee22d.rlib --extern clap=/tmp/cargo-mutants-casm-ougte5.tmp/target/debug/deps/libclap-6563ccc96337acde.rlib --extern criterion=/tmp/cargo-mutants-casm-ougte5.tmp/target/debug/deps/libcriterion-a7edab15b2b2c363.rlib --extern serde_json=/tmp/cargo-mutants-casm-ougte5.tmp/target/debug/deps/libserde_json-8ada6c1221654e94.rlib --verbose` (exit status: 1)

*** result: Failure(101)
