
*** crates/casm-renderer/src/lib.rs:69:5: replace built_in -> Vec<Box<dyn Renderer>> with vec![]

*** mutation diff:
--- crates/casm-renderer/src/lib.rs
+++ replace built_in -> Vec<Box<dyn Renderer>> with vec![]
@@ -61,17 +61,17 @@
     ///
     /// Must be a pure function: the same architecture always yields the same bytes.
     fn render(&self, architecture: &Architecture) -> String;
 }
 
 /// Returns every built-in backend.
 #[must_use]
 pub fn built_in() -> Vec<Box<dyn Renderer>> {
-    vec![Box::new(Mermaid), Box::new(Dot), Box::new(Ascii)]
+    vec![] /* ~ changed by cargo-mutants ~ */
 }
 
 /// Looks up a backend by its identifier.
 #[must_use]
 pub fn by_id(id: &str) -> Option<Box<dyn Renderer>> {
     built_in().into_iter().find(|backend| backend.id() == id)
 }
 


*** /home/srinivasan/.rustup/toolchains/nightly-x86_64-unknown-linux-gnu/bin/cargo test --no-run --verbose --package=casm-renderer@0.3.0
    Blocking waiting for file lock on package cache
    Blocking waiting for file lock on package cache
    Blocking waiting for file lock on package cache
       Fresh unicode-ident v1.0.24
       Fresh version_check v0.9.5
       Fresh proc-macro2 v1.0.107
       Fresh quote v1.0.47
       Fresh typenum v1.20.1
       Fresh generic-array v0.14.7
       Fresh syn v3.0.3
       Fresh serde_core v1.0.229
       Fresh libc v0.2.189
       Fresh block-buffer v0.10.4
       Fresh crypto-common v0.1.7
       Fresh cfg-if v1.0.4
       Fresh getrandom v0.4.3
       Fresh digest v0.10.7
       Fresh serde_derive v1.0.229
       Fresh thiserror-impl v2.0.19
       Fresh hashbrown v0.17.1
       Fresh equivalent v1.0.2
       Fresh keccak v0.1.6
       Fresh sha3 v0.10.9
       Fresh indexmap v2.14.0
       Fresh thiserror v2.0.19
       Fresh serde v1.0.229
   Compiling uuid v1.24.0
     Running `/home/srinivasan/.rustup/toolchains/nightly-x86_64-unknown-linux-gnu/bin/rustc --crate-name uuid --edition=2021 /home/srinivasan/.cargo/registry/src/index.crates.io-1949cf8c6b5b557f/uuid-1.24.0/src/lib.rs --error-format=json --json=diagnostic-rendered-ansi,artifacts,future-incompat --crate-type lib --emit=dep-info,metadata,link -C embed-bitcode=no -C debuginfo=2 --allow=unexpected_cfgs --check-cfg 'cfg(uuid_unstable)' --cfg 'feature="default"' --cfg 'feature="rng"' --cfg 'feature="serde"' --cfg 'feature="std"' --cfg 'feature="v7"' --check-cfg 'cfg(docsrs,test)' --check-cfg 'cfg(feature, values("arbitrary", "atomic", "borsh", "bytemuck", "default", "fast-rng", "js", "macro-diagnostics", "md5", "rng", "rng-getrandom", "rng-rand", "serde", "sha1", "slog", "std", "uuid-rng-internal-lib", "v1", "v3", "v4", "v5", "v6", "v7", "v8", "zerocopy"))' -C metadata=818b6361d07ae039 -C extra-filename=-236853d6bc985c57 --out-dir /tmp/cargo-mutants-casm-Mdd4Ys.tmp/target/debug/deps -L dependency=/tmp/cargo-mutants-casm-Mdd4Ys.tmp/target/debug/deps --extern getrandom=/tmp/cargo-mutants-casm-Mdd4Ys.tmp/target/debug/deps/libgetrandom-6825cf178ac028d0.rmeta --extern serde_core=/tmp/cargo-mutants-casm-Mdd4Ys.tmp/target/debug/deps/libserde_core-acc55bf1e03f2e80.rmeta --cap-lints allow`
       Fresh semver v1.0.28
   Compiling casm-core v0.3.0 (/tmp/cargo-mutants-casm-Mdd4Ys.tmp/crates/casm-core)
     Running `/home/srinivasan/.rustup/toolchains/nightly-x86_64-unknown-linux-gnu/bin/rustc --crate-name casm_core --edition=2024 crates/casm-core/src/lib.rs --error-format=json --json=diagnostic-rendered-ansi,artifacts,future-incompat --crate-type lib --emit=dep-info,metadata,link -C embed-bitcode=no -C debuginfo=2 --warn=rust_2018_idioms '--warn=clippy::pedantic' '--warn=clippy::unwrap_used' --forbid=unsafe_code --warn=unreachable_pub '--warn=clippy::too_many_lines' '--allow=clippy::struct_field_names' '--warn=clippy::panic' '--allow=clippy::must_use_candidate' '--allow=clippy::module_name_repetitions' '--allow=clippy::missing_errors_doc' --warn=missing_docs '--warn=clippy::indexing_slicing' '--warn=clippy::expect_used' '--warn=clippy::cognitive_complexity' --check-cfg 'cfg(docsrs,test)' --check-cfg 'cfg(feature, values())' -C metadata=bdb5617b4d83ac22 -C extra-filename=-e0f19a3016ddb7a5 --out-dir /tmp/cargo-mutants-casm-Mdd4Ys.tmp/target/debug/deps -C incremental=/tmp/cargo-mutants-casm-Mdd4Ys.tmp/target/debug/incremental -L dependency=/tmp/cargo-mutants-casm-Mdd4Ys.tmp/target/debug/deps --extern indexmap=/tmp/cargo-mutants-casm-Mdd4Ys.tmp/target/debug/deps/libindexmap-386bfa02d45ab18e.rmeta --extern semver=/tmp/cargo-mutants-casm-Mdd4Ys.tmp/target/debug/deps/libsemver-14f981aa0b32f993.rmeta --extern serde=/tmp/cargo-mutants-casm-Mdd4Ys.tmp/target/debug/deps/libserde-b350d0787b7cbc8c.rmeta --extern sha3=/tmp/cargo-mutants-casm-Mdd4Ys.tmp/target/debug/deps/libsha3-87752e9291d08871.rmeta --extern thiserror=/tmp/cargo-mutants-casm-Mdd4Ys.tmp/target/debug/deps/libthiserror-6c739655cb578a90.rmeta --extern uuid=/tmp/cargo-mutants-casm-Mdd4Ys.tmp/target/debug/deps/libuuid-236853d6bc985c57.rmeta --verbose`
   Compiling casm-renderer v0.3.0 (/tmp/cargo-mutants-casm-Mdd4Ys.tmp/crates/casm-renderer)
     Running `/home/srinivasan/.rustup/toolchains/nightly-x86_64-unknown-linux-gnu/bin/rustc --crate-name casm_renderer --edition=2024 crates/casm-renderer/src/lib.rs --error-format=json --json=diagnostic-rendered-ansi,artifacts,future-incompat --crate-type lib --emit=dep-info,metadata,link -C embed-bitcode=no -C debuginfo=2 --warn=rust_2018_idioms '--warn=clippy::pedantic' '--warn=clippy::unwrap_used' --forbid=unsafe_code --warn=unreachable_pub '--warn=clippy::too_many_lines' '--allow=clippy::struct_field_names' '--warn=clippy::panic' '--allow=clippy::must_use_candidate' '--allow=clippy::module_name_repetitions' '--allow=clippy::missing_errors_doc' --warn=missing_docs '--warn=clippy::indexing_slicing' '--warn=clippy::expect_used' '--warn=clippy::cognitive_complexity' --check-cfg 'cfg(docsrs,test)' --check-cfg 'cfg(feature, values())' -C metadata=9a17573fc0ebd8de -C extra-filename=-a274aae3a51b3045 --out-dir /tmp/cargo-mutants-casm-Mdd4Ys.tmp/target/debug/deps -C incremental=/tmp/cargo-mutants-casm-Mdd4Ys.tmp/target/debug/incremental -L dependency=/tmp/cargo-mutants-casm-Mdd4Ys.tmp/target/debug/deps --extern casm_core=/tmp/cargo-mutants-casm-Mdd4Ys.tmp/target/debug/deps/libcasm_core-e0f19a3016ddb7a5.rmeta --verbose`
     Running `/home/srinivasan/.rustup/toolchains/nightly-x86_64-unknown-linux-gnu/bin/rustc --crate-name casm_renderer --edition=2024 crates/casm-renderer/src/lib.rs --error-format=json --json=diagnostic-rendered-ansi,artifacts,future-incompat --emit=dep-info,link -C embed-bitcode=no -C debuginfo=2 --warn=rust_2018_idioms '--warn=clippy::pedantic' '--warn=clippy::unwrap_used' --forbid=unsafe_code --warn=unreachable_pub '--warn=clippy::too_many_lines' '--allow=clippy::struct_field_names' '--warn=clippy::panic' '--allow=clippy::must_use_candidate' '--allow=clippy::module_name_repetitions' '--allow=clippy::missing_errors_doc' --warn=missing_docs '--warn=clippy::indexing_slicing' '--warn=clippy::expect_used' '--warn=clippy::cognitive_complexity' --test --check-cfg 'cfg(docsrs,test)' --check-cfg 'cfg(feature, values())' -C metadata=3d95ee09cfa5a46d -C extra-filename=-23f510611d261a86 --out-dir /tmp/cargo-mutants-casm-Mdd4Ys.tmp/target/debug/deps -C incremental=/tmp/cargo-mutants-casm-Mdd4Ys.tmp/target/debug/incremental -L dependency=/tmp/cargo-mutants-casm-Mdd4Ys.tmp/target/debug/deps --extern casm_core=/tmp/cargo-mutants-casm-Mdd4Ys.tmp/target/debug/deps/libcasm_core-e0f19a3016ddb7a5.rlib --verbose`
    Finished `test` profile [unoptimized + debuginfo] target(s) in 6.56s
  Executable `/tmp/cargo-mutants-casm-Mdd4Ys.tmp/target/debug/deps/casm_renderer-23f510611d261a86`

*** result: Success

*** /home/srinivasan/.rustup/toolchains/nightly-x86_64-unknown-linux-gnu/bin/cargo test --verbose --package=casm-renderer@0.3.0
    Blocking waiting for file lock on package cache
    Blocking waiting for file lock on package cache
    Blocking waiting for file lock on package cache
    Blocking waiting for file lock on package cache
       Fresh unicode-ident v1.0.24
       Fresh version_check v0.9.5
       Fresh proc-macro2 v1.0.107
       Fresh quote v1.0.47
       Fresh typenum v1.20.1
       Fresh generic-array v0.14.7
       Fresh syn v3.0.3
       Fresh serde_core v1.0.229
       Fresh libc v0.2.189
       Fresh block-buffer v0.10.4
       Fresh crypto-common v0.1.7
       Fresh cfg-if v1.0.4
       Fresh thiserror-impl v2.0.19
       Fresh serde_derive v1.0.229
       Fresh digest v0.10.7
       Fresh getrandom v0.4.3
       Fresh equivalent v1.0.2
       Fresh keccak v0.1.6
       Fresh hashbrown v0.17.1
       Fresh semver v1.0.28
       Fresh sha3 v0.10.9
       Fresh indexmap v2.14.0
       Fresh serde v1.0.229
       Fresh thiserror v2.0.19
       Fresh uuid v1.24.0
       Fresh casm-core v0.3.0 (/tmp/cargo-mutants-casm-Mdd4Ys.tmp/crates/casm-core)
       Fresh casm-renderer v0.3.0 (/tmp/cargo-mutants-casm-Mdd4Ys.tmp/crates/casm-renderer)
    Finished `test` profile [unoptimized + debuginfo] target(s) in 0.28s
     Running `/tmp/cargo-mutants-casm-Mdd4Ys.tmp/target/debug/deps/casm_renderer-23f510611d261a86`

running 19 tests
test tests::a_hostile_description_cannot_break_out_of_a_label ... ok
test tests::ascii_says_so_when_there_is_nothing_to_draw ... ok
test tests::backend_ids_are_unique ... ok
test tests::diagram_identifiers_are_positional_not_uuid_derived ... ok
test tests::ascii_lists_nodes_interfaces_controls_and_edges ... ok
test tests::dot_shapes_distinguish_node_types ... ok
test tests::escaping_neutralises_quotes_newlines_and_backslashes ... ok
test tests::backends_are_discoverable_by_id ... FAILED
test tests::every_backend_handles_an_empty_architecture ... ok
test tests::dot_styles_distinguish_relationship_types ... ok
test tests::mermaid_declares_a_flowchart_and_the_architecture_version ... ok
test tests::dot_produces_a_balanced_digraph ... ok
test tests::mermaid_arrows_distinguish_blocking_from_async ... ok
test tests::mermaid_shapes_distinguish_node_types ... ok
test tests::rendering_covers_every_relationship_type ... ok
test tests::every_backend_is_deterministic ... ok
test tests::every_backend_output_ends_with_a_newline ... ok
test tests::rendering_never_panics_on_an_architecture_with_every_node_type ... ok
test tests::mermaid_labels_edges_with_protocol_and_budget ... ok

failures:

---- tests::backends_are_discoverable_by_id stdout ----

thread 'tests::backends_are_discoverable_by_id' (1088933) panicked at crates/casm-renderer/src/lib.rs:463:9:
assertion `left == right` failed
  left: None
 right: Some("mmd")
note: run with `RUST_BACKTRACE=1` environment variable to display a backtrace


failures:
    tests::backends_are_discoverable_by_id

test result: FAILED. 18 passed; 1 failed; 0 ignored; 0 measured; 0 filtered out; finished in 0.00s

error: test failed, to rerun pass `-p casm-renderer --lib`

*** result: Failure(101)
