
*** crates/casm-renderer/src/lib.rs:221:9: replace Dot::style -> &'static str with ""

*** mutation diff:
--- crates/casm-renderer/src/lib.rs
+++ replace Dot::style -> &'static str with ""
@@ -213,22 +213,17 @@
     }
 
     /// Maps a relationship type onto a Graphviz edge style.
     ///
     /// Graphviz offers fewer distinct line styles than CASIMIR has relationship types,
     /// so `composed` and `quantum-entangled` share `bold`. They remain distinguishable
     /// by the edge label, which always carries the exact type.
     fn style(relationship_type: RelationshipType) -> &'static str {
-        match relationship_type {
-            RelationshipType::Sync | RelationshipType::DependsOn => "solid",
-            RelationshipType::Async | RelationshipType::EventDriven => "dashed",
-            RelationshipType::Composed | RelationshipType::QuantumEntangled => "bold",
-            RelationshipType::DeployedOn => "dotted",
-        }
+        "" /* ~ changed by cargo-mutants ~ */
     }
 }
 
 impl Renderer for Dot {
     fn id(&self) -> &'static str {
         "dot"
     }
 


*** /home/srinivasan/.rustup/toolchains/nightly-x86_64-unknown-linux-gnu/bin/cargo test --no-run --verbose --package=casm-renderer@0.3.0
    Blocking waiting for file lock on package cache
    Blocking waiting for file lock on package cache
    Blocking waiting for file lock on package cache
    Blocking waiting for file lock on package cache
       Fresh unicode-ident v1.0.24
       Fresh version_check v0.9.5
       Fresh typenum v1.20.1
       Fresh proc-macro2 v1.0.107
       Fresh quote v1.0.47
       Fresh serde_core v1.0.229
       Fresh cfg-if v1.0.4
       Fresh generic-array v0.14.7
       Fresh syn v3.0.3
       Fresh libc v0.2.189
       Fresh hashbrown v0.17.1
       Fresh equivalent v1.0.2
       Fresh keccak v0.1.6
       Fresh semver v1.0.28
       Fresh crypto-common v0.1.7
       Fresh block-buffer v0.10.4
       Fresh serde_derive v1.0.229
       Fresh getrandom v0.4.3
       Fresh thiserror-impl v2.0.19
       Fresh indexmap v2.14.0
       Fresh digest v0.10.7
       Fresh uuid v1.24.0
       Fresh serde v1.0.229
       Fresh thiserror v2.0.19
       Fresh sha3 v0.10.9
       Fresh casm-core v0.3.0 (/tmp/cargo-mutants-casm-W5ytYW.tmp/crates/casm-core)
       Dirty casm-renderer v0.3.0 (/tmp/cargo-mutants-casm-W5ytYW.tmp/crates/casm-renderer): the file `crates/casm-renderer/src/lib.rs` has changed (1785933206.100634258s, 1s after last build at 1785933205.060075251s)
   Compiling casm-renderer v0.3.0 (/tmp/cargo-mutants-casm-W5ytYW.tmp/crates/casm-renderer)
     Running `/home/srinivasan/.rustup/toolchains/nightly-x86_64-unknown-linux-gnu/bin/rustc --crate-name casm_renderer --edition=2024 crates/casm-renderer/src/lib.rs --error-format=json --json=diagnostic-rendered-ansi,artifacts,future-incompat --emit=dep-info,link -C embed-bitcode=no -C debuginfo=2 --warn=rust_2018_idioms '--warn=clippy::pedantic' '--warn=clippy::unwrap_used' --forbid=unsafe_code --warn=unreachable_pub '--warn=clippy::too_many_lines' '--allow=clippy::struct_field_names' '--warn=clippy::panic' '--allow=clippy::must_use_candidate' '--allow=clippy::module_name_repetitions' '--allow=clippy::missing_errors_doc' --warn=missing_docs '--warn=clippy::indexing_slicing' '--warn=clippy::expect_used' '--warn=clippy::cognitive_complexity' --test --check-cfg 'cfg(docsrs,test)' --check-cfg 'cfg(feature, values())' -C metadata=3d95ee09cfa5a46d -C extra-filename=-23f510611d261a86 --out-dir /tmp/cargo-mutants-casm-W5ytYW.tmp/target/debug/deps -C incremental=/tmp/cargo-mutants-casm-W5ytYW.tmp/target/debug/incremental -L dependency=/tmp/cargo-mutants-casm-W5ytYW.tmp/target/debug/deps --extern casm_core=/tmp/cargo-mutants-casm-W5ytYW.tmp/target/debug/deps/libcasm_core-e0f19a3016ddb7a5.rlib --verbose`
     Running `/home/srinivasan/.rustup/toolchains/nightly-x86_64-unknown-linux-gnu/bin/rustc --crate-name casm_renderer --edition=2024 crates/casm-renderer/src/lib.rs --error-format=json --json=diagnostic-rendered-ansi,artifacts,future-incompat --crate-type lib --emit=dep-info,metadata,link -C embed-bitcode=no -C debuginfo=2 --warn=rust_2018_idioms '--warn=clippy::pedantic' '--warn=clippy::unwrap_used' --forbid=unsafe_code --warn=unreachable_pub '--warn=clippy::too_many_lines' '--allow=clippy::struct_field_names' '--warn=clippy::panic' '--allow=clippy::must_use_candidate' '--allow=clippy::module_name_repetitions' '--allow=clippy::missing_errors_doc' --warn=missing_docs '--warn=clippy::indexing_slicing' '--warn=clippy::expect_used' '--warn=clippy::cognitive_complexity' --check-cfg 'cfg(docsrs,test)' --check-cfg 'cfg(feature, values())' -C metadata=9a17573fc0ebd8de -C extra-filename=-a274aae3a51b3045 --out-dir /tmp/cargo-mutants-casm-W5ytYW.tmp/target/debug/deps -C incremental=/tmp/cargo-mutants-casm-W5ytYW.tmp/target/debug/incremental -L dependency=/tmp/cargo-mutants-casm-W5ytYW.tmp/target/debug/deps --extern casm_core=/tmp/cargo-mutants-casm-W5ytYW.tmp/target/debug/deps/libcasm_core-e0f19a3016ddb7a5.rmeta --verbose`
warning: unused variable: `relationship_type`
   --> crates/casm-renderer/src/lib.rs:220:14
    |
220 |     fn style(relationship_type: RelationshipType) -> &'static str {
    |              ^^^^^^^^^^^^^^^^^ help: if this is intentional, prefix it with an underscore: `_relationship_type`
    |
    = note: `#[warn(unused_variables)]` (part of `#[warn(unused)]`) on by default

warning: `casm-renderer` (lib) generated 1 warning (run `cargo fix --lib -p casm-renderer` to apply 1 suggestion)
warning: `casm-renderer` (lib test) generated 1 warning (1 duplicate)
    Finished `test` profile [unoptimized + debuginfo] target(s) in 0.86s
  Executable `/tmp/cargo-mutants-casm-W5ytYW.tmp/target/debug/deps/casm_renderer-23f510611d261a86`

*** result: Success

*** /home/srinivasan/.rustup/toolchains/nightly-x86_64-unknown-linux-gnu/bin/cargo test --verbose --package=casm-renderer@0.3.0
    Blocking waiting for file lock on package cache
    Blocking waiting for file lock on package cache
    Blocking waiting for file lock on package cache
    Blocking waiting for file lock on package cache
       Fresh version_check v0.9.5
       Fresh unicode-ident v1.0.24
       Fresh typenum v1.20.1
       Fresh proc-macro2 v1.0.107
       Fresh cfg-if v1.0.4
       Fresh quote v1.0.47
       Fresh generic-array v0.14.7
       Fresh serde_core v1.0.229
       Fresh libc v0.2.189
       Fresh hashbrown v0.17.1
       Fresh keccak v0.1.6
       Fresh equivalent v1.0.2
       Fresh syn v3.0.3
       Fresh block-buffer v0.10.4
       Fresh crypto-common v0.1.7
       Fresh getrandom v0.4.3
       Fresh semver v1.0.28
       Fresh indexmap v2.14.0
       Fresh serde_derive v1.0.229
       Fresh thiserror-impl v2.0.19
       Fresh digest v0.10.7
       Fresh uuid v1.24.0
       Fresh sha3 v0.10.9
       Fresh serde v1.0.229
       Fresh thiserror v2.0.19
       Fresh casm-core v0.3.0 (/tmp/cargo-mutants-casm-W5ytYW.tmp/crates/casm-core)
warning: unused variable: `relationship_type`
   --> crates/casm-renderer/src/lib.rs:220:14
    |
220 |     fn style(relationship_type: RelationshipType) -> &'static str {
    |              ^^^^^^^^^^^^^^^^^ help: if this is intentional, prefix it with an underscore: `_relationship_type`
    |
    = note: `#[warn(unused_variables)]` (part of `#[warn(unused)]`) on by default

warning: `casm-renderer` (lib) generated 1 warning (run `cargo fix --lib -p casm-renderer` to apply 1 suggestion)
warning: `casm-renderer` (lib test) generated 1 warning (1 duplicate)
       Fresh casm-renderer v0.3.0 (/tmp/cargo-mutants-casm-W5ytYW.tmp/crates/casm-renderer)
    Finished `test` profile [unoptimized + debuginfo] target(s) in 0.24s
     Running `/tmp/cargo-mutants-casm-W5ytYW.tmp/target/debug/deps/casm_renderer-23f510611d261a86`

running 19 tests
test tests::a_hostile_description_cannot_break_out_of_a_label ... ok
test tests::ascii_says_so_when_there_is_nothing_to_draw ... ok
test tests::backend_ids_are_unique ... ok
test tests::ascii_lists_nodes_interfaces_controls_and_edges ... ok
test tests::backends_are_discoverable_by_id ... ok
test tests::dot_produces_a_balanced_digraph ... ok
test tests::diagram_identifiers_are_positional_not_uuid_derived ... ok
test tests::dot_shapes_distinguish_node_types ... ok
test tests::escaping_neutralises_quotes_newlines_and_backslashes ... ok
test tests::dot_styles_distinguish_relationship_types ... FAILED
test tests::every_backend_handles_an_empty_architecture ... ok
test tests::every_backend_output_ends_with_a_newline ... ok
test tests::mermaid_arrows_distinguish_blocking_from_async ... ok
test tests::mermaid_shapes_distinguish_node_types ... ok
test tests::every_backend_is_deterministic ... ok
test tests::mermaid_declares_a_flowchart_and_the_architecture_version ... ok
test tests::rendering_never_panics_on_an_architecture_with_every_node_type ... ok
test tests::mermaid_labels_edges_with_protocol_and_budget ... ok
test tests::rendering_covers_every_relationship_type ... ok

failures:

---- tests::dot_styles_distinguish_relationship_types stdout ----

thread 'tests::dot_styles_distinguish_relationship_types' (1093587) panicked at crates/casm-renderer/src/lib.rs:575:9:
digraph "storefront" {
  rankdir=LR;
  node [fontname="Helvetica"];
  edge [fontname="Helvetica", fontsize=10];
  n0 [label="gateway", shape=hexagon];
  n1 [label="orders", shape=box];
  n2 [label="orders-db", shape=cylinder];
  n0 -> n1 [label="sync / grpc / 100ms", style=];
  n1 -> n2 [label="sync / grpc / 50ms", style=];
}

note: run with `RUST_BACKTRACE=1` environment variable to display a backtrace


failures:
    tests::dot_styles_distinguish_relationship_types

test result: FAILED. 18 passed; 1 failed; 0 ignored; 0 measured; 0 filtered out; finished in 0.00s

error: test failed, to rerun pass `-p casm-renderer --lib`

*** result: Failure(101)
