
*** crates/casm-core/src/architecture.rs:96:9: replace ArchitectureConfig::relationship -> Self with Default::default()

*** mutation diff:
--- crates/casm-core/src/architecture.rs
+++ replace ArchitectureConfig::relationship -> Self with Default::default()
@@ -88,18 +88,17 @@
     pub fn node(mut self, node: Node) -> Self {
         self.nodes.push(node);
         self
     }
 
     /// Stages a relationship for inclusion.
     #[must_use]
     pub fn relationship(mut self, relationship: Relationship) -> Self {
-        self.relationships.push(relationship);
-        self
+        Default::default() /* ~ changed by cargo-mutants ~ */
     }
 
     /// Stages a claim that this architecture conforms to a pattern.
     #[must_use]
     pub fn conformance(mut self, conformance: Conformance) -> Self {
         self.conformance.push(conformance);
         self
     }


*** /home/srinivasan/.rustup/toolchains/nightly-x86_64-unknown-linux-gnu/bin/cargo test --no-run --verbose --package=casm-core@0.3.0
    Blocking waiting for file lock on package cache
    Blocking waiting for file lock on package cache
    Blocking waiting for file lock on package cache
       Fresh cfg-if v1.0.4
       Fresh version_check v0.9.5
       Fresh unicode-ident v1.0.24
       Fresh libc v0.2.189
       Fresh typenum v1.20.1
       Fresh proc-macro2 v1.0.107
       Fresh serde_core v1.0.229
       Fresh getrandom v0.3.4
       Fresh getrandom v0.4.3
       Fresh bitflags v2.13.1
       Fresh autocfg v1.5.1
       Fresh quote v1.0.47
       Fresh generic-array v0.14.7
       Fresh rand_core v0.9.5
       Fresh linux-raw-sys v0.12.1
       Fresh once_cell v1.21.4
       Fresh fastrand v2.5.0
       Fresh syn v3.0.3
       Fresh rustix v1.1.4
       Fresh crypto-common v0.1.7
       Fresh block-buffer v0.10.4
       Fresh zerocopy v0.8.55
       Fresh digest v0.10.7
       Fresh serde_derive v1.0.229
       Fresh tempfile v3.27.0
       Fresh ppv-lite86 v0.2.21
       Fresh thiserror-impl v2.0.19
       Fresh wait-timeout v0.2.1
       Fresh hashbrown v0.17.1
       Fresh bit-vec v0.8.0
       Fresh keccak v0.1.6
       Fresh quick-error v1.2.3
       Fresh fnv v1.0.7
       Fresh equivalent v1.0.2
       Fresh rand_chacha v0.9.0
       Fresh zmij v1.0.23
       Fresh serde v1.0.229
       Fresh sha3 v0.10.9
       Fresh bit-set v0.8.0
       Fresh indexmap v2.14.0
       Fresh rusty-fork v0.3.1
       Fresh thiserror v2.0.19
       Fresh num-traits v0.2.19
       Fresh rand v0.9.5
       Fresh rand_xorshift v0.4.0
       Fresh uuid v1.24.0
       Fresh semver v1.0.28
       Fresh memchr v2.8.3
       Fresh itoa v1.0.18
       Fresh unarray v0.1.4
       Fresh regex-syntax v0.8.11
       Fresh proptest v1.11.0
       Fresh serde_json v1.0.151
       Dirty casm-core v0.3.0 (/tmp/cargo-mutants-casm-dwRvdI.tmp/crates/casm-core): the file `crates/casm-core/src/architecture.rs` has changed (1785940111.129612367s, 3s after last build at 1785940108.348009863s)
   Compiling casm-core v0.3.0 (/tmp/cargo-mutants-casm-dwRvdI.tmp/crates/casm-core)
     Running `/home/srinivasan/.rustup/toolchains/nightly-x86_64-unknown-linux-gnu/bin/rustc --crate-name casm_core --edition=2024 crates/casm-core/src/lib.rs --error-format=json --json=diagnostic-rendered-ansi,artifacts,future-incompat --crate-type lib --emit=dep-info,metadata,link -C embed-bitcode=no -C debuginfo=2 --warn=rust_2018_idioms '--warn=clippy::pedantic' '--warn=clippy::unwrap_used' --forbid=unsafe_code --warn=unreachable_pub '--warn=clippy::too_many_lines' '--allow=clippy::struct_field_names' '--warn=clippy::panic' '--allow=clippy::must_use_candidate' '--allow=clippy::module_name_repetitions' '--allow=clippy::missing_errors_doc' --warn=missing_docs '--warn=clippy::indexing_slicing' '--warn=clippy::expect_used' '--warn=clippy::cognitive_complexity' --check-cfg 'cfg(docsrs,test)' --check-cfg 'cfg(feature, values())' -C metadata=522ab9b8a1e8fed3 -C extra-filename=-d00bbb705e8830ff --out-dir /tmp/cargo-mutants-casm-dwRvdI.tmp/target/debug/deps -C incremental=/tmp/cargo-mutants-casm-dwRvdI.tmp/target/debug/incremental -L dependency=/tmp/cargo-mutants-casm-dwRvdI.tmp/target/debug/deps --extern indexmap=/tmp/cargo-mutants-casm-dwRvdI.tmp/target/debug/deps/libindexmap-386bfa02d45ab18e.rmeta --extern semver=/tmp/cargo-mutants-casm-dwRvdI.tmp/target/debug/deps/libsemver-14f981aa0b32f993.rmeta --extern serde=/tmp/cargo-mutants-casm-dwRvdI.tmp/target/debug/deps/libserde-b350d0787b7cbc8c.rmeta --extern sha3=/tmp/cargo-mutants-casm-dwRvdI.tmp/target/debug/deps/libsha3-87752e9291d08871.rmeta --extern thiserror=/tmp/cargo-mutants-casm-dwRvdI.tmp/target/debug/deps/libthiserror-6c739655cb578a90.rmeta --extern uuid=/tmp/cargo-mutants-casm-dwRvdI.tmp/target/debug/deps/libuuid-f64cac9d01e1e5a7.rmeta --verbose`
     Running `/home/srinivasan/.rustup/toolchains/nightly-x86_64-unknown-linux-gnu/bin/rustc --crate-name casm_core --edition=2024 crates/casm-core/src/lib.rs --error-format=json --json=diagnostic-rendered-ansi,artifacts,future-incompat --emit=dep-info,link -C embed-bitcode=no -C debuginfo=2 --warn=rust_2018_idioms '--warn=clippy::pedantic' '--warn=clippy::unwrap_used' --forbid=unsafe_code --warn=unreachable_pub '--warn=clippy::too_many_lines' '--allow=clippy::struct_field_names' '--warn=clippy::panic' '--allow=clippy::must_use_candidate' '--allow=clippy::module_name_repetitions' '--allow=clippy::missing_errors_doc' --warn=missing_docs '--warn=clippy::indexing_slicing' '--warn=clippy::expect_used' '--warn=clippy::cognitive_complexity' --test --check-cfg 'cfg(docsrs,test)' --check-cfg 'cfg(feature, values())' -C metadata=8ae482672b67b4ae -C extra-filename=-5bc0a3121f03060c --out-dir /tmp/cargo-mutants-casm-dwRvdI.tmp/target/debug/deps -C incremental=/tmp/cargo-mutants-casm-dwRvdI.tmp/target/debug/incremental -L dependency=/tmp/cargo-mutants-casm-dwRvdI.tmp/target/debug/deps --extern indexmap=/tmp/cargo-mutants-casm-dwRvdI.tmp/target/debug/deps/libindexmap-386bfa02d45ab18e.rlib --extern proptest=/tmp/cargo-mutants-casm-dwRvdI.tmp/target/debug/deps/libproptest-9bb8168c60fe8945.rlib --extern semver=/tmp/cargo-mutants-casm-dwRvdI.tmp/target/debug/deps/libsemver-14f981aa0b32f993.rlib --extern serde=/tmp/cargo-mutants-casm-dwRvdI.tmp/target/debug/deps/libserde-b350d0787b7cbc8c.rlib --extern serde_json=/tmp/cargo-mutants-casm-dwRvdI.tmp/target/debug/deps/libserde_json-84a4a36019a8dd80.rlib --extern sha3=/tmp/cargo-mutants-casm-dwRvdI.tmp/target/debug/deps/libsha3-87752e9291d08871.rlib --extern thiserror=/tmp/cargo-mutants-casm-dwRvdI.tmp/target/debug/deps/libthiserror-6c739655cb578a90.rlib --extern uuid=/tmp/cargo-mutants-casm-dwRvdI.tmp/target/debug/deps/libuuid-f64cac9d01e1e5a7.rlib --verbose`
warning: variable does not need to be mutable
  --> crates/casm-core/src/architecture.rs:95:25
   |
95 |     pub fn relationship(mut self, relationship: Relationship) -> Self {
   |                         ----^^^^
   |                         |
   |                         help: remove this `mut`
   |
   = note: `#[warn(unused_mut)]` (part of `#[warn(unused)]`) on by default

warning: unused variable: `relationship`
  --> crates/casm-core/src/architecture.rs:95:35
   |
95 |     pub fn relationship(mut self, relationship: Relationship) -> Self {
   |                                   ^^^^^^^^^^^^ help: if this is intentional, prefix it with an underscore: `_relationship`
   |
   = note: `#[warn(unused_variables)]` (part of `#[warn(unused)]`) on by default

warning: `casm-core` (lib) generated 2 warnings (2 duplicates)
warning: `casm-core` (lib test) generated 2 warnings (run `cargo fix --lib -p casm-core --tests` to apply 2 suggestions)
    Finished `test` profile [unoptimized + debuginfo] target(s) in 3.37s
  Executable `/tmp/cargo-mutants-casm-dwRvdI.tmp/target/debug/deps/casm_core-5bc0a3121f03060c`

*** result: Success

*** /home/srinivasan/.rustup/toolchains/nightly-x86_64-unknown-linux-gnu/bin/cargo test --verbose --package=casm-core@0.3.0
       Fresh libc v0.2.189
       Fresh cfg-if v1.0.4
       Fresh version_check v0.9.5
       Fresh unicode-ident v1.0.24
       Fresh proc-macro2 v1.0.107
       Fresh quote v1.0.47
       Fresh serde_core v1.0.229
       Fresh typenum v1.20.1
       Fresh generic-array v0.14.7
       Fresh syn v3.0.3
       Fresh getrandom v0.4.3
       Fresh getrandom v0.3.4
       Fresh rand_core v0.9.5
       Fresh linux-raw-sys v0.12.1
       Fresh bitflags v2.13.1
       Fresh autocfg v1.5.1
       Fresh rustix v1.1.4
       Fresh zerocopy v0.8.55
       Fresh block-buffer v0.10.4
       Fresh crypto-common v0.1.7
       Fresh fastrand v2.5.0
       Fresh once_cell v1.21.4
       Fresh tempfile v3.27.0
       Fresh digest v0.10.7
       Fresh ppv-lite86 v0.2.21
       Fresh thiserror-impl v2.0.19
       Fresh serde_derive v1.0.229
       Fresh wait-timeout v0.2.1
       Fresh hashbrown v0.17.1
       Fresh fnv v1.0.7
       Fresh keccak v0.1.6
       Fresh bit-vec v0.8.0
       Fresh equivalent v1.0.2
       Fresh quick-error v1.2.3
       Fresh rusty-fork v0.3.1
       Fresh indexmap v2.14.0
       Fresh bit-set v0.8.0
       Fresh sha3 v0.10.9
       Fresh serde v1.0.229
       Fresh thiserror v2.0.19
       Fresh num-traits v0.2.19
       Fresh rand_chacha v0.9.0
       Fresh zmij v1.0.23
       Fresh rand v0.9.5
       Fresh rand_xorshift v0.4.0
       Fresh uuid v1.24.0
       Fresh semver v1.0.28
       Fresh regex-syntax v0.8.11
       Fresh unarray v0.1.4
       Fresh memchr v2.8.3
       Fresh itoa v1.0.18
       Fresh serde_json v1.0.151
       Fresh proptest v1.11.0
warning: variable does not need to be mutable
  --> crates/casm-core/src/architecture.rs:95:25
   |
95 |     pub fn relationship(mut self, relationship: Relationship) -> Self {
   |                         ----^^^^
   |                         |
   |                         help: remove this `mut`
   |
   = note: `#[warn(unused_mut)]` (part of `#[warn(unused)]`) on by default

warning: unused variable: `relationship`
  --> crates/casm-core/src/architecture.rs:95:35
   |
95 |     pub fn relationship(mut self, relationship: Relationship) -> Self {
   |                                   ^^^^^^^^^^^^ help: if this is intentional, prefix it with an underscore: `_relationship`
   |
   = note: `#[warn(unused_variables)]` (part of `#[warn(unused)]`) on by default

warning: `casm-core` (lib) generated 2 warnings (run `cargo fix --lib -p casm-core` to apply 2 suggestions)
       Fresh casm-core v0.3.0 (/tmp/cargo-mutants-casm-dwRvdI.tmp/crates/casm-core)
warning: `casm-core` (lib test) generated 2 warnings (2 duplicates)
    Finished `test` profile [unoptimized + debuginfo] target(s) in 0.25s
     Running `/tmp/cargo-mutants-casm-dwRvdI.tmp/target/debug/deps/casm_core-5bc0a3121f03060c`

running 205 tests
test architecture::tests::an_identical_relationship_is_rejected ... FAILED
test architecture::tests::architecture_round_trips_through_json ... ok
test architecture::tests::build_applies_sensible_defaults ... ok
test architecture::tests::build_rejects_a_non_semver_version ... ok
test architecture::tests::a_binding_to_an_absent_node_is_rejected ... ok
test architecture::tests::a_bound_node_cannot_be_removed_without_revisiting_the_claim ... ok
test architecture::tests::a_conformance_claim_is_recorded_in_declaration_order ... FAILED
test architecture::tests::a_dangling_source_is_rejected_and_named_as_such ... FAILED
test architecture::tests::a_dangling_target_is_rejected_and_named_as_such ... FAILED
test architecture::tests::an_architecture_reports_what_it_was_built_with ... ok
test architecture::tests::build_resolves_edges_declared_before_their_nodes ... ok
test architecture::tests::consuming_builders_compose ... ok
test architecture::tests::degree_counts_both_directions ... FAILED
test architecture::tests::duplicate_node_ids_are_rejected ... ok
test architecture::tests::duplicate_node_names_are_rejected ... ok
test architecture::tests::incoming_and_outgoing_partition_the_edges ... FAILED
test architecture::tests::isolated_nodes_are_identified ... ok
test architecture::tests::lookup_works_by_id_and_by_name ... FAILED
test architecture::tests::node_iteration_order_is_stable_across_runs ... FAILED
test architecture::tests::removing_an_absent_node_is_not_an_error ... ok
test architecture::tests::removing_an_unreferenced_node_succeeds ... FAILED
test architecture::tests::the_same_pair_may_be_connected_with_different_semantics ... FAILED
test architecture::tests::the_same_pattern_cannot_be_claimed_twice ... ok
test architecture::tests::two_versions_of_one_pattern_may_both_be_claimed ... ok
test architecture::tests::removing_a_referenced_node_is_refused_with_a_count ... FAILED
test architecture::tests::verify_invariants_catches_a_binding_smuggled_in_via_serde ... FAILED
test architecture::tests::verifying_invariants_tells_a_duplicate_edge_from_a_distinct_one ... FAILED
test architecture::tests::verify_invariants_catches_a_dangling_edge_smuggled_in_via_serde ... FAILED
test conformance::tests::a_binding_to_the_wrong_type_is_reported_rather_than_rebound ... FAILED
test architecture::tests::verify_invariants_passes_on_a_constructed_architecture ... ok
test conformance::tests::a_conforming_architecture_reports_nothing_unmet ... FAILED
test conformance::tests::a_missing_control_type_is_reported ... FAILED
test conformance::tests::a_role_two_nodes_could_fill_is_reported_rather_than_guessed_at ... FAILED
test conformance::tests::a_vacuous_pattern_is_satisfied_by_anything ... ok
test conformance::tests::an_explicit_binding_resolves_the_ambiguity ... FAILED
test conformance::tests::an_unfillable_role_does_not_also_report_its_relationships ... FAILED
test conformance::tests::binding_a_role_the_pattern_does_not_require_is_reported ... FAILED
test conformance::tests::a_missing_protocol_is_reported ... FAILED
test conformance::tests::checking_is_deterministic ... ok
test conformance::tests::every_unmet_variant_renders_a_message_naming_its_role ... FAILED
test control::tests::a_control_returns_the_standard_and_description_it_was_built_with ... ok
test conformance::tests::mechanical_failures_are_separated_from_ones_needing_a_decision ... FAILED
test conformance::tests::relationship_direction_matters ... ok
test conformance::tests::roles_bind_automatically_when_exactly_one_node_fits ... FAILED
test conformance::tests::too_few_security_controls_is_reported_with_both_counts ... FAILED
test conformance::tests::a_missing_node_type_is_reported_as_having_no_candidate ... ok
test conformance::tests::a_missing_relationship_is_reported_with_both_roles_and_both_nodes ... FAILED
test control::tests::has_tag_matches_exactly ... ok
test control::tests::rejects_a_blank_description ... ok
test control::tests::requiring_evidence_sets_the_flag ... ok
test control::tests::tags_are_deduplicated ... ok
test error::tests::errors_are_comparable_for_exact_assertions ... ok
test error::tests::errors_render_actionable_messages ... ok
test control::tests::rejects_a_blank_standard ... ok
test hex::tests::decoding_accepts_uppercase_digits ... ok
test hex::tests::decoding_is_total_on_arbitrary_input ... ok
test hex::tests::decoding_rejects_non_hexadecimal_input ... ok
test hex::tests::decoding_rejects_the_wrong_length_and_says_what_it_wanted ... ok
test hex::tests::decoding_round_trips_with_encoding ... ok
test hex::tests::encoding_is_lowercase ... ok
test control::tests::control_type_serialises_as_kebab_case ... ok
test hex::tests::encoding_pads_every_byte_to_two_digits ... ok
test control::tests::every_control_type_renders_its_own_label ... ok
test error::tests::core_error_flattens_nested_sources ... ok
test ids::tests::deserialisation_rejects_wrong_version ... ok
test control::tests::auditability_is_classified_per_control_type ... ok
test ids::tests::display_uses_canonical_hyphenated_form ... ok
test control::tests::control_round_trips_through_json ... ok
test ids::tests::generated_ids_are_unique ... ok
test control::tests::evidence_is_not_required_by_default ... ok
test ids::tests::generated_ids_are_version_seven ... ok
test ids::tests::ids_sort_chronologically ... ok
test hex::tests::decoding_accepts_an_algorithm_prefix ... ok
test ids::tests::the_embedded_timestamp_is_milliseconds_not_some_other_unit ... ok
test ids::tests::parse_rejects_malformed_input ... ok
test ids::tests::parse_rejects_the_nil_uuid ... ok
test ids::tests::parse_rejects_version_four_uuids ... ok
test interface::tests::an_interfaces_description_is_returned_as_written ... ok
test ids::tests::timestamp_is_recoverable_and_plausible ... ok
test interface::tests::compatibility_allows_a_forward_minor_version ... ok
test interface::tests::compatibility_rejects_a_backward_minor_version ... ok
test interface::tests::compatibility_requires_matching_protocol ... ok
test interface::tests::compatibility_requires_matching_major_version ... ok
test interface::tests::interface_rejects_a_non_semver_version ... ok
test interface::tests::a_custom_protocol_is_accepted_when_its_label_is_not_blank ... ok
test interface::tests::protocol_deserialises_from_friendly_yaml_aliases ... ok
test interface::tests::interface_round_trips_through_json ... ok
test interface::tests::protocols_are_classified_by_synchrony ... ok
test ids::tests::serde_round_trips_through_json ... ok
test ids::tests::the_delegating_conversions_validate_as_parse_does ... ok
test interface::tests::protocols_and_hashes_render_the_text_they_are_read_back_from ... ok
test interface::tests::interface_rejects_an_empty_custom_protocol ... ok
test interface::tests::interface_rejects_unknown_fields ... ok
test interface::tests::schema_hash_accepts_an_algorithm_prefix ... ok
test interface::tests::schema_hash_rejects_wrong_length_and_non_hex ... ok
test interface::tests::schema_hash_debug_is_abbreviated_not_full ... ok
test interface::tests::schema_hash_round_trips_through_hex ... ok
test interface::tests::schema_hash_is_deterministic_across_calls ... ok
test interface::tests::schema_hash_matches_the_published_sha3_256_vector ... ok
test interface::tests::schema_hash_changes_with_a_single_byte ... ok
test merkle::tests::a_changed_latency_budget_changes_the_fingerprint ... FAILED
test merkle::tests::a_conformance_digest_names_bound_nodes_rather_than_identifying_them ... FAILED
test merkle::tests::a_node_digest_never_collides_with_a_control_digest ... ok
test merkle::tests::a_relationships_endpoints_and_type_are_part_of_the_fingerprint ... FAILED
test merkle::tests::adding_a_control_changes_the_fingerprint ... ok
test merkle::tests::a_version_bump_changes_the_fingerprint ... ok
test merkle::tests::a_renamed_node_changes_the_fingerprint ... ok
test merkle::tests::abbreviation_does_not_panic_on_an_over_long_width ... ok
test merkle::tests::a_boolean_field_is_part_of_the_digest ... ok
test merkle::tests::an_absent_description_differs_from_an_empty_one ... ok
test merkle::tests::an_empty_architecture_has_a_stable_fingerprint ... ok
test merkle::tests::changed_nodes_includes_additions_and_removals ... FAILED
test merkle::tests::changed_nodes_reports_only_what_actually_differs ... FAILED
test merkle::tests::changed_nodes_is_empty_for_identical_trees ... ok
test merkle::tests::debug_output_stays_short_enough_for_a_log_line ... ok
test merkle::tests::every_relationship_gets_its_own_entry_keyed_by_what_it_connects ... FAILED
test merkle::tests::declaring_conformance_changes_the_fingerprint ... ok
test merkle::tests::control_order_within_a_node_does_not_matter ... ok
test merkle::tests::declaration_order_does_not_affect_the_fingerprint ... ok
test merkle::tests::field_boundaries_cannot_be_forged_by_shifting_text ... ok
test merkle::tests::fingerprint_parsing_rejects_malformed_input ... ok
test merkle::tests::fingerprinting_is_stable_across_repeated_calls ... ok
test merkle::tests::fingerprints_render_and_parse_as_hex ... ok
test merkle::tests::fingerprints_round_trip_through_json ... ok
test merkle::tests::identical_architectures_fingerprint_identically ... FAILED
test names::tests::accepts_a_name_exactly_at_the_ceiling ... ok
test names::tests::accepts_conventional_service_names ... ok
test names::tests::deserialisation_enforces_the_same_rules_as_construction ... ok
test merkle::tests::rebinding_a_role_changes_the_fingerprint ... FAILED
test merkle::tests::the_roots_are_distinct_from_each_other_and_from_the_whole ... ok
test names::tests::borrowing_a_name_as_a_string_yields_the_name ... ok
test names::tests::rejects_names_over_the_length_ceiling ... ok
test merkle::tests::the_scheme_tag_is_mixed_into_the_root ... ok
test names::tests::rejects_non_alphanumeric_leading_character ... ok
test names::tests::rejects_diagram_and_shell_metacharacters ... ok
test merkle::tests::the_tree_exposes_a_digest_per_node ... FAILED
test names::tests::reports_the_byte_offset_of_an_illegal_character ... ok
test names::tests::serialises_transparently_as_a_plain_string ... ok
test node::tests::build_fails_without_a_name ... ok
test names::tests::rejects_empty_and_whitespace_only ... ok
test node::tests::build_accepts_distinct_interface_names ... ok
test node::tests::build_generates_an_id_when_none_is_pinned ... ok
test node::tests::build_rejects_duplicate_interface_names ... ok
test node::tests::build_fails_without_a_node_type ... ok
test node::tests::build_honours_a_pinned_id_for_reproducibility ... ok
test node::tests::build_rejects_an_invalid_name ... ok
test node::tests::has_control_tagged_searches_every_control ... ok
test node::tests::interface_lookup_is_by_exact_name ... ok
test node::tests::metadata_serialises_in_deterministic_key_order ... ok
test node::tests::node_round_trips_through_json ... ok
test node::tests::node_type_serialises_as_kebab_case ... ok
test node::tests::controls_of_type_counts_only_the_requested_dimension ... ok
test node::tests::with_interface_rejects_a_duplicate_at_runtime ... ok
test node::tests::node_types_are_classified_by_control_boundary ... ok
test pattern::tests::a_conformance_claim_renders_the_pattern_it_names ... ok
test node::tests::node_types_are_classified_by_statefulness ... ok
test node::tests::serialisation_omits_empty_collections ... ok
test pattern::tests::a_fingerprint_changes_when_the_shape_changes ... ok
test pattern::tests::a_pattern_and_its_parts_report_what_they_were_built_with ... ok
test pattern::tests::a_fingerprint_distinguishes_relationship_direction ... ok
test pattern::tests::a_pattern_exposes_its_requirements_by_role ... ok
test pattern::tests::a_fingerprint_distinguishes_the_compliance_claim ... ok
test pattern::tests::a_fingerprint_ignores_declaration_order ... ok
test pattern::tests::a_pattern_with_no_requirements_is_valid_but_vacuous ... ok
test pattern::tests::a_reference_is_name_at_version ... ok
test pattern::tests::a_reference_requires_an_exact_version ... ok
test pattern::tests::a_pattern_round_trips_through_json ... ok
test pattern::tests::a_reference_round_trips_as_a_bare_string ... ok
test pattern::tests::a_reference_splits_on_the_last_at_sign ... ok
test pattern::tests::a_relationship_cannot_connect_a_role_to_itself ... ok
test pattern::tests::build_defaults_the_version ... ok
test pattern::tests::build_names_which_endpoint_was_unknown ... ok
test pattern::tests::build_rejects_a_duplicated_role ... ok
test pattern::tests::build_rejects_a_non_semver_version ... ok
test pattern::tests::build_rejects_a_relationship_naming_an_undeclared_role ... ok
test pattern::tests::build_requires_a_name ... ok
test pattern::tests::malformed_references_are_rejected_with_a_reason ... ok
test pattern::tests::references_parse_and_match ... ok
test pattern::tests::requirement_builders_deduplicate ... ok
test pattern::tests::role_names_obey_the_casimir_alphabet ... ok
test pattern::tests::verify_invariants_catches_an_unknown_role_smuggled_in_via_serde ... ok
test pattern::tests::verify_invariants_passes_on_a_constructed_pattern ... ok
test relationship::tests::a_relationship_reports_what_it_was_built_with ... ok
test pattern::tests::a_requirement_omits_a_zero_control_minimum_when_serialised ... ok
test pattern::tests::satisfied_standards_are_deduplicated ... ok
test pattern::tests::serialisation_omits_empty_collections ... ok
test relationship::tests::build_accepts_the_ceiling_itself ... ok
test relationship::tests::async_edges_are_excluded_from_cycle_detection ... ok
test relationship::tests::build_fails_without_a_source ... ok
test relationship::tests::blocking_classification_matches_failure_propagation ... ok
test relationship::tests::build_fails_without_a_relationship_type ... ok
test relationship::tests::build_rejects_a_budget_above_the_ceiling ... ok
test relationship::tests::build_fails_without_a_target ... ok
test relationship::tests::build_rejects_a_self_edge ... ok
test relationship::tests::build_rejects_a_zero_latency_budget ... ok
test relationship::tests::connects_is_direction_agnostic ... ok
test relationship::tests::relationship_round_trips_through_json ... ok
test relationship::tests::only_quantum_entangled_edges_are_entangled ... ok
test relationship::tests::identity_distinguishes_edges_by_type ... ok
test relationship::tests::latency_budget_is_optional ... ok
test relationship::tests::relationship_type_serialises_as_kebab_case ... ok
test ids::tests::generated_ids_round_trip_through_strings ... ok
test ids::tests::parse_is_total ... ok
test names::tests::validation_is_total ... ok
test names::tests::legal_names_round_trip ... ok

failures:

---- architecture::tests::an_identical_relationship_is_rejected stdout ----

thread 'architecture::tests::an_identical_relationship_is_rejected' (1735639) panicked at crates/casm-core/src/architecture.rs:752:9:
assertion failed: matches!(err, ArchitectureError::DuplicateRelationship { .. })
note: run with `RUST_BACKTRACE=1` environment variable to display a backtrace

---- architecture::tests::a_conformance_claim_is_recorded_in_declaration_order stdout ----

thread 'architecture::tests::a_conformance_claim_is_recorded_in_declaration_order' (1735635) panicked at crates/casm-core/src/architecture.rs:966:65:
called `Result::unwrap()` on an `Err` value: DanglingBinding { pattern: "secure-web-tier@1.0.0", role: "application", id: "019fd253-7de9-7111-8db2-d1d9ba9dd8e3", architecture: "unnamed-architecture" }

---- architecture::tests::a_dangling_source_is_rejected_and_named_as_such stdout ----

thread 'architecture::tests::a_dangling_source_is_rejected_and_named_as_such' (1735636) panicked at crates/casm-core/src/architecture.rs:714:14:
called `Result::unwrap_err()` on an `Ok` value: Architecture { name: Name("unnamed-architecture"), version: Version { major: 0, minor: 1, patch: 0 }, description: None, nodes: {}, relationships: [], conformance: [], metadata: {} }

---- architecture::tests::a_dangling_target_is_rejected_and_named_as_such stdout ----

thread 'architecture::tests::a_dangling_target_is_rejected_and_named_as_such' (1735637) panicked at crates/casm-core/src/architecture.rs:735:14:
called `Result::unwrap_err()` on an `Ok` value: Architecture { name: Name("unnamed-architecture"), version: Version { major: 0, minor: 1, patch: 0 }, description: None, nodes: {}, relationships: [], conformance: [], metadata: {} }

---- architecture::tests::degree_counts_both_directions stdout ----

thread 'architecture::tests::degree_counts_both_directions' (1735645) panicked at crates/casm-core/src/architecture.rs:793:9:
assertion `left == right` failed
  left: 0
 right: 1

---- architecture::tests::incoming_and_outgoing_partition_the_edges stdout ----

thread 'architecture::tests::incoming_and_outgoing_partition_the_edges' (1735648) panicked at crates/casm-core/src/architecture.rs:784:9:
assertion `left == right` failed
  left: 0
 right: 1

---- architecture::tests::lookup_works_by_id_and_by_name stdout ----

thread 'architecture::tests::lookup_works_by_id_and_by_name' (1735650) panicked at crates/casm-core/src/architecture.rs:772:9:
assertion `left == right` failed
  left: None
 right: Some("api")

---- architecture::tests::node_iteration_order_is_stable_across_runs stdout ----

thread 'architecture::tests::node_iteration_order_is_stable_across_runs' (1735651) panicked at crates/casm-core/src/architecture.rs:849:9:
assertion `left == right` failed: insertion order must be preserved
  left: []
 right: ["api", "orders-db"]

---- architecture::tests::removing_an_unreferenced_node_succeeds stdout ----

thread 'architecture::tests::removing_an_unreferenced_node_succeeds' (1735654) panicked at crates/casm-core/src/architecture.rs:833:9:
assertion `left == right` failed
  left: 0
 right: 2

---- architecture::tests::the_same_pair_may_be_connected_with_different_semantics stdout ----

thread 'architecture::tests::the_same_pair_may_be_connected_with_different_semantics' (1735655) panicked at crates/casm-core/src/architecture.rs:762:9:
a sync call and an async event are distinct edges

---- architecture::tests::removing_a_referenced_node_is_refused_with_a_count stdout ----

thread 'architecture::tests::removing_a_referenced_node_is_refused_with_a_count' (1735652) panicked at crates/casm-core/src/architecture.rs:815:22:
expected NodeStillReferenced, got Ok(None)

---- architecture::tests::verify_invariants_catches_a_binding_smuggled_in_via_serde stdout ----

thread 'architecture::tests::verify_invariants_catches_a_binding_smuggled_in_via_serde' (1735658) panicked at crates/casm-core/src/architecture.rs:1114:14:
called `Result::unwrap()` on an `Err` value: DanglingBinding { pattern: "p@1.0.0", role: "app", id: "019fd253-7df6-7200-9222-8ff95d4d9ef1", architecture: "unnamed-architecture" }

---- architecture::tests::verifying_invariants_tells_a_duplicate_edge_from_a_distinct_one stdout ----

thread 'architecture::tests::verifying_invariants_tells_a_duplicate_edge_from_a_distinct_one' (1735661) panicked at crates/casm-core/src/architecture.rs:1085:9:
assertion `left == right` failed
  left: 0
 right: 3

---- architecture::tests::verify_invariants_catches_a_dangling_edge_smuggled_in_via_serde stdout ----

thread 'architecture::tests::verify_invariants_catches_a_dangling_edge_smuggled_in_via_serde' (1735659) panicked at /home/srinivasan/.cargo/registry/src/index.crates.io-1949cf8c6b5b557f/serde_json-1.0.151/src/value/index.rs:78:18:
cannot access index 0 of JSON null

---- conformance::tests::a_binding_to_the_wrong_type_is_reported_rather_than_rebound stdout ----

thread 'conformance::tests::a_binding_to_the_wrong_type_is_reported_rather_than_rebound' (1735662) panicked at crates/casm-core/src/conformance.rs:605:58:
called `Option::unwrap()` on a `None` value

---- conformance::tests::a_conforming_architecture_reports_nothing_unmet stdout ----

thread 'conformance::tests::a_conforming_architecture_reports_nothing_unmet' (1735663) panicked at crates/casm-core/src/conformance.rs:519:9:
[NoCandidate { role: "edge", node_type: "gateway" }, NoCandidate { role: "application", node_type: "service" }]

---- conformance::tests::a_missing_control_type_is_reported stdout ----

thread 'conformance::tests::a_missing_control_type_is_reported' (1735664) panicked at crates/casm-core/src/conformance.rs:671:9:
assertion failed: matches!(report.unmet(), [Unmet::MissingControlType { control_type, .. }] if
    control_type == "compliance")

---- conformance::tests::a_role_two_nodes_could_fill_is_reported_rather_than_guessed_at stdout ----

thread 'conformance::tests::a_role_two_nodes_could_fill_is_reported_rather_than_guessed_at' (1735668) panicked at crates/casm-core/src/conformance.rs:561:22:
expected one Ambiguous, got [NoCandidate { role: "edge", node_type: "gateway" }]

---- conformance::tests::an_explicit_binding_resolves_the_ambiguity stdout ----

thread 'conformance::tests::an_explicit_binding_resolves_the_ambiguity' (1735670) panicked at crates/casm-core/src/conformance.rs:576:58:
called `Option::unwrap()` on a `None` value

---- conformance::tests::an_unfillable_role_does_not_also_report_its_relationships stdout ----

thread 'conformance::tests::an_unfillable_role_does_not_also_report_its_relationships' (1735671) panicked at crates/casm-core/src/conformance.rs:761:9:
assertion `left == right` failed: [NoCandidate { role: "edge", node_type: "gateway" }, NoCandidate { role: "store", node_type: "database" }]
  left: 2
 right: 1

---- conformance::tests::binding_a_role_the_pattern_does_not_require_is_reported stdout ----

thread 'conformance::tests::binding_a_role_the_pattern_does_not_require_is_reported' (1735672) panicked at crates/casm-core/src/conformance.rs:624:69:
called `Option::unwrap()` on a `None` value

---- conformance::tests::a_missing_protocol_is_reported stdout ----

thread 'conformance::tests::a_missing_protocol_is_reported' (1735666) panicked at crates/casm-core/src/conformance.rs:690:9:
assertion failed: matches!(report.unmet(), [Unmet::MissingProtocol { protocol, .. }] if protocol
    == "grpc")

---- conformance::tests::every_unmet_variant_renders_a_message_naming_its_role stdout ----

thread 'conformance::tests::every_unmet_variant_renders_a_message_naming_its_role' (1735674) panicked at crates/casm-core/src/conformance.rs:811:9:
assertion `left == right` failed
  left: 1
 right: 3

---- conformance::tests::mechanical_failures_are_separated_from_ones_needing_a_decision stdout ----

thread 'conformance::tests::mechanical_failures_are_separated_from_ones_needing_a_decision' (1735675) panicked at crates/casm-core/src/conformance.rs:788:9:
assertion `left == right` failed
  left: 0
 right: 1

---- conformance::tests::roles_bind_automatically_when_exactly_one_node_fits stdout ----

thread 'conformance::tests::roles_bind_automatically_when_exactly_one_node_fits' (1735677) panicked at crates/casm-core/src/conformance.rs:529:54:
called `Option::unwrap()` on a `None` value

---- conformance::tests::too_few_security_controls_is_reported_with_both_counts stdout ----

thread 'conformance::tests::too_few_security_controls_is_reported_with_both_counts' (1735678) panicked at crates/casm-core/src/conformance.rs:648:9:
assertion failed: matches!(report.unmet(),
    [Unmet::TooFewControls { required: 5, declared: 2, .. }])

---- conformance::tests::a_missing_relationship_is_reported_with_both_roles_and_both_nodes stdout ----

thread 'conformance::tests::a_missing_relationship_is_reported_with_both_roles_and_both_nodes' (1735667) panicked at crates/casm-core/src/conformance.rs:723:22:
expected MissingRelationship, got [NoCandidate { role: "edge", node_type: "gateway" }, NoCandidate { role: "application", node_type: "service" }]

---- merkle::tests::a_changed_latency_budget_changes_the_fingerprint stdout ----

thread 'merkle::tests::a_changed_latency_budget_changes_the_fingerprint' (1735736) panicked at crates/casm-core/src/merkle.rs:871:9:
assertion `left != right` failed
  left: Fingerprint(259847ad2190…)
 right: Fingerprint(259847ad2190…)

---- merkle::tests::a_conformance_digest_names_bound_nodes_rather_than_identifying_them stdout ----

thread 'merkle::tests::a_conformance_digest_names_bound_nodes_rather_than_identifying_them' (1735737) panicked at crates/casm-core/src/merkle.rs:1189:56:
called `Option::unwrap()` on a `None` value

---- merkle::tests::a_relationships_endpoints_and_type_are_part_of_the_fingerprint stdout ----

thread 'merkle::tests::a_relationships_endpoints_and_type_are_part_of_the_fingerprint' (1735739) panicked at crates/casm-core/src/merkle.rs:815:9:
assertion `left != right` failed: the target is part of a relationship's identity
  left: Fingerprint(259847ad2190…)
 right: Fingerprint(259847ad2190…)

---- merkle::tests::changed_nodes_includes_additions_and_removals stdout ----

thread 'merkle::tests::changed_nodes_includes_additions_and_removals' (1735746) panicked at crates/casm-core/src/merkle.rs:1082:9:
removed: ["api"]

---- merkle::tests::changed_nodes_reports_only_what_actually_differs stdout ----

thread 'merkle::tests::changed_nodes_reports_only_what_actually_differs' (1735748) panicked at crates/casm-core/src/merkle.rs:1060:9:
assertion `left == right` failed
  left: []
 right: ["db"]

---- merkle::tests::every_relationship_gets_its_own_entry_keyed_by_what_it_connects stdout ----

thread 'merkle::tests::every_relationship_gets_its_own_entry_keyed_by_what_it_connects' (1735753) panicked at crates/casm-core/src/merkle.rs:746:9:
assertion `left == right` failed: two relationships must occupy two entries, not collide into one: []
  left: 0
 right: 2

---- merkle::tests::identical_architectures_fingerprint_identically stdout ----

thread 'merkle::tests::identical_architectures_fingerprint_identically' (1735763) panicked at crates/casm-core/src/merkle.rs:660:9:
assertion `left != right` failed: the fixture must mint different ids for this test to mean anything
  left: None
 right: None

---- merkle::tests::rebinding_a_role_changes_the_fingerprint stdout ----

thread 'merkle::tests::rebinding_a_role_changes_the_fingerprint' (1735764) panicked at crates/casm-core/src/merkle.rs:1209:54:
called `Option::unwrap()` on a `None` value

---- merkle::tests::the_tree_exposes_a_digest_per_node stdout ----

thread 'merkle::tests::the_tree_exposes_a_digest_per_node' (1735767) panicked at crates/casm-core/src/merkle.rs:1005:9:
assertion failed: tree.node("api").is_some()


failures:
    architecture::tests::a_conformance_claim_is_recorded_in_declaration_order
    architecture::tests::a_dangling_source_is_rejected_and_named_as_such
    architecture::tests::a_dangling_target_is_rejected_and_named_as_such
    architecture::tests::an_identical_relationship_is_rejected
    architecture::tests::degree_counts_both_directions
    architecture::tests::incoming_and_outgoing_partition_the_edges
    architecture::tests::lookup_works_by_id_and_by_name
    architecture::tests::node_iteration_order_is_stable_across_runs
    architecture::tests::removing_a_referenced_node_is_refused_with_a_count
    architecture::tests::removing_an_unreferenced_node_succeeds
    architecture::tests::the_same_pair_may_be_connected_with_different_semantics
    architecture::tests::verify_invariants_catches_a_binding_smuggled_in_via_serde
    architecture::tests::verify_invariants_catches_a_dangling_edge_smuggled_in_via_serde
    architecture::tests::verifying_invariants_tells_a_duplicate_edge_from_a_distinct_one
    conformance::tests::a_binding_to_the_wrong_type_is_reported_rather_than_rebound
    conformance::tests::a_conforming_architecture_reports_nothing_unmet
    conformance::tests::a_missing_control_type_is_reported
    conformance::tests::a_missing_protocol_is_reported
    conformance::tests::a_missing_relationship_is_reported_with_both_roles_and_both_nodes
    conformance::tests::a_role_two_nodes_could_fill_is_reported_rather_than_guessed_at
    conformance::tests::an_explicit_binding_resolves_the_ambiguity
    conformance::tests::an_unfillable_role_does_not_also_report_its_relationships
    conformance::tests::binding_a_role_the_pattern_does_not_require_is_reported
    conformance::tests::every_unmet_variant_renders_a_message_naming_its_role
    conformance::tests::mechanical_failures_are_separated_from_ones_needing_a_decision
    conformance::tests::roles_bind_automatically_when_exactly_one_node_fits
    conformance::tests::too_few_security_controls_is_reported_with_both_counts
    merkle::tests::a_changed_latency_budget_changes_the_fingerprint
    merkle::tests::a_conformance_digest_names_bound_nodes_rather_than_identifying_them
    merkle::tests::a_relationships_endpoints_and_type_are_part_of_the_fingerprint
    merkle::tests::changed_nodes_includes_additions_and_removals
    merkle::tests::changed_nodes_reports_only_what_actually_differs
    merkle::tests::every_relationship_gets_its_own_entry_keyed_by_what_it_connects
    merkle::tests::identical_architectures_fingerprint_identically
    merkle::tests::rebinding_a_role_changes_the_fingerprint
    merkle::tests::the_tree_exposes_a_digest_per_node

test result: FAILED. 169 passed; 36 failed; 0 ignored; 0 measured; 0 filtered out; finished in 0.55s

error: test failed, to rerun pass `-p casm-core --lib`

*** result: Failure(101)
