
*** crates/casm-parser/src/library.rs:397:9: replace Library::insert -> Result<(), ParseError> with Ok(())

*** mutation diff:
--- crates/casm-parser/src/library.rs
+++ replace Library::insert -> Result<(), ParseError> with Ok(())
@@ -389,31 +389,17 @@
 
     /// Adds a pattern, refusing a second definition of the same `name@version`.
     ///
     /// # Errors
     ///
     /// Returns [`ParseError::DuplicatePattern`] naming both files, because "which file
     /// wins" is a question no ordering answers defensibly.
     pub fn insert(&mut self, pattern: Pattern, source: PathBuf) -> Result<(), ParseError> {
-        let reference = pattern.reference();
-        if let Some((_, existing)) = self
-            .patterns
-            .iter()
-            .find(|(known, _)| known.reference() == reference)
-        {
-            return Err(ParseError::DuplicatePattern {
-                path: source,
-                pattern: reference,
-                first: existing.clone(),
-            });
-        }
-
-        self.patterns.push((pattern, source));
-        Ok(())
+        Ok(()) /* ~ changed by cargo-mutants ~ */
     }
 
     /// Every pattern, in load order.
     pub fn patterns(&self) -> impl Iterator<Item = &Pattern> {
         self.patterns.iter().map(|(pattern, _)| pattern)
     }
 
     /// How many patterns the library holds.


*** /home/srinivasan/.rustup/toolchains/nightly-x86_64-unknown-linux-gnu/bin/cargo test --no-run --verbose --package=casm-parser@0.3.0
       Fresh cfg-if v1.0.4
       Fresh unicode-ident v1.0.24
       Fresh version_check v0.9.5
       Fresh libc v0.2.189
       Fresh typenum v1.20.1
       Fresh serde_core v1.0.229
       Fresh proc-macro2 v1.0.107
       Fresh getrandom v0.4.3
       Fresh getrandom v0.3.4
       Fresh equivalent v1.0.2
       Fresh quote v1.0.47
       Fresh generic-array v0.14.7
       Fresh rand_core v0.9.5
       Fresh autocfg v1.5.1
       Fresh linux-raw-sys v0.12.1
       Fresh hashbrown v0.17.1
       Fresh syn v3.0.3
       Fresh block-buffer v0.10.4
       Fresh crypto-common v0.1.7
       Fresh bitflags v2.13.1
       Fresh indexmap v2.14.0
       Fresh zerocopy v0.8.55
       Fresh serde_derive v1.0.229
       Fresh digest v0.10.7
       Fresh rustix v1.1.4
       Fresh thiserror-impl v2.0.19
       Fresh keccak v0.1.6
       Fresh itoa v1.0.18
       Fresh once_cell v1.21.4
       Fresh winnow v1.0.4
       Fresh serde v1.0.229
       Fresh fastrand v2.5.0
       Fresh toml_parser v1.1.3+spec-1.1.0
       Fresh sha3 v0.10.9
       Fresh thiserror v2.0.19
       Fresh zmij v1.0.23
       Fresh ppv-lite86 v0.2.21
       Fresh tempfile v3.27.0
       Fresh toml_datetime v0.7.5+spec-1.1.0
       Fresh semver v1.0.28
       Fresh serde_spanned v1.1.1
       Fresh uuid v1.24.0
       Fresh wait-timeout v0.2.1
       Fresh winnow v0.7.15
       Fresh ryu v1.0.23
       Fresh quick-error v1.2.3
       Fresh unsafe-libyaml v0.2.11
       Fresh fnv v1.0.7
       Fresh toml_writer v1.1.2+spec-1.1.0
       Fresh bit-vec v0.8.0
       Fresh memchr v2.8.3
       Fresh casm-core v0.3.0 (/tmp/cargo-mutants-casm-IqbNZ7.tmp/crates/casm-core)
       Fresh num-traits v0.2.19
       Fresh rand_chacha v0.9.0
       Fresh toml v0.9.12+spec-1.1.0
       Fresh bit-set v0.8.0
       Fresh rusty-fork v0.3.1
       Fresh serde_json v1.0.151
       Fresh serde_yaml_ng v0.10.0
       Fresh rand v0.9.5
       Fresh rand_xorshift v0.4.0
       Fresh regex-syntax v0.8.11
       Fresh unarray v0.1.4
       Fresh proptest v1.11.0
       Dirty casm-parser v0.3.0 (/tmp/cargo-mutants-casm-IqbNZ7.tmp/crates/casm-parser): the file `crates/casm-parser/src/library.rs` has changed (1785948223.091679646s, 3s after last build at 1785948220.621804819s)
   Compiling casm-parser v0.3.0 (/tmp/cargo-mutants-casm-IqbNZ7.tmp/crates/casm-parser)
     Running `/home/srinivasan/.rustup/toolchains/nightly-x86_64-unknown-linux-gnu/bin/rustc --crate-name casm_parser --edition=2024 crates/casm-parser/src/lib.rs --error-format=json --json=diagnostic-rendered-ansi,artifacts,future-incompat --emit=dep-info,link -C embed-bitcode=no -C debuginfo=2 --warn=rust_2018_idioms '--warn=clippy::pedantic' '--warn=clippy::unwrap_used' --forbid=unsafe_code --warn=unreachable_pub '--warn=clippy::too_many_lines' '--allow=clippy::struct_field_names' '--warn=clippy::panic' '--allow=clippy::must_use_candidate' '--allow=clippy::module_name_repetitions' '--allow=clippy::missing_errors_doc' --warn=missing_docs '--warn=clippy::indexing_slicing' '--warn=clippy::expect_used' '--warn=clippy::cognitive_complexity' --test --check-cfg 'cfg(docsrs,test)' --check-cfg 'cfg(feature, values())' -C metadata=655edf18454c8fb3 -C extra-filename=-0b4829f50063ece5 --out-dir /tmp/cargo-mutants-casm-IqbNZ7.tmp/target/debug/deps -C incremental=/tmp/cargo-mutants-casm-IqbNZ7.tmp/target/debug/incremental -L dependency=/tmp/cargo-mutants-casm-IqbNZ7.tmp/target/debug/deps --extern casm_core=/tmp/cargo-mutants-casm-IqbNZ7.tmp/target/debug/deps/libcasm_core-be5421d115bf4420.rlib --extern proptest=/tmp/cargo-mutants-casm-IqbNZ7.tmp/target/debug/deps/libproptest-9bb8168c60fe8945.rlib --extern serde=/tmp/cargo-mutants-casm-IqbNZ7.tmp/target/debug/deps/libserde-2119863ca5860397.rlib --extern serde_json=/tmp/cargo-mutants-casm-IqbNZ7.tmp/target/debug/deps/libserde_json-8ada6c1221654e94.rlib --extern serde_yaml_ng=/tmp/cargo-mutants-casm-IqbNZ7.tmp/target/debug/deps/libserde_yaml_ng-716dab26a9d53256.rlib --extern thiserror=/tmp/cargo-mutants-casm-IqbNZ7.tmp/target/debug/deps/libthiserror-6c739655cb578a90.rlib --extern toml=/tmp/cargo-mutants-casm-IqbNZ7.tmp/target/debug/deps/libtoml-c5208f55489b08fa.rlib --verbose`
     Running `/home/srinivasan/.rustup/toolchains/nightly-x86_64-unknown-linux-gnu/bin/rustc --crate-name casm_parser --edition=2024 crates/casm-parser/src/lib.rs --error-format=json --json=diagnostic-rendered-ansi,artifacts,future-incompat --crate-type lib --emit=dep-info,metadata,link -C embed-bitcode=no -C debuginfo=2 --warn=rust_2018_idioms '--warn=clippy::pedantic' '--warn=clippy::unwrap_used' --forbid=unsafe_code --warn=unreachable_pub '--warn=clippy::too_many_lines' '--allow=clippy::struct_field_names' '--warn=clippy::panic' '--allow=clippy::must_use_candidate' '--allow=clippy::module_name_repetitions' '--allow=clippy::missing_errors_doc' --warn=missing_docs '--warn=clippy::indexing_slicing' '--warn=clippy::expect_used' '--warn=clippy::cognitive_complexity' --check-cfg 'cfg(docsrs,test)' --check-cfg 'cfg(feature, values())' -C metadata=446d2155f71a3e56 -C extra-filename=-327bf4b87971bca8 --out-dir /tmp/cargo-mutants-casm-IqbNZ7.tmp/target/debug/deps -C incremental=/tmp/cargo-mutants-casm-IqbNZ7.tmp/target/debug/incremental -L dependency=/tmp/cargo-mutants-casm-IqbNZ7.tmp/target/debug/deps --extern casm_core=/tmp/cargo-mutants-casm-IqbNZ7.tmp/target/debug/deps/libcasm_core-be5421d115bf4420.rmeta --extern serde=/tmp/cargo-mutants-casm-IqbNZ7.tmp/target/debug/deps/libserde-2119863ca5860397.rmeta --extern serde_json=/tmp/cargo-mutants-casm-IqbNZ7.tmp/target/debug/deps/libserde_json-8ada6c1221654e94.rmeta --extern serde_yaml_ng=/tmp/cargo-mutants-casm-IqbNZ7.tmp/target/debug/deps/libserde_yaml_ng-716dab26a9d53256.rmeta --extern thiserror=/tmp/cargo-mutants-casm-IqbNZ7.tmp/target/debug/deps/libthiserror-6c739655cb578a90.rmeta --extern toml=/tmp/cargo-mutants-casm-IqbNZ7.tmp/target/debug/deps/libtoml-c5208f55489b08fa.rmeta --verbose`
warning: unused variable: `pattern`
   --> crates/casm-parser/src/library.rs:396:30
    |
396 |     pub fn insert(&mut self, pattern: Pattern, source: PathBuf) -> Result<(), ParseError> {
    |                              ^^^^^^^ help: if this is intentional, prefix it with an underscore: `_pattern`
    |
    = note: `#[warn(unused_variables)]` (part of `#[warn(unused)]`) on by default

warning: unused variable: `source`
   --> crates/casm-parser/src/library.rs:396:48
    |
396 |     pub fn insert(&mut self, pattern: Pattern, source: PathBuf) -> Result<(), ParseError> {
    |                                                ^^^^^^ help: if this is intentional, prefix it with an underscore: `_source`

warning: `casm-parser` (lib) generated 2 warnings (run `cargo fix --lib -p casm-parser` to apply 2 suggestions)
warning: `casm-parser` (lib test) generated 2 warnings (2 duplicates)
    Finished `test` profile [unoptimized + debuginfo] target(s) in 2.16s
  Executable `/tmp/cargo-mutants-casm-IqbNZ7.tmp/target/debug/deps/casm_parser-0b4829f50063ece5`

*** result: Success

*** /home/srinivasan/.rustup/toolchains/nightly-x86_64-unknown-linux-gnu/bin/cargo test --verbose --package=casm-parser@0.3.0
    Blocking waiting for file lock on package cache
    Blocking waiting for file lock on package cache
       Fresh cfg-if v1.0.4
       Fresh unicode-ident v1.0.24
       Fresh version_check v0.9.5
       Fresh typenum v1.20.1
       Fresh libc v0.2.189
       Fresh serde_core v1.0.229
       Fresh proc-macro2 v1.0.107
       Fresh getrandom v0.4.3
       Fresh linux-raw-sys v0.12.1
       Fresh quote v1.0.47
       Fresh generic-array v0.14.7
       Fresh getrandom v0.3.4
       Fresh equivalent v1.0.2
       Fresh bitflags v2.13.1
       Fresh autocfg v1.5.1
       Fresh syn v3.0.3
       Fresh block-buffer v0.10.4
       Fresh rand_core v0.9.5
       Fresh crypto-common v0.1.7
       Fresh hashbrown v0.17.1
       Fresh rustix v1.1.4
       Fresh serde_derive v1.0.229
       Fresh digest v0.10.7
       Fresh indexmap v2.14.0
       Fresh thiserror-impl v2.0.19
       Fresh zerocopy v0.8.55
       Fresh itoa v1.0.18
       Fresh once_cell v1.21.4
       Fresh fastrand v2.5.0
       Fresh serde v1.0.229
       Fresh keccak v0.1.6
       Fresh winnow v1.0.4
       Fresh tempfile v3.27.0
       Fresh thiserror v2.0.19
       Fresh ppv-lite86 v0.2.21
       Fresh zmij v1.0.23
       Fresh sha3 v0.10.9
       Fresh toml_parser v1.1.3+spec-1.1.0
       Fresh toml_datetime v0.7.5+spec-1.1.0
       Fresh serde_spanned v1.1.1
       Fresh uuid v1.24.0
       Fresh semver v1.0.28
       Fresh wait-timeout v0.2.1
       Fresh toml_writer v1.1.2+spec-1.1.0
       Fresh bit-vec v0.8.0
       Fresh memchr v2.8.3
       Fresh ryu v1.0.23
       Fresh unsafe-libyaml v0.2.11
       Fresh quick-error v1.2.3
       Fresh winnow v0.7.15
       Fresh fnv v1.0.7
       Fresh casm-core v0.3.0 (/tmp/cargo-mutants-casm-IqbNZ7.tmp/crates/casm-core)
       Fresh bit-set v0.8.0
       Fresh rand_chacha v0.9.0
       Fresh serde_json v1.0.151
       Fresh rusty-fork v0.3.1
       Fresh toml v0.9.12+spec-1.1.0
       Fresh serde_yaml_ng v0.10.0
       Fresh num-traits v0.2.19
       Fresh rand_xorshift v0.4.0
       Fresh rand v0.9.5
       Fresh unarray v0.1.4
       Fresh regex-syntax v0.8.11
       Fresh proptest v1.11.0
warning: unused variable: `pattern`
   --> crates/casm-parser/src/library.rs:396:30
    |
396 |     pub fn insert(&mut self, pattern: Pattern, source: PathBuf) -> Result<(), ParseError> {
    |                              ^^^^^^^ help: if this is intentional, prefix it with an underscore: `_pattern`
    |
    = note: `#[warn(unused_variables)]` (part of `#[warn(unused)]`) on by default

warning: unused variable: `source`
   --> crates/casm-parser/src/library.rs:396:48
    |
396 |     pub fn insert(&mut self, pattern: Pattern, source: PathBuf) -> Result<(), ParseError> {
    |                                                ^^^^^^ help: if this is intentional, prefix it with an underscore: `_source`

warning: `casm-parser` (lib) generated 2 warnings (run `cargo fix --lib -p casm-parser` to apply 2 suggestions)
       Fresh casm-parser v0.3.0 (/tmp/cargo-mutants-casm-IqbNZ7.tmp/crates/casm-parser)
warning: `casm-parser` (lib test) generated 2 warnings (2 duplicates)
    Finished `test` profile [unoptimized + debuginfo] target(s) in 0.33s
     Running `/tmp/cargo-mutants-casm-IqbNZ7.tmp/target/debug/deps/casm_parser-0b4829f50063ece5`

running 96 tests
test document::tests::a_malformed_schema_hash_is_refused_with_the_expected_shape ... ok
test document::tests::an_explicit_non_v7_id_is_rejected_with_a_hint ... ok
test document::tests::a_binding_resolves_to_the_node_it_names_or_fails_saying_so ... ok
test document::tests::an_identifier_resolves_only_to_the_node_that_owns_it ... ok
test document::tests::an_identifier_that_is_well_formed_but_undeclared_is_unresolvable ... ok
test document::tests::an_unresolvable_endpoint_omits_a_hint_when_nothing_is_close ... ok
test document::tests::duplicate_node_names_surface_as_a_semantic_error ... ok
test document::tests::an_inline_schema_is_hashed_at_parse_time ... ok
test document::tests::resolves_endpoints_written_as_ids ... ok
test document::tests::resolves_relationships_declared_before_their_nodes ... ok
test document::tests::emitted_relationships_reference_nodes_by_name ... ok
test document::tests::resolves_endpoints_written_as_names ... ok
test document::tests::round_trip_preserves_node_ids ... ok
test document::tests::an_unresolvable_endpoint_reports_which_end_failed ... ok
test document::tests::declaring_both_schema_and_schema_hash_is_refused ... ok
test document::tests::round_trip_preserves_the_architecture ... ok
test error::tests::a_syntax_error_reports_where_it_happened ... ok
test document::tests::round_trip_preserves_interfaces_and_controls ... ok
test error::tests::location_clamps_zero_to_one ... ok
test error::tests::accessors_agree_with_the_variant ... ok
test error::tests::render_omits_the_help_line_when_there_is_no_hint ... ok
test error::tests::syntax_errors_lead_with_path_and_position ... ok
test format::tests::resolve_falls_back_to_sniffing_without_an_extension ... ok
test format::tests::extensions_are_recognised ... ok
test error::tests::render_appends_the_help_line ... ok
test error::tests::location_preserves_real_positions ... ok
test format::tests::every_format_renders_its_own_label ... ok
test format::tests::extension_matching_is_case_insensitive ... ok
test format::tests::a_table_header_needs_both_brackets_to_be_toml ... ok
test format::tests::resolve_prefers_the_extension_over_the_contents ... ok
test format::tests::sniff_skips_comments_blank_lines_and_document_markers ... ok
test format::tests::sniff_detects_toml_by_a_table_header ... ok
test format::tests::sniff_detects_toml_by_bare_assignment ... ok
test format::tests::sniff_treats_yaml_mappings_as_yaml ... ok
test format::tests::sniff_is_not_fooled_by_a_yaml_value_containing_equals ... ok
test format::tests::unknown_and_absent_extensions_are_unclassified ... ok
test library::tests::a_missing_directory_reports_the_path_it_tried ... ok
test library::tests::a_library_skips_files_that_are_not_architecture_formats ... FAILED
test format::tests::sniff_defaults_to_yaml_on_an_empty_document ... ok
test library::tests::a_library_loads_every_pattern_file_in_a_directory ... FAILED
test format::tests::sniff_detects_json_by_its_opening_brace ... ok
test library::tests::a_library_refuses_two_definitions_of_the_same_reference ... FAILED
test library::tests::a_misspelt_name_is_answered_with_the_nearest_one ... FAILED
test library::tests::a_non_semver_version_is_rejected ... ok
test library::tests::a_pattern_file_may_omit_its_version ... ok
test library::tests::a_pattern_file_parses_into_the_shape_it_describes ... ok
test library::tests::an_empty_library_reports_itself_as_empty_and_a_loaded_one_does_not ... FAILED
test library::tests::a_relationship_naming_an_undeclared_role_is_rejected_with_a_hint ... ok
test library::tests::an_empty_library_suggests_nothing ... ok
test suggest::tests::closest_accepts_an_exact_match ... ok
test library::tests::a_wrong_version_is_answered_with_the_versions_that_exist ... FAILED
test library::tests::two_versions_of_one_pattern_coexist ... FAILED
test library::tests::a_pattern_round_trips_through_every_format ... ok
test library::tests::an_unknown_field_is_rejected_rather_than_silently_ignored ... ok
test suggest::tests::closest_handles_an_empty_candidate_set ... ok
test suggest::tests::closest_refuses_pathologically_long_input ... ok
test suggest::tests::distance_accumulates_edits_rather_than_multiplying_them ... ok
test suggest::tests::distance_handles_empty_strings ... ok
test suggest::tests::distance_counts_single_edits ... ok
test suggest::tests::closest_declines_when_nothing_is_near ... ok
test suggest::tests::closest_declines_on_a_tie ... ok
test suggest::tests::closest_finds_an_obvious_typo ... ok
test suggest::tests::distance_is_symmetric ... ok
test suggest::tests::distance_is_case_insensitive ... ok
test suggest::tests::distance_is_zero_for_identical_strings ... ok
test suggest::tests::hint_is_formatted_for_a_terminal ... ok
test suggest::tests::distance_handles_multibyte_characters_without_panicking ... ok
test tests::a_dangling_endpoint_is_reported_even_with_valid_syntax ... ok
test tests::a_domain_violation_is_semantic_not_syntactic ... ok
test tests::a_self_edge_is_rejected_by_the_core_through_the_parser ... ok
test tests::an_unknown_field_suggests_the_nearest_valid_one ... ok
test tests::an_empty_architecture_is_valid ... ok
test tests::a_typo_in_a_relationship_endpoint_suggests_the_nearest_node ... ok
test suggest::tests::the_suggestion_threshold_is_a_strict_comparison ... ok
test tests::an_unknown_node_type_suggests_the_nearest_valid_one ... ok
test tests::emitted_json_ends_with_a_newline ... ok
test tests::json_syntax_errors_carry_a_position ... ok
test tests::emitted_yaml_reparses_to_an_equal_architecture ... ok
test tests::malformed_yaml_reports_a_line_and_column ... ok
test tests::parse_file_reports_a_missing_file_as_io ... ok
test tests::parse_file_reads_a_real_document ... ok
test tests::parses_the_equivalent_json_document ... ok
test tests::parses_a_complete_yaml_architecture ... ok
test tests::round_trip_is_byte_stable_across_repeated_emission ... ok
test tests::offset_conversion_matches_hand_counted_positions ... ok
test tests::snake_case_field_aliases_are_accepted ... ok
test tests::suggestion_inference_declines_when_nothing_is_near ... ok
test tests::parses_the_equivalent_toml_document ... ok
test tests::offset_conversion_tolerates_an_out_of_range_offset ... ok
test tests::version_defaults_when_omitted ... ok
test tests::suggestion_inference_ignores_unrelated_messages ... ok
test tests::the_document_ceiling_is_the_value_it_claims_to_be ... ok
test tests::toml_syntax_errors_carry_a_position ... ok
test library::tests::a_pattern_file_at_the_ceiling_is_read_and_one_past_it_is_refused ... ok
test tests::a_file_at_the_ceiling_is_read_and_one_past_it_is_refused ... ok
test library::tests::a_library_at_the_pattern_ceiling_loads_and_one_past_it_does_not ... FAILED

failures:

---- library::tests::a_library_skips_files_that_are_not_architecture_formats stdout ----

thread 'library::tests::a_library_skips_files_that_are_not_architecture_formats' (2297335) panicked at crates/casm-parser/src/library.rs:705:9:
assertion `left == right` failed
  left: 0
 right: 1
note: run with `RUST_BACKTRACE=1` environment variable to display a backtrace

---- library::tests::a_library_loads_every_pattern_file_in_a_directory stdout ----

thread 'library::tests::a_library_loads_every_pattern_file_in_a_directory' (2297333) panicked at crates/casm-parser/src/library.rs:687:9:
assertion `left == right` failed
  left: 0
 right: 2

---- library::tests::a_library_refuses_two_definitions_of_the_same_reference stdout ----

thread 'library::tests::a_library_refuses_two_definitions_of_the_same_reference' (2297334) panicked at crates/casm-parser/src/library.rs:716:47:
called `Result::unwrap_err()` on an `Ok` value: Library { patterns: [] }

---- library::tests::a_misspelt_name_is_answered_with_the_nearest_one stdout ----

thread 'library::tests::a_misspelt_name_is_answered_with_the_nearest_one' (2297337) panicked at crates/casm-parser/src/library.rs:769:14:
called `Option::unwrap()` on a `None` value

---- library::tests::an_empty_library_reports_itself_as_empty_and_a_loaded_one_does_not stdout ----

thread 'library::tests::an_empty_library_reports_itself_as_empty_and_a_loaded_one_does_not' (2297345) panicked at crates/casm-parser/src/library.rs:674:9:
assertion failed: !library.is_empty()

---- library::tests::a_wrong_version_is_answered_with_the_versions_that_exist stdout ----

thread 'library::tests::a_wrong_version_is_answered_with_the_versions_that_exist' (2297344) panicked at crates/casm-parser/src/library.rs:758:14:
called `Option::unwrap()` on a `None` value

---- library::tests::two_versions_of_one_pattern_coexist stdout ----

thread 'library::tests::two_versions_of_one_pattern_coexist' (2297348) panicked at crates/casm-parser/src/library.rs:734:9:
assertion `left == right` failed
  left: 0
 right: 2

---- library::tests::a_library_at_the_pattern_ceiling_loads_and_one_past_it_does_not stdout ----

thread 'library::tests::a_library_at_the_pattern_ceiling_loads_and_one_past_it_does_not' (2297332) panicked at crates/casm-parser/src/library.rs:646:9:
assertion `left == right` failed: a library exactly at the ceiling is within it
  left: Some(0)
 right: Some(1024)


failures:
    library::tests::a_library_at_the_pattern_ceiling_loads_and_one_past_it_does_not
    library::tests::a_library_loads_every_pattern_file_in_a_directory
    library::tests::a_library_refuses_two_definitions_of_the_same_reference
    library::tests::a_library_skips_files_that_are_not_architecture_formats
    library::tests::a_misspelt_name_is_answered_with_the_nearest_one
    library::tests::a_wrong_version_is_answered_with_the_versions_that_exist
    library::tests::an_empty_library_reports_itself_as_empty_and_a_loaded_one_does_not
    library::tests::two_versions_of_one_pattern_coexist

test result: FAILED. 88 passed; 8 failed; 0 ignored; 0 measured; 0 filtered out; finished in 0.21s

error: test failed, to rerun pass `-p casm-parser --lib`

*** result: Failure(101)
