
*** crates/casm-core/src/architecture.rs:240:9: replace Architecture::metadata -> &BTreeMap<String, String> with Box::leak(Box::new(BTreeMap::from_iter([("xyzzy".into(), "xyzzy".into())])))

*** mutation diff:
--- crates/casm-core/src/architecture.rs
+++ replace Architecture::metadata -> &BTreeMap<String, String> with Box::leak(Box::new(BTreeMap::from_iter([("xyzzy".into(), "xyzzy".into())])))
@@ -232,17 +232,17 @@
     pub fn description(&self) -> Option<&str> {
         self.description.as_deref()
     }
 
     /// The architecture's annotations, in deterministic key order.
     #[inline]
     #[must_use]
     pub const fn metadata(&self) -> &BTreeMap<String, String> {
-        &self.metadata
+        Box::leak(Box::new(BTreeMap::from_iter([("xyzzy".into(), "xyzzy".into())]))) /* ~ changed by cargo-mutants ~ */
     }
 
     /// How many nodes this architecture contains.
     #[inline]
     #[must_use]
     pub fn node_count(&self) -> usize {
         self.nodes.len()
     }


*** /home/srinivasan/.rustup/toolchains/nightly-x86_64-unknown-linux-gnu/bin/cargo test --no-run --verbose --package=casm-core@0.3.0
       Fresh cfg-if v1.0.4
       Fresh version_check v0.9.5
       Fresh unicode-ident v1.0.24
       Fresh libc v0.2.189
       Fresh typenum v1.20.1
       Fresh proc-macro2 v1.0.107
       Fresh serde_core v1.0.229
       Fresh getrandom v0.4.3
       Fresh autocfg v1.5.1
       Fresh quote v1.0.47
       Fresh getrandom v0.3.4
       Fresh generic-array v0.14.7
       Fresh linux-raw-sys v0.12.1
       Fresh bitflags v2.13.1
       Fresh syn v3.0.3
       Fresh rand_core v0.9.5
       Fresh rustix v1.1.4
       Fresh crypto-common v0.1.7
       Fresh block-buffer v0.10.4
       Fresh zerocopy v0.8.55
       Fresh once_cell v1.21.4
       Fresh fastrand v2.5.0
       Fresh thiserror-impl v2.0.19
       Fresh serde_derive v1.0.229
       Fresh digest v0.10.7
       Fresh ppv-lite86 v0.2.21
       Fresh tempfile v3.27.0
       Fresh wait-timeout v0.2.1
       Fresh keccak v0.1.6
       Fresh quick-error v1.2.3
       Fresh equivalent v1.0.2
       Fresh hashbrown v0.17.1
       Fresh fnv v1.0.7
       Fresh bit-vec v0.8.0
       Fresh zmij v1.0.23
       Fresh sha3 v0.10.9
       Fresh num-traits v0.2.19
       Fresh serde v1.0.229
       Fresh bit-set v0.8.0
       Fresh indexmap v2.14.0
       Fresh rusty-fork v0.3.1
       Fresh rand_chacha v0.9.0
       Fresh thiserror v2.0.19
       Fresh rand_xorshift v0.4.0
       Fresh rand v0.9.5
       Fresh uuid v1.24.0
       Fresh semver v1.0.28
       Fresh regex-syntax v0.8.11
       Fresh unarray v0.1.4
       Fresh memchr v2.8.3
       Fresh itoa v1.0.18
       Fresh proptest v1.11.0
       Fresh serde_json v1.0.151
       Dirty casm-core v0.3.0 (/tmp/cargo-mutants-casm-Tqtqh5.tmp/crates/casm-core): the file `crates/casm-core/src/architecture.rs` has changed (1785933949.641413337s, 4s after last build at 1785933945.569677088s)
   Compiling casm-core v0.3.0 (/tmp/cargo-mutants-casm-Tqtqh5.tmp/crates/casm-core)
     Running `/home/srinivasan/.rustup/toolchains/nightly-x86_64-unknown-linux-gnu/bin/rustc --crate-name casm_core --edition=2024 crates/casm-core/src/lib.rs --error-format=json --json=diagnostic-rendered-ansi,artifacts,future-incompat --emit=dep-info,link -C embed-bitcode=no -C debuginfo=2 --warn=rust_2018_idioms '--warn=clippy::pedantic' '--warn=clippy::unwrap_used' --forbid=unsafe_code --warn=unreachable_pub '--warn=clippy::too_many_lines' '--allow=clippy::struct_field_names' '--warn=clippy::panic' '--allow=clippy::must_use_candidate' '--allow=clippy::module_name_repetitions' '--allow=clippy::missing_errors_doc' --warn=missing_docs '--warn=clippy::indexing_slicing' '--warn=clippy::expect_used' '--warn=clippy::cognitive_complexity' --test --check-cfg 'cfg(docsrs,test)' --check-cfg 'cfg(feature, values())' -C metadata=8ae482672b67b4ae -C extra-filename=-5bc0a3121f03060c --out-dir /tmp/cargo-mutants-casm-Tqtqh5.tmp/target/debug/deps -C incremental=/tmp/cargo-mutants-casm-Tqtqh5.tmp/target/debug/incremental -L dependency=/tmp/cargo-mutants-casm-Tqtqh5.tmp/target/debug/deps --extern indexmap=/tmp/cargo-mutants-casm-Tqtqh5.tmp/target/debug/deps/libindexmap-386bfa02d45ab18e.rlib --extern proptest=/tmp/cargo-mutants-casm-Tqtqh5.tmp/target/debug/deps/libproptest-9bb8168c60fe8945.rlib --extern semver=/tmp/cargo-mutants-casm-Tqtqh5.tmp/target/debug/deps/libsemver-14f981aa0b32f993.rlib --extern serde=/tmp/cargo-mutants-casm-Tqtqh5.tmp/target/debug/deps/libserde-b350d0787b7cbc8c.rlib --extern serde_json=/tmp/cargo-mutants-casm-Tqtqh5.tmp/target/debug/deps/libserde_json-84a4a36019a8dd80.rlib --extern sha3=/tmp/cargo-mutants-casm-Tqtqh5.tmp/target/debug/deps/libsha3-87752e9291d08871.rlib --extern thiserror=/tmp/cargo-mutants-casm-Tqtqh5.tmp/target/debug/deps/libthiserror-6c739655cb578a90.rlib --extern uuid=/tmp/cargo-mutants-casm-Tqtqh5.tmp/target/debug/deps/libuuid-f64cac9d01e1e5a7.rlib --verbose`
     Running `/home/srinivasan/.rustup/toolchains/nightly-x86_64-unknown-linux-gnu/bin/rustc --crate-name casm_core --edition=2024 crates/casm-core/src/lib.rs --error-format=json --json=diagnostic-rendered-ansi,artifacts,future-incompat --crate-type lib --emit=dep-info,metadata,link -C embed-bitcode=no -C debuginfo=2 --warn=rust_2018_idioms '--warn=clippy::pedantic' '--warn=clippy::unwrap_used' --forbid=unsafe_code --warn=unreachable_pub '--warn=clippy::too_many_lines' '--allow=clippy::struct_field_names' '--warn=clippy::panic' '--allow=clippy::must_use_candidate' '--allow=clippy::module_name_repetitions' '--allow=clippy::missing_errors_doc' --warn=missing_docs '--warn=clippy::indexing_slicing' '--warn=clippy::expect_used' '--warn=clippy::cognitive_complexity' --check-cfg 'cfg(docsrs,test)' --check-cfg 'cfg(feature, values())' -C metadata=522ab9b8a1e8fed3 -C extra-filename=-d00bbb705e8830ff --out-dir /tmp/cargo-mutants-casm-Tqtqh5.tmp/target/debug/deps -C incremental=/tmp/cargo-mutants-casm-Tqtqh5.tmp/target/debug/incremental -L dependency=/tmp/cargo-mutants-casm-Tqtqh5.tmp/target/debug/deps --extern indexmap=/tmp/cargo-mutants-casm-Tqtqh5.tmp/target/debug/deps/libindexmap-386bfa02d45ab18e.rmeta --extern semver=/tmp/cargo-mutants-casm-Tqtqh5.tmp/target/debug/deps/libsemver-14f981aa0b32f993.rmeta --extern serde=/tmp/cargo-mutants-casm-Tqtqh5.tmp/target/debug/deps/libserde-b350d0787b7cbc8c.rmeta --extern sha3=/tmp/cargo-mutants-casm-Tqtqh5.tmp/target/debug/deps/libsha3-87752e9291d08871.rmeta --extern thiserror=/tmp/cargo-mutants-casm-Tqtqh5.tmp/target/debug/deps/libthiserror-6c739655cb578a90.rmeta --extern uuid=/tmp/cargo-mutants-casm-Tqtqh5.tmp/target/debug/deps/libuuid-f64cac9d01e1e5a7.rmeta --verbose`
error[E0015]: cannot call non-const method `<&str as Into<String>>::into` in constant functions
   --> crates/casm-core/src/architecture.rs:240:58
    |
240 |         Box::leak(Box::new(BTreeMap::from_iter([("xyzzy".into(), "xyzzy".into())]))) /* ~ changed by cargo-mutants ~ */
    |                                                          ^^^^^^
    |
    = note: calls in constant functions are limited to constant functions, tuple structs and tuple variants

error[E0015]: cannot call non-const method `<&str as Into<String>>::into` in constant functions
   --> crates/casm-core/src/architecture.rs:240:74
    |
240 |         Box::leak(Box::new(BTreeMap::from_iter([("xyzzy".into(), "xyzzy".into())]))) /* ~ changed by cargo-mutants ~ */
    |                                                                          ^^^^^^
    |
    = note: calls in constant functions are limited to constant functions, tuple structs and tuple variants

error[E0015]: cannot call non-const associated function `<BTreeMap<String, String> as FromIterator<(String, String)>>::from_iter::<[(String, String); 1]>` in constant functions
   --> crates/casm-core/src/architecture.rs:240:28
    |
240 |         Box::leak(Box::new(BTreeMap::from_iter([("xyzzy".into(), "xyzzy".into())]))) /* ~ changed by cargo-mutants ~ */
    |                            ^^^^^^^^^^^^^^^^^^^^^^^^^^^^^^^^^^^^^^^^^^^^^^^^^^^^^^^
    |
note: associated function `from_iter` is not const because trait `FromIterator` is not const
   --> /home/srinivasan/.rustup/toolchains/nightly-x86_64-unknown-linux-gnu/lib/rustlib/src/rust/library/core/src/iter/traits/collect.rs:134:1
    |
134 | pub trait FromIterator<A>: Sized {
    | ^^^^^^^^^^^^^^^^^^^^^^^^^^^^^^^^ this trait is not const
...
152 |     fn from_iter<T: IntoIterator<Item = A>>(iter: T) -> Self;
    |     --------------------------------------------------------- this associated function is not const
    = note: calls in constant functions are limited to constant functions, tuple structs and tuple variants

error[E0015]: cannot call non-const associated function `Box::<BTreeMap<String, String>>::new` in constant functions
   --> crates/casm-core/src/architecture.rs:240:19
    |
240 |         Box::leak(Box::new(BTreeMap::from_iter([("xyzzy".into(), "xyzzy".into())]))) /* ~ changed by cargo-mutants ~ */
    |                   ^^^^^^^^^^^^^^^^^^^^^^^^^^^^^^^^^^^^^^^^^^^^^^^^^^^^^^^^^^^^^^^^^
    |
    = note: calls in constant functions are limited to constant functions, tuple structs and tuple variants

error[E0015]: cannot call non-const associated function `Box::<BTreeMap<String, String>>::leak::<'_>` in constant functions
   --> crates/casm-core/src/architecture.rs:240:9
    |
240 |         Box::leak(Box::new(BTreeMap::from_iter([("xyzzy".into(), "xyzzy".into())]))) /* ~ changed by cargo-mutants ~ */
    |         ^^^^^^^^^^^^^^^^^^^^^^^^^^^^^^^^^^^^^^^^^^^^^^^^^^^^^^^^^^^^^^^^^^^^^^^^^^^^
    |
    = note: calls in constant functions are limited to constant functions, tuple structs and tuple variants

For more information about this error, try `rustc --explain E0015`.
error: could not compile `casm-core` (lib) due to 5 previous errors

Caused by:
  process didn't exit successfully: `/home/srinivasan/.rustup/toolchains/nightly-x86_64-unknown-linux-gnu/bin/rustc --crate-name casm_core --edition=2024 crates/casm-core/src/lib.rs --error-format=json --json=diagnostic-rendered-ansi,artifacts,future-incompat --crate-type lib --emit=dep-info,metadata,link -C embed-bitcode=no -C debuginfo=2 --warn=rust_2018_idioms '--warn=clippy::pedantic' '--warn=clippy::unwrap_used' --forbid=unsafe_code --warn=unreachable_pub '--warn=clippy::too_many_lines' '--allow=clippy::struct_field_names' '--warn=clippy::panic' '--allow=clippy::must_use_candidate' '--allow=clippy::module_name_repetitions' '--allow=clippy::missing_errors_doc' --warn=missing_docs '--warn=clippy::indexing_slicing' '--warn=clippy::expect_used' '--warn=clippy::cognitive_complexity' --check-cfg 'cfg(docsrs,test)' --check-cfg 'cfg(feature, values())' -C metadata=522ab9b8a1e8fed3 -C extra-filename=-d00bbb705e8830ff --out-dir /tmp/cargo-mutants-casm-Tqtqh5.tmp/target/debug/deps -C incremental=/tmp/cargo-mutants-casm-Tqtqh5.tmp/target/debug/incremental -L dependency=/tmp/cargo-mutants-casm-Tqtqh5.tmp/target/debug/deps --extern indexmap=/tmp/cargo-mutants-casm-Tqtqh5.tmp/target/debug/deps/libindexmap-386bfa02d45ab18e.rmeta --extern semver=/tmp/cargo-mutants-casm-Tqtqh5.tmp/target/debug/deps/libsemver-14f981aa0b32f993.rmeta --extern serde=/tmp/cargo-mutants-casm-Tqtqh5.tmp/target/debug/deps/libserde-b350d0787b7cbc8c.rmeta --extern sha3=/tmp/cargo-mutants-casm-Tqtqh5.tmp/target/debug/deps/libsha3-87752e9291d08871.rmeta --extern thiserror=/tmp/cargo-mutants-casm-Tqtqh5.tmp/target/debug/deps/libthiserror-6c739655cb578a90.rmeta --extern uuid=/tmp/cargo-mutants-casm-Tqtqh5.tmp/target/debug/deps/libuuid-f64cac9d01e1e5a7.rmeta --verbose` (exit status: 1)
warning: build failed, waiting for other jobs to finish...
error[E0015]: cannot call non-const method `<&str as Into<std::string::String>>::into` in constant functions
   --> crates/casm-core/src/architecture.rs:240:58
    |
240 |         Box::leak(Box::new(BTreeMap::from_iter([("xyzzy".into(), "xyzzy".into())]))) /* ~ changed by cargo-mutants ~ */
    |                                                          ^^^^^^
    |
    = note: calls in constant functions are limited to constant functions, tuple structs and tuple variants

error[E0015]: cannot call non-const method `<&str as Into<std::string::String>>::into` in constant functions
   --> crates/casm-core/src/architecture.rs:240:74
    |
240 |         Box::leak(Box::new(BTreeMap::from_iter([("xyzzy".into(), "xyzzy".into())]))) /* ~ changed by cargo-mutants ~ */
    |                                                                          ^^^^^^
    |
    = note: calls in constant functions are limited to constant functions, tuple structs and tuple variants

error[E0015]: cannot call non-const associated function `<BTreeMap<std::string::String, std::string::String> as FromIterator<(std::string::String, std::string::String)>>::from_iter::<[(std::string::String, std::string::String); 1]>` in constant functions
   --> crates/casm-core/src/architecture.rs:240:28
    |
240 |         Box::leak(Box::new(BTreeMap::from_iter([("xyzzy".into(), "xyzzy".into())]))) /* ~ changed by cargo-mutants ~ */
    |                            ^^^^^^^^^^^^^^^^^^^^^^^^^^^^^^^^^^^^^^^^^^^^^^^^^^^^^^^
    |
note: associated function `from_iter` is not const because trait `FromIterator` is not const
   --> /home/srinivasan/.rustup/toolchains/nightly-x86_64-unknown-linux-gnu/lib/rustlib/src/rust/library/core/src/iter/traits/collect.rs:134:1
    |
134 | pub trait FromIterator<A>: Sized {
    | ^^^^^^^^^^^^^^^^^^^^^^^^^^^^^^^^ this trait is not const
...
152 |     fn from_iter<T: IntoIterator<Item = A>>(iter: T) -> Self;
    |     --------------------------------------------------------- this associated function is not const
    = note: calls in constant functions are limited to constant functions, tuple structs and tuple variants

error[E0015]: cannot call non-const associated function `Box::<BTreeMap<std::string::String, std::string::String>>::new` in constant functions
   --> crates/casm-core/src/architecture.rs:240:19
    |
240 |         Box::leak(Box::new(BTreeMap::from_iter([("xyzzy".into(), "xyzzy".into())]))) /* ~ changed by cargo-mutants ~ */
    |                   ^^^^^^^^^^^^^^^^^^^^^^^^^^^^^^^^^^^^^^^^^^^^^^^^^^^^^^^^^^^^^^^^^
    |
    = note: calls in constant functions are limited to constant functions, tuple structs and tuple variants

error[E0015]: cannot call non-const associated function `Box::<BTreeMap<std::string::String, std::string::String>>::leak::<'_>` in constant functions
   --> crates/casm-core/src/architecture.rs:240:9
    |
240 |         Box::leak(Box::new(BTreeMap::from_iter([("xyzzy".into(), "xyzzy".into())]))) /* ~ changed by cargo-mutants ~ */
    |         ^^^^^^^^^^^^^^^^^^^^^^^^^^^^^^^^^^^^^^^^^^^^^^^^^^^^^^^^^^^^^^^^^^^^^^^^^^^^
    |
    = note: calls in constant functions are limited to constant functions, tuple structs and tuple variants

error: could not compile `casm-core` (lib test) due to 5 previous errors

Caused by:
  process didn't exit successfully: `/home/srinivasan/.rustup/toolchains/nightly-x86_64-unknown-linux-gnu/bin/rustc --crate-name casm_core --edition=2024 crates/casm-core/src/lib.rs --error-format=json --json=diagnostic-rendered-ansi,artifacts,future-incompat --emit=dep-info,link -C embed-bitcode=no -C debuginfo=2 --warn=rust_2018_idioms '--warn=clippy::pedantic' '--warn=clippy::unwrap_used' --forbid=unsafe_code --warn=unreachable_pub '--warn=clippy::too_many_lines' '--allow=clippy::struct_field_names' '--warn=clippy::panic' '--allow=clippy::must_use_candidate' '--allow=clippy::module_name_repetitions' '--allow=clippy::missing_errors_doc' --warn=missing_docs '--warn=clippy::indexing_slicing' '--warn=clippy::expect_used' '--warn=clippy::cognitive_complexity' --test --check-cfg 'cfg(docsrs,test)' --check-cfg 'cfg(feature, values())' -C metadata=8ae482672b67b4ae -C extra-filename=-5bc0a3121f03060c --out-dir /tmp/cargo-mutants-casm-Tqtqh5.tmp/target/debug/deps -C incremental=/tmp/cargo-mutants-casm-Tqtqh5.tmp/target/debug/incremental -L dependency=/tmp/cargo-mutants-casm-Tqtqh5.tmp/target/debug/deps --extern indexmap=/tmp/cargo-mutants-casm-Tqtqh5.tmp/target/debug/deps/libindexmap-386bfa02d45ab18e.rlib --extern proptest=/tmp/cargo-mutants-casm-Tqtqh5.tmp/target/debug/deps/libproptest-9bb8168c60fe8945.rlib --extern semver=/tmp/cargo-mutants-casm-Tqtqh5.tmp/target/debug/deps/libsemver-14f981aa0b32f993.rlib --extern serde=/tmp/cargo-mutants-casm-Tqtqh5.tmp/target/debug/deps/libserde-b350d0787b7cbc8c.rlib --extern serde_json=/tmp/cargo-mutants-casm-Tqtqh5.tmp/target/debug/deps/libserde_json-84a4a36019a8dd80.rlib --extern sha3=/tmp/cargo-mutants-casm-Tqtqh5.tmp/target/debug/deps/libsha3-87752e9291d08871.rlib --extern thiserror=/tmp/cargo-mutants-casm-Tqtqh5.tmp/target/debug/deps/libthiserror-6c739655cb578a90.rlib --extern uuid=/tmp/cargo-mutants-casm-Tqtqh5.tmp/target/debug/deps/libuuid-f64cac9d01e1e5a7.rlib --verbose` (exit status: 1)

*** result: Failure(101)
